test_three_arm_pixel_cases_are_hash_bound_independent_and_fail_closed (tests.test_photo_poverty_visual_semantics.PhotoPovertyVisualSemanticsTests.test_three_arm_pixel_cases_are_hash_bound_independent_and_fail_closed) ...
  test_three_arm_pixel_cases_are_hash_bound_independent_and_fail_closed (tests.test_photo_poverty_visual_semantics.PhotoPovertyVisualSemanticsTests.test_three_arm_pixel_cases_are_hash_bound_independent_and_fail_closed) (arm_id='arm-a-energy') ... FAIL
  test_three_arm_pixel_cases_are_hash_bound_independent_and_fail_closed (tests.test_photo_poverty_visual_semantics.PhotoPovertyVisualSemanticsTests.test_three_arm_pixel_cases_are_hash_bound_independent_and_fail_closed) (arm_id='arm-b-working-income') ... FAIL
  test_three_arm_pixel_cases_are_hash_bound_independent_and_fail_closed (tests.test_photo_poverty_visual_semantics.PhotoPovertyVisualSemanticsTests.test_three_arm_pixel_cases_are_hash_bound_independent_and_fail_closed) (arm_id='arm-c-transport') ... FAIL

======================================================================
FAIL: test_three_arm_pixel_cases_are_hash_bound_independent_and_fail_closed (tests.test_photo_poverty_visual_semantics.PhotoPovertyVisualSemanticsTests.test_three_arm_pixel_cases_are_hash_bound_independent_and_fail_closed) (arm_id='arm-a-energy')
----------------------------------------------------------------------
Traceback (most recent call last):
  File "/workspace/scratch/ce8f20680f5a/image-prompt/tests/test_photo_poverty_visual_semantics.py", line 385, in test_three_arm_pixel_cases_are_hash_bound_independent_and_fail_closed
    self.assertTrue(result_path.is_file())
AssertionError: False is not true

======================================================================
FAIL: test_three_arm_pixel_cases_are_hash_bound_independent_and_fail_closed (tests.test_photo_poverty_visual_semantics.PhotoPovertyVisualSemanticsTests.test_three_arm_pixel_cases_are_hash_bound_independent_and_fail_closed) (arm_id='arm-b-working-income')
----------------------------------------------------------------------
Traceback (most recent call last):
  File "/workspace/scratch/ce8f20680f5a/image-prompt/tests/test_photo_poverty_visual_semantics.py", line 385, in test_three_arm_pixel_cases_are_hash_bound_independent_and_fail_closed
    self.assertTrue(result_path.is_file())
AssertionError: False is not true

======================================================================
FAIL: test_three_arm_pixel_cases_are_hash_bound_independent_and_fail_closed (tests.test_photo_poverty_visual_semantics.PhotoPovertyVisualSemanticsTests.test_three_arm_pixel_cases_are_hash_bound_independent_and_fail_closed) (arm_id='arm-c-transport')
----------------------------------------------------------------------
Traceback (most recent call last):
  File "/workspace/scratch/ce8f20680f5a/image-prompt/tests/test_photo_poverty_visual_semantics.py", line 385, in test_three_arm_pixel_cases_are_hash_bound_independent_and_fail_closed
    self.assertTrue(result_path.is_file())
AssertionError: False is not true

----------------------------------------------------------------------
Ran 1 test in 0.599s

FAILED (failures=3)

Proved identical three missing-image baseline subtest failures; no fixture change
