test_registry_and_request_scoped_routing_fixture (tests.test_photo_visual_obligations.PhotoVisualObligationTests.test_registry_and_request_scoped_routing_fixture) ... 
  test_registry_and_request_scoped_routing_fixture (tests.test_photo_visual_obligations.PhotoVisualObligationTests.test_registry_and_request_scoped_routing_fixture) (fixture='routing-case.jsonl', case='candidate_contained_affect_components') ... FAIL

======================================================================
FAIL: test_registry_and_request_scoped_routing_fixture (tests.test_photo_visual_obligations.PhotoVisualObligationTests.test_registry_and_request_scoped_routing_fixture) (fixture='routing-case.jsonl', case='candidate_contained_affect_components')
----------------------------------------------------------------------
Traceback (most recent call last):
  File "/Users/chasoik/Projects/image-prompt/tests/test_photo_visual_obligations.py", line 127, in assert_routing_fixture
    self.assertEqual(
    ~~~~~~~~~~~~~~~~^
        sorted(concept_matches),
        ^^^^^^^^^^^^^^^^^^^^^^^^
        sorted(case["expected_candidate_profile_ids"]),
        ^^^^^^^^^^^^^^^^^^^^^^^^^^^^^^^^^^^^^^^^^^^^^^^
    )
    ^
AssertionError: Lists differ: ['contained_affect_self_presentation', 'pf_keep_ward'] != ['contained_affect_self_presentation']

First list contains 1 additional elements.
First extra element 1:
'pf_keep_ward'

- ['contained_affect_self_presentation', 'pf_keep_ward']
?                                      ----------------

+ ['contained_affect_self_presentation']

----------------------------------------------------------------------
Ran 1 test in 7.965s

FAILED (failures=1)
