setUpClass (tests.test_subculture_illustration_universal_scene_v3.UniversalSceneDataContractTests) ... ERROR
setUpClass (tests.test_subculture_illustration_universal_scene_v3.UniversalSceneRuntimeContractTests) ... ERROR
test_aggregate_validator_does_not_hide_partial_pixel_qualification (tests.test_subculture_illustration_contract_v1.SubcultureIllustrationContractV1Tests.test_aggregate_validator_does_not_hide_partial_pixel_qualification) ... ERROR
test_frozen_photo_baseline_is_historical_and_not_a_current_adapter (tests.test_subculture_illustration_photo_boundary.SubcultureIllustrationPhotoBoundaryTests.test_frozen_photo_baseline_is_historical_and_not_a_current_adapter) ... ok
test_illustration_introduction_did_not_modify_photo_runtime (tests.test_subculture_illustration_photo_boundary.SubcultureIllustrationPhotoBoundaryTests.test_illustration_introduction_did_not_modify_photo_runtime) ... ok
test_illustration_modules_do_not_import_photo_runtime (tests.test_subculture_illustration_photo_boundary.SubcultureIllustrationPhotoBoundaryTests.test_illustration_modules_do_not_import_photo_runtime) ... ok
test_absent_activity_allows_traces_without_changing_scope_or_guards (tests.test_photo_liminal_active_use_korean_data_cleanup.LiminalActiveUseKoreanDataCleanupTests.test_absent_activity_allows_traces_without_changing_scope_or_guards) ... ok
test_acceptance_binds_gains_costs_and_immutable_recovery_history (tests.test_photo_liminal_active_use_korean_data_cleanup.LiminalActiveUseKoreanDataCleanupTests.test_acceptance_binds_gains_costs_and_immutable_recovery_history) ... ok
test_archived_korean_catalog_changes_one_line_and_current_text_preserves_it (tests.test_photo_liminal_active_use_korean_data_cleanup.LiminalActiveUseKoreanDataCleanupTests.test_archived_korean_catalog_changes_one_line_and_current_text_preserves_it) ... ok
test_complete_merged_state_and_twenty_one_keeps_remain_exact (tests.test_photo_liminal_active_use_korean_data_cleanup.LiminalActiveUseKoreanDataCleanupTests.test_complete_merged_state_and_twenty_one_keeps_remain_exact) ... ok
test_complete_raw_source_changes_only_ko_and_predeclared_reference (tests.test_photo_liminal_active_use_korean_data_cleanup.LiminalActiveUseKoreanDataCleanupTests.test_complete_raw_source_changes_only_ko_and_predeclared_reference) ... ok
test_frozen_source_inventory_queries_and_bounded_workload (tests.test_photo_liminal_active_use_korean_data_cleanup.LiminalActiveUseKoreanDataCleanupTests.test_frozen_source_inventory_queries_and_bounded_workload) ... ok
test_historical_provenance_is_preserved_and_current_source_is_bound (tests.test_photo_liminal_active_use_korean_data_cleanup.LiminalActiveUseKoreanDataCleanupTests.test_historical_provenance_is_preserved_and_current_source_is_bound) ... ok
test_historical_v6_preservation_and_current_candidate_projection (tests.test_photo_liminal_active_use_korean_data_cleanup.LiminalActiveUseKoreanDataCleanupTests.test_historical_v6_preservation_and_current_candidate_projection) ... ok
test_independent_queries_and_same_slot_controls_stay_exact (tests.test_photo_liminal_active_use_korean_data_cleanup.LiminalActiveUseKoreanDataCleanupTests.test_independent_queries_and_same_slot_controls_stay_exact) ... ok
test_grounded_core_activates_only_relevant_owned_slots (tests.test_photo_core_retrieval.PhotoCoreRetrievalTests.test_grounded_core_activates_only_relevant_owned_slots) ... ok
test_inventory_and_source_mutation_fail_recomputation (tests.test_photo_core_retrieval.PhotoCoreRetrievalTests.test_inventory_and_source_mutation_fail_recomputation) ... ok
test_live_corpus_and_indexes_have_no_retired_document_kinds (tests.test_photo_core_retrieval.PhotoCoreRetrievalTests.test_live_corpus_and_indexes_have_no_retired_document_kinds) ... ok
test_no_lexical_hits_produces_no_padding (tests.test_photo_core_retrieval.PhotoCoreRetrievalTests.test_no_lexical_hits_produces_no_padding) ... ok
test_removed_flags_and_data_are_rejected_without_adapters (tests.test_photo_core_retrieval.PhotoCoreRetrievalTests.test_removed_flags_and_data_are_rejected_without_adapters) ... ok
test_broad_terms_remain_advisory_and_do_not_force_new_profiles (tests.test_photo_mythology_visual_semantics.PhotoMythologyVisualSemanticsTests.test_broad_terms_remain_advisory_and_do_not_force_new_profiles) ... ok
test_close_substitutes_do_not_activate_mythology_profiles (tests.test_photo_mythology_visual_semantics.PhotoMythologyVisualSemanticsTests.test_close_substitutes_do_not_activate_mythology_profiles) ... ok
test_direct_terms_route_to_only_the_intended_new_profile (tests.test_photo_mythology_visual_semantics.PhotoMythologyVisualSemanticsTests.test_direct_terms_route_to_only_the_intended_new_profile) ... ok
test_extension_has_sixty_complete_candidates_and_is_runtime_loaded (tests.test_photo_mythology_visual_semantics.PhotoMythologyVisualSemanticsTests.test_extension_has_sixty_complete_candidates_and_is_runtime_loaded) ... ok
test_registry_schema_accepts_mythology_profiles (tests.test_photo_mythology_visual_semantics.PhotoMythologyVisualSemanticsTests.test_registry_schema_accepts_mythology_profiles) ... ok
test_research_evidence_is_approved_bound_and_culturally_limited (tests.test_photo_mythology_visual_semantics.PhotoMythologyVisualSemanticsTests.test_research_evidence_is_approved_bound_and_culturally_limited) ... ok
test_ten_profiles_have_five_component_evidence_and_render_gates (tests.test_photo_mythology_visual_semantics.PhotoMythologyVisualSemanticsTests.test_ten_profiles_have_five_component_evidence_and_render_gates) ... ok
test_visual_semantic_manifest_binds_each_cluster_to_one_profile (tests.test_photo_mythology_visual_semantics.PhotoMythologyVisualSemanticsTests.test_visual_semantic_manifest_binds_each_cluster_to_one_profile) ... ok
test_adult_woman_context_is_allowing_not_blocking (tests.test_photo_visual_profile_retrieval.PhotoVisualProfileRetrievalTests.test_adult_woman_context_is_allowing_not_blocking) ... ok
test_bm25f_and_embedding_fuse_without_promoting_to_hard (tests.test_photo_visual_profile_retrieval.PhotoVisualProfileRetrievalTests.test_bm25f_and_embedding_fuse_without_promoting_to_hard) ... ok
test_bm25f_only_paraphrase_is_optional_and_cannot_create_an_obligation (tests.test_photo_visual_profile_retrieval.PhotoVisualProfileRetrievalTests.test_bm25f_only_paraphrase_is_optional_and_cannot_create_an_obligation) ... ok
test_commercial_defense_glossary_honors_alignment_override_and_negation (tests.test_photo_visual_profile_retrieval.PhotoVisualProfileRetrievalTests.test_commercial_defense_glossary_honors_alignment_override_and_negation) ... ok
test_composition_relation_embedding_lane_remains_optional (tests.test_photo_visual_profile_retrieval.PhotoVisualProfileRetrievalTests.test_composition_relation_embedding_lane_remains_optional) ... ok
test_embedding_score_is_positive_context_proof_but_shared_negatives_still_win (tests.test_photo_visual_profile_retrieval.PhotoVisualProfileRetrievalTests.test_embedding_score_is_positive_context_proof_but_shared_negatives_still_win) ... ok
test_exact_hit_stays_hard_while_negation_and_user_definition_cannot_resurrect (tests.test_photo_visual_profile_retrieval.PhotoVisualProfileRetrievalTests.test_exact_hit_stays_hard_while_negation_and_user_definition_cannot_resurrect) ... ok
test_hybrid_paraphrase_projects_optional_candidate_from_one_resolution (tests.test_photo_visual_profile_retrieval.PhotoVisualProfileRetrievalTests.test_hybrid_paraphrase_projects_optional_candidate_from_one_resolution) ... ok
test_index_is_registry_bound_and_separates_exact_from_semantic_text (tests.test_photo_visual_profile_retrieval.PhotoVisualProfileRetrievalTests.test_index_is_registry_bound_and_separates_exact_from_semantic_text) ... ok
test_new_profile_embedding_paraphrases_remain_optional_only (tests.test_photo_visual_profile_retrieval.PhotoVisualProfileRetrievalTests.test_new_profile_embedding_paraphrases_remain_optional_only) ... ok
test_relation_profile_requires_component_evidence_for_semantic_discovery (tests.test_photo_visual_profile_retrieval.PhotoVisualProfileRetrievalTests.test_relation_profile_requires_component_evidence_for_semantic_discovery) ... ok
test_role_and_garment_exact_terms_require_their_visual_context (tests.test_photo_visual_profile_retrieval.PhotoVisualProfileRetrievalTests.test_role_and_garment_exact_terms_require_their_visual_context) ... ok
test_sensitive_contained_affect_term_requires_visual_character_context (tests.test_photo_visual_profile_retrieval.PhotoVisualProfileRetrievalTests.test_sensitive_contained_affect_term_requires_visual_character_context) ... ok

======================================================================
ERROR: setUpClass (tests.test_subculture_illustration_universal_scene_v3.UniversalSceneDataContractTests)
----------------------------------------------------------------------
Traceback (most recent call last):
  File "/Users/chasoik/Projects/image-prompt/tests/test_subculture_illustration_universal_scene_v3.py", line 634, in setUpClass
    cls.holdouts = validate_universal_scene_holdouts(ASSET_ROOT, cls.research)
                   ~~~~~~~~~~~~~~~~~~~~~~~~~~~~~~~~~^^^^^^^^^^^^^^^^^^^^^^^^^^
  File "/Users/chasoik/Projects/image-prompt/skills/subculture-illustration-image-generator/scripts/validate_illustration_assets.py", line 6244, in validate_universal_scene_holdouts
    current_oracle_v2 = validate_universal_scene_current_oracle_v2(asset_dir)
  File "/Users/chasoik/Projects/image-prompt/skills/subculture-illustration-image-generator/scripts/validate_illustration_assets.py", line 4489, in validate_universal_scene_current_oracle_v2
    _require(
    ~~~~~~~~^
        baseline.get("validator_contract")
        ^^^^^^^^^^^^^^^^^^^^^^^^^^^^^^^^^^
    ...<5 lines>...
        "universal v2 baseline validator binding drift",
        ^^^^^^^^^^^^^^^^^^^^^^^^^^^^^^^^^^^^^^^^^^^^^^^^
    )
    ^
  File "/Users/chasoik/Projects/image-prompt/skills/subculture-illustration-image-generator/scripts/validate_illustration_assets.py", line 1280, in _require
    raise ValidationFailure(message)
validate_illustration_assets.ValidationFailure: universal v2 baseline validator binding drift

======================================================================
ERROR: setUpClass (tests.test_subculture_illustration_universal_scene_v3.UniversalSceneRuntimeContractTests)
----------------------------------------------------------------------
Traceback (most recent call last):
  File "/Users/chasoik/Projects/image-prompt/tests/test_subculture_illustration_universal_scene_v3.py", line 3367, in setUpClass
    cls.holdouts = validate_universal_scene_holdouts(ASSET_ROOT, cls.research)
                   ~~~~~~~~~~~~~~~~~~~~~~~~~~~~~~~~~^^^^^^^^^^^^^^^^^^^^^^^^^^
  File "/Users/chasoik/Projects/image-prompt/skills/subculture-illustration-image-generator/scripts/validate_illustration_assets.py", line 6244, in validate_universal_scene_holdouts
    current_oracle_v2 = validate_universal_scene_current_oracle_v2(asset_dir)
  File "/Users/chasoik/Projects/image-prompt/skills/subculture-illustration-image-generator/scripts/validate_illustration_assets.py", line 4489, in validate_universal_scene_current_oracle_v2
    _require(
    ~~~~~~~~^
        baseline.get("validator_contract")
        ^^^^^^^^^^^^^^^^^^^^^^^^^^^^^^^^^^
    ...<5 lines>...
        "universal v2 baseline validator binding drift",
        ^^^^^^^^^^^^^^^^^^^^^^^^^^^^^^^^^^^^^^^^^^^^^^^^
    )
    ^
  File "/Users/chasoik/Projects/image-prompt/skills/subculture-illustration-image-generator/scripts/validate_illustration_assets.py", line 1280, in _require
    raise ValidationFailure(message)
validate_illustration_assets.ValidationFailure: universal v2 baseline validator binding drift

======================================================================
ERROR: test_aggregate_validator_does_not_hide_partial_pixel_qualification (tests.test_subculture_illustration_contract_v1.SubcultureIllustrationContractV1Tests.test_aggregate_validator_does_not_hide_partial_pixel_qualification)
----------------------------------------------------------------------
Traceback (most recent call last):
  File "/Users/chasoik/Projects/image-prompt/tests/test_subculture_illustration_contract_v1.py", line 504, in test_aggregate_validator_does_not_hide_partial_pixel_qualification
    summary = validate_all(ASSET_ROOT)
  File "/Users/chasoik/Projects/image-prompt/skills/subculture-illustration-image-generator/scripts/validate_illustration_assets.py", line 11491, in validate_all
    universal_holdouts = validate_universal_scene_holdouts(root, universal_research)
  File "/Users/chasoik/Projects/image-prompt/skills/subculture-illustration-image-generator/scripts/validate_illustration_assets.py", line 6244, in validate_universal_scene_holdouts
    current_oracle_v2 = validate_universal_scene_current_oracle_v2(asset_dir)
  File "/Users/chasoik/Projects/image-prompt/skills/subculture-illustration-image-generator/scripts/validate_illustration_assets.py", line 4489, in validate_universal_scene_current_oracle_v2
    _require(
    ~~~~~~~~^
        baseline.get("validator_contract")
        ^^^^^^^^^^^^^^^^^^^^^^^^^^^^^^^^^^
    ...<5 lines>...
        "universal v2 baseline validator binding drift",
        ^^^^^^^^^^^^^^^^^^^^^^^^^^^^^^^^^^^^^^^^^^^^^^^^
    )
    ^
  File "/Users/chasoik/Projects/image-prompt/skills/subculture-illustration-image-generator/scripts/validate_illustration_assets.py", line 1280, in _require
    raise ValidationFailure(message)
validate_illustration_assets.ValidationFailure: universal v2 baseline validator binding drift

----------------------------------------------------------------------
Ran 39 tests in 178.151s

FAILED (errors=3)
