test_bilingual_form_requests_activate_but_negation_and_excluded_spans_do_not (test_photo_acting_expression_data.ActingExpressionDataTests.test_bilingual_form_requests_activate_but_negation_and_excluded_spans_do_not) ... ok
test_context_guard_cannot_be_satisfied_by_its_own_candidate_tags (test_photo_acting_expression_data.ActingExpressionDataTests.test_context_guard_cannot_be_satisfied_by_its_own_candidate_tags) ... ok
test_current_v6_exposes_new_candidates_when_expression_is_open (test_photo_acting_expression_data.ActingExpressionDataTests.test_current_v6_exposes_new_candidates_when_expression_is_open) ... ok
test_existing_specific_meanings_and_hand_ownership_are_preserved (test_photo_acting_expression_data.ActingExpressionDataTests.test_existing_specific_meanings_and_hand_ownership_are_preserved) ... ok
test_form_word_in_non_actor_domain_and_broad_affect_never_harden (test_photo_acting_expression_data.ActingExpressionDataTests.test_form_word_in_non_actor_domain_and_broad_affect_never_harden) ... ok
test_held_tears_requires_the_narrow_requested_compound (test_photo_acting_expression_data.ActingExpressionDataTests.test_held_tears_requires_the_narrow_requested_compound) ... ok
test_negative_or_provenance_text_is_not_positive_retrieval_evidence (test_photo_acting_expression_data.ActingExpressionDataTests.test_negative_or_provenance_text_is_not_positive_retrieval_evidence) ... ok
test_new_forms_are_resolved_by_the_real_merged_registry_and_index (test_photo_acting_expression_data.ActingExpressionDataTests.test_new_forms_are_resolved_by_the_real_merged_registry_and_index) ... ok
test_pose_and_gaze_effects_cannot_bypass_property_locks (test_photo_acting_expression_data.ActingExpressionDataTests.test_pose_and_gaze_effects_cannot_bypass_property_locks) ... ok
test_press_tighten_and_mouth_opening_keep_distinct_requirements (test_photo_acting_expression_data.ActingExpressionDataTests.test_press_tighten_and_mouth_opening_keep_distinct_requirements) ... ok
test_runtime_bundles_are_advisory_and_maintenance_records_are_canonically_bound (test_photo_acting_expression_data.ActingExpressionDataTests.test_runtime_bundles_are_advisory_and_maintenance_records_are_canonically_bound) ... ok
test_sultry_weather_does_not_unlock_attraction_or_adult_without_flirtation (test_photo_acting_expression_data.ActingExpressionDataTests.test_sultry_weather_does_not_unlock_attraction_or_adult_without_flirtation) ... ok
test_broad_labels_and_single_cues_remain_fail_closed (test_photo_adult_appeal_visual_semantics.PhotoAdultAppealVisualSemanticsTests.test_broad_labels_and_single_cues_remain_fail_closed) ... ok
test_candidate_pack_contains_literal_non_intent_atoms (test_photo_adult_appeal_visual_semantics.PhotoAdultAppealVisualSemanticsTests.test_candidate_pack_contains_literal_non_intent_atoms) ... ok
test_component_language_is_optional_not_hard (test_photo_adult_appeal_visual_semantics.PhotoAdultAppealVisualSemanticsTests.test_component_language_is_optional_not_hard) ... ok
test_exact_composites_activate_only_their_profile (test_photo_adult_appeal_visual_semantics.PhotoAdultAppealVisualSemanticsTests.test_exact_composites_activate_only_their_profile) ... ok
test_exact_profiles_materialize_their_pixel_gate_sets (test_photo_adult_appeal_visual_semantics.PhotoAdultAppealVisualSemanticsTests.test_exact_profiles_materialize_their_pixel_gate_sets) ... ok
test_five_arm_cases_bind_packs_prompts_reference_and_render_evidence (test_photo_adult_appeal_visual_semantics.PhotoAdultAppealVisualSemanticsTests.test_five_arm_cases_bind_packs_prompts_reference_and_render_evidence) ... ok
test_profiles_are_narrow_adult_component_contracts (test_photo_adult_appeal_visual_semantics.PhotoAdultAppealVisualSemanticsTests.test_profiles_are_narrow_adult_component_contracts) ... ok
test_research_evidence_is_approved_and_candidate_bound (test_photo_adult_appeal_visual_semantics.PhotoAdultAppealVisualSemanticsTests.test_research_evidence_is_approved_and_candidate_bound) ... ok
test_changing_only_the_initial_direction_does_not_change_requester_duties (test_photo_authorial_direction_scope.PhotoAuthorialDirectionScopeTests.test_changing_only_the_initial_direction_does_not_change_requester_duties) ... ok
test_clarification_allows_open_staging_change_without_demoting_meaning (test_photo_authorial_direction_scope.PhotoAuthorialDirectionScopeTests.test_clarification_allows_open_staging_change_without_demoting_meaning) ... ok
test_mixed_direction_cannot_be_promoted_into_required_clarification (test_photo_authorial_direction_scope.PhotoAuthorialDirectionScopeTests.test_mixed_direction_cannot_be_promoted_into_required_clarification) ... ok
test_required_projection_contains_meaning_not_incidental_direction (test_photo_authorial_direction_scope.PhotoAuthorialDirectionScopeTests.test_required_projection_contains_meaning_not_incidental_direction) ... ok
test_alias_field_outranks_incidental_support_cue (test_photo_bm25f_retrieval.PhotoBm25fRetrievalTests.test_alias_field_outranks_incidental_support_cue) ... ok
test_allowed_ids_are_ranked_as_the_same_corpus_subset (test_photo_bm25f_retrieval.PhotoBm25fRetrievalTests.test_allowed_ids_are_ranked_as_the_same_corpus_subset) ... ok
test_cjk_segmentation_preserves_longest_matches_and_unmatched_gaps (test_photo_bm25f_retrieval.PhotoBm25fRetrievalTests.test_cjk_segmentation_preserves_longest_matches_and_unmatched_gaps) ... ok
test_index_validation_detects_stale_authored_fields (test_photo_bm25f_retrieval.PhotoBm25fRetrievalTests.test_index_validation_detects_stale_authored_fields) ... ok
test_japanese_compounds_use_longest_first_authored_lexicon (test_photo_bm25f_retrieval.PhotoBm25fRetrievalTests.test_japanese_compounds_use_longest_first_authored_lexicon) ... ok
test_korean_boundaries_do_not_turn_appearance_into_moe (test_photo_bm25f_retrieval.PhotoBm25fRetrievalTests.test_korean_boundaries_do_not_turn_appearance_into_moe) ... ok
test_rank_and_rrf_ties_are_deterministic (test_photo_bm25f_retrieval.PhotoBm25fRetrievalTests.test_rank_and_rrf_ties_are_deterministic) ... ok
test_reused_lexicon_tracks_changed_content (test_photo_bm25f_retrieval.PhotoBm25fRetrievalTests.test_reused_lexicon_tracks_changed_content) ... ok
test_validation_is_read_only_and_rejects_a_later_index_edit (test_photo_bm25f_retrieval.PhotoBm25fRetrievalTests.test_validation_is_read_only_and_rejects_a_later_index_edit) ... ok
test_all_authored_bundles_compile_and_profile_links_remain_advisory (test_photo_candidate_semantics.PhotoCandidateSemanticsTests.test_all_authored_bundles_compile_and_profile_links_remain_advisory) ... ok
test_canonical_street_link_and_storefront_label_keep_stable_ids (test_photo_candidate_semantics.PhotoCandidateSemanticsTests.test_canonical_street_link_and_storefront_label_keep_stable_ids) ... ok
test_maintenance_prose_is_external_and_hash_bound (test_photo_candidate_semantics.PhotoCandidateSemanticsTests.test_maintenance_prose_is_external_and_hash_bound) ... ok
test_missing_current_semantic_surface_is_rejected (test_photo_candidate_semantics.PhotoCandidateSemanticsTests.test_missing_current_semantic_surface_is_rejected) ... ok
test_missing_member_ineligible_member_internal_conflict_or_locked_scope_hides_bundle (test_photo_candidate_semantics.PhotoCandidateSemanticsTests.test_missing_member_ineligible_member_internal_conflict_or_locked_scope_hides_bundle) ... ok
test_multiword_relations_survive_v6_pack_overview_and_full_details (test_photo_candidate_semantics.PhotoCandidateSemanticsTests.test_multiword_relations_survive_v6_pack_overview_and_full_details) ... ok
test_real_generator_builds_an_adoptable_bundle_with_full_view_and_audit (test_photo_candidate_semantics.PhotoCandidateSemanticsTests.test_real_generator_builds_an_adoptable_bundle_with_full_view_and_audit) ... ok
test_required_extension_loss_fails_before_dictionary_use (test_photo_candidate_semantics.PhotoCandidateSemanticsTests.test_required_extension_loss_fails_before_dictionary_use) ... ok
test_scope_ownership_preserves_distinct_locked_dimensions (test_photo_candidate_semantics.PhotoCandidateSemanticsTests.test_scope_ownership_preserves_distinct_locked_dimensions) ... ok
test_selected_bundle_requires_every_component_and_relation_literal_evidence (test_photo_candidate_semantics.PhotoCandidateSemanticsTests.test_selected_bundle_requires_every_component_and_relation_literal_evidence) ... ok
test_semantic_units_relations_and_canonical_links_reject_malformed_authored_data (test_photo_candidate_semantics.PhotoCandidateSemanticsTests.test_semantic_units_relations_and_canonical_links_reject_malformed_authored_data) ... ok
test_source_contract_or_scope_tampering_fails_even_after_pack_hash_recompute (test_photo_candidate_semantics.PhotoCandidateSemanticsTests.test_source_contract_or_scope_tampering_fails_even_after_pack_hash_recompute) ... ok
test_unknown_runtime_keys_and_missing_or_ambiguous_references_fail (test_photo_candidate_semantics.PhotoCandidateSemanticsTests.test_unknown_runtime_keys_and_missing_or_ambiguous_references_fail) ... ok
test_all_forty_one_retained_rows_remain_identical (test_photo_capture_owner_data_cleanup.CaptureOwnerDataCleanupTests.test_all_forty_one_retained_rows_remain_identical) ... ok
test_disposable_keeps_both_scene_lighting_and_image_grain (test_photo_capture_owner_data_cleanup.CaptureOwnerDataCleanupTests.test_disposable_keeps_both_scene_lighting_and_image_grain) ... ok
test_inventory_queries_and_bound_are_frozen (test_photo_capture_owner_data_cleanup.CaptureOwnerDataCleanupTests.test_inventory_queries_and_bound_are_frozen) ... ok
test_meaningful_model_and_format_shorthand_remains (test_photo_capture_owner_data_cleanup.CaptureOwnerDataCleanupTests.test_meaningful_model_and_format_shorthand_remains) ... ok
test_seven_alias_and_six_owner_changes_match_the_accepted_plan (test_photo_capture_owner_data_cleanup.CaptureOwnerDataCleanupTests.test_seven_alias_and_six_owner_changes_match_the_accepted_plan) ... ok
test_six_owners_match_complete_effect_scope (test_photo_capture_owner_data_cleanup.CaptureOwnerDataCleanupTests.test_six_owners_match_complete_effect_scope) ... ok
test_source_projection_preserves_effect_properties_and_owners (test_photo_capture_owner_data_cleanup.CaptureOwnerDataCleanupTests.test_source_projection_preserves_effect_properties_and_owners) ... ok
test_valid_optical_alternatives_are_not_blanket_normalized (test_photo_capture_owner_data_cleanup.CaptureOwnerDataCleanupTests.test_valid_optical_alternatives_are_not_blanket_normalized) ... ok
test_authored_sources_and_generated_indexes_bind_every_registered_variant (test_photo_clothing_terminology_semantics.ClothingTerminologySemanticsTests.test_authored_sources_and_generated_indexes_bind_every_registered_variant) ... ok
test_component_supported_embedding_discovery_is_optional (test_photo_clothing_terminology_semantics.ClothingTerminologySemanticsTests.test_component_supported_embedding_discovery_is_optional) ... ok
test_homonyms_family_labels_negation_and_owner_changes_do_not_harden (test_photo_clothing_terminology_semantics.ClothingTerminologySemanticsTests.test_homonyms_family_labels_negation_and_owner_changes_do_not_harden) ... ok
test_joint_bundles_are_optional_complete_and_scope_guarded (test_photo_clothing_terminology_semantics.ClothingTerminologySemanticsTests.test_joint_bundles_are_optional_complete_and_scope_guarded) ... ok
test_registry_validator_accepts_scoped_discovery_and_rejects_unbounded_fields (test_photo_clothing_terminology_semantics.ClothingTerminologySemanticsTests.test_registry_validator_accepts_scoped_discovery_and_rejects_unbounded_fields) ... ok
test_scope_has_no_body_geometry_or_provenance_only_promotion (test_photo_clothing_terminology_semantics.ClothingTerminologySemanticsTests.test_scope_has_no_body_geometry_or_provenance_only_promotion) ... ok
test_visible_variant_activates_in_english_and_korean_without_alternative (test_photo_clothing_terminology_semantics.ClothingTerminologySemanticsTests.test_visible_variant_activates_in_english_and_korean_without_alternative) ... ok
test_legacy_concept_mode_has_no_adapter (test_photo_current_boundary.PhotoCurrentBoundaryTests.test_legacy_concept_mode_has_no_adapter) ... ok
test_normal_generation_requires_complete_current_inputs (test_photo_current_boundary.PhotoCurrentBoundaryTests.test_normal_generation_requires_complete_current_inputs) ... ok
test_old_cli_options_are_unknown (test_photo_current_boundary.PhotoCurrentBoundaryTests.test_old_cli_options_are_unknown) ... ok
test_old_core_and_intent_lock_versions_are_rejected (test_photo_current_boundary.PhotoCurrentBoundaryTests.test_old_core_and_intent_lock_versions_are_rejected) ... ok
test_only_current_view_and_manifest_versions_are_supported (test_photo_current_boundary.PhotoCurrentBoundaryTests.test_only_current_view_and_manifest_versions_are_supported) ... ok
test_only_shards_are_completed_indexes_but_checkpoints_resume (test_photo_current_boundary.PhotoCurrentBoundaryTests.test_only_shards_are_completed_indexes_but_checkpoints_resume) ... ok
test_removed_pack_versions_fail_before_generation (test_photo_current_boundary.PhotoCurrentBoundaryTests.test_removed_pack_versions_fail_before_generation) ... ok
test_sampler_api_is_removed (test_photo_current_boundary.PhotoCurrentBoundaryTests.test_sampler_api_is_removed) ... ok
test_sampler_diagnostics_are_not_public_packs (test_photo_current_boundary.PhotoCurrentBoundaryTests.test_sampler_diagnostics_are_not_public_packs) ... ok
test_adjacent_concepts_fail_closed (test_photo_death_afterlife_semantics.PhotoDeathAfterlifeSemanticsTests.test_adjacent_concepts_fail_closed) ... ok
test_candidate_pack_spans_subject_action_mechanism_trace_and_review (test_photo_death_afterlife_semantics.PhotoDeathAfterlifeSemanticsTests.test_candidate_pack_spans_subject_action_mechanism_trace_and_review) ... ok
test_exact_visual_terms_route_to_distinct_profiles (test_photo_death_afterlife_semantics.PhotoDeathAfterlifeSemanticsTests.test_exact_visual_terms_route_to_distinct_profiles) ... ok
test_korean_afterlife_guide_and_western_death_do_not_merge (test_photo_death_afterlife_semantics.PhotoDeathAfterlifeSemanticsTests.test_korean_afterlife_guide_and_western_death_do_not_merge) ... ok
test_profiles_encode_relations_and_render_gates (test_photo_death_afterlife_semantics.PhotoDeathAfterlifeSemanticsTests.test_profiles_encode_relations_and_render_gates) ... ok
test_research_evidence_is_approved_and_candidate_bound (test_photo_death_afterlife_semantics.PhotoDeathAfterlifeSemanticsTests.test_research_evidence_is_approved_and_candidate_bound) ... ok
test_adjacent_senses_remain_excluded (test_photo_dress_positive_paraphrase.DressPositiveParaphraseTests.test_adjacent_senses_remain_excluded) ... ok
test_detailed_positive_example_matches_its_own_context (test_photo_dress_positive_paraphrase.DressPositiveParaphraseTests.test_detailed_positive_example_matches_its_own_context) ... ok
test_seams_panels_closure_and_drape_remain_explicit (test_photo_dress_positive_paraphrase.DressPositiveParaphraseTests.test_seams_panels_closure_and_drape_remain_explicit) ... ok
test_bundles_require_open_dimensions_and_admit_natural_scene_phrases (test_photo_everyday_scene_semantics.EverydaySceneSemanticsTests.test_bundles_require_open_dimensions_and_admit_natural_scene_phrases) ... ok
test_complete_relation_only_activates_hard_profile (test_photo_everyday_scene_semantics.EverydaySceneSemanticsTests.test_complete_relation_only_activates_hard_profile) ... ok
test_generated_indexes_bind_new_data (test_photo_everyday_scene_semantics.EverydaySceneSemanticsTests.test_generated_indexes_bind_new_data) ... ok
test_twenty_research_rows_are_optional_and_bound_to_source (test_photo_everyday_scene_semantics.EverydaySceneSemanticsTests.test_twenty_research_rows_are_optional_and_bound_to_source) ... ok
test_candidates_are_axis_owned_and_semantically_decomposed (test_photo_hair_visual_semantics.PhotoHairVisualSemanticsTests.test_candidates_are_axis_owned_and_semantically_decomposed) ... ok
test_cultural_lineage_does_not_force_person_origin (test_photo_hair_visual_semantics.PhotoHairVisualSemanticsTests.test_cultural_lineage_does_not_force_person_origin) ... ok
test_embedding_only_component_paraphrase_remains_optional (test_photo_hair_visual_semantics.PhotoHairVisualSemanticsTests.test_embedding_only_component_paraphrase_remains_optional) ... ok
test_exact_hair_terms_route_to_one_profile (test_photo_hair_visual_semantics.PhotoHairVisualSemanticsTests.test_exact_hair_terms_route_to_one_profile) ... ok
test_five_arm_pixel_cases_bind_all_profile_gates_and_reference (test_photo_hair_visual_semantics.PhotoHairVisualSemanticsTests.test_five_arm_pixel_cases_bind_all_profile_gates_and_reference) ... ok
test_generated_index_is_registry_bound_for_all_hair_profiles (test_photo_hair_visual_semantics.PhotoHairVisualSemanticsTests.test_generated_index_is_registry_bound_for_all_hair_profiles) ... ok
test_homonyms_and_single_component_cues_fail_closed (test_photo_hair_visual_semantics.PhotoHairVisualSemanticsTests.test_homonyms_and_single_component_cues_fail_closed) ... ok
test_profiles_are_complete_five_group_pixel_contracts (test_photo_hair_visual_semantics.PhotoHairVisualSemanticsTests.test_profiles_are_complete_five_group_pixel_contracts) ... ok
test_research_evidence_is_approved_and_candidate_bound (test_photo_hair_visual_semantics.PhotoHairVisualSemanticsTests.test_research_evidence_is_approved_and_candidate_bound) ... ok
test_body_read_failure_records_unavailable_fidelity (test_photo_image_attempt_evidence.ApiErrorEvidenceTests.test_body_read_failure_records_unavailable_fidelity) ... ok
test_evidence_save_failure_stops_before_retry_or_unbound_ledger_row (test_photo_image_attempt_evidence.ApiErrorEvidenceTests.test_evidence_save_failure_stops_before_retry_or_unbound_ledger_row) ... ok
test_local_image_save_failure_records_returned_call_without_regeneration (test_photo_image_attempt_evidence.ApiErrorEvidenceTests.test_local_image_save_failure_records_returned_call_without_regeneration) ... ok
test_long_http_error_retains_full_bytes_and_structured_fields (test_photo_image_attempt_evidence.ApiErrorEvidenceTests.test_long_http_error_retains_full_bytes_and_structured_fields) ... ok
test_non_utf8_response_is_recorded_with_exact_bytes (test_photo_image_attempt_evidence.ApiErrorEvidenceTests.test_non_utf8_response_is_recorded_with_exact_bytes) ... ok
test_recorder_failure_stops_retries_and_keeps_error_evidence (test_photo_image_attempt_evidence.ApiErrorEvidenceTests.test_recorder_failure_stops_retries_and_keeps_error_evidence) ... ok
test_safety_word_and_malformed_payload_do_not_classify_moderation (test_photo_image_attempt_evidence.ApiErrorEvidenceTests.test_safety_word_and_malformed_payload_do_not_classify_moderation) ... ok
test_context_and_sha_mutations_are_rejected_before_ledger_write (test_photo_image_attempt_evidence.EvidenceBindingTests.test_context_and_sha_mutations_are_rejected_before_ledger_write) ... ok
test_error_evidence_is_copied_into_independent_manifest (test_photo_image_attempt_evidence.EvidenceBindingTests.test_error_evidence_is_copied_into_independent_manifest) ... ok
test_evidence_writer_does_not_replace_a_previous_attempt (test_photo_image_attempt_evidence.EvidenceBindingTests.test_evidence_writer_does_not_replace_a_previous_attempt) ... ok
test_legacy_namespace_without_optional_evidence_fields_keeps_output (test_photo_image_attempt_evidence.EvidenceBindingTests.test_legacy_namespace_without_optional_evidence_fields_keeps_output) ... ok
test_schema_keeps_error_fields_bound_and_supported_fidelities_in_sync (test_photo_image_attempt_evidence.EvidenceBindingTests.test_schema_keeps_error_fields_bound_and_supported_fidelities_in_sync) ... ok
test_writer_cli_retains_unicode_and_refuses_existing_path (test_photo_image_attempt_evidence.EvidenceBindingTests.test_writer_cli_retains_unicode_and_refuses_existing_path) ... ok
test_category_limits_keep_fidelity_truthful_and_exact_strings_intact (test_photo_image_attempt_evidence.NativeCaptureTests.test_category_limits_keep_fidelity_truthful_and_exact_strings_intact) ... ok
test_documented_native_template_saves_literal_shell_text_and_stops_on_write_failure (test_photo_image_attempt_evidence.NativeCaptureTests.test_documented_native_template_saves_literal_shell_text_and_stops_on_write_failure) ... ok
test_generic_safety_word_stays_unclassified (test_photo_image_attempt_evidence.NativeCaptureTests.test_generic_safety_word_stays_unclassified) ... ok
test_lone_surrogate_raw_string_survives_file_and_ledger_binding (test_photo_image_attempt_evidence.NativeCaptureTests.test_lone_surrogate_raw_string_survives_file_and_ledger_binding) ... ok
test_non_error_values_cycles_getters_and_proxies_cannot_break_capture (test_photo_image_attempt_evidence.NativeCaptureTests.test_non_error_values_cycles_getters_and_proxies_cannot_break_capture) ... ok
test_string_and_plain_object_provider_errors_preserve_metadata (test_photo_image_attempt_evidence.NativeCaptureTests.test_string_and_plain_object_provider_errors_preserve_metadata) ... ok
test_cli_rejects_post_core_control_flags_before_loading_candidates (test_photo_initial_creative_controls.CreativeControlResolverTests.test_cli_rejects_post_core_control_flags_before_loading_candidates) ... ok
test_creativity_levels_preserve_values_and_selected_meanings (test_photo_initial_creative_controls.CreativeControlResolverTests.test_creativity_levels_preserve_values_and_selected_meanings) ... ok
test_defaults_meanings_and_sources_are_available_before_candidates (test_photo_initial_creative_controls.CreativeControlResolverTests.test_defaults_meanings_and_sources_are_available_before_candidates) ... ok
test_emphasis_resolution_is_hash_bound_and_recomputed (test_photo_initial_creative_controls.CreativeControlResolverTests.test_emphasis_resolution_is_hash_bound_and_recomputed) ... ok
test_emphasis_stores_selected_and_effective_choices_without_changing_intensities (test_photo_initial_creative_controls.CreativeControlResolverTests.test_emphasis_stores_selected_and_effective_choices_without_changing_intensities) ... ok
test_invalid_values_and_emphasis_fail (test_photo_initial_creative_controls.CreativeControlResolverTests.test_invalid_values_and_emphasis_fail) ... ok
test_level_and_choice_definitions_must_be_complete (test_photo_initial_creative_controls.CreativeControlResolverTests.test_level_and_choice_definitions_must_be_complete) ... ok
test_no_people_and_nonsexual_meaning_keep_requested_values_but_disable_additions (test_photo_initial_creative_controls.CreativeControlResolverTests.test_no_people_and_nonsexual_meaning_keep_requested_values_but_disable_additions) ... ok
test_override_zero_is_an_addition_control_not_a_request_rewrite (test_photo_initial_creative_controls.CreativeControlResolverTests.test_override_zero_is_an_addition_control_not_a_request_rewrite) ... ok
test_resolver_cli_saves_the_same_complete_brief_it_returns (test_photo_initial_creative_controls.CreativeControlResolverTests.test_resolver_cli_saves_the_same_complete_brief_it_returns) ... ok
test_saved_brief_cannot_be_changed_even_with_a_recomputed_hash (test_photo_initial_creative_controls.CreativeControlResolverTests.test_saved_brief_cannot_be_changed_even_with_a_recomputed_hash) ... ok
test_surreal_is_frozen_and_validation_uses_embedded_definitions (test_photo_initial_creative_controls.CreativeControlResolverTests.test_surreal_is_frozen_and_validation_uses_embedded_definitions) ... ok
test_surreal_levels_are_not_probabilistic_or_adult_eligibility_controls (test_photo_initial_creative_controls.CreativeControlResolverTests.test_surreal_levels_are_not_probabilistic_or_adult_eligibility_controls) ... ok
test_surreal_rejects_removed_inputs_and_invalid_levels (test_photo_initial_creative_controls.CreativeControlResolverTests.test_surreal_rejects_removed_inputs_and_invalid_levels) ... ok
test_authored_refinement_must_declare_unlocked_property_effects (test_photo_initial_creative_controls.InitialDirectionIntegrationTests.test_authored_refinement_must_declare_unlocked_property_effects) ... ok
test_baseline_realization_needs_no_extra_axis_detail (test_photo_initial_creative_controls.InitialDirectionIntegrationTests.test_baseline_realization_needs_no_extra_axis_detail) ... ok
test_changed_snapshot_or_missing_binding_fails (test_photo_initial_creative_controls.InitialDirectionIntegrationTests.test_changed_snapshot_or_missing_binding_fails) ... ok
test_creativity_and_emphasis_reach_public_pack_with_their_initial_brief (test_photo_initial_creative_controls.InitialDirectionIntegrationTests.test_creativity_and_emphasis_reach_public_pack_with_their_initial_brief) ... ok
test_frozen_controls_survive_generator_and_public_composer_pack (test_photo_initial_creative_controls.InitialDirectionIntegrationTests.test_frozen_controls_survive_generator_and_public_composer_pack) ... ok
test_historical_axis_scope_is_rejected (test_photo_initial_creative_controls.InitialDirectionIntegrationTests.test_historical_axis_scope_is_rejected) ... ok
test_ordinary_candidate_cannot_bypass_the_same_property_boundary (test_photo_initial_creative_controls.InitialDirectionIntegrationTests.test_ordinary_candidate_cannot_bypass_the_same_property_boundary) ... ok
test_property_lock_preserves_color_and_type_but_allows_neckline (test_photo_initial_creative_controls.InitialDirectionIntegrationTests.test_property_lock_preserves_color_and_type_but_allows_neckline) ... ok
test_sensual_wardrobe_candidates_exist_when_garment_is_open (test_photo_initial_creative_controls.InitialDirectionIntegrationTests.test_sensual_wardrobe_candidates_exist_when_garment_is_open) ... ok
test_surreal_level_and_saved_brief_survive_retrieval_and_public_pack (test_photo_initial_creative_controls.InitialDirectionIntegrationTests.test_surreal_level_and_saved_brief_survive_retrieval_and_public_pack) ... ok
test_whole_garment_candidates_do_not_bypass_partial_property_locks (test_photo_initial_creative_controls.InitialDirectionIntegrationTests.test_whole_garment_candidates_do_not_bypass_partial_property_locks) ... ok
test_all_nine_keeps_and_every_existing_target_field_are_exact (test_photo_jurisdiction_record_unit_data_cleanup.JurisdictionRecordUnitDataCleanupTests.test_all_nine_keeps_and_every_existing_target_field_are_exact) ... ok
test_coexisting_display_is_not_a_low_rank_or_global_exclusion (test_photo_jurisdiction_record_unit_data_cleanup.JurisdictionRecordUnitDataCleanupTests.test_coexisting_display_is_not_a_low_rank_or_global_exclusion) ... ok
test_current_public_projection_and_detail_restore_the_full_contrast (test_photo_jurisdiction_record_unit_data_cleanup.JurisdictionRecordUnitDataCleanupTests.test_current_public_projection_and_detail_restore_the_full_contrast) ... ok
test_frozen_inventory_queries_and_attempt_cap (test_photo_jurisdiction_record_unit_data_cleanup.JurisdictionRecordUnitDataCleanupTests.test_frozen_inventory_queries_and_attempt_cap) ... ok
test_long_original_sentence_is_intact_not_reworded_or_split (test_photo_jurisdiction_record_unit_data_cleanup.JurisdictionRecordUnitDataCleanupTests.test_long_original_sentence_is_intact_not_reworded_or_split) ... ok
test_punk_long_labels_keep_existing_authored_keyword_units_and_bundles (test_photo_jurisdiction_record_unit_data_cleanup.JurisdictionRecordUnitDataCleanupTests.test_punk_long_labels_keep_existing_authored_keyword_units_and_bundles) ... ok
test_raw_extension_changes_only_one_new_verbatim_unit (test_photo_jurisdiction_record_unit_data_cleanup.JurisdictionRecordUnitDataCleanupTests.test_raw_extension_changes_only_one_new_verbatim_unit) ... ok
test_adjacent_visual_confounds_fail_closed (test_photo_korean_emotional_visual_semantics.PhotoKoreanEmotionalVisualSemanticsTests.test_adjacent_visual_confounds_fail_closed) ... ok
test_bm25f_routes_researched_shorthand_to_expected_candidates (test_photo_korean_emotional_visual_semantics.PhotoKoreanEmotionalVisualSemanticsTests.test_bm25f_routes_researched_shorthand_to_expected_candidates) ... ok
test_broad_or_metadata_terms_never_hard_activate (test_photo_korean_emotional_visual_semantics.PhotoKoreanEmotionalVisualSemanticsTests.test_broad_or_metadata_terms_never_hard_activate) ... ok
test_candidate_aliases_and_nonvisual_boundaries_are_encoded (test_photo_korean_emotional_visual_semantics.PhotoKoreanEmotionalVisualSemanticsTests.test_candidate_aliases_and_nonvisual_boundaries_are_encoded) ... ok
test_definition_only_profiles_hide_labels_at_runtime (test_photo_korean_emotional_visual_semantics.PhotoKoreanEmotionalVisualSemanticsTests.test_definition_only_profiles_hide_labels_at_runtime) ... ok
test_generated_indexes_contain_current_profiles_and_candidates (test_photo_korean_emotional_visual_semantics.PhotoKoreanEmotionalVisualSemanticsTests.test_generated_indexes_contain_current_profiles_and_candidates) ... ok
test_narrow_exact_terms_route_to_expected_profiles (test_photo_korean_emotional_visual_semantics.PhotoKoreanEmotionalVisualSemanticsTests.test_narrow_exact_terms_route_to_expected_profiles) ... ok
test_profiles_are_complete_four_or_five_group_pixel_contracts (test_photo_korean_emotional_visual_semantics.PhotoKoreanEmotionalVisualSemanticsTests.test_profiles_are_complete_four_or_five_group_pixel_contracts) ... ok
test_research_evidence_is_approved_source_and_candidate_bound (test_photo_korean_emotional_visual_semantics.PhotoKoreanEmotionalVisualSemanticsTests.test_research_evidence_is_approved_source_and_candidate_bound) ... ok
test_research_note_preserves_semantic_and_identity_boundaries (test_photo_korean_emotional_visual_semantics.PhotoKoreanEmotionalVisualSemanticsTests.test_research_note_preserves_semantic_and_identity_boundaries) ... ok
test_three_arm_fixture_is_frozen_independent_and_reference_bound (test_photo_korean_emotional_visual_semantics.PhotoKoreanEmotionalVisualSemanticsTests.test_three_arm_fixture_is_frozen_independent_and_reference_bound) ... ok
test_acceptance_binds_lexical_gain_dense_cost_and_all_attempts (test_photo_krummholz_korean_alias_data_cleanup.KrummholzKoreanAliasDataCleanupTests.test_acceptance_binds_lexical_gain_dense_cost_and_all_attempts) ... ok
test_bare_names_and_independent_probe_texts_remain_frozen (test_photo_krummholz_korean_alias_data_cleanup.KrummholzKoreanAliasDataCleanupTests.test_bare_names_and_independent_probe_texts_remain_frozen) ... ok
test_complete_raw_extension_has_only_one_alias_append (test_photo_krummholz_korean_alias_data_cleanup.KrummholzKoreanAliasDataCleanupTests.test_complete_raw_extension_has_only_one_alias_append) ... ok
test_current_semantic_surface_preserves_frozen_krummholz_meaning (test_photo_krummholz_korean_alias_data_cleanup.KrummholzKoreanAliasDataCleanupTests.test_current_semantic_surface_preserves_frozen_krummholz_meaning) ... ok
test_exact_frozen_scope_queries_and_budget (test_photo_krummholz_korean_alias_data_cleanup.KrummholzKoreanAliasDataCleanupTests.test_exact_frozen_scope_queries_and_budget) ... ok
test_historical_merged_state_and_current_ten_keeps_are_exact (test_photo_krummholz_korean_alias_data_cleanup.KrummholzKoreanAliasDataCleanupTests.test_historical_merged_state_and_current_ten_keeps_are_exact) ... ok
test_previous_reef_correction_and_all_other_source_rows_remain_intact (test_photo_krummholz_korean_alias_data_cleanup.KrummholzKoreanAliasDataCleanupTests.test_previous_reef_correction_and_all_other_source_rows_remain_intact) ... ok
test_specialization_existing_names_and_every_other_field_are_preserved (test_photo_krummholz_korean_alias_data_cleanup.KrummholzKoreanAliasDataCleanupTests.test_specialization_existing_names_and_every_other_field_are_preserved) ... ok
test_affirmative_excluded_relations_remain_blocked (test_photo_lighting_composition_boundary_data.LightingCompositionBoundaryDataTests.test_affirmative_excluded_relations_remain_blocked) ... ok
test_authored_complete_contexts_do_not_self_exclude (test_photo_lighting_composition_boundary_data.LightingCompositionBoundaryDataTests.test_authored_complete_contexts_do_not_self_exclude) ... ok
test_boundary_evidence_anchor_meets_unchanged_minimum (test_photo_lighting_composition_boundary_data.LightingCompositionBoundaryDataTests.test_boundary_evidence_anchor_meets_unchanged_minimum) ... ok
test_complete_lighting_paraphrases_remain_discoverable (test_photo_lighting_composition_boundary_data.LightingCompositionBoundaryDataTests.test_complete_lighting_paraphrases_remain_discoverable) ... ok
test_one_generic_lighting_component_is_not_a_complete_paraphrase (test_photo_lighting_composition_boundary_data.LightingCompositionBoundaryDataTests.test_one_generic_lighting_component_is_not_a_complete_paraphrase) ... ok
test_absent_activity_allows_traces_without_changing_scope_or_guards (test_photo_liminal_active_use_korean_data_cleanup.LiminalActiveUseKoreanDataCleanupTests.test_absent_activity_allows_traces_without_changing_scope_or_guards) ... ok
test_acceptance_binds_gains_costs_and_immutable_recovery_history (test_photo_liminal_active_use_korean_data_cleanup.LiminalActiveUseKoreanDataCleanupTests.test_acceptance_binds_gains_costs_and_immutable_recovery_history) ... ok
test_archived_korean_catalog_changes_one_line_and_current_text_preserves_it (test_photo_liminal_active_use_korean_data_cleanup.LiminalActiveUseKoreanDataCleanupTests.test_archived_korean_catalog_changes_one_line_and_current_text_preserves_it) ... ok
test_complete_merged_state_and_twenty_one_keeps_remain_exact (test_photo_liminal_active_use_korean_data_cleanup.LiminalActiveUseKoreanDataCleanupTests.test_complete_merged_state_and_twenty_one_keeps_remain_exact) ... FAIL
test_complete_raw_source_changes_only_ko_and_predeclared_reference (test_photo_liminal_active_use_korean_data_cleanup.LiminalActiveUseKoreanDataCleanupTests.test_complete_raw_source_changes_only_ko_and_predeclared_reference) ... ok
test_frozen_source_inventory_queries_and_bounded_workload (test_photo_liminal_active_use_korean_data_cleanup.LiminalActiveUseKoreanDataCleanupTests.test_frozen_source_inventory_queries_and_bounded_workload) ... ok
test_historical_provenance_is_preserved_and_current_source_is_bound (test_photo_liminal_active_use_korean_data_cleanup.LiminalActiveUseKoreanDataCleanupTests.test_historical_provenance_is_preserved_and_current_source_is_bound) ... ok
test_historical_v6_preservation_and_current_candidate_projection (test_photo_liminal_active_use_korean_data_cleanup.LiminalActiveUseKoreanDataCleanupTests.test_historical_v6_preservation_and_current_candidate_projection) ... ok
test_independent_queries_and_same_slot_controls_stay_exact (test_photo_liminal_active_use_korean_data_cleanup.LiminalActiveUseKoreanDataCleanupTests.test_independent_queries_and_same_slot_controls_stay_exact) ... ok
test_broad_nature_terms_do_not_activate_new_routes (test_photo_natural_environment_semantics.PhotoNaturalEnvironmentSemanticsTests.test_broad_nature_terms_do_not_activate_new_routes) ... ok
test_candidate_only_terms_do_not_force_hard_pixel_contracts (test_photo_natural_environment_semantics.PhotoNaturalEnvironmentSemanticsTests.test_candidate_only_terms_do_not_force_hard_pixel_contracts) ... ok
test_eight_hard_profiles_are_complete_fail_closed_contracts (test_photo_natural_environment_semantics.PhotoNaturalEnvironmentSemanticsTests.test_eight_hard_profiles_are_complete_fail_closed_contracts) ... ok
test_environment_candidates_do_not_own_human_body_or_identity_slots (test_photo_natural_environment_semantics.PhotoNaturalEnvironmentSemanticsTests.test_environment_candidates_do_not_own_human_body_or_identity_slots) ... ok
test_exact_hard_routes_and_paired_confusion_negatives (test_photo_natural_environment_semantics.PhotoNaturalEnvironmentSemanticsTests.test_exact_hard_routes_and_paired_confusion_negatives) ... ok
test_extension_has_75_decomposed_candidates_and_is_runtime_loaded (test_photo_natural_environment_semantics.PhotoNaturalEnvironmentSemanticsTests.test_extension_has_75_decomposed_candidates_and_is_runtime_loaded) ... ok
test_registry_schema_is_valid_before_derived_index_check (test_photo_natural_environment_semantics.PhotoNaturalEnvironmentSemanticsTests.test_registry_schema_is_valid_before_derived_index_check) ... ok
test_research_evidence_is_approved_and_bound_to_current_data (test_photo_natural_environment_semantics.PhotoNaturalEnvironmentSemanticsTests.test_research_evidence_is_approved_and_bound_to_current_data) ... ok
test_body_proportion_component_does_not_repeat_crop_alias (test_photo_next_slot_data_cleanup.NextSlotDataCleanupTests.test_body_proportion_component_does_not_repeat_crop_alias) ... ok
test_contact_and_noncontact_owners_stay_distinct (test_photo_next_slot_data_cleanup.NextSlotDataCleanupTests.test_contact_and_noncontact_owners_stay_distinct) ... ok
test_coordinated_gaze_search_keeps_target_not_inferences (test_photo_next_slot_data_cleanup.NextSlotDataCleanupTests.test_coordinated_gaze_search_keeps_target_not_inferences) ... ok
test_explicit_covered_pose_variants_remain_covered (test_photo_next_slot_data_cleanup.NextSlotDataCleanupTests.test_explicit_covered_pose_variants_remain_covered) ... ok
test_expression_aliases_name_complete_expressions (test_photo_next_slot_data_cleanup.NextSlotDataCleanupTests.test_expression_aliases_name_complete_expressions) ... ok
test_material_alias_and_construction_search_avoid_substitutes (test_photo_next_slot_data_cleanup.NextSlotDataCleanupTests.test_material_alias_and_construction_search_avoid_substitutes) ... ok
test_neutral_pose_search_matches_its_authored_label (test_photo_next_slot_data_cleanup.NextSlotDataCleanupTests.test_neutral_pose_search_matches_its_authored_label) ... ok
test_optical_variants_keep_effects_without_false_aliases (test_photo_next_slot_data_cleanup.NextSlotDataCleanupTests.test_optical_variants_keep_effects_without_false_aliases) ... ok
test_pose_counterexamples_are_not_positive_search_terms (test_photo_next_slot_data_cleanup.NextSlotDataCleanupTests.test_pose_counterexamples_are_not_positive_search_terms) ... ok
test_bow_orientation_and_population_are_scene_owned (test_photo_object_morphology_ownership.ObjectMorphologyOwnershipTests.test_bow_orientation_and_population_are_scene_owned) ... ok
test_complete_legacy_languages_and_neutral_guard (test_photo_object_morphology_ownership.ObjectMorphologyOwnershipTests.test_complete_legacy_languages_and_neutral_guard) ... ok
test_guard_evidence_supports_object_and_held_scenes (test_photo_object_morphology_ownership.ObjectMorphologyOwnershipTests.test_guard_evidence_supports_object_and_held_scenes) ... ok
test_bundle_scopes_and_missing_members (test_photo_palace_fortification_semantics.PalaceFortificationTests.test_bundle_scopes_and_missing_members) ... ok
test_complete_relations_without_person_and_component_omission (test_photo_palace_fortification_semantics.PalaceFortificationTests.test_complete_relations_without_person_and_component_omission) ... ok
test_gate_and_bridge_are_distinct_and_can_coexist (test_photo_palace_fortification_semantics.PalaceFortificationTests.test_gate_and_bridge_are_distinct_and_can_coexist) ... ok
test_homonyms_negation_and_broad_style_do_not_impose_geometry (test_photo_palace_fortification_semantics.PalaceFortificationTests.test_homonyms_negation_and_broad_style_do_not_impose_geometry) ... ok
test_provenance_does_not_enter_runtime_candidate_fields (test_photo_palace_fortification_semantics.PalaceFortificationTests.test_provenance_does_not_enter_runtime_candidate_fields) ... ok
test_retrieval_never_hardens_an_advisory_interpretation (test_photo_palace_fortification_semantics.PalaceFortificationTests.test_retrieval_never_hardens_an_advisory_interpretation) ... ok
test_all_researched_visual_rows_are_optional_candidates (test_photo_photorealism_elements_semantics.PhotorealismElementsTests.test_all_researched_visual_rows_are_optional_candidates) ... ok
test_bundles_require_all_members_and_open_dimensions (test_photo_photorealism_elements_semantics.PhotorealismElementsTests.test_bundles_require_all_members_and_open_dimensions) ... ok
test_exact_complete_relation_hardens_but_label_or_fragment_does_not (test_photo_photorealism_elements_semantics.PhotorealismElementsTests.test_exact_complete_relation_hardens_but_label_or_fragment_does_not) ... ok
test_generated_indexes_bind_sources (test_photo_photorealism_elements_semantics.PhotorealismElementsTests.test_generated_indexes_bind_sources) ... ok
test_age_and_biography_are_not_inferred_from_generic_composition (test_photo_portrait_composition_semantics.PortraitCompositionTests.test_age_and_biography_are_not_inferred_from_generic_composition) ... ok
test_all_component_gates_survive_compilation_and_duplicate_owner_evidence_fails (test_photo_portrait_composition_semantics.PortraitCompositionTests.test_all_component_gates_survive_compilation_and_duplicate_owner_evidence_fails) ... ok
test_bilingual_retrieval_keeps_directed_atomic_relations (test_photo_portrait_composition_semantics.PortraitCompositionTests.test_bilingual_retrieval_keeps_directed_atomic_relations) ... ok
test_bundles_require_every_visible_member_and_open_dimension (test_photo_portrait_composition_semantics.PortraitCompositionTests.test_bundles_require_every_visible_member_and_open_dimension) ... ok
test_camera_direction_owner_and_optical_confusions_do_not_harden (test_photo_portrait_composition_semantics.PortraitCompositionTests.test_camera_direction_owner_and_optical_confusions_do_not_harden) ... ok
test_complete_owner_relation_is_exact_and_partial_or_negated_is_not (test_photo_portrait_composition_semantics.PortraitCompositionTests.test_complete_owner_relation_is_exact_and_partial_or_negated_is_not) ... ok
test_english_negation_of_nonascii_terms_is_shared_and_local (test_photo_portrait_composition_semantics.PortraitCompositionTests.test_english_negation_of_nonascii_terms_is_shared_and_local) ... ok
test_real_generated_indexes_cover_current_source (test_photo_portrait_composition_semantics.PortraitCompositionTests.test_real_generated_indexes_cover_current_source) ... ok
test_reflected_focus_is_visible_and_not_an_unobservable_distance_gate (test_photo_portrait_composition_semantics.PortraitCompositionTests.test_reflected_focus_is_visible_and_not_an_unobservable_distance_gate) ... ok
test_series_trend_and_source_provenance_remain_maintenance_only (test_photo_portrait_composition_semantics.PortraitCompositionTests.test_series_trend_and_source_provenance_remain_maintenance_only) ... ok
test_added_projection_preserves_initial_profiles_candidates_and_source_links (test_photo_portrait_fashion_exposure.PortraitFashionExposureTests.test_added_projection_preserves_initial_profiles_candidates_and_source_links) ... ok
test_appended_labels_do_not_imply_exposure_fit_anatomy_or_viewpoint (test_photo_portrait_fashion_exposure.PortraitFashionExposureTests.test_appended_labels_do_not_imply_exposure_fit_anatomy_or_viewpoint) ... ok
test_broad_labels_and_adjacent_substitutes_do_not_create_hard_geometry (test_photo_portrait_fashion_exposure.PortraitFashionExposureTests.test_broad_labels_and_adjacent_substitutes_do_not_create_hard_geometry) ... ok
test_bundles_are_joint_optional_and_respect_all_locked_dimensions (test_photo_portrait_fashion_exposure.PortraitFashionExposureTests.test_bundles_are_joint_optional_and_respect_all_locked_dimensions) ... ok
test_candidate_eligibility_requires_an_adult_human_context (test_photo_portrait_fashion_exposure.PortraitFashionExposureTests.test_candidate_eligibility_requires_an_adult_human_context) ... ok
test_complete_relation_has_authority_but_fragments_negation_and_nonadult_do_not (test_photo_portrait_fashion_exposure.PortraitFashionExposureTests.test_complete_relation_has_authority_but_fragments_negation_and_nonadult_do_not) ... ok
test_each_selected_profile_retains_every_component_and_gate (test_photo_portrait_fashion_exposure.PortraitFashionExposureTests.test_each_selected_profile_retains_every_component_and_gate) ... ok
test_embedding_discovery_is_advisory_even_for_a_required_query (test_photo_portrait_fashion_exposure.PortraitFashionExposureTests.test_embedding_discovery_is_advisory_even_for_a_required_query) ... ok
test_real_generated_indexes_bind_sources_and_every_candidate (test_photo_portrait_fashion_exposure.PortraitFashionExposureTests.test_real_generated_indexes_bind_sources_and_every_candidate) ... ok
test_research_sources_and_proposals_do_not_leak_into_runtime (test_photo_portrait_fashion_exposure.PortraitFashionExposureTests.test_research_sources_and_proposals_do_not_leak_into_runtime) ... ok
test_thigh_skin_band_does_not_change_the_existing_negative_space_profile (test_photo_portrait_fashion_exposure.PortraitFashionExposureTests.test_thigh_skin_band_does_not_change_the_existing_negative_space_profile) ... ok
test_unrelated_homonyms_are_filtered_even_with_an_adult_context (test_photo_portrait_fashion_exposure.PortraitFashionExposureTests.test_unrelated_homonyms_are_filtered_even_with_an_adult_context) ... ok
test_adjacent_visual_confounds_fail_closed (test_photo_rare_photo_visual_semantics.PhotoRarePhotoVisualSemanticsTests.test_adjacent_visual_confounds_fail_closed) ... ok
test_broad_aliases_expose_multiple_optional_candidate_routes (test_photo_rare_photo_visual_semantics.PhotoRarePhotoVisualSemanticsTests.test_broad_aliases_expose_multiple_optional_candidate_routes) ... ok
test_broad_nonvisual_collection_terms_never_hard_activate (test_photo_rare_photo_visual_semantics.PhotoRarePhotoVisualSemanticsTests.test_broad_nonvisual_collection_terms_never_hard_activate) ... ok
test_generated_indexes_contain_current_profiles_and_candidates (test_photo_rare_photo_visual_semantics.PhotoRarePhotoVisualSemanticsTests.test_generated_indexes_contain_current_profiles_and_candidates) ... ok
test_narrow_exact_terms_route_to_one_profile (test_photo_rare_photo_visual_semantics.PhotoRarePhotoVisualSemanticsTests.test_narrow_exact_terms_route_to_one_profile) ... ok
test_profiles_are_complete_five_group_pixel_contracts (test_photo_rare_photo_visual_semantics.PhotoRarePhotoVisualSemanticsTests.test_profiles_are_complete_five_group_pixel_contracts) ... ok
test_research_note_preserves_nonvisual_and_identity_boundaries (test_photo_rare_photo_visual_semantics.PhotoRarePhotoVisualSemanticsTests.test_research_note_preserves_nonvisual_and_identity_boundaries) ... ok
test_three_arm_fixture_is_frozen_and_reference_bound (test_photo_rare_photo_visual_semantics.PhotoRarePhotoVisualSemanticsTests.test_three_arm_fixture_is_frozen_and_reference_bound) ... ok
test_complete_glossy_and_diffuse_component_variants (test_photo_receiver_material_response.ReceiverMaterialResponseTests.test_complete_glossy_and_diffuse_component_variants) ... ok
test_receiver_evidence_and_gates_preserve_material (test_photo_receiver_material_response.ReceiverMaterialResponseTests.test_receiver_evidence_and_gates_preserve_material) ... ok
test_single_relation_is_not_a_complete_paraphrase (test_photo_receiver_material_response.ReceiverMaterialResponseTests.test_single_relation_is_not_a_complete_paraphrase) ... ok
test_acceptance_binds_catalog_benefit_and_all_adverse_evidence (test_photo_shelf_return_korean_state_data_cleanup.ShelfReturnKoreanStateDataCleanupTests.test_acceptance_binds_catalog_benefit_and_all_adverse_evidence) ... ok
test_complete_raw_extension_changes_only_the_one_korean_state (test_photo_shelf_return_korean_state_data_cleanup.ShelfReturnKoreanStateDataCleanupTests.test_complete_raw_extension_changes_only_the_one_korean_state) ... ok
test_frozen_inventory_probes_and_bounded_cost (test_photo_shelf_return_korean_state_data_cleanup.ShelfReturnKoreanStateDataCleanupTests.test_frozen_inventory_probes_and_bounded_cost) ... ok
test_historical_merged_state_and_current_eleven_keeps_are_exact (test_photo_shelf_return_korean_state_data_cleanup.ShelfReturnKoreanStateDataCleanupTests.test_historical_merged_state_and_current_eleven_keeps_are_exact) ... ok
test_historical_v6_full_pack_detail_and_overview_preserve_genuine_adult_context (test_photo_shelf_return_korean_state_data_cleanup.ShelfReturnKoreanStateDataCleanupTests.test_historical_v6_full_pack_detail_and_overview_preserve_genuine_adult_context) ... ok
test_korean_field_projection_changes_only_the_local_aftermath (test_photo_shelf_return_korean_state_data_cleanup.ShelfReturnKoreanStateDataCleanupTests.test_korean_field_projection_changes_only_the_local_aftermath) ... ok
test_maintenance_revision_preserves_experiment_and_original_record (test_photo_shelf_return_korean_state_data_cleanup.ShelfReturnKoreanStateDataCleanupTests.test_maintenance_revision_preserves_experiment_and_original_record) ... ok
test_previous_published_aliases_and_reef_unit_remain_exact (test_photo_shelf_return_korean_state_data_cleanup.ShelfReturnKoreanStateDataCleanupTests.test_previous_published_aliases_and_reef_unit_remain_exact) ... ok
test_returned_item_owns_its_restored_position_without_global_stock_rule (test_photo_shelf_return_korean_state_data_cleanup.ShelfReturnKoreanStateDataCleanupTests.test_returned_item_owns_its_restored_position_without_global_stock_rule) ... ok
test_scout_and_reviewer_state_contrasts_remain_frozen (test_photo_shelf_return_korean_state_data_cleanup.ShelfReturnKoreanStateDataCleanupTests.test_scout_and_reviewer_state_contrasts_remain_frozen) ... ok
test_actor_dependent_surveillance_is_preserved (test_photo_slot_data_cleanup.PhotoSlotDataCleanupTests.test_actor_dependent_surveillance_is_preserved) ... ok
test_camera_height_metaphor_does_not_require_child_subject (test_photo_slot_data_cleanup.PhotoSlotDataCleanupTests.test_camera_height_metaphor_does_not_require_child_subject) ... ok
test_clean_observation_uses_positive_search_expression (test_photo_slot_data_cleanup.PhotoSlotDataCleanupTests.test_clean_observation_uses_positive_search_expression) ... ok
test_closing_cleanup_only_says_visitors_have_left (test_photo_slot_data_cleanup.PhotoSlotDataCleanupTests.test_closing_cleanup_only_says_visitors_have_left) ... ok
test_contrast_context_and_overhead_snapshot_remain (test_photo_slot_data_cleanup.PhotoSlotDataCleanupTests.test_contrast_context_and_overhead_snapshot_remain) ... ok
test_crowd_gap_korean_keeps_subject_owner_generic (test_photo_slot_data_cleanup.PhotoSlotDataCleanupTests.test_crowd_gap_korean_keeps_subject_owner_generic) ... ok
test_crowd_premise_does_not_become_main_subject_guard (test_photo_slot_data_cleanup.PhotoSlotDataCleanupTests.test_crowd_premise_does_not_become_main_subject_guard) ... ok
test_eye_level_component_retains_height_not_parent_crop (test_photo_slot_data_cleanup.PhotoSlotDataCleanupTests.test_eye_level_component_retains_height_not_parent_crop) ... ok
test_full_frame_component_does_not_claim_pose_only_aliases (test_photo_slot_data_cleanup.PhotoSlotDataCleanupTests.test_full_frame_component_does_not_claim_pose_only_aliases) ... ok
test_generic_mirror_does_not_assert_gaze (test_photo_slot_data_cleanup.PhotoSlotDataCleanupTests.test_generic_mirror_does_not_assert_gaze) ... ok
test_generic_worklight_keeps_explicit_robot_family_support (test_photo_slot_data_cleanup.PhotoSlotDataCleanupTests.test_generic_worklight_keeps_explicit_robot_family_support) ... ok
test_lighting_removed_counterexamples_do_not_trigger_exclusion_predicate (test_photo_slot_data_cleanup.PhotoSlotDataCleanupTests.test_lighting_removed_counterexamples_do_not_trigger_exclusion_predicate) ... ok
test_low_angle_component_does_not_repeat_unrelated_crop_alias (test_photo_slot_data_cleanup.PhotoSlotDataCleanupTests.test_low_angle_component_does_not_repeat_unrelated_crop_alias) ... ok
test_monitor_rectangle_is_not_bedroom_only (test_photo_slot_data_cleanup.PhotoSlotDataCleanupTests.test_monitor_rectangle_is_not_bedroom_only) ... ok
test_repair_pit_korean_output_preserves_subject_type (test_photo_slot_data_cleanup.PhotoSlotDataCleanupTests.test_repair_pit_korean_output_preserves_subject_type) ... ok
test_reviewed_lighting_counterexamples_are_not_search_synonyms (test_photo_slot_data_cleanup.PhotoSlotDataCleanupTests.test_reviewed_lighting_counterexamples_are_not_search_synonyms) ... ok
test_cat_eared_human_core_does_not_route_to_animal_subject (test_photo_slot_query_fusion.PhotoSlotQueryFusionTests.test_cat_eared_human_core_does_not_route_to_animal_subject) ... ok
test_focus_queries_use_relevant_frozen_fields_and_redact_exclusions (test_photo_slot_query_fusion.PhotoSlotQueryFusionTests.test_focus_queries_use_relevant_frozen_fields_and_redact_exclusions) ... ok
test_guarded_action_lookup_recovers_focus_without_inherited_choices (test_photo_slot_query_fusion.PhotoSlotQueryFusionTests.test_guarded_action_lookup_recovers_focus_without_inherited_choices) ... ok
test_subject_lookup_keeps_typed_human_and_adult_style_guards (test_photo_slot_query_fusion.PhotoSlotQueryFusionTests.test_subject_lookup_keeps_typed_human_and_adult_style_guards) ... ok
test_bandeau_and_halter_relations_can_coexist (test_photo_swimwear_semantics.SwimwearSemanticsTests.test_bandeau_and_halter_relations_can_coexist) ... ok
test_broad_labels_and_unrelated_contexts_do_not_harden (test_photo_swimwear_semantics.SwimwearSemanticsTests.test_broad_labels_and_unrelated_contexts_do_not_harden) ... ok
test_complete_relations_activate_but_single_components_do_not (test_photo_swimwear_semantics.SwimwearSemanticsTests.test_complete_relations_activate_but_single_components_do_not) ... ok
test_independent_axes_do_not_activate_their_confounds (test_photo_swimwear_semantics.SwimwearSemanticsTests.test_independent_axes_do_not_activate_their_confounds) ... ok
test_maintenance_and_source_binding (test_photo_swimwear_semantics.SwimwearSemanticsTests.test_maintenance_and_source_binding) ... ok
test_optional_bundle_needs_all_members_and_open_dimensions (test_photo_swimwear_semantics.SwimwearSemanticsTests.test_optional_bundle_needs_all_members_and_open_dimensions) ... ok
test_real_index_contains_new_candidates (test_photo_swimwear_semantics.SwimwearSemanticsTests.test_real_index_contains_new_candidates) ... ok
test_selected_variants_keep_literal_evidence_and_gates_together (test_photo_swimwear_semantics.SwimwearSemanticsTests.test_selected_variants_keep_literal_evidence_and_gates_together) ... ok
test_semantic_discovery_does_not_grant_hard_authority (test_photo_swimwear_semantics.SwimwearSemanticsTests.test_semantic_discovery_does_not_grant_hard_authority) ... ok
test_composed_prompt_must_bind_every_distinct_visual_duty (test_photo_visual_obligations.PhotoVisualObligationTests.test_composed_prompt_must_bind_every_distinct_visual_duty) ... ok
test_composition_candidates_have_semantic_text_and_confusion_conflicts (test_photo_visual_obligations.PhotoVisualObligationTests.test_composition_candidates_have_semantic_text_and_confusion_conflicts) ... ok
test_composition_relation_false_substitutes_do_not_hard_activate (test_photo_visual_obligations.PhotoVisualObligationTests.test_composition_relation_false_substitutes_do_not_hard_activate) ... ok
test_composition_relation_profiles_are_complete_and_exact_terms_route_hard (test_photo_visual_obligations.PhotoVisualObligationTests.test_composition_relation_profiles_are_complete_and_exact_terms_route_hard) ... ok
test_contained_affect_profile_uses_components_and_blocks_labels_at_runtime (test_photo_visual_obligations.PhotoVisualObligationTests.test_contained_affect_profile_uses_components_and_blocks_labels_at_runtime) ... ok
test_frozen_visual_concept_routing_holdout (test_photo_visual_obligations.PhotoVisualObligationTests.test_frozen_visual_concept_routing_holdout) ... ok
test_general_profile_adult_eligibility_must_be_an_explicit_boolean (test_photo_visual_obligations.PhotoVisualObligationTests.test_general_profile_adult_eligibility_must_be_an_explicit_boolean) ... ok
test_general_visual_profiles_route_without_adult_character_context (test_photo_visual_obligations.PhotoVisualObligationTests.test_general_visual_profiles_route_without_adult_character_context) ... ok
test_generic_face_cues_do_not_hard_activate_yandere_relation (test_photo_visual_obligations.PhotoVisualObligationTests.test_generic_face_cues_do_not_hard_activate_yandere_relation) ... ok
test_glitch_and_reality_error_require_prompt_independent_authored_legibility (test_photo_visual_obligations.PhotoVisualObligationTests.test_glitch_and_reality_error_require_prompt_independent_authored_legibility) ... ok
test_indirect_components_surface_optional_candidate_and_selection_promotes_gates (test_photo_visual_obligations.PhotoVisualObligationTests.test_indirect_components_surface_optional_candidate_and_selection_promotes_gates) ... ok
test_kuudere_profile_requires_stable_composure_and_same_target_care (test_photo_visual_obligations.PhotoVisualObligationTests.test_kuudere_profile_requires_stable_composure_and_same_target_care) ... ok
test_named_challenge_materializes_prompt_and_render_obligations (test_photo_visual_obligations.PhotoVisualObligationTests.test_named_challenge_materializes_prompt_and_render_obligations) ... ok
test_prepack_visual_intent_is_hash_bound_and_source_grounded (test_photo_visual_obligations.PhotoVisualObligationTests.test_prepack_visual_intent_is_hash_bound_and_source_grounded) ... ok
test_project_glossary_absolute_territory_expands_to_thigh_geometry (test_photo_visual_obligations.PhotoVisualObligationTests.test_project_glossary_absolute_territory_expands_to_thigh_geometry) ... ok
test_project_glossary_alias_cannot_own_multiple_profiles (test_photo_visual_obligations.PhotoVisualObligationTests.test_project_glossary_alias_cannot_own_multiple_profiles) ... ok
test_raw_character_label_does_not_introduce_a_fixed_render_contract (test_photo_visual_obligations.PhotoVisualObligationTests.test_raw_character_label_does_not_introduce_a_fixed_render_contract) ... ok
test_registry_and_request_scoped_routing_fixture (test_photo_visual_obligations.PhotoVisualObligationTests.test_registry_and_request_scoped_routing_fixture) ... ok
test_role_garment_and_revealing_armor_profiles_are_structurally_complete (test_photo_visual_obligations.PhotoVisualObligationTests.test_role_garment_and_revealing_armor_profiles_are_structurally_complete) ... ok
test_run_ledger_preserves_visual_concept_selection_and_effective_hash (test_photo_visual_obligations.PhotoVisualObligationTests.test_run_ledger_preserves_visual_concept_selection_and_effective_hash) ... ok
test_selected_visual_concept_binds_runtime_and_render_review (test_photo_visual_obligations.PhotoVisualObligationTests.test_selected_visual_concept_binds_runtime_and_render_review) ... ok
test_semantic_discovery_component_guard_must_be_boolean (test_photo_visual_obligations.PhotoVisualObligationTests.test_semantic_discovery_component_guard_must_be_boolean) ... ok
test_semantic_evidence_and_sensitive_runtime_labels_fail_closed (test_photo_visual_obligations.PhotoVisualObligationTests.test_semantic_evidence_and_sensitive_runtime_labels_fail_closed) ... ok
test_visual_only_render_review_uses_effective_visual_gate_contract (test_photo_visual_obligations.PhotoVisualObligationTests.test_visual_only_render_review_uses_effective_visual_gate_contract) ... ok
test_visual_render_gate_failure_and_uncontracted_gate_fail_closed (test_photo_visual_obligations.PhotoVisualObligationTests.test_visual_render_gate_failure_and_uncontracted_gate_fail_closed) ... ok
test_yandere_profile_requires_affection_control_relation_not_role_prop (test_photo_visual_obligations.PhotoVisualObligationTests.test_yandere_profile_requires_affection_control_relation_not_role_prop) ... ok
test_candidates_are_axis_owned_and_semantically_decomposed (test_photo_womens_casualwear_visual_semantics.PhotoWomensCasualwearVisualSemanticsTests.test_candidates_are_axis_owned_and_semantically_decomposed) ... ok
test_confounds_and_non_garment_homonyms_fail_closed (test_photo_womens_casualwear_visual_semantics.PhotoWomensCasualwearVisualSemanticsTests.test_confounds_and_non_garment_homonyms_fail_closed) ... ok
test_embedding_only_component_paraphrase_remains_optional (test_photo_womens_casualwear_visual_semantics.PhotoWomensCasualwearVisualSemanticsTests.test_embedding_only_component_paraphrase_remains_optional) ... ok
test_exact_terms_route_to_one_profile (test_photo_womens_casualwear_visual_semantics.PhotoWomensCasualwearVisualSemanticsTests.test_exact_terms_route_to_one_profile) ... ok
test_five_arm_pixel_cases_bind_all_profile_gates_and_reference (test_photo_womens_casualwear_visual_semantics.PhotoWomensCasualwearVisualSemanticsTests.test_five_arm_pixel_cases_bind_all_profile_gates_and_reference) ... ok
test_profiles_are_complete_five_group_pixel_contracts (test_photo_womens_casualwear_visual_semantics.PhotoWomensCasualwearVisualSemanticsTests.test_profiles_are_complete_five_group_pixel_contracts) ... ok
test_registry_bound_payload_contains_exact_lookup_for_all_profiles (test_photo_womens_casualwear_visual_semantics.PhotoWomensCasualwearVisualSemanticsTests.test_registry_bound_payload_contains_exact_lookup_for_all_profiles) ... ok
test_research_evidence_is_approved_and_candidate_bound (test_photo_womens_casualwear_visual_semantics.PhotoWomensCasualwearVisualSemanticsTests.test_research_evidence_is_approved_and_candidate_bound) ... ok
test_frozen_photo_baseline_is_historical_and_not_a_current_adapter (test_subculture_illustration_photo_boundary.SubcultureIllustrationPhotoBoundaryTests.test_frozen_photo_baseline_is_historical_and_not_a_current_adapter) ... ok
test_illustration_introduction_did_not_modify_photo_runtime (test_subculture_illustration_photo_boundary.SubcultureIllustrationPhotoBoundaryTests.test_illustration_introduction_did_not_modify_photo_runtime) ... ok
test_illustration_modules_do_not_import_photo_runtime (test_subculture_illustration_photo_boundary.SubcultureIllustrationPhotoBoundaryTests.test_illustration_modules_do_not_import_photo_runtime) ... ok

======================================================================
FAIL: test_complete_merged_state_and_twenty_one_keeps_remain_exact (test_photo_liminal_active_use_korean_data_cleanup.LiminalActiveUseKoreanDataCleanupTests.test_complete_merged_state_and_twenty_one_keeps_remain_exact)
----------------------------------------------------------------------
Traceback (most recent call last):
  File "/Users/chasoik/Projects/image-prompt/tests/test_photo_liminal_active_use_korean_data_cleanup.py", line 150, in test_complete_merged_state_and_twenty_one_keeps_remain_exact
    self.assertEqual(historical_current['slots'], self.states['proposal']['slots'])
    ~~~~~~~~~~~~~~~~^^^^^^^^^^^^^^^^^^^^^^^^^^^^^^^^^^^^^^^^^^^^^^^^^^^^^^^^^^^^^^^
AssertionError: {'med[156333 chars]uded', 'paraphrases': ['갈고리 부리의 독수리 앞부분과 사자 뒷다[5101571 chars]']}]} != {'med[156333 chars]uded'}, {'id': 'hippogriff_eagle_horse_subject[4911909 chars]']}]}
Diff is 11613227 characters long. Set self.maxDiff to None to see it.

----------------------------------------------------------------------
Ran 315 tests in 903.422s

FAILED (failures=1)
