Discovered 1192 tests in 123 modules; workers=6
Reused 95 valid successful modules; running 28 modules
96/123 test_photo_acting_expression_data.py: PASS 12 tests in 22.256 s
97/123 test_photo_authorial_direction_scope.py: PASS 4 tests in 0.005 s
98/123 test_photo_authorial_core_v6.py: PASS 18 tests in 62.891 s
99/123 test_photo_authorship_policy.py: PASS 12 tests in 43.724 s
100/123 test_photo_adult_appeal_scope.py: PASS 14 tests in 68.071 s
101/123 test_photo_bound_context_surfaces.py: PASS 8 tests in 2.039 s
102/123 test_photo_affect_visual_semantics.py: PASS 7 tests in 80.536 s
103/123 test_photo_candidate_semantics.py: PASS 13 tests in 20.808 s
104/123 test_photo_adult_appeal_visual_semantics.py: PASS 8 tests in 94.812 s
105/123 test_photo_control_assignment_punctuation.py: PASS 3 tests in 0.005 s
106/123 test_photo_character_response_concepts.py: PASS 11 tests in 10.019 s
107/123 test_photo_core_retrieval.py: PASS 5 tests in 3.983 s
108/123 test_photo_current_boundary.py: PASS 9 tests in 0.343 s
109/123 test_photo_data_cleanup_public_surfaces.py: PASS 4 tests in 0.389 s
110/123 test_photo_control_span_ownership.py: PASS 12 tests in 37.884 s
111/123 test_photo_desire_visual_semantics.py: PASS 9 tests in 1.705 s
112/123 test_photo_body_aesthetic_semantics.py: PASS 8 tests in 78.733 s
113/123 test_photo_character_render_review.py: PASS 7 tests in 69.649 s
114/123 test_photo_liminal_active_use_korean_data_cleanup.py: PASS 9 tests in 1.07 s
115/123 test_photo_death_afterlife_semantics.py: PASS 6 tests in 48.437 s
116/123 test_photo_scene_data_cleanup.py: PASS 16 tests in 1.687 s
117/123 test_subculture_illustration_contract_v1.py: FAIL 34 tests in 14.134 s
118/123 test_photo_embodiment.py: PASS 20 tests in 34.842 s
119/123 test_photo_editing_effects_semantics.py: PASS 14 tests in 45.627 s
120/123 test_photo_body_shape_semantics.py: PASS 9 tests in 122.961 s
121/123 test_photo_authorial_core.py: PASS 7 tests in 206.63 s
122/123 test_photo_pose_vocabulary_semantics.py: PASS 8 tests in 59.254 s
123/123 test_subculture_illustration_universal_scene_v3.py: FAIL 43 tests in 288.189 s
{"contract_version": "module-parallel-unittest-evidence/v1", "invocation": ".venv/bin/python run_full_suite.py --workers 6", "equivalent_serial_scope": ".venv/bin/python -m unittest discover -s tests", "discovery_multiset_equal": true, "discovery_ids_sha256": "17c5bbe24b7f1804846446a73783202e0a7cf6fb838629f75dd6ca406f39f034", "module_count": 123, "reused_successful_module_count": 95, "tests_discovered": 1192, "tests_run": 1192, "success": false, "failures": [], "errors": [{"id": "test_subculture_illustration_contract_v1.SubcultureIllustrationContractV1Tests.test_aggregate_validator_does_not_hide_partial_pixel_qualification", "traceback": "Traceback (most recent call last):\n  File \"/Users/chasoik/Projects/image-prompt/tests/test_subculture_illustration_contract_v1.py\", line 504, in test_aggregate_validator_does_not_hide_partial_pixel_qualification\n    summary = validate_all(ASSET_ROOT)\n  File \"/Users/chasoik/Projects/image-prompt/skills/subculture-illustration-image-generator/scripts/validate_illustration_assets.py\", line 11486, in validate_all\n    photo_regression = validate_photo_regression_baseline(root)\n  File \"/Users/chasoik/Projects/image-prompt/skills/subculture-illustration-image-generator/scripts/validate_illustration_assets.py\", line 6408, in validate_photo_regression_baseline\n    _require(\n    ~~~~~~~~^\n        digest == baseline.get(\"sha256\"),\n        ^^^^^^^^^^^^^^^^^^^^^^^^^^^^^^^^^\n        \"current photo baseline candidate-pack bytes drift\",\n        ^^^^^^^^^^^^^^^^^^^^^^^^^^^^^^^^^^^^^^^^^^^^^^^^^^^^\n    )\n    ^\n  File \"/Users/chasoik/Projects/image-prompt/skills/subculture-illustration-image-generator/scripts/validate_illustration_assets.py\", line 1280, in _require\n    raise ValidationFailure(message)\nvalidate_illustration_assets.ValidationFailure: current photo baseline candidate-pack bytes drift\n"}, {"id": "test_subculture_illustration_universal_scene_v3.UniversalSceneDataContractTests.test_existing_render_manifests_keep_historical_failure_labels", "traceback": "Traceback (most recent call last):\n  File \"/Users/chasoik/Projects/image-prompt/tests/test_subculture_illustration_universal_scene_v3.py\", line 1712, in test_existing_render_manifests_keep_historical_failure_labels\n    result = validate_all(str(ASSET_ROOT), verify_local_images=False)\n  File \"/Users/chasoik/Projects/image-prompt/skills/subculture-illustration-image-generator/scripts/validate_illustration_assets.py\", line 11486, in validate_all\n    photo_regression = validate_photo_regression_baseline(root)\n  File \"/Users/chasoik/Projects/image-prompt/skills/subculture-illustration-image-generator/scripts/validate_illustration_assets.py\", line 6408, in validate_photo_regression_baseline\n    _require(\n    ~~~~~~~~^\n        digest == baseline.get(\"sha256\"),\n        ^^^^^^^^^^^^^^^^^^^^^^^^^^^^^^^^^\n        \"current photo baseline candidate-pack bytes drift\",\n        ^^^^^^^^^^^^^^^^^^^^^^^^^^^^^^^^^^^^^^^^^^^^^^^^^^^^\n    )\n    ^\n  File \"/Users/chasoik/Projects/image-prompt/skills/subculture-illustration-image-generator/scripts/validate_illustration_assets.py\", line 1280, in _require\n    raise ValidationFailure(message)\nvalidate_illustration_assets.ValidationFailure: current photo baseline candidate-pack bytes drift\n"}, {"id": "test_subculture_illustration_universal_scene_v3.UniversalSceneRuntimeContractTests.test_v1_v2_exact_replay_and_photo_baseline_remain_immutable", "traceback": "Traceback (most recent call last):\n  File \"/Users/chasoik/Projects/image-prompt/tests/test_subculture_illustration_universal_scene_v3.py\", line 4697, in test_v1_v2_exact_replay_and_photo_baseline_remain_immutable\n    photo = validate_photo_regression_baseline(ASSET_ROOT)\n  File \"/Users/chasoik/Projects/image-prompt/skills/subculture-illustration-image-generator/scripts/validate_illustration_assets.py\", line 6408, in validate_photo_regression_baseline\n    _require(\n    ~~~~~~~~^\n        digest == baseline.get(\"sha256\"),\n        ^^^^^^^^^^^^^^^^^^^^^^^^^^^^^^^^^\n        \"current photo baseline candidate-pack bytes drift\",\n        ^^^^^^^^^^^^^^^^^^^^^^^^^^^^^^^^^^^^^^^^^^^^^^^^^^^^\n    )\n    ^\n  File \"/Users/chasoik/Projects/image-prompt/skills/subculture-illustration-image-generator/scripts/validate_illustration_assets.py\", line 1280, in _require\n    raise ValidationFailure(message)\nvalidate_illustration_assets.ValidationFailure: current photo baseline candidate-pack bytes drift\n"}], "skipped": [], "expected_failures": [], "unexpected_successes": [], "elapsed_seconds": 462.136}
