Discovered 904 tests in 123 modules; workers=6
1/123 test_photo_adult_appeal_scope.py: FAIL 1 tests in 0.001 s
2/123 test_makeup_layer_dictionary.py: PASS 3 tests in 0.081 s
3/123 test_photo_authorial_core.py: FAIL 1 tests in 0.001 s
4/123 test_photo_authorial_core_v6.py: FAIL 1 tests in 0.001 s
5/123 test_photo_authorial_direction_scope.py: FAIL 1 tests in 0.001 s
6/123 test_photo_authorship_policy.py: FAIL 1 tests in 0.001 s
7/123 test_photo_bm25f_retrieval.py: PASS 9 tests in 0.003 s
8/123 test_photo_action_context_effects_cleanup.py: PASS 8 tests in 0.392 s
9/123 test_photo_acting_expression_data.py: PASS 11 tests in 3.984 s
10/123 test_photo_bound_context_surfaces.py: FAIL 1 tests in 0.001 s
11/123 test_photo_boundary_transition_visual_semantics.py: PASS 9 tests in 1.697 s
12/123 test_photo_candidate_semantics.py: FAIL 1 tests in 0.002 s
13/123 test_photo_capture_boundary_data.py: PASS 4 tests in 0.273 s
14/123 test_photo_capture_elements_visual_semantics.py: PASS 8 tests in 1.202 s
15/123 test_photo_capture_owner_data_cleanup.py: PASS 8 tests in 0.34 s
16/123 test_photo_character_render_review.py: FAIL 1 tests in 0.001 s
17/123 test_photo_character_response_concepts.py: FAIL 1 tests in 0.001 s
18/123 test_photo_clothing_terminology_semantics.py: PASS 7 tests in 5.45 s
19/123 test_photo_color_relations.py: PASS 8 tests in 6.748 s
20/123 test_photo_composer_view.py: PASS 8 tests in 0.004 s
21/123 test_photo_concept_candidate_expansion.py: PASS 3 tests in 4.303 s
22/123 test_photo_contextual_appeal.py: PASS 24 tests in 0.079 s
23/123 test_photo_control_assignment_punctuation.py: FAIL 1 tests in 0.001 s
24/123 test_photo_control_span_ownership.py: FAIL 1 tests in 0.001 s
25/123 test_photo_core_retrieval.py: FAIL 1 tests in 0.001 s
26/123 test_photo_costume_cosplay_semantics.py: PASS 7 tests in 18.367 s
27/123 test_photo_current_boundary.py: FAIL 1 tests in 0.001 s
28/123 test_photo_data_cleanup_public_surfaces.py: FAIL 1 tests in 0.001 s
29/123 test_photo_body_morphology_semantics.py: PASS 9 tests in 45.413 s
30/123 test_photo_data_semantic_corrections.py: PASS 21 tests in 1.032 s
Traceback (most recent call last):
  File "/Users/chasoik/Projects/image-prompt/docs/research-evidence/photo-prompt/acting-expression-integration-20261003/run_full_suite.py", line 113, in <module>
    "tests_run": sum(record["tests_run"] for record in records),
                 ^^^^^^
  File "/Users/chasoik/Projects/image-prompt/docs/research-evidence/photo-prompt/acting-expression-integration-20261003/run_full_suite.py", line 81, in main
    pending = []

  File "/opt/homebrew/Cellar/python@3.14/3.14.3_1/Frameworks/Python.framework/Versions/3.14/lib/python3.14/concurrent/futures/_base.py", line 237, in as_completed
    waiter.event.wait(wait_timeout)
    ~~~~~~~~~~~~~~~~~^^^^^^^^^^^^^^
  File "/opt/homebrew/Cellar/python@3.14/3.14.3_1/Frameworks/Python.framework/Versions/3.14/lib/python3.14/threading.py", line 670, in wait
    signaled = self._cond.wait(timeout)
  File "/opt/homebrew/Cellar/python@3.14/3.14.3_1/Frameworks/Python.framework/Versions/3.14/lib/python3.14/threading.py", line 369, in wait
    waiter.acquire()
    ~~~~~~~~~~~~~~^^
KeyboardInterrupt
