Traceback (most recent call last):
  File "/Users/chasoik/Projects/image-prompt/docs/research-evidence/photo-prompt/harry-potter-integration-20261006/resume_full_suite.py", line 134, in <module>
    main()
    ~~~~^^
  File "/Users/chasoik/Projects/image-prompt/docs/research-evidence/photo-prompt/harry-potter-integration-20261006/resume_full_suite.py", line 102, in main
    sys.exit(worker(args.worker))
             ~~~~~~^^^^^^^^^^^^^
  File "/Users/chasoik/Projects/image-prompt/docs/research-evidence/photo-prompt/harry-potter-integration-20261006/resume_full_suite.py", line 35, in worker
    raise RuntimeError("Test discovery changed after the resume checkpoint")
RuntimeError: Test discovery changed after the resume checkpoint
Traceback (most recent call last):
  File "/Users/chasoik/Projects/image-prompt/docs/research-evidence/photo-prompt/harry-potter-integration-20261006/resume_full_suite.py", line 134, in <module>
    main()
    ~~~~^^
  File "/Users/chasoik/Projects/image-prompt/docs/research-evidence/photo-prompt/harry-potter-integration-20261006/resume_full_suite.py", line 102, in main
    sys.exit(worker(args.worker))
             ~~~~~~^^^^^^^^^^^^^
  File "/Users/chasoik/Projects/image-prompt/docs/research-evidence/photo-prompt/harry-potter-integration-20261006/resume_full_suite.py", line 35, in worker
    raise RuntimeError("Test discovery changed after the resume checkpoint")
RuntimeError: Test discovery changed after the resume checkpoint
Traceback (most recent call last):
  File "/Users/chasoik/Projects/image-prompt/docs/research-evidence/photo-prompt/harry-potter-integration-20261006/resume_full_suite.py", line 134, in <module>
    main()
    ~~~~^^
  File "/Users/chasoik/Projects/image-prompt/docs/research-evidence/photo-prompt/harry-potter-integration-20261006/resume_full_suite.py", line 102, in main
    sys.exit(worker(args.worker))
             ~~~~~~^^^^^^^^^^^^^
  File "/Users/chasoik/Projects/image-prompt/docs/research-evidence/photo-prompt/harry-potter-integration-20261006/resume_full_suite.py", line 35, in worker
    raise RuntimeError("Test discovery changed after the resume checkpoint")
RuntimeError: Test discovery changed after the resume checkpoint
Worker 0 ended with 1
Worker 1 ended with 1
Worker 2 ended with 1
Traceback (most recent call last):
  File "/Users/chasoik/Projects/image-prompt/docs/research-evidence/photo-prompt/harry-potter-integration-20261006/resume_full_suite.py", line 134, in <module>
    main()
    ~~~~^^
  File "/Users/chasoik/Projects/image-prompt/docs/research-evidence/photo-prompt/harry-potter-integration-20261006/resume_full_suite.py", line 116, in main
    result = json.loads((OUT / f"full-suite-part-{number}.json").read_text())
                        ~~~~~~~~~~~~~~~~~~~~~~~~~~~~~~~~~~~~~~~~~~~~~~~~~~^^
  File "/opt/homebrew/Cellar/python@3.14/3.14.3_1/Frameworks/Python.framework/Versions/3.14/lib/python3.14/pathlib/__init__.py", line 787, in read_text
    with self.open(mode='r', encoding=encoding, errors=errors, newline=newline) as f:
         ~~~~~~~~~^^^^^^^^^^^^^^^^^^^^^^^^^^^^^^^^^^^^^^^^^^^^^^^^^^^^^^^^^^^^^
  File "/opt/homebrew/Cellar/python@3.14/3.14.3_1/Frameworks/Python.framework/Versions/3.14/lib/python3.14/pathlib/__init__.py", line 771, in open
    return io.open(self, mode, buffering, encoding, errors, newline)
           ~~~~~~~^^^^^^^^^^^^^^^^^^^^^^^^^^^^^^^^^^^^^^^^^^^^^^^^^^
FileNotFoundError: [Errno 2] No such file or directory: '/Users/chasoik/Projects/image-prompt/docs/research-evidence/photo-prompt/harry-potter-integration-20261006/full-suite-part-0.json'
