test_ambiguous_nonvisual_and_broad_labels_create_no_hard_duties (tests.test_photo_soil_earth_relations.SoilEarthRelationTests.test_ambiguous_nonvisual_and_broad_labels_create_no_hard_duties) ... ok
test_complete_realization_and_negation (tests.test_photo_soil_earth_relations.SoilEarthRelationTests.test_complete_realization_and_negation) ... ok
test_existing_identity_and_effects_are_preserved (tests.test_photo_soil_earth_relations.SoilEarthRelationTests.test_existing_identity_and_effects_are_preserved) ... ok
test_material_carriers_preserve_body_and_wardrobe_locks (tests.test_photo_soil_earth_relations.SoilEarthRelationTests.test_material_carriers_preserve_body_and_wardrobe_locks) ... ok
test_microscopic_and_nonvisual_units_stay_context_only (tests.test_photo_soil_earth_relations.SoilEarthRelationTests.test_microscopic_and_nonvisual_units_stay_context_only) ... ok
test_natural_owner_phrases_enable_optional_discovery (tests.test_photo_soil_earth_relations.SoilEarthRelationTests.test_natural_owner_phrases_enable_optional_discovery) ... ok
test_survey_props_and_enclosed_interiors_are_not_default_duties (tests.test_photo_soil_earth_relations.SoilEarthRelationTests.test_survey_props_and_enclosed_interiors_are_not_default_duties) ... ok
test_anatomy_and_river_topology_keep_different_connections (tests.test_photo_water_relations.WaterRelationRegressionTests.test_anatomy_and_river_topology_keep_different_connections) ... ok
test_camera_property_and_equipment_owner_are_declared (tests.test_photo_water_relations.WaterRelationRegressionTests.test_camera_property_and_equipment_owner_are_declared) ... ok
test_complete_proposition_requires_all_components_for_hard_activation (tests.test_photo_water_relations.WaterRelationRegressionTests.test_complete_proposition_requires_all_components_for_hard_activation) ... ok
test_natural_component_paraphrases_enable_only_optional_discovery (tests.test_photo_water_relations.WaterRelationRegressionTests.test_natural_component_paraphrases_enable_only_optional_discovery) ... ok
test_nonportrait_subjects_keep_their_actual_category (tests.test_photo_water_relations.WaterRelationRegressionTests.test_nonportrait_subjects_keep_their_actual_category) ... ok
test_nonvisual_properties_never_become_exact_shape_aliases (tests.test_photo_water_relations.WaterRelationRegressionTests.test_nonvisual_properties_never_become_exact_shape_aliases) ... ok
test_wetness_cannot_imply_transparency_or_change_garment_layering (tests.test_photo_water_relations.WaterRelationRegressionTests.test_wetness_cannot_imply_transparency_or_change_garment_layering) ... ok
test_all_authored_bundles_compile_and_profile_links_remain_advisory (tests.test_photo_candidate_semantics.PhotoCandidateSemanticsTests.test_all_authored_bundles_compile_and_profile_links_remain_advisory) ... ok
test_canonical_street_link_and_storefront_label_keep_stable_ids (tests.test_photo_candidate_semantics.PhotoCandidateSemanticsTests.test_canonical_street_link_and_storefront_label_keep_stable_ids) ... ok
test_maintenance_prose_is_external_and_hash_bound (tests.test_photo_candidate_semantics.PhotoCandidateSemanticsTests.test_maintenance_prose_is_external_and_hash_bound) ... ok
test_missing_current_semantic_surface_is_rejected (tests.test_photo_candidate_semantics.PhotoCandidateSemanticsTests.test_missing_current_semantic_surface_is_rejected) ... ok
test_missing_member_ineligible_member_internal_conflict_or_locked_scope_hides_bundle (tests.test_photo_candidate_semantics.PhotoCandidateSemanticsTests.test_missing_member_ineligible_member_internal_conflict_or_locked_scope_hides_bundle) ... ok
test_multiword_relations_survive_v6_pack_overview_and_full_details (tests.test_photo_candidate_semantics.PhotoCandidateSemanticsTests.test_multiword_relations_survive_v6_pack_overview_and_full_details) ... ok
test_real_generator_builds_an_adoptable_bundle_with_full_view_and_audit (tests.test_photo_candidate_semantics.PhotoCandidateSemanticsTests.test_real_generator_builds_an_adoptable_bundle_with_full_view_and_audit) ... ok
test_required_extension_loss_fails_before_dictionary_use (tests.test_photo_candidate_semantics.PhotoCandidateSemanticsTests.test_required_extension_loss_fails_before_dictionary_use) ... ok
test_scope_ownership_preserves_distinct_locked_dimensions (tests.test_photo_candidate_semantics.PhotoCandidateSemanticsTests.test_scope_ownership_preserves_distinct_locked_dimensions) ... ok
test_selected_bundle_requires_every_component_and_relation_literal_evidence (tests.test_photo_candidate_semantics.PhotoCandidateSemanticsTests.test_selected_bundle_requires_every_component_and_relation_literal_evidence) ... ok
test_semantic_units_relations_and_canonical_links_reject_malformed_authored_data (tests.test_photo_candidate_semantics.PhotoCandidateSemanticsTests.test_semantic_units_relations_and_canonical_links_reject_malformed_authored_data) ... ok
test_source_contract_or_scope_tampering_fails_even_after_pack_hash_recompute (tests.test_photo_candidate_semantics.PhotoCandidateSemanticsTests.test_source_contract_or_scope_tampering_fails_even_after_pack_hash_recompute) ... ok
test_unknown_runtime_keys_and_missing_or_ambiguous_references_fail (tests.test_photo_candidate_semantics.PhotoCandidateSemanticsTests.test_unknown_runtime_keys_and_missing_or_ambiguous_references_fail) ... ok

----------------------------------------------------------------------
Ran 27 tests in 79.710s

OK
