test_ambiguous_nonvisual_and_broad_labels_create_no_hard_duties (tests.test_photo_soil_earth_relations.SoilEarthRelationTests.test_ambiguous_nonvisual_and_broad_labels_create_no_hard_duties) ... ok
test_complete_realization_and_negation (tests.test_photo_soil_earth_relations.SoilEarthRelationTests.test_complete_realization_and_negation) ... ok
test_existing_identity_and_effects_are_preserved (tests.test_photo_soil_earth_relations.SoilEarthRelationTests.test_existing_identity_and_effects_are_preserved) ... ok
test_material_carriers_preserve_body_and_wardrobe_locks (tests.test_photo_soil_earth_relations.SoilEarthRelationTests.test_material_carriers_preserve_body_and_wardrobe_locks) ... ok
test_microscopic_and_nonvisual_units_stay_context_only (tests.test_photo_soil_earth_relations.SoilEarthRelationTests.test_microscopic_and_nonvisual_units_stay_context_only) ... ok
test_natural_owner_phrases_enable_optional_discovery (tests.test_photo_soil_earth_relations.SoilEarthRelationTests.test_natural_owner_phrases_enable_optional_discovery) ... 
  test_natural_owner_phrases_enable_optional_discovery (tests.test_photo_soil_earth_relations.SoilEarthRelationTests.test_natural_owner_phrases_enable_optional_discovery) (profile='e036') ... FAIL
  test_natural_owner_phrases_enable_optional_discovery (tests.test_photo_soil_earth_relations.SoilEarthRelationTests.test_natural_owner_phrases_enable_optional_discovery) (profile='e086') ... FAIL
  test_natural_owner_phrases_enable_optional_discovery (tests.test_photo_soil_earth_relations.SoilEarthRelationTests.test_natural_owner_phrases_enable_optional_discovery) (profile='e088') ... FAIL
test_survey_props_and_enclosed_interiors_are_not_default_duties (tests.test_photo_soil_earth_relations.SoilEarthRelationTests.test_survey_props_and_enclosed_interiors_are_not_default_duties) ... ok

======================================================================
FAIL: test_natural_owner_phrases_enable_optional_discovery (tests.test_photo_soil_earth_relations.SoilEarthRelationTests.test_natural_owner_phrases_enable_optional_discovery) (profile='e036')
----------------------------------------------------------------------
Traceback (most recent call last):
  File "/Users/chasoik/Projects/image-prompt/tests/test_photo_soil_earth_relations.py", line 44, in test_natural_owner_phrases_enable_optional_discovery
    self.assertIsNotNone(pg.candidate_pack_visual_component_match(p,positive))
    ~~~~~~~~~~~~~~~~~~~~^^^^^^^^^^^^^^^^^^^^^^^^^^^^^^^^^^^^^^^^^^^^^^^^^^^^^^
AssertionError: unexpectedly None

======================================================================
FAIL: test_natural_owner_phrases_enable_optional_discovery (tests.test_photo_soil_earth_relations.SoilEarthRelationTests.test_natural_owner_phrases_enable_optional_discovery) (profile='e086')
----------------------------------------------------------------------
Traceback (most recent call last):
  File "/Users/chasoik/Projects/image-prompt/tests/test_photo_soil_earth_relations.py", line 44, in test_natural_owner_phrases_enable_optional_discovery
    self.assertIsNotNone(pg.candidate_pack_visual_component_match(p,positive))
    ~~~~~~~~~~~~~~~~~~~~^^^^^^^^^^^^^^^^^^^^^^^^^^^^^^^^^^^^^^^^^^^^^^^^^^^^^^
AssertionError: unexpectedly None

======================================================================
FAIL: test_natural_owner_phrases_enable_optional_discovery (tests.test_photo_soil_earth_relations.SoilEarthRelationTests.test_natural_owner_phrases_enable_optional_discovery) (profile='e088')
----------------------------------------------------------------------
Traceback (most recent call last):
  File "/Users/chasoik/Projects/image-prompt/tests/test_photo_soil_earth_relations.py", line 44, in test_natural_owner_phrases_enable_optional_discovery
    self.assertIsNotNone(pg.candidate_pack_visual_component_match(p,positive))
    ~~~~~~~~~~~~~~~~~~~~^^^^^^^^^^^^^^^^^^^^^^^^^^^^^^^^^^^^^^^^^^^^^^^^^^^^^^
AssertionError: unexpectedly None

----------------------------------------------------------------------
Ran 7 tests in 1.574s

FAILED (failures=3)
