Probed 50 /217
Probed 100 /217
Probed 150 /217
Probed 200 /217
{
  "source_rows": 217,
  "category_count": 22,
  "source_count": 19,
  "polarity_counts": {
    "긍정": 100,
    "설명": 97,
    "부정": 20
  },
  "slot_count": 112,
  "slot_entry_count": 10500,
  "semantic_document_count": 10536,
  "profile_count": 2290,
  "candidate_bundle_count": 1099,
  "manifest_source_counts": {
    "candidate": 58,
    "visual_profile": 40
  },
  "positive_candidate_phrase_presence_rows": 14,
  "positive_profile_phrase_presence_rows": 12,
  "positive_either_phrase_presence_rows": 17,
  "dictionary_hash": "c5fae96efaa9e05381a234f896a5fb18b072eaea6e6f6c37f76b2d5c916c4a27",
  "visual_registry_hash": "d2baaf1f6363ac1561676f1670842f6abee9c70045602a9c994cf281d4de9054",
  "query_embedding_calls": 0,
  "live_pack_calls": 0,
  "generation_calls": 0,
  "claim_limit": "Counts describe the current authored corpus and phrase presence; absent strings do not establish absent meaning."
}
