...........................................E.................................................................................................................F...............................................................................................................................................................................................
======================================================================
ERROR: test_maintenance_prose_is_external_and_hash_bound (test_photo_candidate_semantics.PhotoCandidateSemanticsTests.test_maintenance_prose_is_external_and_hash_bound)
----------------------------------------------------------------------
Traceback (most recent call last):
  File "/Users/chasoik/Projects/image-prompt/tests/test_photo_candidate_semantics.py", line 122, in test_maintenance_prose_is_external_and_hash_bound
    self.assertTrue(record["maintenance_only"])
                    ~~~~~~^^^^^^^^^^^^^^^^^^^^
KeyError: 'maintenance_only'

======================================================================
FAIL: test_complete_merged_state_and_twenty_one_keeps_remain_exact (test_photo_liminal_active_use_korean_data_cleanup.LiminalActiveUseKoreanDataCleanupTests.test_complete_merged_state_and_twenty_one_keeps_remain_exact)
----------------------------------------------------------------------
Traceback (most recent call last):
  File "/Users/chasoik/Projects/image-prompt/tests/test_photo_liminal_active_use_korean_data_cleanup.py", line 106, in test_complete_merged_state_and_twenty_one_keeps_remain_exact
    self.assertEqual(current_keys - set(original_rows), new_keys)
    ~~~~~~~~~~~~~~~~^^^^^^^^^^^^^^^^^^^^^^^^^^^^^^^^^^^^^^^^^^^^^
AssertionError: Items in the first set but not the second:
('garment_detail', 'unif_fabric_hood_coverall_face_opening')
('wearable_accessory', 'unif_helmet_connected_suit_neck')
('garment_detail', 'unif_plain_top_separate_trousers')
('wearable_accessory', 'unif_angular_czapka_top_brim')
('costume_style', 'unif_blue_coat_over_white_shirt')
('garment_detail', 'unif_robe_waist_join_pleats')
('garment_detail', 'unif_work_suit_narrow_shoulder_color')
('wearable_accessory', 'unif_tall_fur_headwear')
('garment_detail', 'unif_kesa_patchwork_outer_border')
('wearable_accessory', 'unif_lapel_chain_separate_inner_neck')
('garment_detail', 'unif_hood_belt_cape_layers')
('garment_detail', 'unif_loose_scrub_separates')
('garment_detail', 'unif_yellow_black_uniform_sections')
('garment_detail', 'unif_sleeveless_robe_over_inner_sleeves')
('costume_style', 'unif_domed_helmet_with_tunic')
('wearable_accessory', 'unif_neck_scarf_separate_hair_ornament')
('garment_detail', 'unif_utility_pockets_beside_closure')
('garment_detail', 'unif_contrasting_robe_sleeves')
('garment_detail', 'unif_separate_flared_trouser_hems')
('garment_detail', 'unif_grey_yoke_black_body_color_neck')
('costume_style', 'unif_green_coat_tan_shirt_taupe_trousers')
('garment_detail', 'unif_white_top_red_hakama_layers')
('garment_detail', 'unif_single_uniform_button_row')
('garment_detail', 'unif_full_trousers_gathered_cuffs')
('garment_detail', 'unif_fabric_flight_coverall_zips')
('garment_detail', 'unif_habit_hood_separate_waist_cord')
('garment_detail', 'unif_jacket_attached_false_vest')
('garment_detail', 'unif_norfolk_pleats_under_belt')
('garment_detail', 'unif_blue_frock_collar_cuffs')
('garment_detail', 'unif_continuous_coverall_front_closure')
('garment_detail', 'unif_white_collar_cuffs_black_dress')
('garment_detail', 'unif_chef_overlapping_double_front')
('costume_style', 'unif_red_coat_outer_leg_stripe')
('garment_detail', 'unif_sailor_lines_follow_collar')
('garment_detail', 'unif_shoulder_draped_empty_sleeve')
('wearable_accessory', 'unif_gown_separate_selected_cap')
('garment_detail', 'unif_breastplate_cloth_ruff_layers')
('garment_detail', 'unif_front_belt_rear_dress_zip')

----------------------------------------------------------------------
Ran 349 tests in 1533.962s

FAILED (failures=1, errors=1)
