[
  {
    "query": "마녀 빗자루 달빛 주문 수행",
    "baseline_missing": [],
    "accepted_missing": [],
    "same_top12_order": true
  },
  {
    "query": "트레저헌터 단서 지도 발견 직전",
    "baseline_missing": [],
    "accepted_missing": [],
    "same_top12_order": true
  },
  {
    "query": "도내 1등 초절정 미소녀 지역 평판 여러 사람 시선",
    "baseline_missing": [
      "slot:social_cue:multi_observer_recognition_cue"
    ],
    "accepted_missing": [
      "slot:social_cue:multi_observer_recognition_cue"
    ],
    "same_top12_order": true
  }
]
