setUpClass (tests.test_photo_appearance_boundary_history.AppearanceBoundaryHistoryTests) ... ERROR
test_all_six_archived_payloads_reject_bytes_mode_symlink_and_missing_file (tests.test_photo_appearance_boundary_history.AppearanceFixtureRecoveryTests.test_all_six_archived_payloads_reject_bytes_mode_symlink_and_missing_file) ... FAIL
test_historical_drift_cannot_use_an_untampered_live_successor (tests.test_photo_appearance_boundary_history.AppearanceFixtureRecoveryTests.test_historical_drift_cannot_use_an_untampered_live_successor) ... FAIL
test_live_drift_cannot_use_the_sealed_successor_recovery (tests.test_photo_appearance_boundary_history.AppearanceFixtureRecoveryTests.test_live_drift_cannot_use_the_sealed_successor_recovery) ... FAIL
test_recovery_requires_both_immutable_transition_manifests_and_proofs (tests.test_photo_appearance_boundary_history.AppearanceFixtureRecoveryTests.test_recovery_requires_both_immutable_transition_manifests_and_proofs) ... FAIL
test_sealed_v28_recovery_preserves_exact_v27_and_v26_payloads (tests.test_photo_appearance_boundary_history.AppearanceFixtureRecoveryTests.test_sealed_v28_recovery_preserves_exact_v27_and_v26_payloads) ... FAIL
test_v27_index_rollback_cannot_bypass_v28_live_source_binding (tests.test_photo_appearance_boundary_history.AppearanceFixtureRecoveryTests.test_v27_index_rollback_cannot_bypass_v28_live_source_binding) ... FAIL
test_v27_materialization_rejects_missing_or_rehashed_manifest_before_writing (tests.test_photo_appearance_boundary_history.AppearanceFixtureRecoveryTests.test_v27_materialization_rejects_missing_or_rehashed_manifest_before_writing) ... FAIL
test_all_previous_profiles_keep_meaning_activation_effects_and_native_gates (tests.test_photo_character_appearance_100.CharacterAppearance100Tests.test_all_previous_profiles_keep_meaning_activation_effects_and_native_gates) ... FAIL
test_complete_multilingual_relations_and_every_component_removal (tests.test_photo_character_appearance_100.CharacterAppearance100Tests.test_complete_multilingual_relations_and_every_component_removal) ... ok
test_current_cello_activation_matches_authenticated_v34_scope_guard (tests.test_photo_character_appearance_100.CharacterAppearance100Tests.test_current_cello_activation_matches_authenticated_v34_scope_guard) ... FAIL
test_each_research_case_links_to_real_runtime_owners (tests.test_photo_character_appearance_100.CharacterAppearance100Tests.test_each_research_case_links_to_real_runtime_owners) ... ok
test_effects_obey_the_actual_carrier_and_parent_locks (tests.test_photo_character_appearance_100.CharacterAppearance100Tests.test_effects_obey_the_actual_carrier_and_parent_locks) ... ok
test_embedding_and_semantic_paraphrases_are_advisory (tests.test_photo_character_appearance_100.CharacterAppearance100Tests.test_embedding_and_semantic_paraphrases_are_advisory) ... ok
test_exact_relations_require_declared_carrier_and_requester_selection (tests.test_photo_character_appearance_100.CharacterAppearance100Tests.test_exact_relations_require_declared_carrier_and_requester_selection) ... ok
test_existing_alternatives_remain_full_relations (tests.test_photo_character_appearance_100.CharacterAppearance100Tests.test_existing_alternatives_remain_full_relations) ... ok
test_existing_dictionary_hash_and_generated_indexes_are_valid (tests.test_photo_character_appearance_100.CharacterAppearance100Tests.test_existing_dictionary_hash_and_generated_indexes_are_valid) ... ERROR
test_names_neither_create_hard_relations_nor_enter_positive_prototypes (tests.test_photo_character_appearance_100.CharacterAppearance100Tests.test_names_neither_create_hard_relations_nor_enter_positive_prototypes) ... ok
test_neighbor_carriers_and_shapes_do_not_supply_the_selected_relation (tests.test_photo_character_appearance_100.CharacterAppearance100Tests.test_neighbor_carriers_and_shapes_do_not_supply_the_selected_relation) ... ok
test_new_relations_keep_native_all_of_observation_gates (tests.test_photo_character_appearance_100.CharacterAppearance100Tests.test_new_relations_keep_native_all_of_observation_gates) ... ok
test_unseen_or_separate_owners_do_not_get_reconstructed_from_biography (tests.test_photo_character_appearance_100.CharacterAppearance100Tests.test_unseen_or_separate_owners_do_not_get_reconstructed_from_biography) ... ok
setUpClass (tests.test_photo_ct073_back_band_data.CT073BackBandDataTests) ... ERROR
setUpClass (tests.test_photo_ct073_boundary_history.CT073BoundaryHistoryTests) ... ERROR
test_original_assertions_replay_without_revision (tests.test_photo_data_scope_boundary_history.OriginalBoundaryReplayTests.test_original_assertions_replay_without_revision) ... FAIL
test_original_v34_assertions_replay_without_revision (tests.test_photo_data_scope_v34_boundary_history.OriginalV34BoundaryReplayTests.test_original_v34_assertions_replay_without_revision) ... FAIL
test_all_bundles_are_optional_atomic_and_missing_member_is_not_exposable (tests.test_photo_ethereal_gothic_scene.EtherealGothicSceneTests.test_all_bundles_are_optional_atomic_and_missing_member_is_not_exposable) ... ok
test_bounded_surface_physical_botanical_and_light_owners_are_distinct (tests.test_photo_ethereal_gothic_scene.EtherealGothicSceneTests.test_bounded_surface_physical_botanical_and_light_owners_are_distinct) ... ok
test_broad_genre_hardware_material_and_context_negatives_do_not_harden (tests.test_photo_ethereal_gothic_scene.EtherealGothicSceneTests.test_broad_genre_hardware_material_and_context_negatives_do_not_harden) ... ok
test_cross_carrier_parent_property_locks_and_reference_hair_are_preserved (tests.test_photo_ethereal_gothic_scene.EtherealGothicSceneTests.test_cross_carrier_parent_property_locks_and_reference_hair_are_preserved) ... ok
test_embedding_only_paraphrase_is_optional_and_stale_registry_is_rejected (tests.test_photo_ethereal_gothic_scene.EtherealGothicSceneTests.test_embedding_only_paraphrase_is_optional_and_stale_registry_is_rejected) ... ok
test_every_selected_profile_keeps_complete_native_gates_and_missing_evidence_fails (tests.test_photo_ethereal_gothic_scene.EtherealGothicSceneTests.test_every_selected_profile_keeps_complete_native_gates_and_missing_evidence_fails) ... ok
test_existing_context_additions_do_not_rewrite_original_meaning_or_guards (tests.test_photo_ethereal_gothic_scene.EtherealGothicSceneTests.test_existing_context_additions_do_not_rewrite_original_meaning_or_guards) ... ERROR
test_grain_particles_haze_still_air_and_diffusion_are_separate (tests.test_photo_ethereal_gothic_scene.EtherealGothicSceneTests.test_grain_particles_haze_still_air_and_diffusion_are_separate) ... ok
test_narrow_bilingual_positives_negation_and_owner_context (tests.test_photo_ethereal_gothic_scene.EtherealGothicSceneTests.test_narrow_bilingual_positives_negation_and_owner_context) ... ok
test_no_forced_nape_fringe_emotion_lining_or_species_from_styles (tests.test_photo_ethereal_gothic_scene.EtherealGothicSceneTests.test_no_forced_nape_fringe_emotion_lining_or_species_from_styles) ... ok
test_palette_hues_remain_local_roles_without_inferred_material_or_skin (tests.test_photo_ethereal_gothic_scene.EtherealGothicSceneTests.test_palette_hues_remain_local_roles_without_inferred_material_or_skin) ... ok
test_real_generated_indexes_bind_new_sources_and_maintenance_is_not_search_text (tests.test_photo_ethereal_gothic_scene.EtherealGothicSceneTests.test_real_generated_indexes_bind_new_sources_and_maintenance_is_not_search_text) ... ok
setUpClass (tests.test_photo_horror_main_boundary_history.HorrorMainBoundaryHistoryTests) ... ERROR
test_bundle_selection_is_optional_and_does_not_activate_the_linked_profile (tests.test_photo_cute_visual_forms.CuteVisualFormsTests.test_bundle_selection_is_optional_and_does_not_activate_the_linked_profile) ... ok
test_contact_and_expression_effects_do_not_cross_partial_locks (tests.test_photo_cute_visual_forms.CuteVisualFormsTests.test_contact_and_expression_effects_do_not_cross_partial_locks) ... ok
test_cultural_and_unreviewed_labels_do_not_create_fixed_form_obligations (tests.test_photo_cute_visual_forms.CuteVisualFormsTests.test_cultural_and_unreviewed_labels_do_not_create_fixed_form_obligations) ... ok
test_deferred_original_finger_heart_is_not_silently_restored (tests.test_photo_cute_visual_forms.CuteVisualFormsTests.test_deferred_original_finger_heart_is_not_silently_restored) ... ok
test_each_narrow_form_is_human_scoped_and_every_component_is_a_native_gate (tests.test_photo_cute_visual_forms.CuteVisualFormsTests.test_each_narrow_form_is_human_scoped_and_every_component_is_a_native_gate) ... ok
test_equivalent_overlay_preserves_all_existing_meaning_effects_and_guards (tests.test_photo_cute_visual_forms.CuteVisualFormsTests.test_equivalent_overlay_preserves_all_existing_meaning_effects_and_guards) ... ERROR
test_maintenance_sources_and_deferred_names_stay_out_of_positive_search (tests.test_photo_cute_visual_forms.CuteVisualFormsTests.test_maintenance_sources_and_deferred_names_stay_out_of_positive_search) ... ok

======================================================================
ERROR: setUpClass (tests.test_photo_appearance_boundary_history.AppearanceBoundaryHistoryTests)
----------------------------------------------------------------------
Traceback (most recent call last):
  File "/Users/chasoik/.cache/image-prompt/character-hair-integration-20261008/baseline-before/tests/test_photo_appearance_boundary_history.py", line 18, in setUpClass
    cls.validator=fixtures.archived_v27_validator(cls.source_root)
                  ~~~~~~~~~~~~~~~~~~~~~~~~~~~~~~~^^^^^^^^^^^^^^^^^
  File "/Users/chasoik/.cache/image-prompt/character-hair-integration-20261008/baseline-before/tests/photo_prompt_fixtures.py", line 1656, in archived_v27_validator
    manifest = materialize_v27_parent_source(directory, source_root=source_root)
  File "/Users/chasoik/.cache/image-prompt/character-hair-integration-20261008/baseline-before/tests/photo_prompt_fixtures.py", line 1639, in materialize_v27_parent_source
    _v24_verified_payload(source_root, row)
    ~~~~~~~~~~~~~~~~~~~~~^^^^^^^^^^^^^^^^^^
  File "/Users/chasoik/.cache/image-prompt/character-hair-integration-20261008/baseline-before/tests/photo_prompt_fixtures.py", line 856, in _v24_verified_payload
    raise AssertionError(f'Frozen V24 historical source payload drift: {row["path"]}')
AssertionError: Frozen V24 historical source payload drift: skills/photo-prompt-image-generator/SKILL.md

======================================================================
ERROR: test_existing_dictionary_hash_and_generated_indexes_are_valid (tests.test_photo_character_appearance_100.CharacterAppearance100Tests.test_existing_dictionary_hash_and_generated_indexes_are_valid)
----------------------------------------------------------------------
Traceback (most recent call last):
  File "/Users/chasoik/.cache/image-prompt/character-hair-integration-20261008/baseline-before/tests/test_photo_character_appearance_100.py", line 237, in test_existing_dictionary_hash_and_generated_indexes_are_valid
    data=pg.load_runtime_data()
  File "/Users/chasoik/.cache/image-prompt/character-hair-integration-20261008/baseline-before/skills/photo-prompt-image-generator/scripts/prompt_generator.py", line 10181, in load_runtime_data
    inventory.validate()
    ~~~~~~~~~~~~~~~~~~^^
  File "/Users/chasoik/.cache/image-prompt/character-hair-integration-20261008/baseline-before/skills/photo-prompt-image-generator/scripts/photo_source_manifest.py", line 77, in validate
    raise ValueError(f"unregistered photo sources: {sorted(discovered - registered)}")
ValueError: unregistered photo sources: ['photo_prompt_character_hair_extension.json', 'photo_prompt_visual_obligations_character_hair.json']

======================================================================
ERROR: setUpClass (tests.test_photo_ct073_back_band_data.CT073BackBandDataTests)
----------------------------------------------------------------------
Traceback (most recent call last):
  File "/Users/chasoik/.cache/image-prompt/character-hair-integration-20261008/baseline-before/tests/test_photo_ct073_back_band_data.py", line 136, in setUpClass
    fixtures.materialize_v25_parent_source(root, source_root=ROOT)
    ~~~~~~~~~~~~~~~~~~~~~~~~~~~~~~~~~~~~~~^^^^^^^^^^^^^^^^^^^^^^^^
  File "/Users/chasoik/.cache/image-prompt/character-hair-integration-20261008/baseline-before/tests/photo_prompt_fixtures.py", line 1408, in materialize_v25_parent_source
    _v24_verified_payload(source_root, row)
    ~~~~~~~~~~~~~~~~~~~~~^^^^^^^^^^^^^^^^^^
  File "/Users/chasoik/.cache/image-prompt/character-hair-integration-20261008/baseline-before/tests/photo_prompt_fixtures.py", line 856, in _v24_verified_payload
    raise AssertionError(f'Frozen V24 historical source payload drift: {row["path"]}')
AssertionError: Frozen V24 historical source payload drift: skills/photo-prompt-image-generator/assets/photo_prompt_character_moe_extension.json

======================================================================
ERROR: setUpClass (tests.test_photo_ct073_boundary_history.CT073BoundaryHistoryTests)
----------------------------------------------------------------------
Traceback (most recent call last):
  File "/Users/chasoik/.cache/image-prompt/character-hair-integration-20261008/baseline-before/tests/test_photo_ct073_boundary_history.py", line 39, in setUpClass
    archived = fixtures.archived_v25_validator(root, source_root=ROOT)
  File "/Users/chasoik/.cache/image-prompt/character-hair-integration-20261008/baseline-before/tests/photo_prompt_fixtures.py", line 1425, in archived_v25_validator
    manifest = materialize_v25_parent_source(directory, source_root=source_root)
  File "/Users/chasoik/.cache/image-prompt/character-hair-integration-20261008/baseline-before/tests/photo_prompt_fixtures.py", line 1408, in materialize_v25_parent_source
    _v24_verified_payload(source_root, row)
    ~~~~~~~~~~~~~~~~~~~~~^^^^^^^^^^^^^^^^^^
  File "/Users/chasoik/.cache/image-prompt/character-hair-integration-20261008/baseline-before/tests/photo_prompt_fixtures.py", line 856, in _v24_verified_payload
    raise AssertionError(f'Frozen V24 historical source payload drift: {row["path"]}')
AssertionError: Frozen V24 historical source payload drift: skills/photo-prompt-image-generator/assets/photo_prompt_character_moe_extension.json

======================================================================
ERROR: test_existing_context_additions_do_not_rewrite_original_meaning_or_guards (tests.test_photo_ethereal_gothic_scene.EtherealGothicSceneTests.test_existing_context_additions_do_not_rewrite_original_meaning_or_guards)
----------------------------------------------------------------------
Traceback (most recent call last):
  File "/Users/chasoik/.cache/image-prompt/character-hair-integration-20261008/baseline-before/tests/test_photo_ethereal_gothic_scene.py", line 182, in test_existing_context_additions_do_not_rewrite_original_meaning_or_guards
    old=g.load_json(SKILL/'assets/photo_prompt_tags.json',inventory=inventory)
  File "/Users/chasoik/.cache/image-prompt/character-hair-integration-20261008/baseline-before/skills/photo-prompt-image-generator/scripts/prompt_generator.py", line 1271, in load_json
    data = merge_research_extension(data, extension)
  File "/Users/chasoik/.cache/image-prompt/character-hair-integration-20261008/baseline-before/skills/photo-prompt-image-generator/scripts/prompt_generator.py", line 726, in merge_research_extension
    photo_candidate_semantics.extend_slot_contexts(
    ~~~~~~~~~~~~~~~~~~~~~~~~~~~~~~~~~~~~~~~~~~~~~~^
        slots, extension.get("existing_slot_context_extensions"))
        ^^^^^^^^^^^^^^^^^^^^^^^^^^^^^^^^^^^^^^^^^^^^^^^^^^^^^^^^^
  File "/Users/chasoik/.cache/image-prompt/character-hair-integration-20261008/baseline-before/skills/photo-prompt-image-generator/scripts/photo_candidate_semantics.py", line 88, in extend_slot_contexts
    raise ValueError(f"context extension references unknown entry {slot}.{entry_id}")
ValueError: context extension references unknown entry texture.vg_faille_crossgrain_ribs

======================================================================
ERROR: setUpClass (tests.test_photo_horror_main_boundary_history.HorrorMainBoundaryHistoryTests)
----------------------------------------------------------------------
Traceback (most recent call last):
  File "/Users/chasoik/.cache/image-prompt/character-hair-integration-20261008/baseline-before/tests/test_photo_horror_main_boundary_history.py", line 207, in setUpClass
    cls.original_validator = fixtures.archived_v31_validator(cls.original_root)
                             ~~~~~~~~~~~~~~~~~~~~~~~~~~~~~~~^^^^^^^^^^^^^^^^^^^
  File "/Users/chasoik/.cache/image-prompt/character-hair-integration-20261008/baseline-before/tests/photo_prompt_fixtures.py", line 2212, in archived_v31_validator
    manifest = materialize_v31_parent_source(directory, source_root=source_root)
  File "/Users/chasoik/.cache/image-prompt/character-hair-integration-20261008/baseline-before/tests/photo_prompt_fixtures.py", line 2195, in materialize_v31_parent_source
    _v24_verified_payload(source_root, row)
    ~~~~~~~~~~~~~~~~~~~~~^^^^^^^^^^^^^^^^^^
  File "/Users/chasoik/.cache/image-prompt/character-hair-integration-20261008/baseline-before/tests/photo_prompt_fixtures.py", line 856, in _v24_verified_payload
    raise AssertionError(f'Frozen V24 historical source payload drift: {row["path"]}')
AssertionError: Frozen V24 historical source payload drift: skills/photo-prompt-image-generator/SKILL.md

======================================================================
ERROR: test_equivalent_overlay_preserves_all_existing_meaning_effects_and_guards (tests.test_photo_cute_visual_forms.CuteVisualFormsTests.test_equivalent_overlay_preserves_all_existing_meaning_effects_and_guards)
----------------------------------------------------------------------
Traceback (most recent call last):
  File "/Users/chasoik/.cache/image-prompt/character-hair-integration-20261008/baseline-before/tests/test_photo_cute_visual_forms.py", line 34, in test_equivalent_overlay_preserves_all_existing_meaning_effects_and_guards
    before=g.load_json(ASSETS/'photo_prompt_tags.json',inventory=inventory)
  File "/Users/chasoik/.cache/image-prompt/character-hair-integration-20261008/baseline-before/skills/photo-prompt-image-generator/scripts/prompt_generator.py", line 1271, in load_json
    data = merge_research_extension(data, extension)
  File "/Users/chasoik/.cache/image-prompt/character-hair-integration-20261008/baseline-before/skills/photo-prompt-image-generator/scripts/prompt_generator.py", line 726, in merge_research_extension
    photo_candidate_semantics.extend_slot_contexts(
    ~~~~~~~~~~~~~~~~~~~~~~~~~~~~~~~~~~~~~~~~~~~~~~^
        slots, extension.get("existing_slot_context_extensions"))
        ^^^^^^^^^^^^^^^^^^^^^^^^^^^^^^^^^^^^^^^^^^^^^^^^^^^^^^^^^
  File "/Users/chasoik/.cache/image-prompt/character-hair-integration-20261008/baseline-before/skills/photo-prompt-image-generator/scripts/photo_candidate_semantics.py", line 88, in extend_slot_contexts
    raise ValueError(f"context extension references unknown entry {slot}.{entry_id}")
ValueError: context extension references unknown entry texture.vg_faille_crossgrain_ribs

======================================================================
FAIL: test_all_six_archived_payloads_reject_bytes_mode_symlink_and_missing_file (tests.test_photo_appearance_boundary_history.AppearanceFixtureRecoveryTests.test_all_six_archived_payloads_reject_bytes_mode_symlink_and_missing_file)
----------------------------------------------------------------------
Traceback (most recent call last):
  File "/Users/chasoik/.cache/image-prompt/character-hair-integration-20261008/baseline-before/tests/test_photo_appearance_boundary_history.py", line 132, in setUp
    source = (fixtures.v29_source_path(str(name))
              ~~~~~~~~~~~~~~~~~~~~~~~~^^^^^^^^^^^
  File "/Users/chasoik/.cache/image-prompt/character-hair-integration-20261008/baseline-before/tests/photo_prompt_fixtures.py", line 1759, in v29_source_path
    current = (_v34_scope_support(source_root).previous_path(source_root, name)
               ~~~~~~~~~~~~~~~~~~~~~~~~~~~~~~~~~~~~~~~~~~~~~^^^^^^^^^^^^^^^^^^^
  File "/Users/chasoik/.cache/image-prompt/character-hair-integration-20261008/baseline-before/tests/photo_ethereal_history_v35.py", line 69, in previous_path
    if digest(current)!=proof['source_files_after'][name] or path.stat().st_mode&0o7777!=int(row['mode'][-3:],8):raise AssertionError('Frozen V35 retained live source payload or mode drift: '+name)
                                                                                                                 ^^^^^^^^^^^^^^^^^^^^^^^^^^^^^^^^^^^^^^^^^^^^^^^^^^^^^^^^^^^^^^^^^^^^^^^^^^^^^^^^^^^^
AssertionError: Frozen V35 retained live source payload or mode drift: skills/photo-prompt-image-generator/assets/photo_prompt_semantic_index.json

======================================================================
FAIL: test_historical_drift_cannot_use_an_untampered_live_successor (tests.test_photo_appearance_boundary_history.AppearanceFixtureRecoveryTests.test_historical_drift_cannot_use_an_untampered_live_successor)
----------------------------------------------------------------------
Traceback (most recent call last):
  File "/Users/chasoik/.cache/image-prompt/character-hair-integration-20261008/baseline-before/tests/test_photo_appearance_boundary_history.py", line 132, in setUp
    source = (fixtures.v29_source_path(str(name))
              ~~~~~~~~~~~~~~~~~~~~~~~~^^^^^^^^^^^
  File "/Users/chasoik/.cache/image-prompt/character-hair-integration-20261008/baseline-before/tests/photo_prompt_fixtures.py", line 1759, in v29_source_path
    current = (_v34_scope_support(source_root).previous_path(source_root, name)
               ~~~~~~~~~~~~~~~~~~~~~~~~~~~~~~~~~~~~~~~~~~~~~^^^^^^^^^^^^^^^^^^^
  File "/Users/chasoik/.cache/image-prompt/character-hair-integration-20261008/baseline-before/tests/photo_ethereal_history_v35.py", line 69, in previous_path
    if digest(current)!=proof['source_files_after'][name] or path.stat().st_mode&0o7777!=int(row['mode'][-3:],8):raise AssertionError('Frozen V35 retained live source payload or mode drift: '+name)
                                                                                                                 ^^^^^^^^^^^^^^^^^^^^^^^^^^^^^^^^^^^^^^^^^^^^^^^^^^^^^^^^^^^^^^^^^^^^^^^^^^^^^^^^^^^^
AssertionError: Frozen V35 retained live source payload or mode drift: skills/photo-prompt-image-generator/assets/photo_prompt_semantic_index.json

======================================================================
FAIL: test_live_drift_cannot_use_the_sealed_successor_recovery (tests.test_photo_appearance_boundary_history.AppearanceFixtureRecoveryTests.test_live_drift_cannot_use_the_sealed_successor_recovery)
----------------------------------------------------------------------
Traceback (most recent call last):
  File "/Users/chasoik/.cache/image-prompt/character-hair-integration-20261008/baseline-before/tests/test_photo_appearance_boundary_history.py", line 132, in setUp
    source = (fixtures.v29_source_path(str(name))
              ~~~~~~~~~~~~~~~~~~~~~~~~^^^^^^^^^^^
  File "/Users/chasoik/.cache/image-prompt/character-hair-integration-20261008/baseline-before/tests/photo_prompt_fixtures.py", line 1759, in v29_source_path
    current = (_v34_scope_support(source_root).previous_path(source_root, name)
               ~~~~~~~~~~~~~~~~~~~~~~~~~~~~~~~~~~~~~~~~~~~~~^^^^^^^^^^^^^^^^^^^
  File "/Users/chasoik/.cache/image-prompt/character-hair-integration-20261008/baseline-before/tests/photo_ethereal_history_v35.py", line 69, in previous_path
    if digest(current)!=proof['source_files_after'][name] or path.stat().st_mode&0o7777!=int(row['mode'][-3:],8):raise AssertionError('Frozen V35 retained live source payload or mode drift: '+name)
                                                                                                                 ^^^^^^^^^^^^^^^^^^^^^^^^^^^^^^^^^^^^^^^^^^^^^^^^^^^^^^^^^^^^^^^^^^^^^^^^^^^^^^^^^^^^
AssertionError: Frozen V35 retained live source payload or mode drift: skills/photo-prompt-image-generator/assets/photo_prompt_semantic_index.json

======================================================================
FAIL: test_recovery_requires_both_immutable_transition_manifests_and_proofs (tests.test_photo_appearance_boundary_history.AppearanceFixtureRecoveryTests.test_recovery_requires_both_immutable_transition_manifests_and_proofs)
----------------------------------------------------------------------
Traceback (most recent call last):
  File "/Users/chasoik/.cache/image-prompt/character-hair-integration-20261008/baseline-before/tests/test_photo_appearance_boundary_history.py", line 132, in setUp
    source = (fixtures.v29_source_path(str(name))
              ~~~~~~~~~~~~~~~~~~~~~~~~^^^^^^^^^^^
  File "/Users/chasoik/.cache/image-prompt/character-hair-integration-20261008/baseline-before/tests/photo_prompt_fixtures.py", line 1759, in v29_source_path
    current = (_v34_scope_support(source_root).previous_path(source_root, name)
               ~~~~~~~~~~~~~~~~~~~~~~~~~~~~~~~~~~~~~~~~~~~~~^^^^^^^^^^^^^^^^^^^
  File "/Users/chasoik/.cache/image-prompt/character-hair-integration-20261008/baseline-before/tests/photo_ethereal_history_v35.py", line 69, in previous_path
    if digest(current)!=proof['source_files_after'][name] or path.stat().st_mode&0o7777!=int(row['mode'][-3:],8):raise AssertionError('Frozen V35 retained live source payload or mode drift: '+name)
                                                                                                                 ^^^^^^^^^^^^^^^^^^^^^^^^^^^^^^^^^^^^^^^^^^^^^^^^^^^^^^^^^^^^^^^^^^^^^^^^^^^^^^^^^^^^
AssertionError: Frozen V35 retained live source payload or mode drift: skills/photo-prompt-image-generator/assets/photo_prompt_semantic_index.json

======================================================================
FAIL: test_sealed_v28_recovery_preserves_exact_v27_and_v26_payloads (tests.test_photo_appearance_boundary_history.AppearanceFixtureRecoveryTests.test_sealed_v28_recovery_preserves_exact_v27_and_v26_payloads)
----------------------------------------------------------------------
Traceback (most recent call last):
  File "/Users/chasoik/.cache/image-prompt/character-hair-integration-20261008/baseline-before/tests/test_photo_appearance_boundary_history.py", line 132, in setUp
    source = (fixtures.v29_source_path(str(name))
              ~~~~~~~~~~~~~~~~~~~~~~~~^^^^^^^^^^^
  File "/Users/chasoik/.cache/image-prompt/character-hair-integration-20261008/baseline-before/tests/photo_prompt_fixtures.py", line 1759, in v29_source_path
    current = (_v34_scope_support(source_root).previous_path(source_root, name)
               ~~~~~~~~~~~~~~~~~~~~~~~~~~~~~~~~~~~~~~~~~~~~~^^^^^^^^^^^^^^^^^^^
  File "/Users/chasoik/.cache/image-prompt/character-hair-integration-20261008/baseline-before/tests/photo_ethereal_history_v35.py", line 69, in previous_path
    if digest(current)!=proof['source_files_after'][name] or path.stat().st_mode&0o7777!=int(row['mode'][-3:],8):raise AssertionError('Frozen V35 retained live source payload or mode drift: '+name)
                                                                                                                 ^^^^^^^^^^^^^^^^^^^^^^^^^^^^^^^^^^^^^^^^^^^^^^^^^^^^^^^^^^^^^^^^^^^^^^^^^^^^^^^^^^^^
AssertionError: Frozen V35 retained live source payload or mode drift: skills/photo-prompt-image-generator/assets/photo_prompt_semantic_index.json

======================================================================
FAIL: test_v27_index_rollback_cannot_bypass_v28_live_source_binding (tests.test_photo_appearance_boundary_history.AppearanceFixtureRecoveryTests.test_v27_index_rollback_cannot_bypass_v28_live_source_binding)
----------------------------------------------------------------------
Traceback (most recent call last):
  File "/Users/chasoik/.cache/image-prompt/character-hair-integration-20261008/baseline-before/tests/test_photo_appearance_boundary_history.py", line 132, in setUp
    source = (fixtures.v29_source_path(str(name))
              ~~~~~~~~~~~~~~~~~~~~~~~~^^^^^^^^^^^
  File "/Users/chasoik/.cache/image-prompt/character-hair-integration-20261008/baseline-before/tests/photo_prompt_fixtures.py", line 1759, in v29_source_path
    current = (_v34_scope_support(source_root).previous_path(source_root, name)
               ~~~~~~~~~~~~~~~~~~~~~~~~~~~~~~~~~~~~~~~~~~~~~^^^^^^^^^^^^^^^^^^^
  File "/Users/chasoik/.cache/image-prompt/character-hair-integration-20261008/baseline-before/tests/photo_ethereal_history_v35.py", line 69, in previous_path
    if digest(current)!=proof['source_files_after'][name] or path.stat().st_mode&0o7777!=int(row['mode'][-3:],8):raise AssertionError('Frozen V35 retained live source payload or mode drift: '+name)
                                                                                                                 ^^^^^^^^^^^^^^^^^^^^^^^^^^^^^^^^^^^^^^^^^^^^^^^^^^^^^^^^^^^^^^^^^^^^^^^^^^^^^^^^^^^^
AssertionError: Frozen V35 retained live source payload or mode drift: skills/photo-prompt-image-generator/assets/photo_prompt_semantic_index.json

======================================================================
FAIL: test_v27_materialization_rejects_missing_or_rehashed_manifest_before_writing (tests.test_photo_appearance_boundary_history.AppearanceFixtureRecoveryTests.test_v27_materialization_rejects_missing_or_rehashed_manifest_before_writing)
----------------------------------------------------------------------
Traceback (most recent call last):
  File "/Users/chasoik/.cache/image-prompt/character-hair-integration-20261008/baseline-before/tests/test_photo_appearance_boundary_history.py", line 132, in setUp
    source = (fixtures.v29_source_path(str(name))
              ~~~~~~~~~~~~~~~~~~~~~~~~^^^^^^^^^^^
  File "/Users/chasoik/.cache/image-prompt/character-hair-integration-20261008/baseline-before/tests/photo_prompt_fixtures.py", line 1759, in v29_source_path
    current = (_v34_scope_support(source_root).previous_path(source_root, name)
               ~~~~~~~~~~~~~~~~~~~~~~~~~~~~~~~~~~~~~~~~~~~~~^^^^^^^^^^^^^^^^^^^
  File "/Users/chasoik/.cache/image-prompt/character-hair-integration-20261008/baseline-before/tests/photo_ethereal_history_v35.py", line 69, in previous_path
    if digest(current)!=proof['source_files_after'][name] or path.stat().st_mode&0o7777!=int(row['mode'][-3:],8):raise AssertionError('Frozen V35 retained live source payload or mode drift: '+name)
                                                                                                                 ^^^^^^^^^^^^^^^^^^^^^^^^^^^^^^^^^^^^^^^^^^^^^^^^^^^^^^^^^^^^^^^^^^^^^^^^^^^^^^^^^^^^
AssertionError: Frozen V35 retained live source payload or mode drift: skills/photo-prompt-image-generator/assets/photo_prompt_semantic_index.json

======================================================================
FAIL: test_all_previous_profiles_keep_meaning_activation_effects_and_native_gates (tests.test_photo_character_appearance_100.CharacterAppearance100Tests.test_all_previous_profiles_keep_meaning_activation_effects_and_native_gates)
----------------------------------------------------------------------
Traceback (most recent call last):
  File "/Users/chasoik/.cache/image-prompt/character-hair-integration-20261008/baseline-before/tests/test_photo_character_appearance_100.py", line 69, in test_all_previous_profiles_keep_meaning_activation_effects_and_native_gates
    original_cello_activation=self._authenticated_v34_cello_activation()
  File "/Users/chasoik/.cache/image-prompt/character-hair-integration-20261008/baseline-before/tests/test_photo_character_appearance_100.py", line 100, in _authenticated_v34_cello_activation
    original=json.loads(support.previous_payload(ROOT,name,(ROOT/name).read_bytes()))
                        ~~~~~~~~~~~~~~~~~~~~~~~~^^^^^^^^^^^^^^^^^^^^^^^^^^^^^^^^^^^^
  File "/Users/chasoik/.cache/image-prompt/character-hair-integration-20261008/baseline-before/tests/photo_ethereal_history_v35.py", line 75, in previous_payload
    def previous_payload(root,name,current):return previous_path(root,name,current).read_bytes() if context(root) else current
                                                   ~~~~~~~~~~~~~^^^^^^^^^^^^^^^^^^^
  File "/Users/chasoik/.cache/image-prompt/character-hair-integration-20261008/baseline-before/tests/photo_ethereal_history_v35.py", line 69, in previous_path
    if digest(current)!=proof['source_files_after'][name] or path.stat().st_mode&0o7777!=int(row['mode'][-3:],8):raise AssertionError('Frozen V35 retained live source payload or mode drift: '+name)
                                                                                                                 ^^^^^^^^^^^^^^^^^^^^^^^^^^^^^^^^^^^^^^^^^^^^^^^^^^^^^^^^^^^^^^^^^^^^^^^^^^^^^^^^^^^^
AssertionError: Frozen V35 retained live source payload or mode drift: skills/photo-prompt-image-generator/assets/photo_prompt_visual_obligations.json

======================================================================
FAIL: test_current_cello_activation_matches_authenticated_v34_scope_guard (tests.test_photo_character_appearance_100.CharacterAppearance100Tests.test_current_cello_activation_matches_authenticated_v34_scope_guard)
----------------------------------------------------------------------
Traceback (most recent call last):
  File "/Users/chasoik/.cache/image-prompt/character-hair-integration-20261008/baseline-before/tests/test_photo_character_appearance_100.py", line 105, in test_current_cello_activation_matches_authenticated_v34_scope_guard
    original=self._authenticated_v34_cello_activation()
  File "/Users/chasoik/.cache/image-prompt/character-hair-integration-20261008/baseline-before/tests/test_photo_character_appearance_100.py", line 100, in _authenticated_v34_cello_activation
    original=json.loads(support.previous_payload(ROOT,name,(ROOT/name).read_bytes()))
                        ~~~~~~~~~~~~~~~~~~~~~~~~^^^^^^^^^^^^^^^^^^^^^^^^^^^^^^^^^^^^
  File "/Users/chasoik/.cache/image-prompt/character-hair-integration-20261008/baseline-before/tests/photo_ethereal_history_v35.py", line 75, in previous_payload
    def previous_payload(root,name,current):return previous_path(root,name,current).read_bytes() if context(root) else current
                                                   ~~~~~~~~~~~~~^^^^^^^^^^^^^^^^^^^
  File "/Users/chasoik/.cache/image-prompt/character-hair-integration-20261008/baseline-before/tests/photo_ethereal_history_v35.py", line 69, in previous_path
    if digest(current)!=proof['source_files_after'][name] or path.stat().st_mode&0o7777!=int(row['mode'][-3:],8):raise AssertionError('Frozen V35 retained live source payload or mode drift: '+name)
                                                                                                                 ^^^^^^^^^^^^^^^^^^^^^^^^^^^^^^^^^^^^^^^^^^^^^^^^^^^^^^^^^^^^^^^^^^^^^^^^^^^^^^^^^^^^
AssertionError: Frozen V35 retained live source payload or mode drift: skills/photo-prompt-image-generator/assets/photo_prompt_visual_obligations.json

======================================================================
FAIL: test_original_assertions_replay_without_revision (tests.test_photo_data_scope_boundary_history.OriginalBoundaryReplayTests.test_original_assertions_replay_without_revision)
----------------------------------------------------------------------
Traceback (most recent call last):
  File "/Users/chasoik/.cache/image-prompt/character-hair-integration-20261008/baseline-before/tests/test_photo_data_scope_boundary_history.py", line 12, in test_original_assertions_replay_without_revision
    history.materialize_original(tree,source_root=ROOT,link_verified=True)
    ~~~~~~~~~~~~~~~~~~~~~~~~~~~~^^^^^^^^^^^^^^^^^^^^^^^^^^^^^^^^^^^^^^^^^^
  File "/Users/chasoik/.cache/image-prompt/character-hair-integration-20261008/baseline-before/tests/photo_ethereal_history_v35.py", line 92, in materialize_original
    for row in parent['members']:exact_payload(source_root,row)
                                 ~~~~~~~~~~~~~^^^^^^^^^^^^^^^^^
  File "/Users/chasoik/.cache/image-prompt/character-hair-integration-20261008/baseline-before/tests/photo_ethereal_history_v35.py", line 47, in exact_payload
    if path.stat().st_mode&0o7777!=int(row['mode'][-3:],8) or len(raw)!=row['bytes'] or digest(raw)!=row['sha256'] or blob!=row['git_blob']:raise AssertionError('Frozen V35 original source payload or mode drift: '+row['path'])
                                                                                                                                            ^^^^^^^^^^^^^^^^^^^^^^^^^^^^^^^^^^^^^^^^^^^^^^^^^^^^^^^^^^^^^^^^^^^^^^^^^^^^^^^^^^^^^^
AssertionError: Frozen V35 original source payload or mode drift: skills/photo-prompt-image-generator/SKILL.md

======================================================================
FAIL: test_original_v34_assertions_replay_without_revision (tests.test_photo_data_scope_v34_boundary_history.OriginalV34BoundaryReplayTests.test_original_v34_assertions_replay_without_revision)
----------------------------------------------------------------------
Traceback (most recent call last):
  File "/Users/chasoik/.cache/image-prompt/character-hair-integration-20261008/baseline-before/tests/test_photo_data_scope_v34_boundary_history.py", line 14, in test_original_v34_assertions_replay_without_revision
    history.materialize_original(tree,source_root=ROOT,link_verified=True)
    ~~~~~~~~~~~~~~~~~~~~~~~~~~~~^^^^^^^^^^^^^^^^^^^^^^^^^^^^^^^^^^^^^^^^^^
  File "/Users/chasoik/.cache/image-prompt/character-hair-integration-20261008/baseline-before/tests/photo_ethereal_history_v35.py", line 92, in materialize_original
    for row in parent['members']:exact_payload(source_root,row)
                                 ~~~~~~~~~~~~~^^^^^^^^^^^^^^^^^
  File "/Users/chasoik/.cache/image-prompt/character-hair-integration-20261008/baseline-before/tests/photo_ethereal_history_v35.py", line 47, in exact_payload
    if path.stat().st_mode&0o7777!=int(row['mode'][-3:],8) or len(raw)!=row['bytes'] or digest(raw)!=row['sha256'] or blob!=row['git_blob']:raise AssertionError('Frozen V35 original source payload or mode drift: '+row['path'])
                                                                                                                                            ^^^^^^^^^^^^^^^^^^^^^^^^^^^^^^^^^^^^^^^^^^^^^^^^^^^^^^^^^^^^^^^^^^^^^^^^^^^^^^^^^^^^^^
AssertionError: Frozen V35 original source payload or mode drift: skills/photo-prompt-image-generator/SKILL.md

----------------------------------------------------------------------
Ran 41 tests in 322.246s

FAILED (failures=11, errors=7)
