test_complete_merged_state_and_twenty_one_keeps_remain_exact (tests.test_photo_liminal_active_use_korean_data_cleanup.LiminalActiveUseKoreanDataCleanupTests.test_complete_merged_state_and_twenty_one_keeps_remain_exact) ... ERROR

======================================================================
ERROR: test_complete_merged_state_and_twenty_one_keeps_remain_exact (tests.test_photo_liminal_active_use_korean_data_cleanup.LiminalActiveUseKoreanDataCleanupTests.test_complete_merged_state_and_twenty_one_keeps_remain_exact)
----------------------------------------------------------------------
Traceback (most recent call last):
  File "/Users/chasoik/Projects/image-prompt/tests/test_photo_liminal_active_use_korean_data_cleanup.py", line 97, in test_complete_merged_state_and_twenty_one_keeps_remain_exact
    historical_current = common.g.load_json(ASSETS / 'photo_prompt_tags.json')
  File "/var/folders/4x/l_6vrtjj4rsbvgmq7t6tfgsh0000gn/T/photo-structure-20261006-9d4eo67n/before-replay/skills/photo-prompt-image-generator/scripts/prompt_generator.py", line 1337, in load_json
    data = merge_research_extension(data, extension)
  File "/var/folders/4x/l_6vrtjj4rsbvgmq7t6tfgsh0000gn/T/photo-structure-20261006-9d4eo67n/before-replay/skills/photo-prompt-image-generator/scripts/prompt_generator.py", line 799, in merge_research_extension
    photo_candidate_semantics.extend_slot_contexts(
    ~~~~~~~~~~~~~~~~~~~~~~~~~~~~~~~~~~~~~~~~~~~~~~^
        slots, extension.get("existing_slot_context_extensions"))
        ^^^^^^^^^^^^^^^^^^^^^^^^^^^^^^^^^^^^^^^^^^^^^^^^^^^^^^^^^
  File "/private/var/folders/4x/l_6vrtjj4rsbvgmq7t6tfgsh0000gn/T/photo-structure-20261006-9d4eo67n/before-replay/skills/photo-prompt-image-generator/scripts/photo_candidate_semantics.py", line 88, in extend_slot_contexts
    raise ValueError(f"context extension references unknown entry {slot}.{entry_id}")
ValueError: context extension references unknown entry hand_pose.pv_steepled_fingers

----------------------------------------------------------------------
Ran 1 test in 1.096s

FAILED (errors=1)
