test_registry_and_request_scoped_routing_fixture (tests.test_photo_visual_obligations.PhotoVisualObligationTests.test_registry_and_request_scoped_routing_fixture) ... 
  test_registry_and_request_scoped_routing_fixture (tests.test_photo_visual_obligations.PhotoVisualObligationTests.test_registry_and_request_scoped_routing_fixture) (fixture='routing-case.jsonl', case='positive_inner_thigh_en') ... FAIL

======================================================================
FAIL: test_registry_and_request_scoped_routing_fixture (tests.test_photo_visual_obligations.PhotoVisualObligationTests.test_registry_and_request_scoped_routing_fixture) (fixture='routing-case.jsonl', case='positive_inner_thigh_en')
----------------------------------------------------------------------
Traceback (most recent call last):
  File "/Users/chasoik/Projects/image-prompt/tests/test_photo_visual_obligations.py", line 127, in assert_routing_fixture
    self.assertEqual(
    ~~~~~~~~~~~~~~~~^
        sorted(concept_matches),
        ^^^^^^^^^^^^^^^^^^^^^^^^
        sorted(case["expected_candidate_profile_ids"]),
        ^^^^^^^^^^^^^^^^^^^^^^^^^^^^^^^^^^^^^^^^^^^^^^^
    )
    ^
AssertionError: Lists differ: ['mep_cover_copy_space', 'y2kr_space_graphic'] != []

First list contains 2 additional elements.
First extra element 0:
'mep_cover_copy_space'

- ['mep_cover_copy_space', 'y2kr_space_graphic']
+ []

----------------------------------------------------------------------
Ran 1 test in 7.824s

FAILED (failures=1)
