test_broad_slanga_genres_and_single_cues_remain_nonhard (tests.test_photo_suggestive_editorial_visual_semantics.PhotoSuggestiveEditorialVisualSemanticsTests.test_broad_slanga_genres_and_single_cues_remain_nonhard) ... ok
test_candidate_atoms_and_presets_are_reachable (tests.test_photo_suggestive_editorial_visual_semantics.PhotoSuggestiveEditorialVisualSemanticsTests.test_candidate_atoms_and_presets_are_reachable) ... ok
test_controlled_reveal_requires_target_causality_salience_and_necessity (tests.test_photo_suggestive_editorial_visual_semantics.PhotoSuggestiveEditorialVisualSemanticsTests.test_controlled_reveal_requires_target_causality_salience_and_necessity) ... ok
test_figure_coverage_requires_primary_nonredundant_carrier (tests.test_photo_suggestive_editorial_visual_semantics.PhotoSuggestiveEditorialVisualSemanticsTests.test_figure_coverage_requires_primary_nonredundant_carrier) ... ok
test_generated_indexes_include_new_profiles_and_candidates (tests.test_photo_suggestive_editorial_visual_semantics.PhotoSuggestiveEditorialVisualSemanticsTests.test_generated_indexes_include_new_profiles_and_candidates) ... ok
test_narrow_exact_terms_route_to_one_expected_profile (tests.test_photo_suggestive_editorial_visual_semantics.PhotoSuggestiveEditorialVisualSemanticsTests.test_narrow_exact_terms_route_to_one_expected_profile) ... ok
test_presets_remove_uncoupled_or_redundant_choices (tests.test_photo_suggestive_editorial_visual_semantics.PhotoSuggestiveEditorialVisualSemanticsTests.test_presets_remove_uncoupled_or_redundant_choices) ... ok
test_profiles_are_complete_definition_only_pixel_contracts (tests.test_photo_suggestive_editorial_visual_semantics.PhotoSuggestiveEditorialVisualSemanticsTests.test_profiles_are_complete_definition_only_pixel_contracts) ... ok
test_research_evidence_is_approved_and_candidate_bound (tests.test_photo_suggestive_editorial_visual_semantics.PhotoSuggestiveEditorialVisualSemanticsTests.test_research_evidence_is_approved_and_candidate_bound) ... ok
test_research_note_records_reference_and_evidence_boundaries (tests.test_photo_suggestive_editorial_visual_semantics.PhotoSuggestiveEditorialVisualSemanticsTests.test_research_note_records_reference_and_evidence_boundaries) ... ok
test_skill_fail_closes_uncovered_focal_meaning (tests.test_photo_suggestive_editorial_visual_semantics.PhotoSuggestiveEditorialVisualSemanticsTests.test_skill_fail_closes_uncovered_focal_meaning) ... 
  test_skill_fail_closes_uncovered_focal_meaning (tests.test_photo_suggestive_editorial_visual_semantics.PhotoSuggestiveEditorialVisualSemanticsTests.test_skill_fail_closes_uncovered_focal_meaning) (phrase='explicitly makes a perceptual effect focal') ... FAIL
  test_skill_fail_closes_uncovered_focal_meaning (tests.test_photo_suggestive_editorial_visual_semantics.PhotoSuggestiveEditorialVisualSemanticsTests.test_skill_fail_closes_uncovered_focal_meaning) (phrase='focal meaning is still uncovered') ... FAIL
  test_skill_fail_closes_uncovered_focal_meaning (tests.test_photo_suggestive_editorial_visual_semantics.PhotoSuggestiveEditorialVisualSemanticsTests.test_skill_fail_closes_uncovered_focal_meaning) (phrase='A broad label, an embedding hit, or an optional candidate is not coverage') ... FAIL
  test_skill_fail_closes_uncovered_focal_meaning (tests.test_photo_suggestive_editorial_visual_semantics.PhotoSuggestiveEditorialVisualSemanticsTests.test_skill_fail_closes_uncovered_focal_meaning) (phrase='Record this focal-coverage check separately from prompt, runtime, and pixel status') ... FAIL
test_three_arm_fixture_is_hash_bound_when_present (tests.test_photo_suggestive_editorial_visual_semantics.PhotoSuggestiveEditorialVisualSemanticsTests.test_three_arm_fixture_is_hash_bound_when_present) ... ok
test_broad_career_genre_and_nearby_visual_substitutes_do_not_harden (tests.test_photo_model_editorial_semantics.ModelEditorialTests.test_broad_career_genre_and_nearby_visual_substitutes_do_not_harden) ... ok
test_broad_catalog_is_not_a_paraphrase_of_garment_side_depth (tests.test_photo_model_editorial_semantics.ModelEditorialTests.test_broad_catalog_is_not_a_paraphrase_of_garment_side_depth) ... ok
test_bts_context_guards_do_not_leak_into_finished_portraits (tests.test_photo_model_editorial_semantics.ModelEditorialTests.test_bts_context_guards_do_not_leak_into_finished_portraits) ... ok
test_bundles_reject_missing_or_locked_members_and_never_promote_associated_profiles (tests.test_photo_model_editorial_semantics.ModelEditorialTests.test_bundles_reject_missing_or_locked_members_and_never_promote_associated_profiles) ... ok
test_full_owner_relation_only_and_negation (tests.test_photo_model_editorial_semantics.ModelEditorialTests.test_full_owner_relation_only_and_negation) ... ok
test_guarded_nonadult_context_does_not_gain_hard_human_profile (tests.test_photo_model_editorial_semantics.ModelEditorialTests.test_guarded_nonadult_context_does_not_gain_hard_human_profile) ... ok
test_real_indexes_cover_the_new_source (tests.test_photo_model_editorial_semantics.ModelEditorialTests.test_real_indexes_cover_the_new_source) ... ok
test_selected_contract_keeps_every_owner_component_and_rejects_duplicate_evidence (tests.test_photo_model_editorial_semantics.ModelEditorialTests.test_selected_contract_keeps_every_owner_component_and_rejects_duplicate_evidence) ... ok
test_series_layout_and_provenance_stay_outside_single_image_runtime (tests.test_photo_model_editorial_semantics.ModelEditorialTests.test_series_layout_and_provenance_stay_outside_single_image_runtime) ... ok
test_broad_labels_and_single_cues_remain_fail_closed (tests.test_photo_adult_appeal_visual_semantics.PhotoAdultAppealVisualSemanticsTests.test_broad_labels_and_single_cues_remain_fail_closed) ... ok
test_candidate_pack_contains_literal_non_intent_atoms (tests.test_photo_adult_appeal_visual_semantics.PhotoAdultAppealVisualSemanticsTests.test_candidate_pack_contains_literal_non_intent_atoms) ... ok
test_component_language_is_optional_not_hard (tests.test_photo_adult_appeal_visual_semantics.PhotoAdultAppealVisualSemanticsTests.test_component_language_is_optional_not_hard) ... ok
test_exact_composites_activate_only_their_profile (tests.test_photo_adult_appeal_visual_semantics.PhotoAdultAppealVisualSemanticsTests.test_exact_composites_activate_only_their_profile) ... ok
test_exact_profiles_materialize_their_pixel_gate_sets (tests.test_photo_adult_appeal_visual_semantics.PhotoAdultAppealVisualSemanticsTests.test_exact_profiles_materialize_their_pixel_gate_sets) ... ok
test_five_arm_cases_bind_packs_prompts_reference_and_render_evidence (tests.test_photo_adult_appeal_visual_semantics.PhotoAdultAppealVisualSemanticsTests.test_five_arm_cases_bind_packs_prompts_reference_and_render_evidence) ... ok
test_profiles_are_narrow_adult_component_contracts (tests.test_photo_adult_appeal_visual_semantics.PhotoAdultAppealVisualSemanticsTests.test_profiles_are_narrow_adult_component_contracts) ... ok
test_research_evidence_is_approved_and_candidate_bound (tests.test_photo_adult_appeal_visual_semantics.PhotoAdultAppealVisualSemanticsTests.test_research_evidence_is_approved_and_candidate_bound) ... ok
test_adult_woman_context_is_allowing_not_blocking (tests.test_photo_visual_profile_retrieval.PhotoVisualProfileRetrievalTests.test_adult_woman_context_is_allowing_not_blocking) ... ok
test_bm25f_and_embedding_fuse_without_promoting_to_hard (tests.test_photo_visual_profile_retrieval.PhotoVisualProfileRetrievalTests.test_bm25f_and_embedding_fuse_without_promoting_to_hard) ... ok
test_bm25f_only_paraphrase_is_optional_and_cannot_create_an_obligation (tests.test_photo_visual_profile_retrieval.PhotoVisualProfileRetrievalTests.test_bm25f_only_paraphrase_is_optional_and_cannot_create_an_obligation) ... ok
test_commercial_defense_glossary_honors_alignment_override_and_negation (tests.test_photo_visual_profile_retrieval.PhotoVisualProfileRetrievalTests.test_commercial_defense_glossary_honors_alignment_override_and_negation) ... ok
test_composition_relation_embedding_lane_remains_optional (tests.test_photo_visual_profile_retrieval.PhotoVisualProfileRetrievalTests.test_composition_relation_embedding_lane_remains_optional) ... ok
test_embedding_only_paraphrase_projects_optional_candidate_from_one_resolution (tests.test_photo_visual_profile_retrieval.PhotoVisualProfileRetrievalTests.test_embedding_only_paraphrase_projects_optional_candidate_from_one_resolution) ... ok
test_embedding_score_is_positive_context_proof_but_shared_negatives_still_win (tests.test_photo_visual_profile_retrieval.PhotoVisualProfileRetrievalTests.test_embedding_score_is_positive_context_proof_but_shared_negatives_still_win) ... ok
test_exact_hit_stays_hard_while_negation_and_user_definition_cannot_resurrect (tests.test_photo_visual_profile_retrieval.PhotoVisualProfileRetrievalTests.test_exact_hit_stays_hard_while_negation_and_user_definition_cannot_resurrect) ... ok
test_index_is_registry_bound_and_separates_exact_from_semantic_text (tests.test_photo_visual_profile_retrieval.PhotoVisualProfileRetrievalTests.test_index_is_registry_bound_and_separates_exact_from_semantic_text) ... ok
test_new_profile_embedding_paraphrases_remain_optional_only (tests.test_photo_visual_profile_retrieval.PhotoVisualProfileRetrievalTests.test_new_profile_embedding_paraphrases_remain_optional_only) ... ok
test_relation_profile_requires_component_evidence_for_semantic_discovery (tests.test_photo_visual_profile_retrieval.PhotoVisualProfileRetrievalTests.test_relation_profile_requires_component_evidence_for_semantic_discovery) ... ok
test_role_and_garment_exact_terms_require_their_visual_context (tests.test_photo_visual_profile_retrieval.PhotoVisualProfileRetrievalTests.test_role_and_garment_exact_terms_require_their_visual_context) ... ok
test_sensitive_contained_affect_term_requires_visual_character_context (tests.test_photo_visual_profile_retrieval.PhotoVisualProfileRetrievalTests.test_sensitive_contained_affect_term_requires_visual_character_context) ... ok
test_composed_prompt_must_bind_every_distinct_visual_duty (tests.test_photo_visual_obligations.PhotoVisualObligationTests.test_composed_prompt_must_bind_every_distinct_visual_duty) ... ok
test_composition_candidates_have_semantic_text_and_confusion_conflicts (tests.test_photo_visual_obligations.PhotoVisualObligationTests.test_composition_candidates_have_semantic_text_and_confusion_conflicts) ... ok
test_composition_relation_false_substitutes_do_not_hard_activate (tests.test_photo_visual_obligations.PhotoVisualObligationTests.test_composition_relation_false_substitutes_do_not_hard_activate) ... ok
test_composition_relation_profiles_are_complete_and_exact_terms_route_hard (tests.test_photo_visual_obligations.PhotoVisualObligationTests.test_composition_relation_profiles_are_complete_and_exact_terms_route_hard) ... ok
test_contained_affect_profile_uses_components_and_blocks_labels_at_runtime (tests.test_photo_visual_obligations.PhotoVisualObligationTests.test_contained_affect_profile_uses_components_and_blocks_labels_at_runtime) ... ok
test_frozen_visual_concept_routing_holdout (tests.test_photo_visual_obligations.PhotoVisualObligationTests.test_frozen_visual_concept_routing_holdout) ... ok
test_general_profile_adult_eligibility_must_be_an_explicit_boolean (tests.test_photo_visual_obligations.PhotoVisualObligationTests.test_general_profile_adult_eligibility_must_be_an_explicit_boolean) ... ok
test_general_visual_profiles_route_without_adult_character_context (tests.test_photo_visual_obligations.PhotoVisualObligationTests.test_general_visual_profiles_route_without_adult_character_context) ... ok
test_generic_face_cues_do_not_hard_activate_yandere_relation (tests.test_photo_visual_obligations.PhotoVisualObligationTests.test_generic_face_cues_do_not_hard_activate_yandere_relation) ... ok
test_glitch_and_reality_error_require_prompt_independent_authored_legibility (tests.test_photo_visual_obligations.PhotoVisualObligationTests.test_glitch_and_reality_error_require_prompt_independent_authored_legibility) ... ok
test_indirect_components_surface_optional_candidate_and_selection_promotes_gates (tests.test_photo_visual_obligations.PhotoVisualObligationTests.test_indirect_components_surface_optional_candidate_and_selection_promotes_gates) ... ok
test_kuudere_profile_requires_stable_composure_and_same_target_care (tests.test_photo_visual_obligations.PhotoVisualObligationTests.test_kuudere_profile_requires_stable_composure_and_same_target_care) ... ok
test_mamang_keeps_existing_nurturant_contract_without_new_profile (tests.test_photo_visual_obligations.PhotoVisualObligationTests.test_mamang_keeps_existing_nurturant_contract_without_new_profile) ... ok
test_named_challenge_materializes_prompt_and_render_obligations (tests.test_photo_visual_obligations.PhotoVisualObligationTests.test_named_challenge_materializes_prompt_and_render_obligations) ... ok
test_prepack_visual_intent_is_hash_bound_and_source_grounded (tests.test_photo_visual_obligations.PhotoVisualObligationTests.test_prepack_visual_intent_is_hash_bound_and_source_grounded) ... FAIL
test_project_glossary_absolute_territory_expands_to_thigh_geometry (tests.test_photo_visual_obligations.PhotoVisualObligationTests.test_project_glossary_absolute_territory_expands_to_thigh_geometry) ... ok
test_project_glossary_alias_cannot_own_multiple_profiles (tests.test_photo_visual_obligations.PhotoVisualObligationTests.test_project_glossary_alias_cannot_own_multiple_profiles) ... ok
test_registry_and_request_scoped_routing_fixture (tests.test_photo_visual_obligations.PhotoVisualObligationTests.test_registry_and_request_scoped_routing_fixture) ... 
  test_registry_and_request_scoped_routing_fixture (tests.test_photo_visual_obligations.PhotoVisualObligationTests.test_registry_and_request_scoped_routing_fixture) (fixture='visual_obligation_routing_v1.jsonl', case='positive_inner_thigh_en') ... FAIL
  test_registry_and_request_scoped_routing_fixture (tests.test_photo_visual_obligations.PhotoVisualObligationTests.test_registry_and_request_scoped_routing_fixture) (fixture='visual_obligation_routing_v1.jsonl', case='candidate_contained_affect_components') ... FAIL
  test_registry_and_request_scoped_routing_fixture (tests.test_photo_visual_obligations.PhotoVisualObligationTests.test_registry_and_request_scoped_routing_fixture) (fixture='visual_obligation_routing_v1.jsonl', case='positive_yandere_en') ... FAIL
  test_registry_and_request_scoped_routing_fixture (tests.test_photo_visual_obligations.PhotoVisualObligationTests.test_registry_and_request_scoped_routing_fixture) (fixture='visual_obligation_routing_v1.jsonl', case='positive_yandere_ko') ... FAIL
  test_registry_and_request_scoped_routing_fixture (tests.test_photo_visual_obligations.PhotoVisualObligationTests.test_registry_and_request_scoped_routing_fixture) (fixture='visual_obligation_routing_v1.jsonl', case='candidate_yandere_relation_components') ... FAIL
  test_registry_and_request_scoped_routing_fixture (tests.test_photo_visual_obligations.PhotoVisualObligationTests.test_registry_and_request_scoped_routing_fixture) (fixture='visual_obligation_routing_v1.jsonl', case='negative_yandere_expression_only') ... FAIL
  test_registry_and_request_scoped_routing_fixture (tests.test_photo_visual_obligations.PhotoVisualObligationTests.test_registry_and_request_scoped_routing_fixture) (fixture='visual_obligation_routing_v1.jsonl', case='negative_yandere_role_prop_only') ... FAIL
  test_registry_and_request_scoped_routing_fixture (tests.test_photo_visual_obligations.PhotoVisualObligationTests.test_registry_and_request_scoped_routing_fixture) (fixture='visual_obligation_routing_v1.jsonl', case='candidate_kuudere_relation_components') ... FAIL
Traceback (most recent call last):
  File "<frozen runpy>", line 198, in _run_module_as_main
  File "<frozen runpy>", line 88, in _run_code
  File "/opt/homebrew/Cellar/python@3.14/3.14.3_1/Frameworks/Python.framework/Versions/3.14/lib/python3.14/unittest/__main__.py", line 18, in <module>
    main(module=None)
    ~~~~^^^^^^^^^^^^^
  File "/opt/homebrew/Cellar/python@3.14/3.14.3_1/Frameworks/Python.framework/Versions/3.14/lib/python3.14/unittest/main.py", line 104, in __init__
    self.runTests()
    ~~~~~~~~~~~~~^^
  File "/opt/homebrew/Cellar/python@3.14/3.14.3_1/Frameworks/Python.framework/Versions/3.14/lib/python3.14/unittest/main.py", line 270, in runTests
    self.result = testRunner.run(self.test)
                  ~~~~~~~~~~~~~~^^^^^^^^^^^
  File "/opt/homebrew/Cellar/python@3.14/3.14.3_1/Frameworks/Python.framework/Versions/3.14/lib/python3.14/unittest/runner.py", line 257, in run
    test(result)
    ~~~~^^^^^^^^
  File "/opt/homebrew/Cellar/python@3.14/3.14.3_1/Frameworks/Python.framework/Versions/3.14/lib/python3.14/unittest/suite.py", line 84, in __call__
    return self.run(*args, **kwds)
           ~~~~~~~~^^^^^^^^^^^^^^^
  File "/opt/homebrew/Cellar/python@3.14/3.14.3_1/Frameworks/Python.framework/Versions/3.14/lib/python3.14/unittest/suite.py", line 122, in run
    test(result)
    ~~~~^^^^^^^^
  File "/opt/homebrew/Cellar/python@3.14/3.14.3_1/Frameworks/Python.framework/Versions/3.14/lib/python3.14/unittest/suite.py", line 84, in __call__
    return self.run(*args, **kwds)
           ~~~~~~~~^^^^^^^^^^^^^^^
  File "/opt/homebrew/Cellar/python@3.14/3.14.3_1/Frameworks/Python.framework/Versions/3.14/lib/python3.14/unittest/suite.py", line 122, in run
    test(result)
    ~~~~^^^^^^^^
  File "/opt/homebrew/Cellar/python@3.14/3.14.3_1/Frameworks/Python.framework/Versions/3.14/lib/python3.14/unittest/suite.py", line 84, in __call__
    return self.run(*args, **kwds)
           ~~~~~~~~^^^^^^^^^^^^^^^
  File "/opt/homebrew/Cellar/python@3.14/3.14.3_1/Frameworks/Python.framework/Versions/3.14/lib/python3.14/unittest/suite.py", line 122, in run
    test(result)
    ~~~~^^^^^^^^
  File "/opt/homebrew/Cellar/python@3.14/3.14.3_1/Frameworks/Python.framework/Versions/3.14/lib/python3.14/unittest/case.py", line 725, in __call__
    return self.run(*args, **kwds)
           ~~~~~~~~^^^^^^^^^^^^^^^
  File "/opt/homebrew/Cellar/python@3.14/3.14.3_1/Frameworks/Python.framework/Versions/3.14/lib/python3.14/unittest/case.py", line 669, in run
    self._callTestMethod(testMethod)
    ~~~~~~~~~~~~~~~~~~~~^^^^^^^^^^^^
  File "/opt/homebrew/Cellar/python@3.14/3.14.3_1/Frameworks/Python.framework/Versions/3.14/lib/python3.14/unittest/case.py", line 615, in _callTestMethod
    result = method()
  File "/Users/chasoik/Projects/image-prompt/tests/test_photo_visual_obligations.py", line 193, in test_registry_and_request_scoped_routing_fixture
    self.assert_routing_fixture(ROUTING_FIXTURE_PATH)
    ~~~~~~~~~~~~~~~~~~~~~~~~~~~^^^^^^^^^^^^^^^^^^^^^^
  File "/Users/chasoik/Projects/image-prompt/tests/test_photo_visual_obligations.py", line 155, in assert_routing_fixture
    concepts = prompt_generator.candidate_pack_visual_concept_candidates(
        data,
    ...<3 lines>...
        materialized,
    )
  File "/Users/chasoik/Projects/image-prompt/skills/photo-prompt-image-generator/scripts/prompt_generator.py", line 13121, in candidate_pack_visual_concept_candidates
    matches = candidate_pack_auto_visual_concept_matches(registry, source_rows)
  File "/Users/chasoik/Projects/image-prompt/skills/photo-prompt-image-generator/scripts/prompt_generator.py", line 12668, in candidate_pack_auto_visual_concept_matches
    resolution = resolve_visual_profile_hits(registry, source_rows, adult_context=True)
  File "/Users/chasoik/Projects/image-prompt/skills/photo-prompt-image-generator/scripts/prompt_generator.py", line 11044, in resolve_visual_profile_hits
    index = visual_profile_index or build_visual_profile_index_payload(registry)
                                    ~~~~~~~~~~~~~~~~~~~~~~~~~~~~~~~~~~^^^^^^^^^^
  File "/Users/chasoik/Projects/image-prompt/skills/photo-prompt-image-generator/scripts/prompt_generator.py", line 2695, in build_visual_profile_index_payload
    "bm25f": build_visual_profile_bm25f_payload(registry),
             ~~~~~~~~~~~~~~~~~~~~~~~~~~~~~~~~~~^^^^^^^^^^
  File "/Users/chasoik/Projects/image-prompt/skills/photo-prompt-image-generator/scripts/prompt_generator.py", line 2651, in build_visual_profile_bm25f_payload
    payload = build_bm25f_index(
        visual_profile_bm25f_documents(registry),
        policy=VISUAL_PROFILE_BM25F_POLICY,
        lexicon=visual_profile_bm25f_lexicon(registry),
    )
  File "/Users/chasoik/Projects/image-prompt/skills/photo-prompt-image-generator/scripts/bm25f_retrieval.py", line 268, in build_bm25f_index
    document_terms.update(frequencies)
    ~~~~~~~~~~~~~~~~~~~~~^^^^^^^^^^^^^
KeyboardInterrupt
