test_absent_activity_allows_traces_without_changing_scope_or_guards (tests.test_photo_liminal_active_use_korean_data_cleanup.LiminalActiveUseKoreanDataCleanupTests.test_absent_activity_allows_traces_without_changing_scope_or_guards) ... ok
test_acceptance_binds_gains_costs_and_immutable_recovery_history (tests.test_photo_liminal_active_use_korean_data_cleanup.LiminalActiveUseKoreanDataCleanupTests.test_acceptance_binds_gains_costs_and_immutable_recovery_history) ... ok
test_archived_korean_catalog_changes_one_line_and_current_text_preserves_it (tests.test_photo_liminal_active_use_korean_data_cleanup.LiminalActiveUseKoreanDataCleanupTests.test_archived_korean_catalog_changes_one_line_and_current_text_preserves_it) ... ok
test_complete_merged_state_and_twenty_one_keeps_remain_exact (tests.test_photo_liminal_active_use_korean_data_cleanup.LiminalActiveUseKoreanDataCleanupTests.test_complete_merged_state_and_twenty_one_keeps_remain_exact) ... ok
test_complete_raw_source_changes_only_ko_and_predeclared_reference (tests.test_photo_liminal_active_use_korean_data_cleanup.LiminalActiveUseKoreanDataCleanupTests.test_complete_raw_source_changes_only_ko_and_predeclared_reference) ... ok
test_frozen_source_inventory_queries_and_bounded_workload (tests.test_photo_liminal_active_use_korean_data_cleanup.LiminalActiveUseKoreanDataCleanupTests.test_frozen_source_inventory_queries_and_bounded_workload) ... ok
test_historical_provenance_is_preserved_and_current_source_is_bound (tests.test_photo_liminal_active_use_korean_data_cleanup.LiminalActiveUseKoreanDataCleanupTests.test_historical_provenance_is_preserved_and_current_source_is_bound) ... ok
test_historical_v6_preservation_and_current_candidate_projection (tests.test_photo_liminal_active_use_korean_data_cleanup.LiminalActiveUseKoreanDataCleanupTests.test_historical_v6_preservation_and_current_candidate_projection) ... ok
test_independent_queries_and_same_slot_controls_stay_exact (tests.test_photo_liminal_active_use_korean_data_cleanup.LiminalActiveUseKoreanDataCleanupTests.test_independent_queries_and_same_slot_controls_stay_exact) ... ok
test_after_sunset_blue_hour_is_dusk_not_dawn (tests.test_photo_scene_data_cleanup.SceneContextCleanupTests.test_after_sunset_blue_hour_is_dusk_not_dawn) ... ok
test_depth_and_occlusion_relations_remain (tests.test_photo_scene_data_cleanup.SceneContextCleanupTests.test_depth_and_occlusion_relations_remain) ... ok
test_empty_surroundings_do_not_require_or_forbid_a_primary_person (tests.test_photo_scene_data_cleanup.SceneContextCleanupTests.test_empty_surroundings_do_not_require_or_forbid_a_primary_person) ... ok
test_event_phase_does_not_fabricate_clock_time (tests.test_photo_scene_data_cleanup.SceneContextCleanupTests.test_event_phase_does_not_fabricate_clock_time) ... ok
test_storm_caption_retains_weather_and_existing_context_guard (tests.test_photo_scene_data_cleanup.SceneContextCleanupTests.test_storm_caption_retains_weather_and_existing_context_guard) ... ok
test_floral_room_indexes_positive_room_evidence (tests.test_photo_scene_data_cleanup.SceneLocationCleanupTests.test_floral_room_indexes_positive_room_evidence) ... ok
test_physical_location_captions_keep_authored_specialized_associations (tests.test_photo_scene_data_cleanup.SceneLocationCleanupTests.test_physical_location_captions_keep_authored_specialized_associations) ... ok
test_switchboard_keeps_real_connections_and_half_plugged_state (tests.test_photo_scene_data_cleanup.SceneLocationCleanupTests.test_switchboard_keeps_real_connections_and_half_plugged_state) ... ok
test_welding_korean_fields_preserve_sparks_without_human_guard (tests.test_photo_scene_data_cleanup.SceneLocationCleanupTests.test_welding_korean_fields_preserve_sparks_without_human_guard) ... ok
test_frozen_inventory_and_queries_remain_bound (tests.test_photo_scene_data_cleanup.ScenePreservationTests.test_frozen_inventory_and_queries_remain_bound) ... ok
test_prior_twenty_three_edited_rows_are_byte_semantically_preserved (tests.test_photo_scene_data_cleanup.ScenePreservationTests.test_prior_twenty_three_edited_rows_are_byte_semantically_preserved) ... ok
test_cafe_and_laundry_owner_state_relations_remain (tests.test_photo_scene_data_cleanup.ScenePropCleanupTests.test_cafe_and_laundry_owner_state_relations_remain) ... ok
test_coffee_gesture_is_preserved_in_both_languages (tests.test_photo_scene_data_cleanup.ScenePropCleanupTests.test_coffee_gesture_is_preserved_in_both_languages) ... ok
test_diary_preserves_blank_or_marked_alternatives (tests.test_photo_scene_data_cleanup.ScenePropCleanupTests.test_diary_preserves_blank_or_marked_alternatives) ... ok
test_genealogy_records_content_not_proof_of_subject_identity (tests.test_photo_scene_data_cleanup.ScenePropCleanupTests.test_genealogy_records_content_not_proof_of_subject_identity) ... ok
test_shared_umbrella_keeps_two_people_and_transparency (tests.test_photo_scene_data_cleanup.ScenePropCleanupTests.test_shared_umbrella_keeps_two_people_and_transparency) ... ok
test_aggregate_validator_does_not_hide_partial_pixel_qualification (tests.test_subculture_illustration_contract_v1.SubcultureIllustrationContractV1Tests.test_aggregate_validator_does_not_hide_partial_pixel_qualification) ... ok
test_all_24_frozen_requests_resolve_exact_route_variant_and_sparse_edge (tests.test_subculture_illustration_contract_v1.SubcultureIllustrationContractV1Tests.test_all_24_frozen_requests_resolve_exact_route_variant_and_sparse_edge) ... ok
test_asset_validator_passes_with_frozen_counts (tests.test_subculture_illustration_contract_v1.SubcultureIllustrationContractV1Tests.test_asset_validator_passes_with_frozen_counts) ... ok
test_audit_binding_uses_the_skill_specific_core (tests.test_subculture_illustration_contract_v1.SubcultureIllustrationContractV1Tests.test_audit_binding_uses_the_skill_specific_core) ... ok
test_canonical_pack_id_tamper_is_distinguished_from_composed_failure (tests.test_subculture_illustration_contract_v1.SubcultureIllustrationContractV1Tests.test_canonical_pack_id_tamper_is_distinguished_from_composed_failure) ... ok
test_case01_v2_preflight_is_clean_frozen_and_generation_free (tests.test_subculture_illustration_contract_v1.SubcultureIllustrationContractV1Tests.test_case01_v2_preflight_is_clean_frozen_and_generation_free) ... ok
test_case01_v2_preflight_mutations_fail_closed (tests.test_subculture_illustration_contract_v1.SubcultureIllustrationContractV1Tests.test_case01_v2_preflight_mutations_fail_closed) ... ok
test_case01_v2_successor_cannot_promote_a_failed_carrier (tests.test_subculture_illustration_contract_v1.SubcultureIllustrationContractV1Tests.test_case01_v2_successor_cannot_promote_a_failed_carrier) ... ok
test_case01_v2_successor_preserves_both_failed_roles (tests.test_subculture_illustration_contract_v1.SubcultureIllustrationContractV1Tests.test_case01_v2_successor_preserves_both_failed_roles) ... ok
test_case01_v3_preflight_records_distinct_authorized_carriers (tests.test_subculture_illustration_contract_v1.SubcultureIllustrationContractV1Tests.test_case01_v3_preflight_records_distinct_authorized_carriers) ... ok
test_case01_v3_primary_hash_or_role_mutations_fail_closed (tests.test_subculture_illustration_contract_v1.SubcultureIllustrationContractV1Tests.test_case01_v3_primary_hash_or_role_mutations_fail_closed) ... ok
test_case01_v3_primary_pass_preserves_prior_failures (tests.test_subculture_illustration_contract_v1.SubcultureIllustrationContractV1Tests.test_case01_v3_primary_pass_preserves_prior_failures) ... ok
test_composed_contract_mutations_fail_without_pack_integrity_errors (tests.test_subculture_illustration_contract_v1.SubcultureIllustrationContractV1Tests.test_composed_contract_mutations_fail_without_pack_integrity_errors) ... ok
test_constructed_equal_priority_route_collision_fails_closed (tests.test_subculture_illustration_contract_v1.SubcultureIllustrationContractV1Tests.test_constructed_equal_priority_route_collision_fails_closed) ... ok
test_default_pack_uses_balanced_creativity_without_high_creative_development (tests.test_subculture_illustration_contract_v1.SubcultureIllustrationContractV1Tests.test_default_pack_uses_balanced_creativity_without_high_creative_development) ... ok
test_explicit_creative_intent_keeps_high_creative_development (tests.test_subculture_illustration_contract_v1.SubcultureIllustrationContractV1Tests.test_explicit_creative_intent_keeps_high_creative_development) ... ok
test_format_mismatch_is_a_pack_contract_error (tests.test_subculture_illustration_contract_v1.SubcultureIllustrationContractV1Tests.test_format_mismatch_is_a_pack_contract_error) ... ok
test_generation_retry_policy_includes_three_unchanged_refusal_retries (tests.test_subculture_illustration_contract_v1.SubcultureIllustrationContractV1Tests.test_generation_retry_policy_includes_three_unchanged_refusal_retries) ... ok
test_generation_retry_policy_mutations_fail_closed (tests.test_subculture_illustration_contract_v1.SubcultureIllustrationContractV1Tests.test_generation_retry_policy_mutations_fail_closed) ... ok
test_generic_request_uses_only_family_default (tests.test_subculture_illustration_contract_v1.SubcultureIllustrationContractV1Tests.test_generic_request_uses_only_family_default) ... ok
test_high_creativity_plan_binds_selected_proposal_exactly (tests.test_subculture_illustration_contract_v1.SubcultureIllustrationContractV1Tests.test_high_creativity_plan_binds_selected_proposal_exactly) ... ok
test_legacy_pack_and_composed_contract_remain_supported (tests.test_subculture_illustration_contract_v1.SubcultureIllustrationContractV1Tests.test_legacy_pack_and_composed_contract_remain_supported) ... ok
test_linked_risk_backstop_is_narrow_and_fail_closed (tests.test_subculture_illustration_contract_v1.SubcultureIllustrationContractV1Tests.test_linked_risk_backstop_is_narrow_and_fail_closed) ... ok
test_named_style_guard_distinguishes_subject_from_creator_reference (tests.test_subculture_illustration_contract_v1.SubcultureIllustrationContractV1Tests.test_named_style_guard_distinguishes_subject_from_creator_reference) ... ok
test_one_valid_literal_composed_fixture_passes (tests.test_subculture_illustration_contract_v1.SubcultureIllustrationContractV1Tests.test_one_valid_literal_composed_fixture_passes) ... ok
test_pack_cannot_require_pixel_review_as_a_composed_format_field (tests.test_subculture_illustration_contract_v1.SubcultureIllustrationContractV1Tests.test_pack_cannot_require_pixel_review_as_a_composed_format_field) ... ok
test_post_render_pixel_review_is_not_a_pre_render_format_phrase (tests.test_subculture_illustration_contract_v1.SubcultureIllustrationContractV1Tests.test_post_render_pixel_review_is_not_a_pre_render_format_phrase) ... ok
test_render_review_closes_frozen_views_without_hiding_the_failed_case (tests.test_subculture_illustration_contract_v1.SubcultureIllustrationContractV1Tests.test_render_review_closes_frozen_views_without_hiding_the_failed_case) ... ok
test_risky_primary_requires_a_different_safe_fallback_kind (tests.test_subculture_illustration_contract_v1.SubcultureIllustrationContractV1Tests.test_risky_primary_requires_a_different_safe_fallback_kind) ... ok
test_same_input_is_canonically_deterministic (tests.test_subculture_illustration_contract_v1.SubcultureIllustrationContractV1Tests.test_same_input_is_canonically_deterministic) ... ok
test_second_look_plan_mutations_fail_closed (tests.test_subculture_illustration_contract_v1.SubcultureIllustrationContractV1Tests.test_second_look_plan_mutations_fail_closed) ... ok
test_support_budget_overflow_is_a_pack_contract_error (tests.test_subculture_illustration_contract_v1.SubcultureIllustrationContractV1Tests.test_support_budget_overflow_is_a_pack_contract_error) ... ok
test_v1_and_v2_prompt_qualification_are_separate_and_valid (tests.test_subculture_illustration_contract_v1.SubcultureIllustrationContractV1Tests.test_v1_and_v2_prompt_qualification_are_separate_and_valid) ... ok
test_v2_pack_exposes_closed_second_look_contract (tests.test_subculture_illustration_contract_v1.SubcultureIllustrationContractV1Tests.test_v2_pack_exposes_closed_second_look_contract) ... ok

----------------------------------------------------------------------
Ran 59 tests in 18.374s

OK
