test_absent_activity_allows_traces_without_changing_scope_or_guards (tests.test_photo_liminal_active_use_korean_data_cleanup.LiminalActiveUseKoreanDataCleanupTests.test_absent_activity_allows_traces_without_changing_scope_or_guards) ... ok
test_actual_korean_catalog_consumer_changes_one_line (tests.test_photo_liminal_active_use_korean_data_cleanup.LiminalActiveUseKoreanDataCleanupTests.test_actual_korean_catalog_consumer_changes_one_line) ... ok
test_complete_merged_state_and_twenty_one_keeps_remain_exact (tests.test_photo_liminal_active_use_korean_data_cleanup.LiminalActiveUseKoreanDataCleanupTests.test_complete_merged_state_and_twenty_one_keeps_remain_exact) ... ok
test_complete_raw_source_changes_only_ko_and_predeclared_reference (tests.test_photo_liminal_active_use_korean_data_cleanup.LiminalActiveUseKoreanDataCleanupTests.test_complete_raw_source_changes_only_ko_and_predeclared_reference) ... ok
test_complete_v6_exposes_both_genuine_actions_without_changing_core (tests.test_photo_liminal_active_use_korean_data_cleanup.LiminalActiveUseKoreanDataCleanupTests.test_complete_v6_exposes_both_genuine_actions_without_changing_core) ... ok
test_frozen_source_inventory_queries_and_bounded_workload (tests.test_photo_liminal_active_use_korean_data_cleanup.LiminalActiveUseKoreanDataCleanupTests.test_frozen_source_inventory_queries_and_bounded_workload) ... ok
test_historical_provenance_is_preserved_and_current_source_is_bound (tests.test_photo_liminal_active_use_korean_data_cleanup.LiminalActiveUseKoreanDataCleanupTests.test_historical_provenance_is_preserved_and_current_source_is_bound) ... ok
test_independent_queries_and_same_slot_controls_stay_exact (tests.test_photo_liminal_active_use_korean_data_cleanup.LiminalActiveUseKoreanDataCleanupTests.test_independent_queries_and_same_slot_controls_stay_exact) ... ok
test_acceptance_binds_catalog_benefit_and_all_adverse_evidence (tests.test_photo_shelf_return_korean_state_data_cleanup.ShelfReturnKoreanStateDataCleanupTests.test_acceptance_binds_catalog_benefit_and_all_adverse_evidence) ... ok
test_complete_raw_extension_changes_only_the_one_korean_state (tests.test_photo_shelf_return_korean_state_data_cleanup.ShelfReturnKoreanStateDataCleanupTests.test_complete_raw_extension_changes_only_the_one_korean_state) ... ok
test_frozen_inventory_probes_and_bounded_cost (tests.test_photo_shelf_return_korean_state_data_cleanup.ShelfReturnKoreanStateDataCleanupTests.test_frozen_inventory_probes_and_bounded_cost) ... ok
test_historical_merged_state_and_current_eleven_keeps_are_exact (tests.test_photo_shelf_return_korean_state_data_cleanup.ShelfReturnKoreanStateDataCleanupTests.test_historical_merged_state_and_current_eleven_keeps_are_exact) ... ok
test_historical_v6_full_pack_detail_and_overview_preserve_genuine_adult_context (tests.test_photo_shelf_return_korean_state_data_cleanup.ShelfReturnKoreanStateDataCleanupTests.test_historical_v6_full_pack_detail_and_overview_preserve_genuine_adult_context) ... ok
test_korean_field_projection_changes_only_the_local_aftermath (tests.test_photo_shelf_return_korean_state_data_cleanup.ShelfReturnKoreanStateDataCleanupTests.test_korean_field_projection_changes_only_the_local_aftermath) ... ok
test_maintenance_revision_preserves_experiment_and_original_record (tests.test_photo_shelf_return_korean_state_data_cleanup.ShelfReturnKoreanStateDataCleanupTests.test_maintenance_revision_preserves_experiment_and_original_record) ... ok
test_previous_published_aliases_and_reef_unit_remain_exact (tests.test_photo_shelf_return_korean_state_data_cleanup.ShelfReturnKoreanStateDataCleanupTests.test_previous_published_aliases_and_reef_unit_remain_exact) ... ok
test_returned_item_owns_its_restored_position_without_global_stock_rule (tests.test_photo_shelf_return_korean_state_data_cleanup.ShelfReturnKoreanStateDataCleanupTests.test_returned_item_owns_its_restored_position_without_global_stock_rule) ... ok
test_scout_and_reviewer_state_contrasts_remain_frozen (tests.test_photo_shelf_return_korean_state_data_cleanup.ShelfReturnKoreanStateDataCleanupTests.test_scout_and_reviewer_state_contrasts_remain_frozen) ... ok
test_broad_advisory_and_neighbor_terms_do_not_force_new_profiles (tests.test_photo_imaginal_visual_semantics.PhotoImaginalVisualSemanticsTests.test_broad_advisory_and_neighbor_terms_do_not_force_new_profiles) ... ok
test_close_visual_substitutes_do_not_activate_new_profiles (tests.test_photo_imaginal_visual_semantics.PhotoImaginalVisualSemanticsTests.test_close_visual_substitutes_do_not_activate_new_profiles) ... ok
test_direct_terms_route_to_only_the_intended_new_profile (tests.test_photo_imaginal_visual_semantics.PhotoImaginalVisualSemanticsTests.test_direct_terms_route_to_only_the_intended_new_profile) ... ok
test_embedding_only_paraphrase_remains_optional (tests.test_photo_imaginal_visual_semantics.PhotoImaginalVisualSemanticsTests.test_embedding_only_paraphrase_remains_optional) ... ok
test_extension_has_fifty_seven_complete_candidates_and_is_loaded (tests.test_photo_imaginal_visual_semantics.PhotoImaginalVisualSemanticsTests.test_extension_has_fifty_seven_complete_candidates_and_is_loaded) ... ok
test_generated_index_is_bound_to_every_imaginal_profile (tests.test_photo_imaginal_visual_semantics.PhotoImaginalVisualSemanticsTests.test_generated_index_is_bound_to_every_imaginal_profile) ... ok
test_nine_profiles_have_five_component_groups_and_pixel_gates (tests.test_photo_imaginal_visual_semantics.PhotoImaginalVisualSemanticsTests.test_nine_profiles_have_five_component_groups_and_pixel_gates) ... ok
test_registry_schema_accepts_imaginal_profiles (tests.test_photo_imaginal_visual_semantics.PhotoImaginalVisualSemanticsTests.test_registry_schema_accepts_imaginal_profiles) ... ok
test_research_evidence_is_approved_bound_and_limited (tests.test_photo_imaginal_visual_semantics.PhotoImaginalVisualSemanticsTests.test_research_evidence_is_approved_bound_and_limited) ... ok
test_alias_field_outranks_incidental_support_cue (tests.test_photo_bm25f_retrieval.PhotoBm25fRetrievalTests.test_alias_field_outranks_incidental_support_cue) ... ok
test_allowed_ids_are_ranked_as_the_same_corpus_subset (tests.test_photo_bm25f_retrieval.PhotoBm25fRetrievalTests.test_allowed_ids_are_ranked_as_the_same_corpus_subset) ... ok
test_cjk_segmentation_preserves_longest_matches_and_unmatched_gaps (tests.test_photo_bm25f_retrieval.PhotoBm25fRetrievalTests.test_cjk_segmentation_preserves_longest_matches_and_unmatched_gaps) ... ok
test_index_validation_detects_stale_authored_fields (tests.test_photo_bm25f_retrieval.PhotoBm25fRetrievalTests.test_index_validation_detects_stale_authored_fields) ... ok
test_japanese_compounds_use_longest_first_authored_lexicon (tests.test_photo_bm25f_retrieval.PhotoBm25fRetrievalTests.test_japanese_compounds_use_longest_first_authored_lexicon) ... ok
test_korean_boundaries_do_not_turn_appearance_into_moe (tests.test_photo_bm25f_retrieval.PhotoBm25fRetrievalTests.test_korean_boundaries_do_not_turn_appearance_into_moe) ... ok
test_rank_and_rrf_ties_are_deterministic (tests.test_photo_bm25f_retrieval.PhotoBm25fRetrievalTests.test_rank_and_rrf_ties_are_deterministic) ... ok
test_reused_lexicon_tracks_changed_content (tests.test_photo_bm25f_retrieval.PhotoBm25fRetrievalTests.test_reused_lexicon_tracks_changed_content) ... ok
test_validation_is_read_only_and_rejects_a_later_index_edit (tests.test_photo_bm25f_retrieval.PhotoBm25fRetrievalTests.test_validation_is_read_only_and_rejects_a_later_index_edit) ... ok
test_audit_covers_fifty_eight_published_rows_and_not_the_deferred_trial (tests.test_photo_data_cleanup_public_surfaces.DataCleanupPublicSurfaceTests.test_audit_covers_fifty_eight_published_rows_and_not_the_deferred_trial) ... ok
test_crochet_source_korean_label_preserves_english_final_unit (tests.test_photo_data_cleanup_public_surfaces.DataCleanupPublicSurfaceTests.test_crochet_source_korean_label_preserves_english_final_unit) ... ok
test_harbor_source_korean_label_does_not_imply_final_korean_units (tests.test_photo_data_cleanup_public_surfaces.DataCleanupPublicSurfaceTests.test_harbor_source_korean_label_does_not_imply_final_korean_units) ... ok
test_jpeg_repaired_owner_survives_final_semantic_overlay (tests.test_photo_data_cleanup_public_surfaces.DataCleanupPublicSurfaceTests.test_jpeg_repaired_owner_survives_final_semantic_overlay) ... ok

----------------------------------------------------------------------
Ran 40 tests in 80.660s

OK
