visual obligation registry.profiles[2548].activation.exclude_if_any_terms: must be non-empty and distinct when declared
visual obligation registry.profiles[2548].semantics.paraphrase_examples: must not duplicate exact activation terms ['separate fine strands rise from one scalp; the raised strands spread apart above that same head; the lifted strand roots remain attached to that scalp']
visual obligation registry.profiles[2549].activation.exclude_if_any_terms: must be non-empty and distinct when declared
visual obligation registry.profiles[2549].semantics.paraphrase_examples: must not duplicate exact activation terms ['one cloth patch clings to a declared adjacent surface; free fabric hangs beyond that bounded contact; small folds converge toward the contact patch']
visual obligation registry.profiles[2550].activation.exclude_if_any_terms: must be non-empty and distinct when declared
visual obligation registry.profiles[2550].semantics.paraphrase_examples: must not duplicate exact activation terms ['small paper fragments cluster around one rod tip; several paper fragments contact that same tip; the rod and contacted fragments remain separately recognizable']
visual obligation registry.profiles[2551].activation.exclude_if_any_terms: must be non-empty and distinct when declared
visual obligation registry.profiles[2551].semantics.paraphrase_examples: must not duplicate exact activation terms ['two thin metal leaves hang from one conducting stem; a glass enclosure surrounds the leaves; a terminal sits above the same stem']
visual obligation registry.profiles[2552].semantics.paraphrase_examples: must not duplicate exact activation terms ['a short irregular luminous channel bridges two nearby metal tips; both channel endpoints meet those tips; the surrounding air stays darker than the channel']
visual obligation registry.profiles[2553].semantics.paraphrase_examples: must not duplicate exact activation terms ['one concentrated luminous column joins two electrodes; both bright attachment regions meet their respective electrodes; the luminous column remains continuous between those attachments']
visual obligation registry.profiles[2554].activation.exclude_if_any_terms: must be non-empty and distinct when declared
visual obligation registry.profiles[2554].semantics.paraphrase_examples: must not duplicate exact activation terms ['a faint compact glow hugs one conductive tip; the glow occupies air immediately adjoining that tip; the tip remains visible inside the local luminous region']
visual obligation registry.profiles[2555].semantics.paraphrase_examples: must not duplicate exact activation terms ['a translucent glass tube encloses a broad soft luminous gas region; two end electrodes belong to that tube; dark glass margins remain outside the luminous region']
visual obligation registry.profiles[2556].activation.exclude_if_any_terms: must be non-empty and distinct when declared
visual obligation registry.profiles[2556].semantics.paraphrase_examples: must not duplicate exact activation terms ['fine luminous filaments start near one electrode; smaller offshoots branch from those filaments; the distant filament ends remain separate in the surrounding gas']
visual obligation registry.profiles[2557].activation.exclude_if_any_terms: must be non-empty and distinct when declared
visual obligation registry.profiles[2557].semantics.paraphrase_examples: must not duplicate exact activation terms ['two metal terminals face across one air gap; separate supports hold those terminals; the gap stays spatially bounded between their facing ends']
visual obligation registry.profiles[2558].activation.exclude_if_any_terms: must be non-empty and distinct when declared
visual obligation registry.profiles[2558].semantics.paraphrase_examples: must not duplicate exact activation terms ['one central electrode sits inside a transparent sphere; thin luminous filaments extend from the electrode toward the inner glass; the glass boundary remains distinct from the filaments']
visual obligation registry.profiles[2559].activation.exclude_if_any_terms: must be non-empty and distinct when declared
visual obligation registry.profiles[2559].semantics.paraphrase_examples: must not duplicate exact activation terms ['one fingertip rests on the outer glass sphere; an internal filament cluster converges beneath that contact; the glass wall separates finger and internal gas']
visual obligation registry.profiles[2560].activation.exclude_if_any_terms: must be non-empty and distinct when declared
visual obligation registry.profiles[2560].semantics.paraphrase_examples: must not duplicate exact activation terms ['two conducting rods diverge upward; a bright arc spans the rods at one height; both arc endpoints remain on their respective rods']
visual obligation registry.profiles[2561].activation.exclude_if_any_terms: must be non-empty and distinct when declared
visual obligation registry.profiles[2561].semantics.paraphrase_examples: must not duplicate exact activation terms ['a concentrated arc meets one metal workpiece junction; small bright particles depart from that junction; the luminous column and particles remain distinct']
visual obligation registry.profiles[2562].semantics.paraphrase_examples: must not duplicate exact activation terms ['one irregular bright trunk runs from a cloud region to a visible ground endpoint; narrow side branches fork from that same trunk; the ground endpoint meets the declared landscape object']
visual obligation registry.profiles[2563].semantics.paraphrase_examples: must not duplicate exact activation terms ['a bounded cloud mass glows from an interior region; uneven bright patches reveal surrounding cloud volume; the silhouette of the same cloud remains outside the brighter interior']
visual obligation registry.profiles[2564].semantics.paraphrase_examples: must not duplicate exact activation terms ['two separated cloud masses frame one lateral luminous channel; the channel enters each declared cloud region; open darker sky remains between the masses']
visual obligation registry.profiles[2565].activation.exclude_if_any_terms: must be non-empty and distinct when declared
visual obligation registry.profiles[2565].semantics.paraphrase_examples: must not duplicate exact activation terms ['a luminous branch exits one cloud edge; its far end fades within open sky; visible ground remains separated from that far end']
visual obligation registry.profiles[2566].activation.exclude_if_any_terms: must be non-empty and distinct when declared
visual obligation registry.profiles[2566].semantics.paraphrase_examples: must not duplicate exact activation terms ['a branched luminous channel is attached to one tower top; its larger visible branches spread into the sky above; the tower and branch origin share one continuous junction']
visual obligation registry.profiles[2567].activation.exclude_if_any_terms: must be non-empty and distinct when declared
visual obligation registry.profiles[2567].semantics.paraphrase_examples: must not duplicate exact activation terms ['several closely spaced luminous channel records share a similar branching outline; the records are laterally displaced; a single storm landscape anchors their common view']
visual obligation registry.profiles[2568].activation.exclude_if_any_terms: must be non-empty and distinct when declared
visual obligation registry.profiles[2568].semantics.paraphrase_examples: must not duplicate exact activation terms ['a distant cloud bank contains a faint illuminated patch; a dark foreground separates observer and cloud bank; the actual discharge channel may remain concealed']
visual obligation registry.profiles[2569].activation.exclude_if_any_terms: must be non-empty and distinct when declared
visual obligation registry.profiles[2569].semantics.paraphrase_examples: must not duplicate exact activation terms ['one vertically developed cloud tower rises from a dark base; a broad upper anvil spreads from the same tower; lower precipitation stays beneath that connected storm body']
visual obligation registry.profiles[2570].activation.exclude_if_any_terms: must be non-empty and distinct when declared
visual obligation registry.profiles[2570].semantics.paraphrase_examples: must not duplicate exact activation terms ['a rough granular outer tube encloses a glassy inner wall; a hollow opening reveals that inner wall; the specimen rests in or beside sandy substrate']
visual obligation registry.profiles[2571].activation.exclude_if_any_terms: must be non-empty and distinct when declared
visual obligation registry.profiles[2571].semantics.paraphrase_examples: must not duplicate exact activation terms ['a small local luminous veil surrounds the tip of one ship mast; the mast remains visible below the veil; the glow belongs to the mast tip rather than the whole ship']
visual obligation registry.profiles[2572].activation.exclude_if_any_terms: must be non-empty and distinct when declared
visual obligation registry.profiles[2572].semantics.paraphrase_examples: must not duplicate exact activation terms ['a red-dominant luminous cluster appears high above a storm cloud; lower tendrils descend from that same high cluster; a dark vertical interval separates the lower tendrils from the storm cloud top']
visual obligation registry.profiles[2573].activation.exclude_if_any_terms: must be non-empty and distinct when declared
visual obligation registry.profiles[2573].semantics.paraphrase_examples: must not duplicate exact activation terms ['a narrow tapering blue-dominant luminous structure starts at one cloud top; the structure extends upward into darker sky; its lower junction remains attached to the cloud top']
visual obligation registry.profiles[2574].activation.exclude_if_any_terms: must be non-empty and distinct when declared
visual obligation registry.profiles[2574].semantics.paraphrase_examples: must not duplicate exact activation terms ['a narrow lower luminous trunk begins at the cloud top; an upper branched fan expands above that trunk; one continuous connection links the lower trunk and upper fan']
visual obligation registry.profiles[2575].activation.exclude_if_any_terms: must be non-empty and distinct when declared
visual obligation registry.profiles[2575].semantics.paraphrase_examples: must not duplicate exact activation terms ['a broad faint luminous ring lies high above one storm; the ring center aligns with that storm region; a distinct vertical interval separates ring and cloud body']
visual obligation registry.profiles[2576].semantics.paraphrase_examples: must not duplicate exact activation terms ['two source terminals connect to a declared load; a second conductor returns from the load to the other source terminal; the complete physical loop is visible']
visual obligation registry.profiles[2577].semantics.paraphrase_examples: must not duplicate exact activation terms ['a switch blade is separated from its receiving contact; the visible gap interrupts one declared circuit path; conductors remain attached on both sides of the switch']
visual obligation registry.profiles[2578].semantics.paraphrase_examples: must not duplicate exact activation terms ['two loads lie consecutively along one circuit branch; one conductor path connects the source through both loads and returns to the other source terminal; the wire junctions remain continuous through the same series path']
visual obligation registry.profiles[2579].semantics.paraphrase_examples: must not duplicate exact activation terms ['two separate load branches share one pair of source nodes; each branch has a complete path between those nodes; a visible junction marks where the branches divide']
visual obligation registry.profiles[2580].activation.exclude_if_any_terms: must be non-empty and distinct when declared
visual obligation registry.profiles[2580].semantics.paraphrase_examples: must not duplicate exact activation terms ['thin conductive-looking traces connect bounded pads on one board; component leads meet their own pads; insulating board areas separate the traces']
visual obligation registry.profiles[2581].activation.exclude_if_any_terms: must be non-empty and distinct when declared
visual obligation registry.profiles[2581].semantics.paraphrase_examples: must not duplicate exact activation terms ['successive wire turns wrap one declared core; the winding ends continue to two terminals; highlights follow the curved metal turns']
visual obligation registry.profiles[2582].activation.exclude_if_any_terms: must be non-empty and distinct when declared
visual obligation registry.profiles[2582].semantics.paraphrase_examples: must not duplicate exact activation terms ['two distinct insulated windings occupy different parts of one magnetic core; each winding has its own terminal pair; the core connects the winding regions structurally']
visual obligation registry.profiles[2583].activation.exclude_if_any_terms: must be non-empty and distinct when declared
visual obligation registry.profiles[2583].semantics.paraphrase_examples: must not duplicate exact activation terms ['one cylindrical rotor sits within a surrounding stator; a shaft continues from the rotor through the housing; the cutaway keeps an air gap between moving and fixed parts']
visual obligation registry.profiles[2584].activation.exclude_if_any_terms: must be non-empty and distinct when declared
visual obligation registry.profiles[2584].semantics.paraphrase_examples: must not duplicate exact activation terms ['a wire coil surrounds one central bore; a metal plunger aligns with that bore; the plunger end connects to a declared mechanical part']
visual obligation registry.profiles[2585].activation.exclude_if_any_terms: must be non-empty and distinct when declared
visual obligation registry.profiles[2585].semantics.paraphrase_examples: must not duplicate exact activation terms ['a wound core has a declared pole face; small metal pieces cluster against that face; the wire ends connect to a separate supply display']
visual obligation registry.profiles[2586].activation.exclude_if_any_terms: must be non-empty and distinct when declared
visual obligation registry.profiles[2586].semantics.paraphrase_examples: must not duplicate exact activation terms ['one small object sits visibly above a declared support element; a clear gap separates the two bodies; an optional cutaway shows the support apparatus around the gap']
visual obligation registry.profiles[2587].activation.exclude_if_any_terms: must be non-empty and distinct when declared
visual obligation registry.profiles[2587].semantics.paraphrase_examples: must not duplicate exact activation terms ['one heating wire follows a repeated bent path; separate ceramic-looking supports hold sections of that wire; the wire ends belong to the same terminal assembly']
visual obligation registry.profiles[2588].activation.exclude_if_any_terms: must be non-empty and distinct when declared
visual obligation registry.profiles[2588].semantics.paraphrase_examples: must not duplicate exact activation terms ['a thin coiled filament spans two internal supports; a glass bulb encloses that filament; light originates on the filament when the selected lamp is lit']
visual obligation registry.profiles[2589].activation.exclude_if_any_terms: must be non-empty and distinct when declared
visual obligation registry.profiles[2589].semantics.paraphrase_examples: must not duplicate exact activation terms ['a long glass lamp tube has two end bases; a diffuse luminous coating region spans the tube interior; the fixture supports both ends']
visual obligation registry.profiles[2590].activation.exclude_if_any_terms: must be non-empty and distinct when declared
visual obligation registry.profiles[2590].semantics.paraphrase_examples: must not duplicate exact activation terms ['a continuous bent glass tube forms a sign stroke; the visible luminous region lies inside that tube; end electrodes and feed wires belong to that stroke']
visual obligation registry.profiles[2591].activation.exclude_if_any_terms: must be non-empty and distinct when declared
visual obligation registry.profiles[2591].semantics.paraphrase_examples: must not duplicate exact activation terms ['small luminous packages repeat along one board; individual emission centers remain visibly separate; a common board carries their connections']
visual obligation registry.profiles[2592].activation.exclude_if_any_terms: must be non-empty and distinct when declared
visual obligation registry.profiles[2592].semantics.paraphrase_examples: must not duplicate exact activation terms ['a flexible cord follows a continuous bend; a bounded luminous coating lies along the cord; the cord ends enter one supply enclosure']
visual obligation registry.profiles[2593].activation.exclude_if_any_terms: must be non-empty and distinct when declared
visual obligation registry.profiles[2593].semantics.paraphrase_examples: must not duplicate exact activation terms ['a visible lightning channel owns the light falling on one wet ground patch; a broken reflection occupies the geometrically corresponding wet surface region; dry ground interrupts the same bounded reflective patch']
visual obligation registry.profiles[2594].activation.exclude_if_any_terms: must be non-empty and distinct when declared
visual obligation registry.profiles[2594].semantics.paraphrase_examples: must not duplicate exact activation terms ['a declared bright flash lies behind one subject; the subject blocks part of the bright background; dark subject contours remain bounded against that source']
visual obligation registry.profiles[2595].activation.exclude_if_any_terms: must be non-empty and distinct when declared
visual obligation registry.profiles[2595].semantics.paraphrase_examples: must not duplicate exact activation terms ['one luminous channel has a near-white central region; a bounded blue or violet edge remains on that same channel; the edge color stays distinct from the background grade']
visual obligation registry.profiles[2596].activation.exclude_if_any_terms: must be non-empty and distinct when declared
visual obligation registry.profiles[2596].semantics.paraphrase_examples: must not duplicate exact activation terms ['the brightest part of a declared source has clipped local detail; a soft bloom spreads immediately around that source; nearby dark structures preserve separate edges']
visual obligation registry.profiles[2597].activation.exclude_if_any_terms: must be non-empty and distinct when declared
visual obligation registry.profiles[2597].semantics.paraphrase_examples: must not duplicate exact activation terms ['one instrument screen contains a graticule and continuous trace; vertical labels identify voltage scale; horizontal labels identify time scale; the connected probe belongs to that instrument']
visual obligation registry.profiles[2598].activation.exclude_if_any_terms: must be non-empty and distinct when declared
visual obligation registry.profiles[2598].semantics.paraphrase_examples: must not duplicate exact activation terms ['two insulated leads connect to the com and voltage inputs of one meter; the remote probe tips contact opposite terminals of the same load in parallel; the selected voltage mode and a v display unit belong to that meter']
visual obligation registry.profiles[2599].activation.exclude_if_any_terms: must be non-empty and distinct when declared
visual obligation registry.profiles[2599].semantics.paraphrase_examples: must not duplicate exact activation terms ['two insulated leads connect to the com and current inputs of one meter; the meter leads complete a single interrupted circuit branch in series with the load; the selected current mode and an a display unit belong to that meter']
visual obligation registry.profiles[2600].activation.exclude_if_any_terms: must be non-empty and distinct when declared
visual obligation registry.profiles[2600].semantics.paraphrase_examples: must not duplicate exact activation terms ['a bounded beam vessel encloses the selected beam path; a declared slit lies on that internal path; a separate glowing target or detector region belongs inside the same vessel']
visual obligation registry.profiles[2601].activation.exclude_if_any_terms: must be non-empty and distinct when declared
visual obligation registry.profiles[2601].semantics.paraphrase_examples: must not duplicate exact activation terms ['two distinct electrodes enter the same liquid vessel; small gas bubbles cluster at their submerged surfaces; separate leads connect each electrode to one supply']
visual obligation registry.profiles[2602].activation.exclude_if_any_terms: must be non-empty and distinct when declared
visual obligation registry.profiles[2602].semantics.paraphrase_examples: must not duplicate exact activation terms ['one workpiece is partly immersed in a plating bath; a bounded surface patch has a contrasting metal finish; the workpiece lead and counter-electrode remain separately visible']
visual obligation registry.profiles[2603].activation.exclude_if_any_terms: must be non-empty and distinct when declared
visual obligation registry.profiles[2603].semantics.paraphrase_examples: must not duplicate exact activation terms ['a bounded battery casing carries two distinct terminal regions; polarity marks belong to their respective terminals; the terminal pair remains attached to the same casing']
visual obligation registry.profiles[2604].activation.exclude_if_any_terms: must be non-empty and distinct when declared
visual obligation registry.profiles[2604].semantics.paraphrase_examples: must not duplicate exact activation terms ['a cable connector is seated in one declared power port; the cable continues to a separate supply enclosure; an optional indicator belongs to that same device']
visual obligation registry.profiles[2605].activation.exclude_if_any_terms: must be non-empty and distinct when declared
visual obligation registry.profiles[2605].semantics.paraphrase_examples: must not duplicate exact activation terms ['a suspended conductor attaches through a distinct insulator assembly to one tower arm; the conductor continues toward the next support; the insulator separates conductor and structural metal']
visual obligation registry.profiles[2606].activation.exclude_if_any_terms: must be non-empty and distinct when declared
visual obligation registry.profiles[2606].semantics.paraphrase_examples: must not duplicate exact activation terms ['rigid conductors connect declared equipment terminals; separate support insulators hold those conductors; several equipment bays remain spatially distinct']
visual obligation registry.profiles[2607].activation.exclude_if_any_terms: must be non-empty and distinct when declared
visual obligation registry.profiles[2607].semantics.paraphrase_examples: must not duplicate exact activation terms ['a separate conductor is attached to one metal enclosure lug; the lug has a bounded fastener and contact patch; the conductor continues toward a declared ground assembly']
visual obligation registry.profiles[2608].activation.exclude_if_any_terms: must be non-empty and distinct when declared
visual obligation registry.profiles[2608].semantics.paraphrase_examples: must not duplicate exact activation terms ['one air terminal sits above a roof edge; a separate conductor continues down from that terminal; the conductor has visible supports along the same building']
visual obligation registry.profiles[2609].activation.exclude_if_any_terms: must be non-empty and distinct when declared
visual obligation registry.profiles[2609].semantics.paraphrase_examples: must not duplicate exact activation terms ['two metal end caps belong to one transparent fuse body; a thin internal element connects toward both caps; the selected blown state shows one bounded break in that element']
visual obligation registry.profiles[2610].activation.exclude_if_any_terms: must be non-empty and distinct when declared
visual obligation registry.profiles[2610].semantics.paraphrase_examples: must not duplicate exact activation terms ['a bounded wrist strap encircles one wrist; a thin cord connects that strap to a declared bench point; the work surface remains a separate physical object']
visual obligation registry.profiles[2611].activation.exclude_if_any_terms: must be non-empty and distinct when declared
visual obligation registry.profiles[2611].semantics.paraphrase_examples: must not duplicate exact activation terms ['conductive-looking mesh panels enclose one bounded volume; a mesh door continues that enclosure boundary; an interior object remains visibly behind those same mesh panels']
visual obligation registry.profiles[2612].activation.exclude_if_any_terms: must be non-empty and distinct when declared
visual obligation registry.profiles[2612].semantics.paraphrase_examples: must not duplicate exact activation terms ['dark discoloration is localized around one metal contact; adjacent intact metal provides a visible boundary; the damaged patch remains on that same contact assembly']
visual obligation registry.profiles[2613].activation.exclude_if_any_terms: must be non-empty and distinct when declared
visual obligation registry.profiles[2613].semantics.paraphrase_examples: must not duplicate exact activation terms ['a wire jacket has a localized softened or retracted patch; a continuous conductor remains visible through that patch; intact jacket continues along the same wire']
visual obligation registry.profiles[2614].activation.exclude_if_any_terms: must be non-empty and distinct when declared
visual obligation registry.profiles[2614].semantics.paraphrase_examples: must not duplicate exact activation terms ['a dark damaged region surrounds one component on a board; nearby traces remain visible outside that region; the damage belongs to the same board substrate']
visual obligation registry.profiles[2615].activation.exclude_if_any_terms: must be non-empty and distinct when declared
visual obligation registry.profiles[2615].semantics.paraphrase_examples: must not duplicate exact activation terms ['a concentrated bright emission begins at one electrical enclosure opening; the opening rim remains visible around the origin; nearby surfaces receive source-aligned illumination']
visual obligation registry.profiles[2616].activation.exclude_if_any_terms: must be non-empty and distinct when declared
visual obligation registry.profiles[2616].semantics.paraphrase_examples: must not duplicate exact activation terms ['a declared enclosure opening anchors the event; separate small fragments lie or travel outward from that opening; nearby displaced parts preserve a coherent spatial direction']
visual obligation registry.profiles[2617].activation.exclude_if_any_terms: must be non-empty and distinct when declared
visual obligation registry.profiles[2617].semantics.paraphrase_examples: must not duplicate exact activation terms ['thin reddish branches form a fern-like pattern on one skin region; smaller twigs connect to their larger branches; the pattern remains bounded to that declared skin surface']
visual obligation registry.profiles[2618].activation.exclude_if_any_terms: must be non-empty and distinct when declared
visual obligation registry.profiles[2618].semantics.paraphrase_examples: must not duplicate exact activation terms ['a branching fine-line pattern lies within one transparent solid block; small branches connect to a main internal path; the block boundary remains distinct around the pattern']
visual obligation registry.profiles[2619].activation.exclude_if_any_terms: must be non-empty and distinct when declared
visual obligation registry.profiles[2619].semantics.paraphrase_examples: must not duplicate exact activation terms ['a long scaleless fish has a flattened head; one elongated anal fin runs along the underside; the fish occupies a freshwater habitat']
visual obligation registry.profiles[2620].activation.exclude_if_any_terms: must be non-empty and distinct when declared
visual obligation registry.profiles[2620].semantics.paraphrase_examples: must not duplicate exact activation terms ['two adhesive electrode pads belong to one declared chest; lead cables connect both pads to one aed body; the device display belongs to that same aed']
visual obligation registry.profiles[2621].activation.exclude_if_any_terms: must be non-empty and distinct when declared
visual obligation registry.profiles[2621].semantics.paraphrase_examples: must not duplicate exact activation terms ["a declared coil housing lies next to one scalp region; the coil's cable continues to its controller; the person remains a separate physical body"]
visual obligation registry.profiles[2622].activation.exclude_if_any_terms: must be non-empty and distinct when declared
visual obligation registry.profiles[2622].semantics.paraphrase_examples: must not duplicate exact activation terms ['a glass vessel separates inner and outer conducting layers; one terminal connects to the inner layer; the outer layer remains separated across the glass']
visual obligation registry.profiles[2623].activation.exclude_if_any_terms: must be non-empty and distinct when declared
visual obligation registry.profiles[2623].semantics.paraphrase_examples: must not duplicate exact activation terms ['different metal discs alternate in one vertical stack; thin intervening separators remain visible; two terminal leads belong to opposite ends of the stack']
visual obligation registry.profiles[2624].activation.exclude_if_any_terms: must be non-empty and distinct when declared
visual obligation registry.profiles[2624].semantics.paraphrase_examples: must not duplicate exact activation terms ['two opposed discs carry repeated metal sectors; collector combs stand near those disc surfaces; two leyden jars connect to the terminal assembly']
visual obligation registry.profiles[2625].activation.exclude_if_any_terms: must be non-empty and distinct when declared
visual obligation registry.profiles[2625].semantics.paraphrase_examples: must not duplicate exact activation terms ['a tall winding column supports one top terminal; a distinct lower coil assembly belongs to that same column; luminous filaments originate at that top terminal and extend into surrounding air']
visual obligation registry.profiles[2626].activation.exclude_if_any_terms: must be non-empty and distinct when declared
visual obligation registry.profiles[2626].semantics.paraphrase_examples: must not duplicate exact activation terms ['a hollow glass electrode seats into one handpiece; a separately declared glass attachment rests beside that same handpiece; the handpiece cable continues to its own controller']
visual obligation registry.profiles[2627].activation.exclude_if_any_terms: must be non-empty and distinct when declared
visual obligation registry.profiles[2627].semantics.paraphrase_examples: must not duplicate exact activation terms ['one central handle joins two opposed terminal clusters; the prongs of each terminal converge around their own central tip; both terminal clusters remain part of the same bounded metal ritual object']
visual obligation registry.profiles[2628].activation.exclude_if_any_terms: must be non-empty and distinct when declared
visual obligation registry.profiles[2628].semantics.paraphrase_examples: must not duplicate exact activation terms ['two perpendicular ritual axes share one center; each axis has opposed terminal clusters; the whole object forms a bounded cross-like silhouette']
visual obligation registry.profiles[2629].activation.exclude_if_any_terms: must be non-empty and distinct when declared
visual obligation registry.profiles[2629].semantics.paraphrase_examples: must not duplicate exact activation terms ['a group of drums belongs to one declared thunder-god depiction; the depicted beaters are directed toward those same drums; the drum bodies remain separate from the depicted surrounding clouds']
visual obligation registry.profiles[2630].activation.exclude_if_any_terms: must be non-empty and distinct when declared
visual obligation registry.profiles[2630].semantics.paraphrase_examples: must not duplicate exact activation terms ['a short handle joins a wider hammer-shaped head; a suspension feature belongs to the handle end; the bounded pendant rests separately from other jewelry']
visual obligation registry.profiles[2631].activation.exclude_if_any_terms: must be non-empty and distinct when declared
visual obligation registry.profiles[2631].semantics.paraphrase_examples: must not duplicate exact activation terms ['one declared hand or fingertip anchors a luminous branch; the branch extends toward a separately declared destination; nearby surfaces receive illumination aligned with that branch']
visual obligation registry.profiles[2632].activation.exclude_if_any_terms: must be non-empty and distinct when declared
visual obligation registry.profiles[2632].semantics.paraphrase_examples: must not duplicate exact activation terms ['a luminous segment joins a declared source and first target; another segment continues from that target to a second target; both target identities remain distinct and visible']
visual obligation registry.profiles[2633].activation.exclude_if_any_terms: must be non-empty and distinct when declared
visual obligation registry.profiles[2633].semantics.paraphrase_examples: must not duplicate exact activation terms ['one solid spear shaft joins its pointed tip; a fictional luminous branch originates at that same spear tip; the shaft and discharge remain separately recognizable']
visual obligation registry.profiles[2634].activation.exclude_if_any_terms: must be non-empty and distinct when declared
visual obligation registry.profiles[2634].semantics.paraphrase_examples: must not duplicate exact activation terms ['one solid blade joins its own grip; a fictional luminous edge follows that same blade boundary; the metal blade remains distinct inside the luminous edge']
visual obligation registry.profiles[2635].activation.exclude_if_any_terms: must be non-empty and distinct when declared
visual obligation registry.profiles[2635].semantics.paraphrase_examples: must not duplicate exact activation terms ['one declared grip anchors a fictional flexible luminous path; the same path bends continuously away from that grip; its free end remains separate from neighboring objects']
visual obligation registry.profiles[2636].activation.exclude_if_any_terms: must be non-empty and distinct when declared
visual obligation registry.profiles[2636].semantics.paraphrase_examples: must not duplicate exact activation terms ['one fictional luminous barrier occupies a bounded plane; a visible spatial gap separates that plane from the protected body; the plane boundary remains continuous around its own illuminated region']
visual obligation registry.profiles[2637].activation.exclude_if_any_terms: must be non-empty and distinct when declared
visual obligation registry.profiles[2637].semantics.paraphrase_examples: must not duplicate exact activation terms ['a fictional luminous layer follows one declared body surface; the same layer follows the visible limb articulation; the illuminated layer remains attached to that same body contour']
visual obligation registry.profiles[2638].activation.exclude_if_any_terms: must be non-empty and distinct when declared
visual obligation registry.profiles[2638].semantics.paraphrase_examples: must not duplicate exact activation terms ['separately identifiable fictional devices occupy one declared area; their owned screens or indicators show the declared common response state; a separately declared fictional source remains visible in that area']
visual obligation registry.profiles[2639].activation.exclude_if_any_terms: must be non-empty and distinct when declared
visual obligation registry.profiles[2639].semantics.paraphrase_examples: must not duplicate exact activation terms ['one fictional body silhouette bounds a luminous volume; thin filament structures remain within or around that body; the body stays distinct from its environment']
visual obligation registry.profiles[2640].activation.exclude_if_any_terms: must be non-empty and distinct when declared
visual obligation registry.profiles[2640].semantics.paraphrase_examples: must not duplicate exact activation terms ['one fictional luminous channel has a near-white core; a bounded blue edge belongs to that same channel; nearby illuminated surfaces receive light aligned with that channel']
visual obligation registry.profiles[2641].activation.exclude_if_any_terms: must be non-empty and distinct when declared
visual obligation registry.profiles[2641].semantics.paraphrase_examples: must not duplicate exact activation terms ['one fictional luminous channel has a gold-dominant core; a bounded red edge belongs to that same channel; nearby illuminated surfaces receive light aligned with that channel']
visual obligation registry.profiles[2642].activation.exclude_if_any_terms: must be non-empty and distinct when declared
visual obligation registry.profiles[2642].semantics.paraphrase_examples: must not duplicate exact activation terms ['a fictional luminous pattern follows one declared crown; the pattern remains bounded to the physical rim of that crown; the crown remains visibly separate from surrounding objects']
visual obligation registry.profiles[2643].activation.exclude_if_any_terms: must be non-empty and distinct when declared
visual obligation registry.profiles[2643].semantics.paraphrase_examples: must not duplicate exact activation terms ['a fictional luminous pattern follows one declared altar surface; the pattern remains bounded to the edge of that same altar; neighboring objects remain separate from the patterned surface']
visual obligation registry.profiles[2644].activation.exclude_if_any_terms: must be non-empty and distinct when declared
visual obligation registry.profiles[2644].semantics.paraphrase_examples: must not duplicate exact activation terms ['a fictional luminous mark occupies one declared skin region; the pattern remains bounded to that same skin surface; the surrounding skin contour remains distinct around the mark']
