test_current_public_cli_receipt_and_exact_reviewed_delta (tests.test_photo_horror_main_boundary_history.HorrorMainBoundaryHistoryTests.test_current_public_cli_receipt_and_exact_reviewed_delta) ... ok
test_current_sources_and_byte_exact_v30_parent_pass (tests.test_photo_horror_main_boundary_history.HorrorMainBoundaryHistoryTests.test_current_sources_and_byte_exact_v30_parent_pass) ... ok
test_horror_water_runtime_registration_and_shards_are_bound (tests.test_photo_horror_main_boundary_history.HorrorMainBoundaryHistoryTests.test_horror_water_runtime_registration_and_shards_are_bound) ... ok
test_missing_or_rehashed_proof_and_parent_fail (tests.test_photo_horror_main_boundary_history.HorrorMainBoundaryHistoryTests.test_missing_or_rehashed_proof_and_parent_fail) ... ok
test_original_v30_source_bytes_and_mode_cannot_drift (tests.test_photo_horror_main_boundary_history.HorrorMainBoundaryHistoryTests.test_original_v30_source_bytes_and_mode_cannot_drift) ... ok
test_undeclared_source_cannot_enter_current_inventory (tests.test_photo_horror_main_boundary_history.HorrorMainBoundaryHistoryTests.test_undeclared_source_cannot_enter_current_inventory) ... ok
test_unreviewed_candidate_order_meaning_core_controls_or_budget_fail (tests.test_photo_horror_main_boundary_history.HorrorMainBoundaryHistoryTests.test_unreviewed_candidate_order_meaning_core_controls_or_budget_fail) ... ok
test_missing_rehashed_proof_or_original_parent_fail (tests.test_photo_water_main_boundary_history.WaterMainBoundaryHistoryTests.test_missing_rehashed_proof_or_original_parent_fail) ... ok
test_original_cli_receipt_and_reviewed_delta_are_qualified (tests.test_photo_water_main_boundary_history.WaterMainBoundaryHistoryTests.test_original_cli_receipt_and_reviewed_delta_are_qualified) ... ok
test_original_parent_source_bytes_and_mode_cannot_drift (tests.test_photo_water_main_boundary_history.WaterMainBoundaryHistoryTests.test_original_parent_source_bytes_and_mode_cannot_drift) ... ok
test_sealed_current_sources_and_original_parent_pass (tests.test_photo_water_main_boundary_history.WaterMainBoundaryHistoryTests.test_sealed_current_sources_and_original_parent_pass) ... ok
test_undeclared_source_cannot_enter_the_qualified_inventory (tests.test_photo_water_main_boundary_history.WaterMainBoundaryHistoryTests.test_undeclared_source_cannot_enter_the_qualified_inventory) ... ok
test_unreviewed_meaning_order_core_budget_or_negative_cannot_be_rehashed (tests.test_photo_water_main_boundary_history.WaterMainBoundaryHistoryTests.test_unreviewed_meaning_order_core_budget_or_negative_cannot_be_rehashed) ... ok
test_water_runtime_unrelated_data_and_active_shards_remain_bound (tests.test_photo_water_main_boundary_history.WaterMainBoundaryHistoryTests.test_water_runtime_unrelated_data_and_active_shards_remain_bound) ... ok
test_historical_resolver_accepts_only_the_sealed_runtime_transition (tests.test_photo_runtime_boundary_history.RuntimeBoundaryHistoryTests.test_historical_resolver_accepts_only_the_sealed_runtime_transition) ... ok
test_all_six_archived_payloads_reject_bytes_mode_symlink_and_missing_file (tests.test_photo_appearance_boundary_history.AppearanceFixtureRecoveryTests.test_all_six_archived_payloads_reject_bytes_mode_symlink_and_missing_file) ... ok
test_historical_drift_cannot_use_an_untampered_live_successor (tests.test_photo_appearance_boundary_history.AppearanceFixtureRecoveryTests.test_historical_drift_cannot_use_an_untampered_live_successor) ... ok
test_live_drift_cannot_use_the_sealed_successor_recovery (tests.test_photo_appearance_boundary_history.AppearanceFixtureRecoveryTests.test_live_drift_cannot_use_the_sealed_successor_recovery) ... ok
test_recovery_requires_both_immutable_transition_manifests_and_proofs (tests.test_photo_appearance_boundary_history.AppearanceFixtureRecoveryTests.test_recovery_requires_both_immutable_transition_manifests_and_proofs) ... ok
test_sealed_v28_recovery_preserves_exact_v27_and_v26_payloads (tests.test_photo_appearance_boundary_history.AppearanceFixtureRecoveryTests.test_sealed_v28_recovery_preserves_exact_v27_and_v26_payloads) ... ok
test_v27_index_rollback_cannot_bypass_v28_live_source_binding (tests.test_photo_appearance_boundary_history.AppearanceFixtureRecoveryTests.test_v27_index_rollback_cannot_bypass_v28_live_source_binding) ... ok
test_v27_materialization_rejects_missing_or_rehashed_manifest_before_writing (tests.test_photo_appearance_boundary_history.AppearanceFixtureRecoveryTests.test_v27_materialization_rejects_missing_or_rehashed_manifest_before_writing) ... ok
test_installed_copy_loads_shards_without_repository_or_pythonpath (tests.test_photo_visual_profile_shards.PhotoVisualProfileShardIntegrationTests.test_installed_copy_loads_shards_without_repository_or_pythonpath) ... ok
test_registration_preserves_both_load_orders_and_required_policy (tests.test_photo_structure_maintenance.PhotoSourceManifestTests.test_registration_preserves_both_load_orders_and_required_policy) ... ok

----------------------------------------------------------------------
Ran 24 tests in 167.232s

OK
