{
  "chosen_candidate_count": 0,
  "chosen_visual_concept_ids": [],
  "effective_visual_contract_sha256": null,
  "failures": [],
  "pack_id": "fa51ab9b7be0e977",
  "quality_status": "warn",
  "render_repair_contract_sha256": null,
  "status": "pass",
  "warnings": [
    {
      "check": "uncovered_intent",
      "intent": "gaps between its scales and their rough woody surfaces",
      "reason": "uncovered candidate-pack intent was preserved by free description/assertion"
    },
    {
      "check": "uncovered_intent",
      "intent": "a pine cone",
      "reason": "uncovered candidate-pack intent was preserved by free description/assertion"
    },
    {
      "check": "uncovered_intent",
      "intent": "The scales are dry",
      "reason": "uncovered candidate-pack intent was preserved by free description/assertion"
    },
    {
      "check": "uncovered_intent",
      "intent": "A macro photograph",
      "reason": "uncovered candidate-pack intent was preserved by free description/assertion"
    },
    {
      "check": "uncovered_intent",
      "intent": "Low side light",
      "reason": "uncovered candidate-pack intent was preserved by free description/assertion"
    },
    {
      "check": "uncovered_intent",
      "intent": "rough woody surfaces",
      "reason": "uncovered candidate-pack intent was preserved by free description/assertion"
    }
  ]
}
