{
  "status": "PASS",
  "forward_nodes_checked": 64,
  "reverse_nodes_checked": 45,
  "path_occurrences_checked": 210,
  "unique_paths_checked": 114,
  "source_nodes_checked": 160,
  "source_references_checked": 162,
  "candidate_complete_record_checks": 98,
  "raw_reference_ambiguities_global": [],
  "relief_bundle": {
    "status": "PASS",
    "associated_profile_ids": [
      "orn_profile_gd65"
    ],
    "component_count": 2,
    "profile_activation": "independent_request_evidence_only",
    "all_components_required_if_adopted": true,
    "adopted": false,
    "auto_hard_promotion_observed": false
  },
  "semantic_limit": "Explicit association and source integrity are checked. Complete meaning support, mandatory profile activation, pixel fidelity and user acceptance are not inferred from a graph path."
}
