{
  "node": "slot:lighting:orn_gd65",
  "kind": "candidate",
  "paths": [
    {
      "id": "path:60ae7ec15fc91be42bd42871",
      "nodes": [
        "slot:lighting:orn_gd65",
        "bundle:orn_gd65_bundle",
        "profile:orn_profile_gd65"
      ],
      "relation": "via_bundle",
      "meaning_support": "not_inferred",
      "review": {
        "status": "unreviewed"
      },
      "entity_hashes": {
        "slot:lighting:orn_gd65": "3fae4f737abd6f05213be4dbce2304a5df1e07cb4efe8ac378cb0a4558ef8586",
        "bundle:orn_gd65_bundle": "2327ece95ceb03c1d14a81169ab5036e26511f1cf2dc317c2c22231c0f2723ba",
        "profile:orn_profile_gd65": "fb8edda7eb22964893b205bda2df055a0f4faade2bacbd21b995ae0531b02739"
      },
      "source_refs": {
        "slot:lighting:orn_gd65": [
          {
            "file": "photo_prompt_ornament_structure_extension.json",
            "pointer": "/slots/lighting/0"
          }
        ],
        "bundle:orn_gd65_bundle": [
          {
            "file": "photo_prompt_ornament_structure_extension.json",
            "pointer": "/visual_semantics/58"
          }
        ],
        "profile:orn_profile_gd65": [
          {
            "file": "photo_prompt_visual_obligations_ornament_structure.json",
            "pointer": "/profiles/58"
          }
        ]
      }
    }
  ],
  "path_count": 1,
  "unique_related_nodes": [
    "bundle:orn_gd65_bundle",
    "profile:orn_profile_gd65"
  ],
  "profile_activation": "independent_request_evidence_only",
  "generation_id": "db193081d04dba97d754e8809cebfb67a97133c7162a5429da965d53e9c88462",
  "source_fingerprint": "6f42582a01533dedf985a68e65391e058bdd1c387954907c421c09143f10e351",
  "freshness": "current_verified"
}
