Expanded regex cache for exhaustive verification: 65536 / 32768
DISCOVERED 26
.................FFFFFFFF........
======================================================================
FAIL: test_registry_and_request_scoped_routing_fixture (tests.test_photo_visual_obligations.PhotoVisualObligationTests.test_registry_and_request_scoped_routing_fixture) (fixture='visual_obligation_routing_v1.jsonl', case='positive_inner_thigh_en')
----------------------------------------------------------------------
Traceback (most recent call last):
  File "/Users/chasoik/Projects/image-prompt/tests/test_photo_visual_obligations.py", line 169, in assert_routing_fixture_cases
    self.assertEqual(
    ~~~~~~~~~~~~~~~~^
        sorted(concept_matches),
        ^^^^^^^^^^^^^^^^^^^^^^^^
        sorted(case["expected_candidate_profile_ids"]),
        ^^^^^^^^^^^^^^^^^^^^^^^^^^^^^^^^^^^^^^^^^^^^^^^
    )
    ^
AssertionError: Lists differ: ['mep_cover_copy_space', 'y2kr_space_graphic'] != []

First list contains 2 additional elements.
First extra element 0:
'mep_cover_copy_space'

- ['mep_cover_copy_space', 'y2kr_space_graphic']
+ []

======================================================================
FAIL: test_registry_and_request_scoped_routing_fixture (tests.test_photo_visual_obligations.PhotoVisualObligationTests.test_registry_and_request_scoped_routing_fixture) (fixture='visual_obligation_routing_v1.jsonl', case='candidate_contained_affect_components')
----------------------------------------------------------------------
Traceback (most recent call last):
  File "/Users/chasoik/Projects/image-prompt/tests/test_photo_visual_obligations.py", line 169, in assert_routing_fixture_cases
    self.assertEqual(
    ~~~~~~~~~~~~~~~~^
        sorted(concept_matches),
        ^^^^^^^^^^^^^^^^^^^^^^^^
        sorted(case["expected_candidate_profile_ids"]),
        ^^^^^^^^^^^^^^^^^^^^^^^^^^^^^^^^^^^^^^^^^^^^^^^
    )
    ^
AssertionError: Lists differ: ['contained_affect_self_presentation', 'pf_keep_ward'] != ['contained_affect_self_presentation']

First list contains 1 additional elements.
First extra element 1:
'pf_keep_ward'

- ['contained_affect_self_presentation', 'pf_keep_ward']
?                                      ----------------

+ ['contained_affect_self_presentation']

======================================================================
FAIL: test_registry_and_request_scoped_routing_fixture (tests.test_photo_visual_obligations.PhotoVisualObligationTests.test_registry_and_request_scoped_routing_fixture) (fixture='visual_obligation_routing_v1.jsonl', case='positive_yandere_en')
----------------------------------------------------------------------
Traceback (most recent call last):
  File "/Users/chasoik/Projects/image-prompt/tests/test_photo_visual_obligations.py", line 169, in assert_routing_fixture_cases
    self.assertEqual(
    ~~~~~~~~~~~~~~~~^
        sorted(concept_matches),
        ^^^^^^^^^^^^^^^^^^^^^^^^
        sorted(case["expected_candidate_profile_ids"]),
        ^^^^^^^^^^^^^^^^^^^^^^^^^^^^^^^^^^^^^^^^^^^^^^^
    )
    ^
AssertionError: Lists differ: ['clinical_nursing_duty_system'] != []

First list contains 1 additional elements.
First extra element 0:
'clinical_nursing_duty_system'

- ['clinical_nursing_duty_system']
+ []

======================================================================
FAIL: test_registry_and_request_scoped_routing_fixture (tests.test_photo_visual_obligations.PhotoVisualObligationTests.test_registry_and_request_scoped_routing_fixture) (fixture='visual_obligation_routing_v1.jsonl', case='positive_yandere_ko')
----------------------------------------------------------------------
Traceback (most recent call last):
  File "/Users/chasoik/Projects/image-prompt/tests/test_photo_visual_obligations.py", line 169, in assert_routing_fixture_cases
    self.assertEqual(
    ~~~~~~~~~~~~~~~~^
        sorted(concept_matches),
        ^^^^^^^^^^^^^^^^^^^^^^^^
        sorted(case["expected_candidate_profile_ids"]),
        ^^^^^^^^^^^^^^^^^^^^^^^^^^^^^^^^^^^^^^^^^^^^^^^
    )
    ^
AssertionError: Lists differ: ['clinical_nursing_duty_system'] != []

First list contains 1 additional elements.
First extra element 0:
'clinical_nursing_duty_system'

- ['clinical_nursing_duty_system']
+ []

======================================================================
FAIL: test_registry_and_request_scoped_routing_fixture (tests.test_photo_visual_obligations.PhotoVisualObligationTests.test_registry_and_request_scoped_routing_fixture) (fixture='visual_obligation_routing_v1.jsonl', case='candidate_yandere_relation_components')
----------------------------------------------------------------------
Traceback (most recent call last):
  File "/Users/chasoik/Projects/image-prompt/tests/test_photo_visual_obligations.py", line 169, in assert_routing_fixture_cases
    self.assertEqual(
    ~~~~~~~~~~~~~~~~^
        sorted(concept_matches),
        ^^^^^^^^^^^^^^^^^^^^^^^^
        sorted(case["expected_candidate_profile_ids"]),
        ^^^^^^^^^^^^^^^^^^^^^^^^^^^^^^^^^^^^^^^^^^^^^^^
    )
    ^
AssertionError: Lists differ: ['clinical_nursing_duty_system', 'yandere_affection_control_relation'] != ['yandere_affection_control_relation']

First differing element 0:
'clinical_nursing_duty_system'
'yandere_affection_control_relation'

First list contains 1 additional elements.
First extra element 1:
'yandere_affection_control_relation'

- ['clinical_nursing_duty_system', 'yandere_affection_control_relation']
+ ['yandere_affection_control_relation']

======================================================================
FAIL: test_registry_and_request_scoped_routing_fixture (tests.test_photo_visual_obligations.PhotoVisualObligationTests.test_registry_and_request_scoped_routing_fixture) (fixture='visual_obligation_routing_v1.jsonl', case='negative_yandere_expression_only')
----------------------------------------------------------------------
Traceback (most recent call last):
  File "/Users/chasoik/Projects/image-prompt/tests/test_photo_visual_obligations.py", line 169, in assert_routing_fixture_cases
    self.assertEqual(
    ~~~~~~~~~~~~~~~~^
        sorted(concept_matches),
        ^^^^^^^^^^^^^^^^^^^^^^^^
        sorted(case["expected_candidate_profile_ids"]),
        ^^^^^^^^^^^^^^^^^^^^^^^^^^^^^^^^^^^^^^^^^^^^^^^
    )
    ^
AssertionError: Lists differ: ['clinical_nursing_duty_system'] != []

First list contains 1 additional elements.
First extra element 0:
'clinical_nursing_duty_system'

- ['clinical_nursing_duty_system']
+ []

======================================================================
FAIL: test_registry_and_request_scoped_routing_fixture (tests.test_photo_visual_obligations.PhotoVisualObligationTests.test_registry_and_request_scoped_routing_fixture) (fixture='visual_obligation_routing_v1.jsonl', case='negative_yandere_role_prop_only')
----------------------------------------------------------------------
Traceback (most recent call last):
  File "/Users/chasoik/Projects/image-prompt/tests/test_photo_visual_obligations.py", line 169, in assert_routing_fixture_cases
    self.assertEqual(
    ~~~~~~~~~~~~~~~~^
        sorted(concept_matches),
        ^^^^^^^^^^^^^^^^^^^^^^^^
        sorted(case["expected_candidate_profile_ids"]),
        ^^^^^^^^^^^^^^^^^^^^^^^^^^^^^^^^^^^^^^^^^^^^^^^
    )
    ^
AssertionError: Lists differ: ['clinical_nursing_duty_system'] != []

First list contains 1 additional elements.
First extra element 0:
'clinical_nursing_duty_system'

- ['clinical_nursing_duty_system']
+ []

======================================================================
FAIL: test_registry_and_request_scoped_routing_fixture (tests.test_photo_visual_obligations.PhotoVisualObligationTests.test_registry_and_request_scoped_routing_fixture) (fixture='visual_obligation_routing_v1.jsonl', case='candidate_kuudere_relation_components')
----------------------------------------------------------------------
Traceback (most recent call last):
  File "/Users/chasoik/Projects/image-prompt/tests/test_photo_visual_obligations.py", line 169, in assert_routing_fixture_cases
    self.assertEqual(
    ~~~~~~~~~~~~~~~~^
        sorted(concept_matches),
        ^^^^^^^^^^^^^^^^^^^^^^^^
        sorted(case["expected_candidate_profile_ids"]),
        ^^^^^^^^^^^^^^^^^^^^^^^^^^^^^^^^^^^^^^^^^^^^^^^
    )
    ^
AssertionError: Lists differ: ['kuudere_composed_warmth_relation', 'mep_poised_support', 'pf_keep_ward'] != ['kuudere_composed_warmth_relation']

First list contains 2 additional elements.
First extra element 1:
'mep_poised_support'

- ['kuudere_composed_warmth_relation', 'mep_poised_support', 'pf_keep_ward']
+ ['kuudere_composed_warmth_relation']

----------------------------------------------------------------------
Ran 26 tests in 450.015s

FAILED (failures=8)
