test_additional_requirements_and_likeness_mode_are_rendered_before_hashing (tests.test_prompt_generator.PromptGeneratorRegressionTests.test_additional_requirements_and_likeness_mode_are_rendered_before_hashing) ... ok
test_adult_ribbon_fashion_uses_adult_compatible_ribbon_context (tests.test_prompt_generator.PromptGeneratorRegressionTests.test_adult_ribbon_fashion_uses_adult_compatible_ribbon_context) ... ok
test_all_concept_recipe_forced_slots_are_registered (tests.test_prompt_generator.PromptGeneratorRegressionTests.test_all_concept_recipe_forced_slots_are_registered) ... FAIL
test_all_detail_levels_include_common_inline_constraints (tests.test_prompt_generator.PromptGeneratorRegressionTests.test_all_detail_levels_include_common_inline_constraints) ... ok
test_all_semantic_inputs_exclude_control_and_process_metadata (tests.test_prompt_generator.PromptGeneratorRegressionTests.test_all_semantic_inputs_exclude_control_and_process_metadata) ... FAIL
test_anti_diagram_negative_pool_is_context_attached (tests.test_prompt_generator.PromptGeneratorRegressionTests.test_anti_diagram_negative_pool_is_context_attached) ... ok
test_applicability_blocked_slot_does_not_fall_back_to_full_pool (tests.test_prompt_generator.PromptGeneratorRegressionTests.test_applicability_blocked_slot_does_not_fall_back_to_full_pool) ... ok
test_artistic_touch_is_profile_specific_instead_of_global (tests.test_prompt_generator.PromptGeneratorRegressionTests.test_artistic_touch_is_profile_specific_instead_of_global) ... ok
test_assassin_concept_batch_uses_cohesive_bundles (tests.test_prompt_generator.PromptGeneratorRegressionTests.test_assassin_concept_batch_uses_cohesive_bundles) ... ok
test_assassin_default_weapon_cue_is_text_not_pose_override (tests.test_prompt_generator.PromptGeneratorRegressionTests.test_assassin_default_weapon_cue_is_text_not_pose_override) ... ok
test_assassin_default_weapon_cue_per_role_preserves_bundle_slots (tests.test_prompt_generator.PromptGeneratorRegressionTests.test_assassin_default_weapon_cue_per_role_preserves_bundle_slots) ... ok
test_assassin_recent_role_batch_covers_viewpoint_aspects (tests.test_prompt_generator.PromptGeneratorRegressionTests.test_assassin_recent_role_batch_covers_viewpoint_aspects) ... ok
test_assassin_viewpoint_bundles_expose_aspects_and_extended_slots (tests.test_prompt_generator.PromptGeneratorRegressionTests.test_assassin_viewpoint_bundles_expose_aspects_and_extended_slots) ... ok
test_assassin_viewpoint_presets_tags_and_cliche_weights_registered (tests.test_prompt_generator.PromptGeneratorRegressionTests.test_assassin_viewpoint_presets_tags_and_cliche_weights_registered) ... ok
test_assassin_visible_weapon_request_role_map_uses_39df660_tags (tests.test_prompt_generator.PromptGeneratorRegressionTests.test_assassin_visible_weapon_request_role_map_uses_39df660_tags) ... ok
test_audit_composed_prompt_enforces_pack_contract (tests.test_prompt_generator.PromptGeneratorRegressionTests.test_audit_composed_prompt_enforces_pack_contract) ... ok
test_audit_composed_prompt_rejects_masked_bucket_and_motif_echo (tests.test_prompt_generator.PromptGeneratorRegressionTests.test_audit_composed_prompt_rejects_masked_bucket_and_motif_echo) ... ok
test_audit_composed_prompt_rejects_role_scene_and_species_mismatch (tests.test_prompt_generator.PromptGeneratorRegressionTests.test_audit_composed_prompt_rejects_role_scene_and_species_mismatch) ... ok
test_audit_composed_prompt_warns_for_missing_artistic_final_touch (tests.test_prompt_generator.PromptGeneratorRegressionTests.test_audit_composed_prompt_warns_for_missing_artistic_final_touch) ... ok
test_audit_composed_prompt_warns_for_missing_photographic_craft (tests.test_prompt_generator.PromptGeneratorRegressionTests.test_audit_composed_prompt_warns_for_missing_photographic_craft) ... ok
test_audit_composed_prompt_warns_for_missing_photographic_integration (tests.test_prompt_generator.PromptGeneratorRegressionTests.test_audit_composed_prompt_warns_for_missing_photographic_integration) ... ok
test_audit_composed_prompt_warns_for_missing_visual_proposition (tests.test_prompt_generator.PromptGeneratorRegressionTests.test_audit_composed_prompt_warns_for_missing_visual_proposition) ... ok
test_audit_visual_proposition_applies_lightweight_observational_register (tests.test_prompt_generator.PromptGeneratorRegressionTests.test_audit_visual_proposition_applies_lightweight_observational_register) ... ok
test_batch_diversity_penalty_is_soft_and_forced_safe (tests.test_prompt_generator.PromptGeneratorRegressionTests.test_batch_diversity_penalty_is_soft_and_forced_safe) ... ok
test_beastkin_concept_rotates_liminal_bundles_and_preserves_role (tests.test_prompt_generator.PromptGeneratorRegressionTests.test_beastkin_concept_rotates_liminal_bundles_and_preserves_role) ... ok
test_beastkin_opt_in_species_are_alias_only_and_force_species_marker (tests.test_prompt_generator.PromptGeneratorRegressionTests.test_beastkin_opt_in_species_are_alias_only_and_force_species_marker) ... ok
test_beastkin_santa_and_sportswear_preserve_role_priority (tests.test_prompt_generator.PromptGeneratorRegressionTests.test_beastkin_santa_and_sportswear_preserve_role_priority) ... ok
test_beastkin_species_variants_are_deterministic_diverse_and_aliasable (tests.test_prompt_generator.PromptGeneratorRegressionTests.test_beastkin_species_variants_are_deterministic_diverse_and_aliasable) ... ok
test_botanical_greenhouse_uses_botanical_capture_context (tests.test_prompt_generator.PromptGeneratorRegressionTests.test_botanical_greenhouse_uses_botanical_capture_context) ... ok
test_broad_role_recipes_expose_multiple_scene_registers (tests.test_prompt_generator.PromptGeneratorRegressionTests.test_broad_role_recipes_expose_multiple_scene_registers) ... ok
test_bulpan_dogeza_alias_preserves_idol_role (tests.test_prompt_generator.PromptGeneratorRegressionTests.test_bulpan_dogeza_alias_preserves_idol_role) ... ok
test_candidate_pack_composes_quality_axes_across_domains (tests.test_prompt_generator.PromptGeneratorRegressionTests.test_candidate_pack_composes_quality_axes_across_domains) ... ok
test_candidate_pack_defaults_concept_resolution_to_soft_mode (tests.test_prompt_generator.PromptGeneratorRegressionTests.test_candidate_pack_defaults_concept_resolution_to_soft_mode) ... ok
test_candidate_pack_exposes_reference_scaffold_for_yandere (tests.test_prompt_generator.PromptGeneratorRegressionTests.test_candidate_pack_exposes_reference_scaffold_for_yandere) ... ok
test_candidate_pack_exposes_visual_proposition_layer (tests.test_prompt_generator.PromptGeneratorRegressionTests.test_candidate_pack_exposes_visual_proposition_layer) ... ok
test_candidate_pack_photographic_craft_degrades_to_generic_for_empty_facets (tests.test_prompt_generator.PromptGeneratorRegressionTests.test_candidate_pack_photographic_craft_degrades_to_generic_for_empty_facets) ... ok
test_candidate_pack_photographic_craft_holdout_generalizes_without_example_nouns (tests.test_prompt_generator.PromptGeneratorRegressionTests.test_candidate_pack_photographic_craft_holdout_generalizes_without_example_nouns) ... ok
test_candidate_pack_preserves_unmatched_concept_intents (tests.test_prompt_generator.PromptGeneratorRegressionTests.test_candidate_pack_preserves_unmatched_concept_intents) ... ok
test_candidate_pack_profiles_photographic_integration_for_cathedral (tests.test_prompt_generator.PromptGeneratorRegressionTests.test_candidate_pack_profiles_photographic_integration_for_cathedral) ... ok
test_candidate_pack_uses_object_facets_before_context_term_fallback (tests.test_prompt_generator.PromptGeneratorRegressionTests.test_candidate_pack_uses_object_facets_before_context_term_fallback) ... ok
test_cinematic_fantasy_portrait_uses_fantasy_prop_or_extreme_location (tests.test_prompt_generator.PromptGeneratorRegressionTests.test_cinematic_fantasy_portrait_uses_fantasy_prop_or_extreme_location) ... ok
test_clean_mirror_selfie_has_no_adult_slots (tests.test_prompt_generator.PromptGeneratorRegressionTests.test_clean_mirror_selfie_has_no_adult_slots) ... ok
test_clean_uniform_selfie_blocks_adult_only_slots (tests.test_prompt_generator.PromptGeneratorRegressionTests.test_clean_uniform_selfie_blocks_adult_only_slots) ... ok
test_cliche_weight_softly_reduces_dominant_free_slot_candidate (tests.test_prompt_generator.PromptGeneratorRegressionTests.test_cliche_weight_softly_reduces_dominant_free_slot_candidate) ... ok
test_coherent_diversity_slots_use_wider_candidate_window (tests.test_prompt_generator.PromptGeneratorRegressionTests.test_coherent_diversity_slots_use_wider_candidate_window) ... ok
test_compact_concept_lock_stays_label_free_and_single_paragraph (tests.test_prompt_generator.PromptGeneratorRegressionTests.test_compact_concept_lock_stays_label_free_and_single_paragraph) ... ok
test_compact_detail_level_is_available_through_wrapper (tests.test_prompt_generator.PromptGeneratorRegressionTests.test_compact_detail_level_is_available_through_wrapper) ... ok
test_compact_prompt_includes_forced_neutral_reactor_slots (tests.test_prompt_generator.PromptGeneratorRegressionTests.test_compact_prompt_includes_forced_neutral_reactor_slots) ... ok
test_compact_prompt_is_single_paragraph_label_free_and_reactor_sized (tests.test_prompt_generator.PromptGeneratorRegressionTests.test_compact_prompt_is_single_paragraph_label_free_and_reactor_sized) ... ok
test_compact_prompt_keeps_required_sections_when_many_optional_slots_are_forced (tests.test_prompt_generator.PromptGeneratorRegressionTests.test_compact_prompt_keeps_required_sections_when_many_optional_slots_are_forced) ... ok
test_compact_slots_presets_and_formats_are_registered (tests.test_prompt_generator.PromptGeneratorRegressionTests.test_compact_slots_presets_and_formats_are_registered) ... ok
test_compact_subject_modifiers_are_grouped_without_repeated_withs (tests.test_prompt_generator.PromptGeneratorRegressionTests.test_compact_subject_modifiers_are_grouped_without_repeated_withs) ... ok
test_company_worker_mixin_preserves_role_costumes_and_adds_corporate_layer (tests.test_prompt_generator.PromptGeneratorRegressionTests.test_company_worker_mixin_preserves_role_costumes_and_adds_corporate_layer) ... 
  test_company_worker_mixin_preserves_role_costumes_and_adds_corporate_layer (tests.test_prompt_generator.PromptGeneratorRegressionTests.test_company_worker_mixin_preserves_role_costumes_and_adds_corporate_layer) (concept='윈터 간호사 회사원') ... FAIL
  test_company_worker_mixin_preserves_role_costumes_and_adds_corporate_layer (tests.test_prompt_generator.PromptGeneratorRegressionTests.test_company_worker_mixin_preserves_role_costumes_and_adds_corporate_layer) (concept='닝닝 경찰 회사원') ... FAIL
test_company_worker_role_aliases_anchor_corporate_time_pressure (tests.test_prompt_generator.PromptGeneratorRegressionTests.test_company_worker_role_aliases_anchor_corporate_time_pressure) ... ok
test_concept_explicit_set_overrides_recipe_slots (tests.test_prompt_generator.PromptGeneratorRegressionTests.test_concept_explicit_set_overrides_recipe_slots) ... ok
test_concept_lock_is_available_through_wrapper (tests.test_prompt_generator.PromptGeneratorRegressionTests.test_concept_lock_is_available_through_wrapper) ... ok
test_concept_lock_is_rendered_before_generated_details (tests.test_prompt_generator.PromptGeneratorRegressionTests.test_concept_lock_is_rendered_before_generated_details) ... ok
test_concept_recipe_assassin_conditional_additional_is_data_driven (tests.test_prompt_generator.PromptGeneratorRegressionTests.test_concept_recipe_assassin_conditional_additional_is_data_driven) ... ok
test_concept_recipe_expands_bulpan_dogeza_as_public_pressure_mixin (tests.test_prompt_generator.PromptGeneratorRegressionTests.test_concept_recipe_expands_bulpan_dogeza_as_public_pressure_mixin) ... ok
test_concept_recipe_expands_devil_as_non_graphic_mixin (tests.test_prompt_generator.PromptGeneratorRegressionTests.test_concept_recipe_expands_devil_as_non_graphic_mixin) ... ok
test_concept_recipe_expands_femme_fatale_as_non_objectifying_mixin (tests.test_prompt_generator.PromptGeneratorRegressionTests.test_concept_recipe_expands_femme_fatale_as_non_objectifying_mixin) ... ok
test_concept_recipe_expands_succubus_as_non_graphic_mixin (tests.test_prompt_generator.PromptGeneratorRegressionTests.test_concept_recipe_expands_succubus_as_non_graphic_mixin) ... ok
test_concept_recipe_expands_tsundere_as_warm_denial_mixin (tests.test_prompt_generator.PromptGeneratorRegressionTests.test_concept_recipe_expands_tsundere_as_warm_denial_mixin) ... ok
test_concept_recipe_expands_vampire_as_non_graphic_mixin (tests.test_prompt_generator.PromptGeneratorRegressionTests.test_concept_recipe_expands_vampire_as_non_graphic_mixin) ... ok
test_concept_recipe_expands_white_bandage_fashion_as_couture_mixin (tests.test_prompt_generator.PromptGeneratorRegressionTests.test_concept_recipe_expands_white_bandage_fashion_as_couture_mixin) ... ok
test_concept_recipe_expands_yandere_as_non_graphic_mixin (tests.test_prompt_generator.PromptGeneratorRegressionTests.test_concept_recipe_expands_yandere_as_non_graphic_mixin) ... ok
test_concept_recipe_explain_combines_role_and_assassin_mixin (tests.test_prompt_generator.PromptGeneratorRegressionTests.test_concept_recipe_explain_combines_role_and_assassin_mixin) ... FAIL
test_concept_recipe_explain_expands_korean_role_to_forward_args (tests.test_prompt_generator.PromptGeneratorRegressionTests.test_concept_recipe_explain_expands_korean_role_to_forward_args) ... ok
test_concept_recipe_generation_records_expanded_argv_in_provenance (tests.test_prompt_generator.PromptGeneratorRegressionTests.test_concept_recipe_generation_records_expanded_argv_in_provenance) ... ok
test_concept_recipe_princess_base_uses_broad_royal_register_language (tests.test_prompt_generator.PromptGeneratorRegressionTests.test_concept_recipe_princess_base_uses_broad_royal_register_language) ... ok
test_concept_recipe_soft_mode_keeps_lock_and_axes_without_forced_slots (tests.test_prompt_generator.PromptGeneratorRegressionTests.test_concept_recipe_soft_mode_keeps_lock_and_axes_without_forced_slots) ... ok
test_concept_recipe_supporting_tags_are_registered (tests.test_prompt_generator.PromptGeneratorRegressionTests.test_concept_recipe_supporting_tags_are_registered) ... ok
test_concept_soft_spec_carries_v3_group_guard_and_priority_terms (tests.test_prompt_generator.PromptGeneratorRegressionTests.test_concept_soft_spec_carries_v3_group_guard_and_priority_terms) ... FAIL
test_concept_soft_spec_carries_v4_anchor_variants_and_alias (tests.test_prompt_generator.PromptGeneratorRegressionTests.test_concept_soft_spec_carries_v4_anchor_variants_and_alias) ... ok
test_concept_soft_spec_carries_v6_render_directives (tests.test_prompt_generator.PromptGeneratorRegressionTests.test_concept_soft_spec_carries_v6_render_directives) ... ok
test_concept_soft_spec_carries_v7_repair_and_gothloli_robot (tests.test_prompt_generator.PromptGeneratorRegressionTests.test_concept_soft_spec_carries_v7_repair_and_gothloli_robot) ... ok
test_context_guard_blocks_lab_lighting_in_family_archive_cafe (tests.test_prompt_generator.PromptGeneratorRegressionTests.test_context_guard_blocks_lab_lighting_in_family_archive_cafe) ... ok
test_context_guard_blocks_surveillance_composition_in_office_profile (tests.test_prompt_generator.PromptGeneratorRegressionTests.test_context_guard_blocks_surveillance_composition_in_office_profile) ... ok
test_craft_documentary_blocks_fashion_modifier_slots (tests.test_prompt_generator.PromptGeneratorRegressionTests.test_craft_documentary_blocks_fashion_modifier_slots) ... ok
test_creative_photo_presets_are_registered_and_non_adult (tests.test_prompt_generator.PromptGeneratorRegressionTests.test_creative_photo_presets_are_registered_and_non_adult) ... ok
test_cross_mode_preserves_forced_prompt_facts (tests.test_prompt_generator.PromptGeneratorRegressionTests.test_cross_mode_preserves_forced_prompt_facts) ... ok
test_cross_mode_section_order_is_stable (tests.test_prompt_generator.PromptGeneratorRegressionTests.test_cross_mode_section_order_is_stable) ... ok
test_default_semantic_missing_index_falls_back_to_rule (tests.test_prompt_generator.PromptGeneratorRegressionTests.test_default_semantic_missing_index_falls_back_to_rule) ... ok
test_detailed_prompt_surfaces_prop (tests.test_prompt_generator.PromptGeneratorRegressionTests.test_detailed_prompt_surfaces_prop) ... ok
test_devil_concept_prompt_avoids_product_commercial_drift (tests.test_prompt_generator.PromptGeneratorRegressionTests.test_devil_concept_prompt_avoids_product_commercial_drift) ... ok
test_devil_mixin_preserves_role_costume_and_contract_anchor (tests.test_prompt_generator.PromptGeneratorRegressionTests.test_devil_mixin_preserves_role_costume_and_contract_anchor) ... ok
test_devil_role_batch_limits_reflection_primary_anchors (tests.test_prompt_generator.PromptGeneratorRegressionTests.test_devil_role_batch_limits_reflection_primary_anchors) ... ok
test_devil_role_batch_uses_role_specific_anchors (tests.test_prompt_generator.PromptGeneratorRegressionTests.test_devil_role_batch_uses_role_specific_anchors) ... ok
test_devil_standalone_variants_include_systemic_and_trickster_modes (tests.test_prompt_generator.PromptGeneratorRegressionTests.test_devil_standalone_variants_include_systemic_and_trickster_modes) ... ok
test_dictionary_validator_rejects_control_language_in_public_visual_text (tests.test_prompt_generator.PromptGeneratorRegressionTests.test_dictionary_validator_rejects_control_language_in_public_visual_text) ... ok
test_dictionary_validator_rejects_control_language_in_visual_scene_atoms (tests.test_prompt_generator.PromptGeneratorRegressionTests.test_dictionary_validator_rejects_control_language_in_visual_scene_atoms) ... ok
test_dictionary_validator_rejects_invalid_semantic_policy_match_rule (tests.test_prompt_generator.PromptGeneratorRegressionTests.test_dictionary_validator_rejects_invalid_semantic_policy_match_rule) ... ok
test_dictionary_validator_rejects_photographic_craft_terms_field (tests.test_prompt_generator.PromptGeneratorRegressionTests.test_dictionary_validator_rejects_photographic_craft_terms_field) ... ok
test_dictionary_validator_rejects_retired_quality_source_traces (tests.test_prompt_generator.PromptGeneratorRegressionTests.test_dictionary_validator_rejects_retired_quality_source_traces) ... ok
test_dictionary_validator_rejects_retired_runtime_metadata (tests.test_prompt_generator.PromptGeneratorRegressionTests.test_dictionary_validator_rejects_retired_runtime_metadata) ... ok
test_dictionary_validator_rejects_runtime_process_metadata (tests.test_prompt_generator.PromptGeneratorRegressionTests.test_dictionary_validator_rejects_runtime_process_metadata) ... ok
test_dictionary_validator_rejects_unknown_coherence_rule_id (tests.test_prompt_generator.PromptGeneratorRegressionTests.test_dictionary_validator_rejects_unknown_coherence_rule_id) ... ok
test_dictionary_validator_rejects_unknown_facet_guard (tests.test_prompt_generator.PromptGeneratorRegressionTests.test_dictionary_validator_rejects_unknown_facet_guard) ... ok
test_dictionary_validator_rejects_unknown_motif_pool_slot_id (tests.test_prompt_generator.PromptGeneratorRegressionTests.test_dictionary_validator_rejects_unknown_motif_pool_slot_id) ... ok
test_dictionary_validator_rejects_unknown_photographic_craft_facet_match (tests.test_prompt_generator.PromptGeneratorRegressionTests.test_dictionary_validator_rejects_unknown_photographic_craft_facet_match) ... ok
test_dictionary_validator_rejects_unknown_quality_layer_facet_match (tests.test_prompt_generator.PromptGeneratorRegressionTests.test_dictionary_validator_rejects_unknown_quality_layer_facet_match) ... ok
test_dictionary_validator_rejects_unknown_quality_profile_guards (tests.test_prompt_generator.PromptGeneratorRegressionTests.test_dictionary_validator_rejects_unknown_quality_profile_guards) ... ok
test_dictionary_validator_rejects_unknown_semantic_metadata_id (tests.test_prompt_generator.PromptGeneratorRegressionTests.test_dictionary_validator_rejects_unknown_semantic_metadata_id) ... 