test_all_14_historical_fixed_roles_reject_authority_and_value_mutations (tests.test_subculture_illustration_universal_scene_v3.UniversalSceneCurrentOracleV2Tests.test_all_14_historical_fixed_roles_reject_authority_and_value_mutations) ... ok
test_crosswalk_guards_closed_outcomes_and_tone_carriers_are_typed (tests.test_subculture_illustration_universal_scene_v3.UniversalSceneCurrentOracleV2Tests.test_crosswalk_guards_closed_outcomes_and_tone_carriers_are_typed) ... ok
test_current_contract_scope_binding_and_relative_pointer_mutations_reject (tests.test_subculture_illustration_universal_scene_v3.UniversalSceneCurrentOracleV2Tests.test_current_contract_scope_binding_and_relative_pointer_mutations_reject) ... ok
test_current_contract_v2_is_literal_partitioned_and_case12_is_actor_scoped (tests.test_subculture_illustration_universal_scene_v3.UniversalSceneCurrentOracleV2Tests.test_current_contract_v2_is_literal_partitioned_and_case12_is_actor_scoped) ... ok
test_current_oracle_exact_projection_lineage_and_mapping_totals (tests.test_subculture_illustration_universal_scene_v3.UniversalSceneCurrentOracleV2Tests.test_current_oracle_exact_projection_lineage_and_mapping_totals) ... ok
test_descriptive_baseline_cannot_override_module_or_manifest_authority (tests.test_subculture_illustration_universal_scene_v3.UniversalSceneCurrentOracleV2Tests.test_descriptive_baseline_cannot_override_module_or_manifest_authority) ... ok
test_production_runtime_cannot_load_holdout_or_branch_on_case_id (tests.test_subculture_illustration_universal_scene_v3.UniversalSceneCurrentOracleV2Tests.test_production_runtime_cannot_load_holdout_or_branch_on_case_id) ... ok
test_projection_lineage_revision_mapping_and_closed_bridge_mutations_reject (tests.test_subculture_illustration_universal_scene_v3.UniversalSceneCurrentOracleV2Tests.test_projection_lineage_revision_mapping_and_closed_bridge_mutations_reject) ... ok
test_raw_source_current_crosswalk_manifest_and_v1_baseline_hashes_fail_closed (tests.test_subculture_illustration_universal_scene_v3.UniversalSceneCurrentOracleV2Tests.test_raw_source_current_crosswalk_manifest_and_v1_baseline_hashes_fail_closed) ... ok
test_asset_ref_predicate_topic_and_pair_mutations_fail_closed (tests.test_subculture_illustration_universal_scene_v3.UniversalSceneDataContractTests.test_asset_ref_predicate_topic_and_pair_mutations_fail_closed) ... ok
test_executable_assets_cover_topics_and_all_typed_refs (tests.test_subculture_illustration_universal_scene_v3.UniversalSceneDataContractTests.test_executable_assets_cover_topics_and_all_typed_refs) ... ok
test_existing_render_manifests_keep_historical_failure_labels (tests.test_subculture_illustration_universal_scene_v3.UniversalSceneDataContractTests.test_existing_render_manifests_keep_historical_failure_labels) ... ERROR
test_fixed_prop_eligibility_uses_only_the_generic_carrier (tests.test_subculture_illustration_universal_scene_v3.UniversalSceneDataContractTests.test_fixed_prop_eligibility_uses_only_the_generic_carrier) ... ok
test_frozen_trace_source_authorities_fail_closed (tests.test_subculture_illustration_universal_scene_v3.UniversalSceneDataContractTests.test_frozen_trace_source_authorities_fail_closed) ... ok
test_literal_visual_realization_profiles_are_exact_and_fail_closed (tests.test_subculture_illustration_universal_scene_v3.UniversalSceneDataContractTests.test_literal_visual_realization_profiles_are_exact_and_fail_closed) ... ok
test_pre_universal_v2_and_cli_baseline_hashes_fail_closed (tests.test_subculture_illustration_universal_scene_v3.UniversalSceneDataContractTests.test_pre_universal_v2_and_cli_baseline_hashes_fail_closed) ... ok
test_quiet_theme_source_is_independently_zero_displacement (tests.test_subculture_illustration_universal_scene_v3.UniversalSceneDataContractTests.test_quiet_theme_source_is_independently_zero_displacement) ... ok
test_research_counts_provenance_and_all_six_raw_shard_hashes (tests.test_subculture_illustration_universal_scene_v3.UniversalSceneDataContractTests.test_research_counts_provenance_and_all_six_raw_shard_hashes) ... ok
test_scene_contracts_are_literal_hash_bound_and_cover_all_topics (tests.test_subculture_illustration_universal_scene_v3.UniversalSceneDataContractTests.test_scene_contracts_are_literal_hash_bound_and_cover_all_topics) ... ok
test_semantic_effect_registry_is_independently_empty_for_all_126_sources (tests.test_subculture_illustration_universal_scene_v3.UniversalSceneDataContractTests.test_semantic_effect_registry_is_independently_empty_for_all_126_sources) ... ok
test_all_24_composition_carriers_support_clean_literal_evidence (tests.test_subculture_illustration_universal_scene_v3.UniversalSceneRuntimeContractTests.test_all_24_composition_carriers_support_clean_literal_evidence) ... ok
test_all_24_execute_every_compiled_obligation_deterministically (tests.test_subculture_illustration_universal_scene_v3.UniversalSceneRuntimeContractTests.test_all_24_execute_every_compiled_obligation_deterministically) ... ok
test_all_24_packs_satisfy_reviewed_bridge_obligations_and_additive_bands (tests.test_subculture_illustration_universal_scene_v3.UniversalSceneRuntimeContractTests.test_all_24_packs_satisfy_reviewed_bridge_obligations_and_additive_bands) ... ok
test_all_24_v3_packs_are_exactly_deterministic_and_integrity_clean (tests.test_subculture_illustration_universal_scene_v3.UniversalSceneRuntimeContractTests.test_all_24_v3_packs_are_exactly_deterministic_and_integrity_clean) ... ok
test_apple_hammer_machine_gun_preserve_roles_with_increasing_load (tests.test_subculture_illustration_universal_scene_v3.UniversalSceneRuntimeContractTests.test_apple_hammer_machine_gun_preserve_roles_with_increasing_load) ... ok
test_asserted_identity_polarity_rejects_absence_not_contrast (tests.test_subculture_illustration_universal_scene_v3.UniversalSceneRuntimeContractTests.test_asserted_identity_polarity_rejects_absence_not_contrast) ... ok
test_compiled_obligation_owner_joins_reject_global_substitutions (tests.test_subculture_illustration_universal_scene_v3.UniversalSceneRuntimeContractTests.test_compiled_obligation_owner_joins_reject_global_substitutions) ... ok
test_coordinated_weapon_negative_list_keeps_scope_at_ingress (tests.test_subculture_illustration_universal_scene_v3.UniversalSceneRuntimeContractTests.test_coordinated_weapon_negative_list_keeps_scope_at_ingress) ... ok
test_exact_evidence_phrase_reuse_is_bounded_at_eight_links (tests.test_subculture_illustration_universal_scene_v3.UniversalSceneRuntimeContractTests.test_exact_evidence_phrase_reuse_is_bounded_at_eight_links) ... ok
test_fixed_slot_composition_evidence_cannot_be_omitted (tests.test_subculture_illustration_universal_scene_v3.UniversalSceneRuntimeContractTests.test_fixed_slot_composition_evidence_cannot_be_omitted) ... ok
test_forbidden_identity_polarity_requires_scoped_negation (tests.test_subculture_illustration_universal_scene_v3.UniversalSceneRuntimeContractTests.test_forbidden_identity_polarity_requires_scoped_negation) ... ok
test_frozen_traces_replay_at_runtime_and_independent_audit_boundaries (tests.test_subculture_illustration_universal_scene_v3.UniversalSceneRuntimeContractTests.test_frozen_traces_replay_at_runtime_and_independent_audit_boundaries) ... ok
test_human_nonhuman_faceless_limbless_four_arm_and_no_prop_resources (tests.test_subculture_illustration_universal_scene_v3.UniversalSceneRuntimeContractTests.test_human_nonhuman_faceless_limbless_four_arm_and_no_prop_resources) ... ok
test_mixed_contract_effect_reassertion_is_blocked_at_ingress_and_audit (tests.test_subculture_illustration_universal_scene_v3.UniversalSceneRuntimeContractTests.test_mixed_contract_effect_reassertion_is_blocked_at_ingress_and_audit) ... ok
test_mixed_hand_and_navigation_effects_are_blocked_at_ingress (tests.test_subculture_illustration_universal_scene_v3.UniversalSceneRuntimeContractTests.test_mixed_hand_and_navigation_effects_are_blocked_at_ingress) ... ok
test_pack_mutations_reject_core_orphan_remote_closed_and_resources (tests.test_subculture_illustration_universal_scene_v3.UniversalSceneRuntimeContractTests.test_pack_mutations_reject_core_orphan_remote_closed_and_resources) ... ok
test_prior_exposure_ids_are_unique_recorded_and_replayed (tests.test_subculture_illustration_universal_scene_v3.UniversalSceneRuntimeContractTests.test_prior_exposure_ids_are_unique_recorded_and_replayed) ... ok
test_runtime_selected_role_sources_reject_authority_substitution (tests.test_subculture_illustration_universal_scene_v3.UniversalSceneRuntimeContractTests.test_runtime_selected_role_sources_reject_authority_substitution) ... ok
test_same_core_creativity_changes_distribution_not_identity_or_hard_gates (tests.test_subculture_illustration_universal_scene_v3.UniversalSceneRuntimeContractTests.test_same_core_creativity_changes_distribution_not_identity_or_hard_gates) ... ok
test_scene_contract_hash_literal_and_closed_slot_mutations_reject (tests.test_subculture_illustration_universal_scene_v3.UniversalSceneRuntimeContractTests.test_scene_contract_hash_literal_and_closed_slot_mutations_reject) ... ok
test_unicode_lexical_and_newline_sentence_budgets_fail_closed (tests.test_subculture_illustration_universal_scene_v3.UniversalSceneRuntimeContractTests.test_unicode_lexical_and_newline_sentence_budgets_fail_closed) ... ok
test_unsupported_emotion_culture_age_gaze_and_weapon_inference_rejects (tests.test_subculture_illustration_universal_scene_v3.UniversalSceneRuntimeContractTests.test_unsupported_emotion_culture_age_gaze_and_weapon_inference_rejects) ... ok
test_v1_v2_exact_replay_and_photo_baseline_remain_immutable (tests.test_subculture_illustration_universal_scene_v3.UniversalSceneRuntimeContractTests.test_v1_v2_exact_replay_and_photo_baseline_remain_immutable) ... ERROR
test_min_denial_candidate_survives (tests.test_soft_anchor_pools.AnchorReachabilityGuardTests.test_min_denial_candidate_survives) ... ok
test_no_anchors_noop (tests.test_soft_anchor_pools.AnchorReachabilityGuardTests.test_no_anchors_noop) ... ok
test_non_subject_slot_noop (tests.test_soft_anchor_pools.AnchorReachabilityGuardTests.test_non_subject_slot_noop) ... ok
test_recipe_default_soft_applies_when_mode_not_explicit (tests.test_soft_anchor_pools.ConceptModeDefaultTests.test_recipe_default_soft_applies_when_mode_not_explicit) ... ok
test_without_recipe_default_mode_stays_legacy (tests.test_soft_anchor_pools.ConceptModeDefaultTests.test_without_recipe_default_mode_stays_legacy) ... ok
test_blocked_entry_dropped_when_no_replacement (tests.test_soft_anchor_pools.ContractReconcileTests.test_blocked_entry_dropped_when_no_replacement) ... ok
test_blocked_entry_is_reselected (tests.test_soft_anchor_pools.ContractReconcileTests.test_blocked_entry_is_reselected) ... ok
test_clean_picks_untouched (tests.test_soft_anchor_pools.ContractReconcileTests.test_clean_picks_untouched) ... ok
test_forced_slot_protected (tests.test_soft_anchor_pools.ContractReconcileTests.test_forced_slot_protected) ... ok
test_orphan_group_floor_is_clamped (tests.test_soft_anchor_pools.OrphanFloorClampTests.test_orphan_group_floor_is_clamped) ... ok
test_cafe_portrait_is_not_food (tests.test_soft_anchor_pools.PresetDomainInferenceTests.test_cafe_portrait_is_not_food) ... ok
test_real_food_terms_still_match (tests.test_soft_anchor_pools.PresetDomainInferenceTests.test_real_food_terms_still_match) ... ok
test_apply_soft_anchor_bias_uses_pool_weight (tests.test_soft_anchor_pools.SoftAnchorPoolWeightTests.test_apply_soft_anchor_bias_uses_pool_weight) ... ok
test_pool_weight_lookup (tests.test_soft_anchor_pools.SoftAnchorPoolWeightTests.test_pool_weight_lookup) ... ok
test_bias_compensation_restores_nominal_factor (tests.test_soft_anchor_pools.SoftReliabilityImprovementTests.test_bias_compensation_restores_nominal_factor) ... ok
test_bias_without_semantic_context_keeps_raw_factor (tests.test_soft_anchor_pools.SoftReliabilityImprovementTests.test_bias_without_semantic_context_keeps_raw_factor) ... ok
test_floor_noop_without_anchor_pool (tests.test_soft_anchor_pools.SoftReliabilityImprovementTests.test_floor_noop_without_anchor_pool) ... ok
test_primary_tier_between_base_and_critical (tests.test_soft_anchor_pools.SoftReliabilityImprovementTests.test_primary_tier_between_base_and_critical) ... ok
test_selected_rate_floor_spec_override (tests.test_soft_anchor_pools.SoftReliabilityImprovementTests.test_selected_rate_floor_spec_override) ... ok
test_semantic_base_power_table (tests.test_soft_anchor_pools.SoftReliabilityImprovementTests.test_semantic_base_power_table) ... ok
test_slot_mass_cap (tests.test_soft_anchor_pools.SoftReliabilityImprovementTests.test_slot_mass_cap) ... ok
test_slot_mass_floor_without_variant_group (tests.test_soft_anchor_pools.SoftReliabilityImprovementTests.test_slot_mass_floor_without_variant_group) ... ok
test_full_match_passes (tests.test_soft_anchor_pools.SourceRateFloorTests.test_full_match_passes) ... ok
test_mixin_rate_below_default_floor_fails (tests.test_soft_anchor_pools.SourceRateFloorTests.test_mixin_rate_below_default_floor_fails) ... ok
test_spec_override_relaxes_floor (tests.test_soft_anchor_pools.SourceRateFloorTests.test_spec_override_relaxes_floor) ... ok
test_steering_preserves_anchor_pool_members (tests.test_soft_anchor_pools.SteeringAnchorPreservationTests.test_steering_preserves_anchor_pool_members) ... ok
test_steering_without_anchor_ids_unchanged (tests.test_soft_anchor_pools.SteeringAnchorPreservationTests.test_steering_without_anchor_ids_unchanged) ... ok
test_anchor_pool_for_slot_accepts_weighted_entries (tests.test_soft_anchor_pools.WeightedPoolNormalizationTests.test_anchor_pool_for_slot_accepts_weighted_entries) ... ok
test_normalize_weighted_pool_ignores_invalid_entries (tests.test_soft_anchor_pools.WeightedPoolNormalizationTests.test_normalize_weighted_pool_ignores_invalid_entries) ... ok
test_normalize_weighted_pool_mixes_strings_and_objects (tests.test_soft_anchor_pools.WeightedPoolNormalizationTests.test_normalize_weighted_pool_mixes_strings_and_objects) ... ok
test_specs_carry_pool_weights_into_built_spec (tests.test_soft_anchor_pools.WeightedPoolNormalizationTests.test_specs_carry_pool_weights_into_built_spec) ... ok
test_applicable_pixel_gates_are_derived_from_final_review (tests.test_photo_embodiment.EmbodimentContractTests.test_applicable_pixel_gates_are_derived_from_final_review) ... ok
test_body_action_cannot_omit_checks_or_mark_everything_inapplicable (tests.test_photo_embodiment.EmbodimentContractTests.test_body_action_cannot_omit_checks_or_mark_everything_inapplicable) ... ok
test_final_prompt_change_requires_a_new_review (tests.test_photo_embodiment.EmbodimentContractTests.test_final_prompt_change_requires_a_new_review) ... ok
test_final_review_cannot_downgrade_material_action (tests.test_photo_embodiment.EmbodimentContractTests.test_final_review_cannot_downgrade_material_action) ... ok
test_freezing_review_does_not_mutate_semantic_core_or_prompt (tests.test_photo_embodiment.EmbodimentContractTests.test_freezing_review_does_not_mutate_semantic_core_or_prompt) ... ok
test_legacy_packs_stay_replayable_without_a_new_review_claim (tests.test_photo_embodiment.EmbodimentContractTests.test_legacy_packs_stay_replayable_without_a_new_review_claim) ... ok
test_material_baseline_check_cannot_be_suppressed_after_composition (tests.test_photo_embodiment.EmbodimentContractTests.test_material_baseline_check_cannot_be_suppressed_after_composition) ... ok
test_missing_evidence_and_nonliteral_controls_do_not_pass (tests.test_photo_embodiment.EmbodimentContractTests.test_missing_evidence_and_nonliteral_controls_do_not_pass) ... ok
test_missing_or_mutated_policy_is_not_silently_downgraded (tests.test_photo_embodiment.EmbodimentContractTests.test_missing_or_mutated_policy_is_not_silently_downgraded) ... ok
test_newly_reviewed_lighting_variation_preserves_contact (tests.test_photo_embodiment.EmbodimentContractTests.test_newly_reviewed_lighting_variation_preserves_contact) ... ok
test_requested_unusual_structure_is_retained_with_grounded_evidence (tests.test_photo_embodiment.EmbodimentContractTests.test_requested_unusual_structure_is_retained_with_grounded_evidence) ... ok
test_runtime_requires_binding_and_rejects_added_positive_prose (tests.test_photo_embodiment.EmbodimentContractTests.test_runtime_requires_binding_and_rejects_added_positive_prose) ... ok
test_stale_baseline_and_wrong_authoring_phase_are_rejected (tests.test_photo_embodiment.EmbodimentContractTests.test_stale_baseline_and_wrong_authoring_phase_are_rejected) ... ok
test_still_life_can_remain_inapplicable_without_inventing_an_actor (tests.test_photo_embodiment.EmbodimentContractTests.test_still_life_can_remain_inapplicable_without_inventing_an_actor) ... ok
test_unrelated_animal_motion_uses_its_own_structure (tests.test_photo_embodiment.EmbodimentContractTests.test_unrelated_animal_motion_uses_its_own_structure) ... ok
test_unresolved_or_repair_needed_findings_block_every_check (tests.test_photo_embodiment.EmbodimentContractTests.test_unresolved_or_repair_needed_findings_block_every_check) ... ok
test_composed_audit_and_compact_view_preserve_the_new_contract (tests.test_photo_embodiment.EmbodimentPipelineTests.test_composed_audit_and_compact_view_preserve_the_new_contract) ... ok
test_pixel_review_requires_new_gates_without_claiming_real_pixels (tests.test_photo_embodiment.EmbodimentPipelineTests.test_pixel_review_requires_new_gates_without_claiming_real_pixels) ... ok
test_runtime_auditor_checks_full_reviewed_input (tests.test_photo_embodiment.EmbodimentPipelineTests.test_runtime_auditor_checks_full_reviewed_input) ... ok
test_wrapper_emits_bound_policy_without_retrieving_review_prose (tests.test_photo_embodiment.EmbodimentPipelineTests.test_wrapper_emits_bound_policy_without_retrieving_review_prose) ... 