test_all_29_direct_selections_compile_and_audit (tests.test_subculture_illustration_moe_elements.SubcultureIllustrationMoeElementTests.test_all_29_direct_selections_compile_and_audit) ... ok
test_inventory_is_exact_34_origin_articles_to_29_elements (tests.test_subculture_illustration_moe_elements.SubcultureIllustrationMoeElementTests.test_inventory_is_exact_34_origin_articles_to_29_elements) ... ok
test_all_29_neutral_requests_choose_canonical_research_candidates (tests.test_subculture_illustration_moe_elements.SubcultureIllustrationMoeGrammarV2Tests.test_all_29_neutral_requests_choose_canonical_research_candidates) ... ok
test_all_29_preferences_select_the_expected_material_variant (tests.test_subculture_illustration_moe_elements.SubcultureIllustrationMoeGrammarV2Tests.test_all_29_preferences_select_the_expected_material_variant) ... ok
test_compiled_grammar_is_reproducible_and_research_rich (tests.test_subculture_illustration_moe_elements.SubcultureIllustrationMoeGrammarV2Tests.test_compiled_grammar_is_reproducible_and_research_rich) ... ok
test_complete_reviewed_aliases_are_explicit_inputs_not_concept_scans (tests.test_subculture_illustration_moe_elements.SubcultureIllustrationMoeGrammarV2Tests.test_complete_reviewed_aliases_are_explicit_inputs_not_concept_scans) ... ok
test_conflicts_and_representation_limits_fail_closed (tests.test_subculture_illustration_moe_elements.SubcultureIllustrationMoeGrammarV2Tests.test_conflicts_and_representation_limits_fail_closed) ... ok
test_creative_cue_changes_development_not_stored_creativity (tests.test_subculture_illustration_moe_elements.SubcultureIllustrationMoeGrammarV2Tests.test_creative_cue_changes_development_not_stored_creativity) ... ok
test_existing_safety_retry_and_photo_baseline_assets_are_byte_stable (tests.test_subculture_illustration_moe_elements.SubcultureIllustrationMoeGrammarV2Tests.test_existing_safety_retry_and_photo_baseline_assets_are_byte_stable) ... ok
test_prompt_and_plan_mutations_are_rejected (tests.test_subculture_illustration_moe_elements.SubcultureIllustrationMoeGrammarV2Tests.test_prompt_and_plan_mutations_are_rejected) ... ok
test_six_cross_element_cases_use_one_global_primary_and_two_supports (tests.test_subculture_illustration_moe_elements.SubcultureIllustrationMoeGrammarV2Tests.test_six_cross_element_cases_use_one_global_primary_and_two_supports) ... ok
test_six_representative_combinations (tests.test_subculture_illustration_moe_elements.SubcultureIllustrationMoeGrammarV2Tests.test_six_representative_combinations) ... ok
test_twelve_prompt_evidence_comparisons_are_bound_to_current_grammar (tests.test_subculture_illustration_moe_elements.SubcultureIllustrationMoeGrammarV2Tests.test_twelve_prompt_evidence_comparisons_are_bound_to_current_grammar) ... ok
test_unrequested_elements_and_sparse_evidence_mutations_fail_closed (tests.test_subculture_illustration_moe_elements.SubcultureIllustrationMoeGrammarV2Tests.test_unrequested_elements_and_sparse_evidence_mutations_fail_closed) ... ok
test_all_neutral_and_preference_requests_bind_and_audit_meaning (tests.test_subculture_illustration_moe_elements.SubcultureIllustrationMoeGrammarV3Tests.test_all_neutral_and_preference_requests_bind_and_audit_meaning) ... ok
test_safe_analogue_and_medium_capability_cannot_be_overclaimed (tests.test_subculture_illustration_moe_elements.SubcultureIllustrationMoeGrammarV3Tests.test_safe_analogue_and_medium_capability_cannot_be_overclaimed) ... ok
test_sensitive_label_component_and_contract_mutations_fail_closed (tests.test_subculture_illustration_moe_elements.SubcultureIllustrationMoeGrammarV3Tests.test_sensitive_label_component_and_contract_mutations_fail_closed) ... ok
test_v3_compile_is_reproducible_and_all_meanings_are_normalized (tests.test_subculture_illustration_moe_elements.SubcultureIllustrationMoeGrammarV3Tests.test_v3_compile_is_reproducible_and_all_meanings_are_normalized) ... ok
test_v3_qualification_is_bound_to_current_assets (tests.test_subculture_illustration_moe_elements.SubcultureIllustrationMoeGrammarV3Tests.test_v3_qualification_is_bound_to_current_assets) ... ok
test_alias_relations_activate_or_reject_without_silent_substitution (tests.test_subculture_illustration_moe_elements.SubcultureIllustrationMoeGrammarV4Tests.test_alias_relations_activate_or_reject_without_silent_substitution) ... ok
test_all_29_canonical_elements_emit_and_audit_visual_evidence (tests.test_subculture_illustration_moe_elements.SubcultureIllustrationMoeGrammarV4Tests.test_all_29_canonical_elements_emit_and_audit_visual_evidence) ... ok
test_negative_confound_is_pixel_review_not_a_lexical_ban (tests.test_subculture_illustration_moe_elements.SubcultureIllustrationMoeGrammarV4Tests.test_negative_confound_is_pixel_review_not_a_lexical_ban) ... ok
test_sensitive_label_is_omitted_while_visual_geometry_stays_exact (tests.test_subculture_illustration_moe_elements.SubcultureIllustrationMoeGrammarV4Tests.test_sensitive_label_is_omitted_while_visual_geometry_stays_exact) ... ok
test_six_multi_element_cases_share_visual_mode_and_sparse_budget (tests.test_subculture_illustration_moe_elements.SubcultureIllustrationMoeGrammarV4Tests.test_six_multi_element_cases_share_visual_mode_and_sparse_budget) ... ok
test_v4_qualification_covers_all_canonical_and_alias_contracts (tests.test_subculture_illustration_moe_elements.SubcultureIllustrationMoeGrammarV4Tests.test_v4_qualification_covers_all_canonical_and_alias_contracts) ... ok
test_variant_alias_forces_one_lineage_without_cross_variant_mixing (tests.test_subculture_illustration_moe_elements.SubcultureIllustrationMoeGrammarV4Tests.test_variant_alias_forces_one_lineage_without_cross_variant_mixing) ... ok
test_visual_assets_and_v4_grammar_are_reproducible_and_complete (tests.test_subculture_illustration_moe_elements.SubcultureIllustrationMoeGrammarV4Tests.test_visual_assets_and_v4_grammar_are_reproducible_and_complete) ... ok
test_visual_phrase_contract_and_medium_mutations_fail_closed (tests.test_subculture_illustration_moe_elements.SubcultureIllustrationMoeGrammarV4Tests.test_visual_phrase_contract_and_medium_mutations_fail_closed) ... ok
test_added_keyword_variants_remain_semantically_separate (tests.test_subculture_illustration_moe_elements.SubcultureIllustrationMoeGrammarV5Tests.test_added_keyword_variants_remain_semantically_separate) ... ok
test_added_related_terms_fail_closed (tests.test_subculture_illustration_moe_elements.SubcultureIllustrationMoeGrammarV5Tests.test_added_related_terms_fail_closed) ... ok
test_additions_manifest_and_qualification_are_reproducible (tests.test_subculture_illustration_moe_elements.SubcultureIllustrationMoeGrammarV5Tests.test_additions_manifest_and_qualification_are_reproducible) ... ok
test_all_seven_requested_keywords_bind_and_audit (tests.test_subculture_illustration_moe_elements.SubcultureIllustrationMoeGrammarV5Tests.test_all_seven_requested_keywords_bind_and_audit) ... ok
test_ambiguous_cat_pose_and_related_terms_fail_closed (tests.test_subculture_illustration_moe_elements.SubcultureIllustrationMoeGrammarV5Tests.test_ambiguous_cat_pose_and_related_terms_fail_closed) ... ok
test_non_equivalent_archetypes_do_not_silently_activate_each_other (tests.test_subculture_illustration_moe_elements.SubcultureIllustrationMoeGrammarV5Tests.test_non_equivalent_archetypes_do_not_silently_activate_each_other) ... ok
test_ntr_variants_separate_viewpoint_and_prior_relationship (tests.test_subculture_illustration_moe_elements.SubcultureIllustrationMoeGrammarV5Tests.test_ntr_variants_separate_viewpoint_and_prior_relationship) ... ok
test_sensitive_runtime_labels_are_omitted_but_geometry_remains (tests.test_subculture_illustration_moe_elements.SubcultureIllustrationMoeGrammarV5Tests.test_sensitive_runtime_labels_are_omitted_but_geometry_remains) ... ok
test_ten_added_visual_keywords_bind_and_audit (tests.test_subculture_illustration_moe_elements.SubcultureIllustrationMoeGrammarV5Tests.test_ten_added_visual_keywords_bind_and_audit) ... ok
test_visual_addition_hash_mutation_fails_even_after_pack_rehash (tests.test_subculture_illustration_moe_elements.SubcultureIllustrationMoeGrammarV5Tests.test_visual_addition_hash_mutation_fails_even_after_pack_rehash) ... ok
test_aggregate_validator_does_not_hide_partial_pixel_qualification (tests.test_subculture_illustration_contract_v1.SubcultureIllustrationContractV1Tests.test_aggregate_validator_does_not_hide_partial_pixel_qualification) ... ERROR
test_all_24_frozen_requests_resolve_exact_route_variant_and_sparse_edge (tests.test_subculture_illustration_contract_v1.SubcultureIllustrationContractV1Tests.test_all_24_frozen_requests_resolve_exact_route_variant_and_sparse_edge) ... ok
test_asset_validator_passes_with_frozen_counts (tests.test_subculture_illustration_contract_v1.SubcultureIllustrationContractV1Tests.test_asset_validator_passes_with_frozen_counts) ... ok
test_audit_binding_uses_the_skill_specific_core (tests.test_subculture_illustration_contract_v1.SubcultureIllustrationContractV1Tests.test_audit_binding_uses_the_skill_specific_core) ... ok
test_canonical_pack_id_tamper_is_distinguished_from_composed_failure (tests.test_subculture_illustration_contract_v1.SubcultureIllustrationContractV1Tests.test_canonical_pack_id_tamper_is_distinguished_from_composed_failure) ... ok
test_case01_v2_preflight_is_clean_frozen_and_generation_free (tests.test_subculture_illustration_contract_v1.SubcultureIllustrationContractV1Tests.test_case01_v2_preflight_is_clean_frozen_and_generation_free) ... ok
test_case01_v2_preflight_mutations_fail_closed (tests.test_subculture_illustration_contract_v1.SubcultureIllustrationContractV1Tests.test_case01_v2_preflight_mutations_fail_closed) ... ok
test_case01_v2_successor_cannot_promote_a_failed_carrier (tests.test_subculture_illustration_contract_v1.SubcultureIllustrationContractV1Tests.test_case01_v2_successor_cannot_promote_a_failed_carrier) ... ok
test_case01_v2_successor_preserves_both_failed_roles (tests.test_subculture_illustration_contract_v1.SubcultureIllustrationContractV1Tests.test_case01_v2_successor_preserves_both_failed_roles) ... ok
test_case01_v3_preflight_records_distinct_authorized_carriers (tests.test_subculture_illustration_contract_v1.SubcultureIllustrationContractV1Tests.test_case01_v3_preflight_records_distinct_authorized_carriers) ... ok
test_case01_v3_primary_hash_or_role_mutations_fail_closed (tests.test_subculture_illustration_contract_v1.SubcultureIllustrationContractV1Tests.test_case01_v3_primary_hash_or_role_mutations_fail_closed) ... ok
test_case01_v3_primary_pass_preserves_prior_failures (tests.test_subculture_illustration_contract_v1.SubcultureIllustrationContractV1Tests.test_case01_v3_primary_pass_preserves_prior_failures) ... ok
test_composed_contract_mutations_fail_without_pack_integrity_errors (tests.test_subculture_illustration_contract_v1.SubcultureIllustrationContractV1Tests.test_composed_contract_mutations_fail_without_pack_integrity_errors) ... ok
test_constructed_equal_priority_route_collision_fails_closed (tests.test_subculture_illustration_contract_v1.SubcultureIllustrationContractV1Tests.test_constructed_equal_priority_route_collision_fails_closed) ... ok
test_default_pack_uses_balanced_creativity_without_high_creative_development (tests.test_subculture_illustration_contract_v1.SubcultureIllustrationContractV1Tests.test_default_pack_uses_balanced_creativity_without_high_creative_development) ... ok
test_explicit_creative_intent_keeps_high_creative_development (tests.test_subculture_illustration_contract_v1.SubcultureIllustrationContractV1Tests.test_explicit_creative_intent_keeps_high_creative_development) ... ok
test_format_mismatch_is_a_pack_contract_error (tests.test_subculture_illustration_contract_v1.SubcultureIllustrationContractV1Tests.test_format_mismatch_is_a_pack_contract_error) ... ok
test_generation_retry_policy_includes_three_unchanged_refusal_retries (tests.test_subculture_illustration_contract_v1.SubcultureIllustrationContractV1Tests.test_generation_retry_policy_includes_three_unchanged_refusal_retries) ... ok
test_generation_retry_policy_mutations_fail_closed (tests.test_subculture_illustration_contract_v1.SubcultureIllustrationContractV1Tests.test_generation_retry_policy_mutations_fail_closed) ... ok
test_generic_request_uses_only_family_default (tests.test_subculture_illustration_contract_v1.SubcultureIllustrationContractV1Tests.test_generic_request_uses_only_family_default) ... ok
test_high_creativity_plan_binds_selected_proposal_exactly (tests.test_subculture_illustration_contract_v1.SubcultureIllustrationContractV1Tests.test_high_creativity_plan_binds_selected_proposal_exactly) ... ok
test_legacy_pack_and_composed_contract_remain_supported (tests.test_subculture_illustration_contract_v1.SubcultureIllustrationContractV1Tests.test_legacy_pack_and_composed_contract_remain_supported) ... ok
test_linked_risk_backstop_is_narrow_and_fail_closed (tests.test_subculture_illustration_contract_v1.SubcultureIllustrationContractV1Tests.test_linked_risk_backstop_is_narrow_and_fail_closed) ... ok
test_named_style_guard_distinguishes_subject_from_creator_reference (tests.test_subculture_illustration_contract_v1.SubcultureIllustrationContractV1Tests.test_named_style_guard_distinguishes_subject_from_creator_reference) ... ok
test_one_valid_literal_composed_fixture_passes (tests.test_subculture_illustration_contract_v1.SubcultureIllustrationContractV1Tests.test_one_valid_literal_composed_fixture_passes) ... ok
test_pack_cannot_require_pixel_review_as_a_composed_format_field (tests.test_subculture_illustration_contract_v1.SubcultureIllustrationContractV1Tests.test_pack_cannot_require_pixel_review_as_a_composed_format_field) ... ok
test_post_render_pixel_review_is_not_a_pre_render_format_phrase (tests.test_subculture_illustration_contract_v1.SubcultureIllustrationContractV1Tests.test_post_render_pixel_review_is_not_a_pre_render_format_phrase) ... ok
test_render_review_closes_frozen_views_without_hiding_the_failed_case (tests.test_subculture_illustration_contract_v1.SubcultureIllustrationContractV1Tests.test_render_review_closes_frozen_views_without_hiding_the_failed_case) ... ok
test_risky_primary_requires_a_different_safe_fallback_kind (tests.test_subculture_illustration_contract_v1.SubcultureIllustrationContractV1Tests.test_risky_primary_requires_a_different_safe_fallback_kind) ... ok
test_same_input_is_canonically_deterministic (tests.test_subculture_illustration_contract_v1.SubcultureIllustrationContractV1Tests.test_same_input_is_canonically_deterministic) ... ok
test_second_look_plan_mutations_fail_closed (tests.test_subculture_illustration_contract_v1.SubcultureIllustrationContractV1Tests.test_second_look_plan_mutations_fail_closed) ... ok
test_support_budget_overflow_is_a_pack_contract_error (tests.test_subculture_illustration_contract_v1.SubcultureIllustrationContractV1Tests.test_support_budget_overflow_is_a_pack_contract_error) ... ok
test_v1_and_v2_prompt_qualification_are_separate_and_valid (tests.test_subculture_illustration_contract_v1.SubcultureIllustrationContractV1Tests.test_v1_and_v2_prompt_qualification_are_separate_and_valid) ... ok
test_v2_pack_exposes_closed_second_look_contract (tests.test_subculture_illustration_contract_v1.SubcultureIllustrationContractV1Tests.test_v2_pack_exposes_closed_second_look_contract) ... ok
test_authored_components_derive_every_evidence_gate_and_group (tests.test_photo_data_semantic_corrections.PhotoDataSemanticCorrectionsTests.test_authored_components_derive_every_evidence_gate_and_group) ... ok
test_bare_menhera_label_does_not_claim_the_project_interpretation (tests.test_photo_data_semantic_corrections.PhotoDataSemanticCorrectionsTests.test_bare_menhera_label_does_not_claim_the_project_interpretation) ... ok
test_body_area_product_and_incidental_detail_stay_advisory (tests.test_photo_data_semantic_corrections.PhotoDataSemanticCorrectionsTests.test_body_area_product_and_incidental_detail_stay_advisory) ... ok
test_claim_limits_do_not_enter_positive_retrieval (tests.test_photo_data_semantic_corrections.PhotoDataSemanticCorrectionsTests.test_claim_limits_do_not_enter_positive_retrieval) ... ok
test_closed_eyes_omit_only_clamshell_catchlight_evidence (tests.test_photo_data_semantic_corrections.PhotoDataSemanticCorrectionsTests.test_closed_eyes_omit_only_clamshell_catchlight_evidence) ... ok
test_compiled_evidence_stays_literal_and_missing_invariants_fail_audit (tests.test_photo_data_semantic_corrections.PhotoDataSemanticCorrectionsTests.test_compiled_evidence_stays_literal_and_missing_invariants_fail_audit) ... ok
test_diopter_gate_checks_visible_continuity_not_production_history (tests.test_photo_data_semantic_corrections.PhotoDataSemanticCorrectionsTests.test_diopter_gate_checks_visible_continuity_not_production_history) ... ok
test_every_professional_role_separates_rest_from_operational_action (tests.test_photo_data_semantic_corrections.PhotoDataSemanticCorrectionsTests.test_every_professional_role_separates_rest_from_operational_action) ... ok
test_explicit_body_area_salience_stays_hard_in_three_languages (tests.test_photo_data_semantic_corrections.PhotoDataSemanticCorrectionsTests.test_explicit_body_area_salience_stays_hard_in_three_languages) ... ok
test_explicit_catchlight_request_is_not_silently_dropped (tests.test_photo_data_semantic_corrections.PhotoDataSemanticCorrectionsTests.test_explicit_catchlight_request_is_not_silently_dropped) ... ok
test_explicit_operational_roles_keep_hard_causal_contract (tests.test_photo_data_semantic_corrections.PhotoDataSemanticCorrectionsTests.test_explicit_operational_roles_keep_hard_causal_contract) ... ok
test_freely_authored_duty_does_not_relabel_the_user_role (tests.test_photo_data_semantic_corrections.PhotoDataSemanticCorrectionsTests.test_freely_authored_duty_does_not_relabel_the_user_role) ... ok
test_invalid_authored_component_and_activation_are_rejected (tests.test_photo_data_semantic_corrections.PhotoDataSemanticCorrectionsTests.test_invalid_authored_component_and_activation_are_rejected) ... ok
test_negated_duty_cannot_support_hard_activation (tests.test_photo_data_semantic_corrections.PhotoDataSemanticCorrectionsTests.test_negated_duty_cannot_support_hard_activation) ... ok
test_negated_visibility_and_catchlight_phrases_do_not_change_obligations (tests.test_photo_data_semantic_corrections.PhotoDataSemanticCorrectionsTests.test_negated_visibility_and_catchlight_phrases_do_not_change_obligations) ... ok
test_nursing_uniform_and_yandere_relation_do_not_request_patient_care (tests.test_photo_data_semantic_corrections.PhotoDataSemanticCorrectionsTests.test_nursing_uniform_and_yandere_relation_do_not_request_patient_care) ... ok
test_related_exact_match_survives_the_compatibility_candidate_path (tests.test_photo_data_semantic_corrections.PhotoDataSemanticCorrectionsTests.test_related_exact_match_survives_the_compatibility_candidate_path) ... ok
test_rembrandt_preserves_geometry_for_both_camera_orientations (tests.test_photo_data_semantic_corrections.PhotoDataSemanticCorrectionsTests.test_rembrandt_preserves_geometry_for_both_camera_orientations) ... ok
test_role_identity_is_advisory_without_requested_duty (tests.test_photo_data_semantic_corrections.PhotoDataSemanticCorrectionsTests.test_role_identity_is_advisory_without_requested_duty) ... ok
test_telephoto_uses_narrow_field_of_view (tests.test_photo_data_semantic_corrections.PhotoDataSemanticCorrectionsTests.test_telephoto_uses_narrow_field_of_view) ... ok
test_yandere_retains_same_target_action_and_consequence_without_scene_recipe (tests.test_photo_data_semantic_corrections.PhotoDataSemanticCorrectionsTests.test_yandere_retains_same_target_action_and_consequence_without_scene_recipe) ... ok
test_mixed_forced_pool_does_not_block (tests.test_slot_conflicts.PendingForcedLookAheadTests.test_mixed_forced_pool_does_not_block) ... ok
test_picked_forced_slot_not_treated_as_pending (tests.test_slot_conflicts.PendingForcedLookAheadTests.test_picked_forced_slot_not_treated_as_pending) ... ok
test_rain_action_filtered_when_all_forced_locations_are_interior (tests.test_slot_conflicts.PendingForcedLookAheadTests.test_rain_action_filtered_when_all_forced_locations_are_interior) ... ok
test_post_render_allows_swapping_in_pool_member (tests.test_slot_conflicts.RepairTierTests.test_post_render_allows_swapping_in_pool_member) ... ok
test_relaxed_tier_still_excludes_hard_conflicts (tests.test_slot_conflicts.RepairTierTests.test_relaxed_tier_still_excludes_hard_conflicts) ... ok
test_builtin_rules_migrated_and_disabled (tests.test_slot_conflicts.ShippedDictionaryConflictTests.test_builtin_rules_migrated_and_disabled) ... ok
test_day_time_blocks_night_lighting_with_shipped_data (tests.test_slot_conflicts.ShippedDictionaryConflictTests.test_day_time_blocks_night_lighting_with_shipped_data) ... ok
test_rule_mode_generation_never_pairs_day_time_with_night_lighting (tests.test_slot_conflicts.ShippedDictionaryConflictTests.test_rule_mode_generation_never_pairs_day_time_with_night_lighting) ... ok
test_empty_matcher_side_never_matches (tests.test_slot_conflicts.SlotConflictRuleTests.test_empty_matcher_side_never_matches) ... ok
test_facet_based_conflict (tests.test_slot_conflicts.SlotConflictRuleTests.test_facet_based_conflict) ... ok
test_hard_pair_conflict_blocks_candidate_by_id (tests.test_slot_conflicts.SlotConflictRuleTests.test_hard_pair_conflict_blocks_candidate_by_id) ... ok
test_hard_pair_conflict_is_bidirectional (tests.test_slot_conflicts.SlotConflictRuleTests.test_hard_pair_conflict_is_bidirectional) ... ok
test_soft_conflict_penalizes_weight_without_blocking (tests.test_slot_conflicts.SlotConflictRuleTests.test_soft_conflict_penalizes_weight_without_blocking) ... ok
test_builtin_rules_still_apply_without_source (tests.test_slot_conflicts.SlotContextRuleTests.test_builtin_rules_still_apply_without_source) ... ok
test_declared_rule_replicates_builtin_moonlight_guard (tests.test_slot_conflicts.SlotContextRuleTests.test_declared_rule_replicates_builtin_moonlight_guard) ... ok
test_when_context_requires_item_tokens (tests.test_slot_conflicts.SlotContextRuleTests.test_when_context_requires_item_tokens) ... ok
test_bm25f_surfaces_each_new_candidate_from_its_authored_text (tests.test_photo_poverty_visual_semantics.PhotoPovertyVisualSemanticsTests.test_bm25f_surfaces_each_new_candidate_from_its_authored_text) ... ok
test_broad_terms_never_hard_activate_a_profile (tests.test_photo_poverty_visual_semantics.PhotoPovertyVisualSemanticsTests.test_broad_terms_never_hard_activate_a_profile) ... ok
test_compiled_bundles_keep_profile_activation_advisory (tests.test_photo_poverty_visual_semantics.PhotoPovertyVisualSemanticsTests.test_compiled_bundles_keep_profile_activation_advisory) ... ok
test_exact_profile_plus_declared_substitute_fails_closed (tests.test_photo_poverty_visual_semantics.PhotoPovertyVisualSemanticsTests.test_exact_profile_plus_declared_substitute_fails_closed) ... ok
test_extension_merges_fifty_four_scoped_candidates_and_nine_bundles (tests.test_photo_poverty_visual_semantics.PhotoPovertyVisualSemanticsTests.test_extension_merges_fifty_four_scoped_candidates_and_nine_bundles) ... ok
test_external_sources_and_claim_limits_do_not_leak_into_candidates (tests.test_photo_poverty_visual_semantics.PhotoPovertyVisualSemanticsTests.test_external_sources_and_claim_limits_do_not_leak_into_candidates) ... ok
test_generated_semantic_index_contains_every_candidate (tests.test_photo_poverty_visual_semantics.PhotoPovertyVisualSemanticsTests.test_generated_semantic_index_contains_every_candidate) ... ok
test_generated_visual_index_contains_profiles_and_exact_terms (tests.test_photo_poverty_visual_semantics.PhotoPovertyVisualSemanticsTests.test_generated_visual_index_contains_profiles_and_exact_terms) ... ok
test_maintenance_record_is_external_hash_bound_and_source_bound (tests.test_photo_poverty_visual_semantics.PhotoPovertyVisualSemanticsTests.test_maintenance_record_is_external_hash_bound_and_source_bound) ... ok
test_nine_profiles_compile_to_complete_five_gate_contracts (tests.test_photo_poverty_visual_semantics.PhotoPovertyVisualSemanticsTests.test_nine_profiles_compile_to_complete_five_gate_contracts) ... ok
test_p1_digital_and_specialist_bundles_remain_outside_runtime (tests.test_photo_poverty_visual_semantics.PhotoPovertyVisualSemanticsTests.test_p1_digital_and_specialist_bundles_remain_outside_runtime) ... ok
test_research_routing_cases_preserve_exact_broad_and_negative_boundaries (tests.test_photo_poverty_visual_semantics.PhotoPovertyVisualSemanticsTests.test_research_routing_cases_preserve_exact_broad_and_negative_boundaries) ... ok
test_three_arm_pixel_cases_are_hash_bound_independent_and_fail_closed (tests.test_photo_poverty_visual_semantics.PhotoPovertyVisualSemanticsTests.test_three_arm_pixel_cases_are_hash_bound_independent_and_fail_closed) ... ok
test_broad_and_ambiguous_labels_never_impose_specific_forms (tests.test_photo_y2k_visual_semantics.PhotoY2KVisualSemanticsTests.test_broad_and_ambiguous_labels_never_impose_specific_forms) ... ok
test_bundle_requires_every_member_and_every_open_dimension (tests.test_photo_y2k_visual_semantics.PhotoY2KVisualSemanticsTests.test_bundle_requires_every_member_and_every_open_dimension) ... ok
test_clothing_proportions_preserve_anatomy (tests.test_photo_y2k_visual_semantics.PhotoY2KVisualSemanticsTests.test_clothing_proportions_preserve_anatomy) ... ok
test_complete_forms_activate_and_excluded_forms_do_not (tests.test_photo_y2k_visual_semantics.PhotoY2KVisualSemanticsTests.test_complete_forms_activate_and_excluded_forms_do_not) ... ok
test_garment_materials_do_not_weaken_nonhuman_material_slot (tests.test_photo_y2k_visual_semantics.PhotoY2KVisualSemanticsTests.test_garment_materials_do_not_weaken_nonhuman_material_slot) ... ok
test_generated_indexes_include_every_new_contract_with_current_source_hashes (tests.test_photo_y2k_visual_semantics.PhotoY2KVisualSemanticsTests.test_generated_indexes_include_every_new_contract_with_current_source_hashes) ... ok
test_generated_lexical_index_exposes_owner_and_modifier_candidates (tests.test_photo_y2k_visual_semantics.PhotoY2KVisualSemanticsTests.test_generated_lexical_index_exposes_owner_and_modifier_candidates) ... ok
test_hinge_alone_does_not_require_screen_and_keys (tests.test_photo_y2k_visual_semantics.PhotoY2KVisualSemanticsTests.test_hinge_alone_does_not_require_screen_and_keys) ... ok
test_owner_gates_are_complete_and_maintenance_is_external (tests.test_photo_y2k_visual_semantics.PhotoY2KVisualSemanticsTests.test_owner_gates_are_complete_and_maintenance_is_external) ... ok
test_owner_specific_palette_cannot_mutate_ornaments_under_color_permission_only (tests.test_photo_y2k_visual_semantics.PhotoY2KVisualSemanticsTests.test_owner_specific_palette_cannot_mutate_ornaments_under_color_permission_only) ... ok
test_unknown_prop_scope_stays_ineligible_and_bound_device_scope_is_explicit (tests.test_photo_y2k_visual_semantics.PhotoY2KVisualSemanticsTests.test_unknown_prop_scope_stays_ineligible_and_bound_device_scope_is_explicit) ... ok
test_wrong_owner_and_surface_substitutes_are_separate_meanings (tests.test_photo_y2k_visual_semantics.PhotoY2KVisualSemanticsTests.test_wrong_owner_and_surface_substitutes_are_separate_meanings) ... ok
test_broad_space_terms_remain_advisory (tests.test_photo_space_visual_semantics.PhotoSpaceVisualSemanticsTests.test_broad_space_terms_remain_advisory) ... ok
test_cluster_manifest_binds_seven_hard_and_one_candidate_only_route (tests.test_photo_space_visual_semantics.PhotoSpaceVisualSemanticsTests.test_cluster_manifest_binds_seven_hard_and_one_candidate_only_route) ... ok
test_direct_terms_route_to_only_the_intended_new_profile (tests.test_photo_space_visual_semantics.PhotoSpaceVisualSemanticsTests.test_direct_terms_route_to_only_the_intended_new_profile) ... 