Discovered 1305 tests in 147 modules at ba0f45c133fc9e251e9b0289491477f5636d4397.
Completed 1/147: tests.test_makeup_layer_dictionary rc=0
Completed 2/147: tests.test_photo_acetate_distortion_alternative rc=0
Completed 3/147: tests.test_photo_action_context_effects_cleanup rc=0
Completed 4/147: tests.test_photo_acting_expression_data rc=0
Completed 5/147: tests.test_photo_adult_appeal_scope rc=0
Completed 6/147: tests.test_photo_affect_visual_semantics rc=0
Completed 7/147: tests.test_photo_authorial_direction_scope rc=0
Completed 8/147: tests.test_photo_adult_appeal_visual_semantics rc=0
Completed 9/147: tests.test_photo_bm25f_retrieval rc=0
Completed 10/147: tests.test_photo_authorial_core_v6 rc=0
Completed 11/147: tests.test_photo_authorship_policy rc=0
Completed 12/147: tests.test_photo_body_morphology_semantics rc=0
Completed 13/147: tests.test_photo_bound_context_surfaces rc=0
Completed 14/147: tests.test_photo_boundary_transition_visual_semantics rc=0
Completed 15/147: tests.test_photo_body_aesthetic_semantics rc=0
Completed 16/147: tests.test_photo_capture_boundary_data rc=0
Completed 17/147: tests.test_photo_capture_elements_visual_semantics rc=0
Completed 18/147: tests.test_photo_capture_owner_data_cleanup rc=0
Completed 19/147: tests.test_photo_capture_physics_alternatives rc=0
Completed 20/147: tests.test_photo_candidate_semantics rc=1
Completed 21/147: tests.test_photo_character_response_concepts rc=0
Completed 22/147: tests.test_photo_clothing_terminology_semantics rc=0
Completed 23/147: tests.test_photo_color_relations rc=0
Completed 24/147: tests.test_photo_composer_view rc=0
Completed 25/147: tests.test_photo_concept_candidate_expansion rc=0
Completed 26/147: tests.test_photo_contextual_appeal rc=0
Completed 27/147: tests.test_photo_control_assignment_punctuation rc=0
Completed 28/147: tests.test_photo_authorial_core rc=0
Completed 29/147: tests.test_photo_core_retrieval rc=0
Completed 30/147: tests.test_photo_body_shape_semantics rc=0
Completed 31/147: tests.test_photo_cumulonimbus_anvil_alternative rc=0
Completed 32/147: tests.test_photo_current_boundary rc=0
Completed 33/147: tests.test_photo_current_boundary_snapshot rc=0
Completed 34/147: tests.test_photo_data_cleanup_public_surfaces rc=0
Completed 35/147: tests.test_photo_data_semantic_corrections rc=0
Completed 36/147: tests.test_photo_control_span_ownership rc=0
Completed 37/147: tests.test_photo_costume_cosplay_semantics rc=0
Completed 38/147: tests.test_photo_dress_positive_paraphrase rc=0
Completed 39/147: tests.test_photo_desire_visual_semantics rc=0
Completed 40/147: tests.test_photo_character_render_review rc=0
Completed 41/147: tests.test_photo_emotional_place_visual_semantics rc=0
Completed 42/147: tests.test_photo_environment_alternative_consistency rc=0
Completed 43/147: tests.test_photo_era_visual_semantics rc=0
Completed 44/147: tests.test_photo_embodiment rc=0
Completed 45/147: tests.test_photo_everyday_scene_semantics rc=0
Completed 46/147: tests.test_photo_editing_effects_semantics rc=0
Completed 47/147: tests.test_photo_glacier_surface_alternative rc=0
Completed 48/147: tests.test_photo_death_afterlife_semantics rc=0
Completed 49/147: tests.test_photo_harem_visual_semantics rc=0
Completed 50/147: tests.test_photo_historical_womenswear_semantics rc=0
Completed 51/147: tests.test_photo_hair_visual_semantics rc=0
Completed 52/147: tests.test_photo_image_attempt_evidence rc=0
Completed 53/147: tests.test_photo_imaginal_visual_semantics rc=0
Completed 54/147: tests.test_photo_face_shape_semantics rc=0
Completed 55/147: tests.test_photo_instrument_hand_roles rc=0
Completed 56/147: tests.test_photo_humanlike_semantics rc=0
Completed 57/147: tests.test_photo_jurisdiction_record_unit_data_cleanup rc=0
Completed 58/147: tests.test_photo_kebaya_material_alternative rc=0
Completed 59/147: tests.test_photo_korean_emotional_visual_semantics rc=0
Completed 60/147: tests.test_photo_fantasy_visual_semantics rc=0
Completed 61/147: tests.test_photo_lattice_shadow_alternative rc=0
Completed 62/147: tests.test_photo_leading_line_gate_alternatives rc=0
Completed 63/147: tests.test_photo_krummholz_korean_alias_data_cleanup rc=0
Completed 64/147: tests.test_photo_legend_visual_semantics rc=0
Completed 65/147: tests.test_photo_lighting_color_owner_data_cleanup rc=0
Completed 66/147: tests.test_photo_lighting_composition_boundary_data rc=0
Completed 67/147: tests.test_photo_liminal_active_use_korean_data_cleanup rc=0
Completed 68/147: tests.test_photo_liminal_maintained_alternative rc=0
Completed 69/147: tests.test_photo_loading rc=0
Completed 70/147: tests.test_photo_lighting_visual_semantics rc=0
Completed 71/147: tests.test_photo_initial_creative_controls rc=0
Completed 72/147: tests.test_photo_makeup_reference_balance rc=0
Completed 73/147: tests.test_photo_material_data_cleanup rc=0
Completed 74/147: tests.test_photo_luxury_semantics rc=0
Completed 75/147: tests.test_photo_model_editorial_semantics rc=0
Completed 76/147: tests.test_photo_motion_artifact_owner_data_cleanup rc=0
Completed 77/147: tests.test_photo_instrument_semantics rc=0
Completed 78/147: tests.test_photo_narrative_unit_data_cleanup rc=0
Completed 79/147: tests.test_photo_neutral_expression_alternatives rc=0
Completed 80/147: tests.test_photo_next_slot_data_cleanup rc=0
Completed 81/147: tests.test_photo_nonhuman_source_alternatives rc=0
Completed 82/147: tests.test_photo_object_morphology_ownership rc=0
Completed 83/147: tests.test_photo_occupation_korean_label_data_cleanup rc=0
Completed 84/147: tests.test_photo_opening_era_semantics rc=0
Completed 85/147: tests.test_photo_overhead_hand_alternative rc=0
Completed 86/147: tests.test_photo_palace_fortification_semantics rc=0
Completed 87/147: tests.test_photo_panning_direction_scope rc=0
Completed 88/147: tests.test_photo_makeup_visual_semantics rc=0
Completed 89/147: tests.test_photo_photorealism_owner_data_cleanup rc=0
Completed 90/147: tests.test_photo_photorealism_elements_semantics rc=0
Completed 91/147: tests.test_photo_portrait_composition_semantics rc=0
Completed 92/147: tests.test_photo_portrait_fashion_exposure rc=0
Completed 93/147: tests.test_photo_natural_environment_semantics rc=0
Completed 94/147: tests.test_photo_positive_retrieval rc=0
Completed 95/147: tests.test_photo_mythology_visual_semantics rc=0
Completed 96/147: tests.test_photo_precore_feature_selection rc=0
Completed 97/147: tests.test_photo_prepack_isolation rc=0
Completed 98/147: tests.test_photo_prop_conditional_contact rc=0
Completed 99/147: tests.test_photo_protostar_korean_alias_data_cleanup rc=0
Completed 100/147: tests.test_photo_punk_aesthetic_semantics rc=0
Completed 101/147: tests.test_photo_pose_visual_semantics rc=0
Completed 102/147: tests.test_photo_poverty_visual_semantics rc=0
Completed 103/147: tests.test_photo_pose_vocabulary_semantics rc=0
Completed 104/147: tests.test_photo_receiver_material_response rc=0
Completed 105/147: tests.test_photo_realistic_background_semantics rc=0
Completed 106/147: tests.test_photo_reef_explicit_unit_data_cleanup rc=0
Completed 107/147: tests.test_photo_religion_iconography_boundary_history rc=0
Completed 108/147: tests.test_photo_remaining_boundary_data rc=0
Completed 109/147: tests.test_photo_render_repair rc=0
Completed 110/147: tests.test_photo_research_integration rc=0
Completed 111/147: tests.test_photo_residual_positive_guards rc=0
Completed 112/147: tests.test_photo_reactorprompt_visual_relations rc=0
Completed 113/147: tests.test_photo_role_garment_candidate_expansion rc=0
Completed 114/147: tests.test_photo_run_manifest rc=0
Completed 115/147: tests.test_photo_scene_data_cleanup rc=0
Completed 116/147: tests.test_photo_semantic_guidance_data rc=0
Completed 117/147: tests.test_photo_semantic_index rc=0
Completed 118/147: tests.test_photo_shelf_return_korean_state_data_cleanup rc=0
Completed 119/147: tests.test_photo_single_allocator_recovery rc=0
Completed 120/147: tests.test_photo_slot_data_cleanup rc=0
Completed 121/147: tests.test_photo_slot_query_fusion rc=0
Completed 122/147: tests.test_photo_retrieval_runtime_improvement rc=0
Completed 123/147: tests.test_photo_rare_photo_visual_semantics rc=0
Completed 124/147: tests.test_photo_swimwear_semantics rc=0
Completed 125/147: tests.test_photo_religion_iconography_alternatives rc=0
Completed 126/147: tests.test_photo_texture_data_cleanup rc=0
Completed 127/147: tests.test_photo_tactile_reality_semantics rc=0
Completed 128/147: tests.test_photo_traditional_clothing_semantics rc=0
Completed 129/147: tests.test_photo_suggestive_editorial_visual_semantics rc=0
Completed 130/147: tests.test_photo_visual_profile_retrieval rc=0
Completed 131/147: tests.test_photo_space_visual_semantics rc=0
Completed 132/147: tests.test_photo_wet_hair_weight_alternative rc=0
Completed 133/147: tests.test_photo_weapon_visual_semantics rc=0
Completed 134/147: tests.test_photo_violence_crime_visual_semantics rc=0
Completed 135/147: tests.test_photo_womens_professional_uniform_visual_semantics rc=0
Completed 136/147: tests.test_photo_womens_activewear_visual_semantics rc=0
Completed 137/147: tests.test_photo_wrap_skirt_side_alternative rc=0
Completed 138/147: tests.test_photo_womens_casualwear_visual_semantics rc=0
Completed 139/147: tests.test_photo_y2k_visual_semantics rc=0
Completed 140/147: tests.test_photo_womens_summer_trend_visual_semantics rc=0
Completed 141/147: tests.test_subculture_illustration_moe_elements rc=0
Completed 142/147: tests.test_subculture_illustration_photo_boundary rc=0
Completed 143/147: tests.test_subculture_illustration_contract_v1 rc=0
Completed 144/147: tests.test_universal_scene_directional_substitution rc=0
Completed 145/147: tests.test_photo_visual_obligations rc=0
Completed 146/147: tests.test_photo_wuxia_visual_semantics rc=0
Completed 147/147: tests.test_subculture_illustration_universal_scene_v3 rc=0
{"commit": "ba0f45c133fc9e251e9b0289491477f5636d4397", "method": "complete unittest discovery, isolated offline module processes", "workers": 4, "discovered_tests": 1305, "executed_tests": 1305, "module_count": 147, "missing_execution_ids": [], "unexpected_execution_ids": [], "duplicate_execution_ids": [], "failures": [{"id": "tests.test_photo_candidate_semantics.PhotoCandidateSemanticsTests.test_real_generator_builds_an_adoptable_bundle_with_full_view_and_audit", "traceback": "Traceback (most recent call last):\n  File \"/Users/chasoik/Projects/image-prompt/tests/test_photo_candidate_semantics.py\", line 202, in test_real_generator_builds_an_adoptable_bundle_with_full_view_and_audit\n    self.assertEqual(bundle[\"id\"], \"bundle:clean_beauty_clamshell\")\n    ~~~~~~~~~~~~~~~~^^^^^^^^^^^^^^^^^^^^^^^^^^^^^^^^^^^^^^^^^^^^^^^\nAssertionError: 'bundle:cr_variant_atmospheric_color' != 'bundle:clean_beauty_clamshell'\n- bundle:cr_variant_atmospheric_color\n+ bundle:clean_beauty_clamshell\n\n"}], "errors": [], "skipped": [], "wall_seconds": 1253.709}
