{
  "verified": true,
  "source_commit": "9654fc13070baa1c8d4c3b31fbf80972234f85b9",
  "sealed_files": 173,
  "cases": [
    {
      "case": "three_lobed_stone",
      "positional_differences": 161,
      "id_aligned_differences": 12,
      "exact_order_preserved": false
    },
    {
      "case": "four_lobed_timber",
      "positional_differences": 66,
      "id_aligned_differences": 9,
      "exact_order_preserved": false
    },
    {
      "case": "painted_solid_panel",
      "positional_differences": 169,
      "id_aligned_differences": 12,
      "exact_order_preserved": false
    },
    {
      "case": "single_round_brick",
      "positional_differences": 6,
      "id_aligned_differences": 6,
      "exact_order_preserved": true
    }
  ],
  "exact_order_invariance": false,
  "ordering_effect_reproduced": true,
  "actual_frozen_differences": 2,
  "claim": "Narrow semantic boundary correction; no adoption, final-audit, or image claim"
}
