test_absent_activity_allows_traces_without_changing_scope_or_guards (tests.test_photo_liminal_active_use_korean_data_cleanup.LiminalActiveUseKoreanDataCleanupTests.test_absent_activity_allows_traces_without_changing_scope_or_guards) ... ok
test_acceptance_binds_gains_costs_and_immutable_recovery_history (tests.test_photo_liminal_active_use_korean_data_cleanup.LiminalActiveUseKoreanDataCleanupTests.test_acceptance_binds_gains_costs_and_immutable_recovery_history) ... ok
test_archived_korean_catalog_changes_one_line_and_current_text_preserves_it (tests.test_photo_liminal_active_use_korean_data_cleanup.LiminalActiveUseKoreanDataCleanupTests.test_archived_korean_catalog_changes_one_line_and_current_text_preserves_it) ... ok
test_complete_merged_state_and_twenty_one_keeps_remain_exact (tests.test_photo_liminal_active_use_korean_data_cleanup.LiminalActiveUseKoreanDataCleanupTests.test_complete_merged_state_and_twenty_one_keeps_remain_exact) ... ok
test_complete_raw_source_changes_only_ko_and_predeclared_reference (tests.test_photo_liminal_active_use_korean_data_cleanup.LiminalActiveUseKoreanDataCleanupTests.test_complete_raw_source_changes_only_ko_and_predeclared_reference) ... ok
test_frozen_source_inventory_queries_and_bounded_workload (tests.test_photo_liminal_active_use_korean_data_cleanup.LiminalActiveUseKoreanDataCleanupTests.test_frozen_source_inventory_queries_and_bounded_workload) ... ok
test_historical_provenance_is_preserved_and_current_source_is_bound (tests.test_photo_liminal_active_use_korean_data_cleanup.LiminalActiveUseKoreanDataCleanupTests.test_historical_provenance_is_preserved_and_current_source_is_bound) ... ok
test_historical_v6_preservation_and_current_candidate_projection (tests.test_photo_liminal_active_use_korean_data_cleanup.LiminalActiveUseKoreanDataCleanupTests.test_historical_v6_preservation_and_current_candidate_projection) ... ok
test_independent_queries_and_same_slot_controls_stay_exact (tests.test_photo_liminal_active_use_korean_data_cleanup.LiminalActiveUseKoreanDataCleanupTests.test_independent_queries_and_same_slot_controls_stay_exact) ... ok
test_acceptance_binds_lexical_gain_dense_cost_and_all_attempts (tests.test_photo_krummholz_korean_alias_data_cleanup.KrummholzKoreanAliasDataCleanupTests.test_acceptance_binds_lexical_gain_dense_cost_and_all_attempts) ... ok
test_bare_names_and_independent_probe_texts_remain_frozen (tests.test_photo_krummholz_korean_alias_data_cleanup.KrummholzKoreanAliasDataCleanupTests.test_bare_names_and_independent_probe_texts_remain_frozen) ... ok
test_complete_raw_extension_has_only_one_alias_append (tests.test_photo_krummholz_korean_alias_data_cleanup.KrummholzKoreanAliasDataCleanupTests.test_complete_raw_extension_has_only_one_alias_append) ... ok
test_current_semantic_surface_preserves_frozen_krummholz_meaning (tests.test_photo_krummholz_korean_alias_data_cleanup.KrummholzKoreanAliasDataCleanupTests.test_current_semantic_surface_preserves_frozen_krummholz_meaning) ... ok
test_exact_frozen_scope_queries_and_budget (tests.test_photo_krummholz_korean_alias_data_cleanup.KrummholzKoreanAliasDataCleanupTests.test_exact_frozen_scope_queries_and_budget) ... ok
test_historical_merged_state_and_current_ten_keeps_are_exact (tests.test_photo_krummholz_korean_alias_data_cleanup.KrummholzKoreanAliasDataCleanupTests.test_historical_merged_state_and_current_ten_keeps_are_exact) ... ok
test_previous_reef_correction_and_all_other_source_rows_remain_intact (tests.test_photo_krummholz_korean_alias_data_cleanup.KrummholzKoreanAliasDataCleanupTests.test_previous_reef_correction_and_all_other_source_rows_remain_intact) ... ok
test_specialization_existing_names_and_every_other_field_are_preserved (tests.test_photo_krummholz_korean_alias_data_cleanup.KrummholzKoreanAliasDataCleanupTests.test_specialization_existing_names_and_every_other_field_are_preserved) ... ok
test_acceptance_binds_name_gain_score_costs_and_target_absence (tests.test_photo_protostar_korean_alias_data_cleanup.ProtostarKoreanAliasDataCleanupTests.test_acceptance_binds_name_gain_score_costs_and_target_absence) ... ok
test_complete_raw_space_extension_has_only_one_qualified_alias_append (tests.test_photo_protostar_korean_alias_data_cleanup.ProtostarKoreanAliasDataCleanupTests.test_complete_raw_space_extension_has_only_one_qualified_alias_append) ... ok
test_existing_name_and_disk_outflow_specialization_are_unchanged (tests.test_photo_protostar_korean_alias_data_cleanup.ProtostarKoreanAliasDataCleanupTests.test_existing_name_and_disk_outflow_specialization_are_unchanged) ... ok
test_frozen_inventory_probes_and_bounded_cost (tests.test_photo_protostar_korean_alias_data_cleanup.ProtostarKoreanAliasDataCleanupTests.test_frozen_inventory_probes_and_bounded_cost) ... ok
test_historical_merged_state_and_current_nineteen_keeps_are_exact (tests.test_photo_protostar_korean_alias_data_cleanup.ProtostarKoreanAliasDataCleanupTests.test_historical_merged_state_and_current_nineteen_keeps_are_exact) ... ok
test_historical_other_merged_rows_and_current_natural_rows_are_exact (tests.test_photo_protostar_korean_alias_data_cleanup.ProtostarKoreanAliasDataCleanupTests.test_historical_other_merged_rows_and_current_natural_rows_are_exact) ... ok
test_historical_v6_full_pack_detail_and_overview_preserve_genuine_subject_context (tests.test_photo_protostar_korean_alias_data_cleanup.ProtostarKoreanAliasDataCleanupTests.test_historical_v6_full_pack_detail_and_overview_preserve_genuine_subject_context) ... ok
test_independent_probes_names_and_controls_are_existing_subjects (tests.test_photo_protostar_korean_alias_data_cleanup.ProtostarKoreanAliasDataCleanupTests.test_independent_probes_names_and_controls_are_existing_subjects) ... ok
test_negation_and_bare_homonyms_do_not_activate_new_pose_profiles (tests.test_photo_pose_vocabulary_semantics.PhotoPoseVocabularySemanticsTests.test_negation_and_bare_homonyms_do_not_activate_new_pose_profiles) ... ok
test_partner_contacts_require_grounded_partner_context_and_bundle_links_are_optional (tests.test_photo_pose_vocabulary_semantics.PhotoPoseVocabularySemanticsTests.test_partner_contacts_require_grounded_partner_context_and_bundle_links_are_optional) ... ok
test_profile_components_bind_every_gate_and_require_visible_complete_relations (tests.test_photo_pose_vocabulary_semantics.PhotoPoseVocabularySemanticsTests.test_profile_components_bind_every_gate_and_require_visible_complete_relations) ... ok
test_promotions_have_traceable_dispositions_and_unreviewed_terms_stay_out (tests.test_photo_pose_vocabulary_semantics.PhotoPoseVocabularySemanticsTests.test_promotions_have_traceable_dispositions_and_unreviewed_terms_stay_out) ... ok
test_property_scope_cannot_change_a_locked_hand_configuration_or_reference_appearance (tests.test_photo_pose_vocabulary_semantics.PhotoPoseVocabularySemanticsTests.test_property_scope_cannot_change_a_locked_hand_configuration_or_reference_appearance) ... ok
test_real_core_retrieval_exposes_the_matching_geometry_and_is_recomputable (tests.test_photo_pose_vocabulary_semantics.PhotoPoseVocabularySemanticsTests.test_real_core_retrieval_exposes_the_matching_geometry_and_is_recomputable) ... ok
test_reuse_appends_context_without_changing_existing_meaning_or_guards (tests.test_photo_pose_vocabulary_semantics.PhotoPoseVocabularySemanticsTests.test_reuse_appends_context_without_changing_existing_meaning_or_guards) ... ok
test_seated_crossing_and_kneeling_variants_do_not_share_hard_meaning (tests.test_photo_pose_vocabulary_semantics.PhotoPoseVocabularySemanticsTests.test_seated_crossing_and_kneeling_variants_do_not_share_hard_meaning) ... ok

----------------------------------------------------------------------
Ran 33 tests in 77.932s

OK
