{
  "seed_rows": 345,
  "sections": 24,
  "semantic_units": 192,
  "mode_counts": {
    "context": 30,
    "visual": 117,
    "family": 45
  },
  "candidate_drafts": 117,
  "sources": 45,
  "priority_counts": {
    "P1": 90,
    "P2": 24,
    "P0": 78
  },
  "routed_seeds": 345,
  "unrouted_seeds": [],
  "missing_existing_ids": [],
  "profile_compiler_checks": [
    {
      "unit_id": "W007",
      "component_count": 3,
      "evidence_field_count": 3,
      "render_gate_count": 3,
      "format_pass": true
    },
    {
      "unit_id": "W049",
      "component_count": 3,
      "evidence_field_count": 3,
      "render_gate_count": 3,
      "format_pass": true
    },
    {
      "unit_id": "W146",
      "component_count": 3,
      "evidence_field_count": 3,
      "render_gate_count": 3,
      "format_pass": true
    },
    {
      "unit_id": "W190",
      "component_count": 3,
      "evidence_field_count": 3,
      "render_gate_count": 3,
      "format_pass": true
    }
  ],
  "research_status": "DRAFT_PENDING_PACKAGE_VALIDATION",
  "runtime_adoption": "NOT_PERFORMED",
  "index_rebuild": "NOT_PERFORMED",
  "candidate_exposure": "NOT_PERFORMED",
  "image_generation": "NOT_PERFORMED"
}
