{
  "audited_files": 92,
  "all_records": 12095,
  "related_records": 510,
  "hits": {
    "caustic": [
      {
        "file": "photo_prompt_tags.json",
        "slot": "lighting",
        "id": "underwater_caustics"
      },
      {
        "file": "photo_prompt_tags.json",
        "slot": "lighting",
        "id": "underwater_caustic_light"
      },
      {
        "file": "photo_prompt_tags.json",
        "slot": "lighting",
        "id": "surface_caustic_light"
      },
      {
        "file": "photo_prompt_tags.json",
        "slot": "light_type",
        "id": "surface_caustic_light"
      },
      {
        "file": "photo_prompt_tags.json",
        "slot": "light_shape",
        "id": "pool_caustic_reflections"
      },
      {
        "file": "photo_prompt_tags.json",
        "slot": "light_shape",
        "id": "waterline_caustic_face"
      },
      {
        "file": "photo_prompt_tags.json",
        "slot": "light_shape",
        "id": "water_caustic_table_pattern"
      }
    ],
    "snell": [],
    "meniscus": [
      {
        "file": "photo_prompt_tags.json",
        "slot": "surreal_concept",
        "id": "liquid_holding_intent"
      },
      {
        "file": "photo_prompt_tags.json",
        "slot": "surreal_physics_detail",
        "id": "ink_flowing_uphill_slow"
      }
    ],
    "backscatter": [],
    "marine snow": [],
    "wet_hair": [
      {
        "file": "photo_prompt_y2k_extension.json",
        "slot": "hair_style",
        "id": "y2kr_wet_hair"
      },
      {
        "file": "photo_prompt_visual_obligations_y2k.json",
        "slot": null,
        "id": "y2kr_wet_hair"
      }
    ],
    "wet_fabric": [
      {
        "file": "photo_prompt_visual_obligations.json",
        "slot": null,
        "id": "sheer_garment_optical_layering"
      }
    ],
    "waterline": [
      {
        "file": "photo_prompt_tags.json",
        "slot": "subject",
        "id": "river_otter_foraging"
      },
      {
        "file": "photo_prompt_tags.json",
        "slot": "subject",
        "id": "coastal_erosion_marker_array"
      },
      {
        "file": "photo_prompt_tags.json",
        "slot": "action",
        "id": "foraging_riverbank"
      },
      {
        "file": "photo_prompt_tags.json",
        "slot": "action",
        "id": "measuring_shoreline_retreat"
      },
      {
        "file": "photo_prompt_tags.json",
        "slot": "location",
        "id": "closed_swimming_pool_liminal"
      },
      {
        "file": "photo_prompt_tags.json",
        "slot": "location",
        "id": "coastal_dune_restoration_site"
      },
      {
        "file": "photo_prompt_tags.json",
        "slot": "light_shape",
        "id": "waterline_caustic_face"
      },
      {
        "file": "photo_prompt_tags.json",
        "slot": "eye_makeup_line",
        "id": "lower_waterline_kohl_liner"
      },
      {
        "file": "photo_prompt_visual_obligations.json",
        "slot": null,
        "id": "intertidal_high_low_exposure_zonation"
      },
      {
        "file": "photo_prompt_visual_obligations.json",
        "slot": null,
        "id": "ghost_ship_former_vessel_breach"
      }
    ],
    "rip current": [],
    "crown splash": [],
    "pancake": [],
    "biofluorescence": [],
    "seaweed": [],
    "wetsuit": [
      {
        "file": "photo_prompt_swimwear_extension.json",
        "slot": "wardrobe_style",
        "id": "sw_candidate_wetsuit"
      },
      {
        "file": "photo_prompt_swimwear_extension.json",
        "slot": "wardrobe_style",
        "id": "sw_candidate_jane"
      },
      {
        "file": "photo_prompt_clothing_structure_extension.json",
        "slot": "wardrobe_style",
        "id": "clt_ct028_v2"
      },
      {
        "file": "photo_prompt_visual_obligations_swimwear.json",
        "slot": null,
        "id": "sw_rashguard"
      },
      {
        "file": "photo_prompt_visual_obligations_swimwear.json",
        "slot": null,
        "id": "sw_wetsuit"
      },
      {
        "file": "photo_prompt_visual_obligations_swimwear.json",
        "slot": null,
        "id": "sw_jane"
      },
      {
        "file": "photo_prompt_visual_obligations_swimwear.json",
        "slot": null,
        "id": "sw_swimskin"
      },
      {
        "file": "photo_prompt_visual_obligations_clothing_structure.json",
        "slot": null,
        "id": "clothing_ct028_v2"
      }
    ],
    "haenyeo": [],
    "테왁": [],
    "윤슬": [],
    "halocline": []
  }
}
