test_actor_dependent_surveillance_is_preserved (tests.test_photo_slot_data_cleanup.PhotoSlotDataCleanupTests.test_actor_dependent_surveillance_is_preserved) ... ok
test_camera_height_metaphor_does_not_require_child_subject (tests.test_photo_slot_data_cleanup.PhotoSlotDataCleanupTests.test_camera_height_metaphor_does_not_require_child_subject) ... ok
test_clean_observation_uses_positive_search_expression (tests.test_photo_slot_data_cleanup.PhotoSlotDataCleanupTests.test_clean_observation_uses_positive_search_expression) ... ok
test_closing_cleanup_only_says_visitors_have_left (tests.test_photo_slot_data_cleanup.PhotoSlotDataCleanupTests.test_closing_cleanup_only_says_visitors_have_left) ... ok
test_contrast_context_and_overhead_snapshot_remain (tests.test_photo_slot_data_cleanup.PhotoSlotDataCleanupTests.test_contrast_context_and_overhead_snapshot_remain) ... ok
test_crowd_gap_korean_keeps_subject_owner_generic (tests.test_photo_slot_data_cleanup.PhotoSlotDataCleanupTests.test_crowd_gap_korean_keeps_subject_owner_generic) ... ok
test_crowd_premise_does_not_become_main_subject_guard (tests.test_photo_slot_data_cleanup.PhotoSlotDataCleanupTests.test_crowd_premise_does_not_become_main_subject_guard) ... ok
test_eye_level_component_retains_height_not_parent_crop (tests.test_photo_slot_data_cleanup.PhotoSlotDataCleanupTests.test_eye_level_component_retains_height_not_parent_crop) ... ok
test_full_frame_component_does_not_claim_pose_only_aliases (tests.test_photo_slot_data_cleanup.PhotoSlotDataCleanupTests.test_full_frame_component_does_not_claim_pose_only_aliases) ... ok
test_generic_mirror_does_not_assert_gaze (tests.test_photo_slot_data_cleanup.PhotoSlotDataCleanupTests.test_generic_mirror_does_not_assert_gaze) ... ok
test_generic_worklight_keeps_explicit_robot_family_support (tests.test_photo_slot_data_cleanup.PhotoSlotDataCleanupTests.test_generic_worklight_keeps_explicit_robot_family_support) ... ok
test_lighting_removed_counterexamples_do_not_trigger_exclusion_predicate (tests.test_photo_slot_data_cleanup.PhotoSlotDataCleanupTests.test_lighting_removed_counterexamples_do_not_trigger_exclusion_predicate) ... ok
test_low_angle_component_does_not_repeat_unrelated_crop_alias (tests.test_photo_slot_data_cleanup.PhotoSlotDataCleanupTests.test_low_angle_component_does_not_repeat_unrelated_crop_alias) ... ok
test_monitor_rectangle_is_not_bedroom_only (tests.test_photo_slot_data_cleanup.PhotoSlotDataCleanupTests.test_monitor_rectangle_is_not_bedroom_only) ... ok
test_repair_pit_korean_output_preserves_subject_type (tests.test_photo_slot_data_cleanup.PhotoSlotDataCleanupTests.test_repair_pit_korean_output_preserves_subject_type) ... ok
test_reviewed_lighting_counterexamples_are_not_search_synonyms (tests.test_photo_slot_data_cleanup.PhotoSlotDataCleanupTests.test_reviewed_lighting_counterexamples_are_not_search_synonyms) ... ok
test_body_proportion_component_does_not_repeat_crop_alias (tests.test_photo_next_slot_data_cleanup.NextSlotDataCleanupTests.test_body_proportion_component_does_not_repeat_crop_alias) ... ok
test_contact_and_noncontact_owners_stay_distinct (tests.test_photo_next_slot_data_cleanup.NextSlotDataCleanupTests.test_contact_and_noncontact_owners_stay_distinct) ... ok
test_coordinated_gaze_search_keeps_target_not_inferences (tests.test_photo_next_slot_data_cleanup.NextSlotDataCleanupTests.test_coordinated_gaze_search_keeps_target_not_inferences) ... ok
test_explicit_covered_pose_variants_remain_covered (tests.test_photo_next_slot_data_cleanup.NextSlotDataCleanupTests.test_explicit_covered_pose_variants_remain_covered) ... ok
test_expression_aliases_name_complete_expressions (tests.test_photo_next_slot_data_cleanup.NextSlotDataCleanupTests.test_expression_aliases_name_complete_expressions) ... ok
test_material_alias_and_construction_search_avoid_substitutes (tests.test_photo_next_slot_data_cleanup.NextSlotDataCleanupTests.test_material_alias_and_construction_search_avoid_substitutes) ... ok
test_neutral_pose_search_matches_its_authored_label (tests.test_photo_next_slot_data_cleanup.NextSlotDataCleanupTests.test_neutral_pose_search_matches_its_authored_label) ... ok
test_optical_variants_keep_effects_without_false_aliases (tests.test_photo_next_slot_data_cleanup.NextSlotDataCleanupTests.test_optical_variants_keep_effects_without_false_aliases) ... ok
test_pose_counterexamples_are_not_positive_search_terms (tests.test_photo_next_slot_data_cleanup.NextSlotDataCleanupTests.test_pose_counterexamples_are_not_positive_search_terms) ... ok
test_after_sunset_blue_hour_is_dusk_not_dawn (tests.test_photo_scene_data_cleanup.SceneContextCleanupTests.test_after_sunset_blue_hour_is_dusk_not_dawn) ... ok
test_depth_and_occlusion_relations_remain (tests.test_photo_scene_data_cleanup.SceneContextCleanupTests.test_depth_and_occlusion_relations_remain) ... ok
test_empty_surroundings_do_not_require_or_forbid_a_primary_person (tests.test_photo_scene_data_cleanup.SceneContextCleanupTests.test_empty_surroundings_do_not_require_or_forbid_a_primary_person) ... ok
test_event_phase_does_not_fabricate_clock_time (tests.test_photo_scene_data_cleanup.SceneContextCleanupTests.test_event_phase_does_not_fabricate_clock_time) ... ok
test_storm_caption_retains_weather_and_existing_context_guard (tests.test_photo_scene_data_cleanup.SceneContextCleanupTests.test_storm_caption_retains_weather_and_existing_context_guard) ... ok
test_floral_room_indexes_positive_room_evidence (tests.test_photo_scene_data_cleanup.SceneLocationCleanupTests.test_floral_room_indexes_positive_room_evidence) ... ok
test_physical_location_captions_keep_authored_specialized_associations (tests.test_photo_scene_data_cleanup.SceneLocationCleanupTests.test_physical_location_captions_keep_authored_specialized_associations) ... ok
test_switchboard_keeps_real_connections_and_half_plugged_state (tests.test_photo_scene_data_cleanup.SceneLocationCleanupTests.test_switchboard_keeps_real_connections_and_half_plugged_state) ... ok
test_welding_korean_fields_preserve_sparks_without_human_guard (tests.test_photo_scene_data_cleanup.SceneLocationCleanupTests.test_welding_korean_fields_preserve_sparks_without_human_guard) ... ok
test_frozen_inventory_and_queries_remain_bound (tests.test_photo_scene_data_cleanup.ScenePreservationTests.test_frozen_inventory_and_queries_remain_bound) ... ok
test_prior_twenty_three_edited_rows_are_byte_semantically_preserved (tests.test_photo_scene_data_cleanup.ScenePreservationTests.test_prior_twenty_three_edited_rows_are_byte_semantically_preserved) ... ok
test_cafe_and_laundry_owner_state_relations_remain (tests.test_photo_scene_data_cleanup.ScenePropCleanupTests.test_cafe_and_laundry_owner_state_relations_remain) ... ok
test_coffee_gesture_is_preserved_in_both_languages (tests.test_photo_scene_data_cleanup.ScenePropCleanupTests.test_coffee_gesture_is_preserved_in_both_languages) ... ok
test_diary_preserves_blank_or_marked_alternatives (tests.test_photo_scene_data_cleanup.ScenePropCleanupTests.test_diary_preserves_blank_or_marked_alternatives) ... ok
test_genealogy_records_content_not_proof_of_subject_identity (tests.test_photo_scene_data_cleanup.ScenePropCleanupTests.test_genealogy_records_content_not_proof_of_subject_identity) ... ok
test_shared_umbrella_keeps_two_people_and_transparency (tests.test_photo_scene_data_cleanup.ScenePropCleanupTests.test_shared_umbrella_keeps_two_people_and_transparency) ... ok
test_bundles_require_open_dimensions_and_admit_natural_scene_phrases (tests.test_photo_everyday_scene_semantics.EverydaySceneSemanticsTests.test_bundles_require_open_dimensions_and_admit_natural_scene_phrases) ... ok
test_complete_relation_only_activates_hard_profile (tests.test_photo_everyday_scene_semantics.EverydaySceneSemanticsTests.test_complete_relation_only_activates_hard_profile) ... ok
test_generated_indexes_bind_new_data (tests.test_photo_everyday_scene_semantics.EverydaySceneSemanticsTests.test_generated_indexes_bind_new_data) ... ERROR
test_twenty_research_rows_are_optional_and_bound_to_source (tests.test_photo_everyday_scene_semantics.EverydaySceneSemanticsTests.test_twenty_research_rows_are_optional_and_bound_to_source) ... ok

======================================================================
ERROR: test_generated_indexes_bind_new_data (tests.test_photo_everyday_scene_semantics.EverydaySceneSemanticsTests.test_generated_indexes_bind_new_data)
----------------------------------------------------------------------
Traceback (most recent call last):
  File "/workspace/scratch/ce8f20680f5a/image-prompt/tests/test_photo_everyday_scene_semantics.py", line 126, in test_generated_indexes_bind_new_data
    pg.validate_semantic_index_metadata(semantic, self.data)
  File "/workspace/scratch/ce8f20680f5a/image-prompt/skills/photo-prompt-image-generator/scripts/prompt_generator.py", line 16062, in validate_semantic_index_metadata
    raise ValueError(
ValueError: Semantic index dictionary_hash does not match the tag dictionary. Regenerate it with build_semantic_index.py.

----------------------------------------------------------------------
Ran 45 tests in 15.920s

FAILED (errors=1)
