test_content_change_during_draft_capture_rejected (tests.test_photo_data_maintenance.DraftCaptureTests.test_content_change_during_draft_capture_rejected) ... ok
test_malformed_semantics_preserves_diagnostic_report (tests.test_photo_data_maintenance.DraftCaptureTests.test_malformed_semantics_preserves_diagnostic_report) ... ok
test_malformed_slot_collection_preserves_invalid_draft (tests.test_photo_data_maintenance.DraftCaptureTests.test_malformed_slot_collection_preserves_invalid_draft) ... ok
test_quality_policy_change_during_capture_rejected (tests.test_photo_data_maintenance.DraftCaptureTests.test_quality_policy_change_during_capture_rejected) ... ok
test_unfinished_cooperative_edit_is_incomplete (tests.test_photo_data_maintenance.DraftCaptureTests.test_unfinished_cooperative_edit_is_incomplete) ... ok
test_unregistered_source_is_not_adopted (tests.test_photo_data_maintenance.DraftCaptureTests.test_unregistered_source_is_not_adopted) ... ok
test_explicit_slot_resolves_same_entry_id (tests.test_photo_data_maintenance.RelationshipTests.test_explicit_slot_resolves_same_entry_id) ... ok
test_json_duplicate_and_nonfinite_rejected (tests.test_photo_data_maintenance.RelationshipTests.test_json_duplicate_and_nonfinite_rejected) ... ok
test_many_to_many_bidirectional (tests.test_photo_data_maintenance.RelationshipTests.test_many_to_many_bidirectional) ... ok
test_missing_endpoint_fails (tests.test_photo_data_maintenance.RelationshipTests.test_missing_endpoint_fails) ... ok
test_numbers_negations_and_direction_survive_normalization (tests.test_photo_data_maintenance.RelationshipTests.test_numbers_negations_and_direction_survive_normalization) ... ok
test_partial_clue_never_promotes_profile (tests.test_photo_data_maintenance.RelationshipTests.test_partial_clue_never_promotes_profile) ... ok
test_raw_ambiguous_and_missing_references_are_all_reported (tests.test_photo_data_maintenance.RelationshipTests.test_raw_ambiguous_and_missing_references_are_all_reported) ... ok
test_same_words_different_scope_are_only_review_leads (tests.test_photo_data_maintenance.RelationshipTests.test_same_words_different_scope_are_only_review_leads) ... ok
test_short_and_abstract_are_not_automatically_defects (tests.test_photo_data_maintenance.RelationshipTests.test_short_and_abstract_are_not_automatically_defects) ... ok
test_slot_identity_stays_distinct (tests.test_photo_data_maintenance.RelationshipTests.test_slot_identity_stays_distinct) ... ok
test_unlinked_is_valid (tests.test_photo_data_maintenance.RelationshipTests.test_unlinked_is_valid) ... ok
test_coordinated_checksum_rewrite_rejected_against_source (tests.test_photo_data_maintenance.ReportTests.test_coordinated_checksum_rewrite_rejected_against_source) ... ok
test_corrupt_report_member_rejected (tests.test_photo_data_maintenance.ReportTests.test_corrupt_report_member_rejected) ... ok
test_current_pointer_checked_against_report (tests.test_photo_data_maintenance.ReportTests.test_current_pointer_checked_against_report) ... ok
test_deterministic_bodies_and_diff (tests.test_photo_data_maintenance.ReportTests.test_deterministic_bodies_and_diff) ... ok
test_draft_not_queryable (tests.test_photo_data_maintenance.ReportTests.test_draft_not_queryable) ... ok
test_failed_current_check_leaves_pointer_unchanged (tests.test_photo_data_maintenance.ReportTests.test_failed_current_check_leaves_pointer_unchanged) ... ok
test_late_publisher_cannot_replace_current (tests.test_photo_data_maintenance.ReportTests.test_late_publisher_cannot_replace_current) ... ok
test_latest_rejects_source_root_and_generation_mismatch (tests.test_photo_data_maintenance.ReportTests.test_latest_rejects_source_root_and_generation_mismatch) ... ok
test_staging_refuses_overwrite (tests.test_photo_data_maintenance.ReportTests.test_staging_refuses_overwrite) ... ok
test_unsafe_report_member_rejected (tests.test_photo_data_maintenance.ReportTests.test_unsafe_report_member_rejected) ... ok
test_change_same_id_invalidates_only_related_review (tests.test_photo_data_maintenance.ReviewTests.test_change_same_id_invalidates_only_related_review) ... ok
test_duplicate_review_record_rejected (tests.test_photo_data_maintenance.ReviewTests.test_duplicate_review_record_rejected) ... ok
test_file_move_does_not_invalidate_semantics (tests.test_photo_data_maintenance.ReviewTests.test_file_move_does_not_invalidate_semantics) ... ok
test_member_removed_stales_path_even_when_nodes_exist (tests.test_photo_data_maintenance.ReviewTests.test_member_removed_stales_path_even_when_nodes_exist) ... ok
test_missing_endpoint_hash_cannot_claim_current (tests.test_photo_data_maintenance.ReviewTests.test_missing_endpoint_hash_cannot_claim_current) ... ok
test_cello_role_and_inspection_do_not_require_bowed_seated_playing (tests.test_photo_data_quality_scopes.DataQualityScopeTests.test_cello_role_and_inspection_do_not_require_bowed_seated_playing) ... ok
test_explicit_seated_playing_still_supported (tests.test_photo_data_quality_scopes.DataQualityScopeTests.test_explicit_seated_playing_still_supported) ... ok
test_human_receiver_candidates_reject_no_people_requests (tests.test_photo_data_quality_scopes.DataQualityScopeTests.test_human_receiver_candidates_reject_no_people_requests) ... ok
test_preperformance_inspection_exclusion_is_narrow (tests.test_photo_data_quality_scopes.DataQualityScopeTests.test_preperformance_inspection_exclusion_is_narrow) ... ok
test_broad_or_ambiguous_terms_do_not_force_an_instrument_profile (tests.test_photo_instrument_semantics.PhotoInstrumentSemanticsTests.test_broad_or_ambiguous_terms_do_not_force_an_instrument_profile) ... ok
test_each_profile_has_prop_action_contact_and_pose_candidates (tests.test_photo_instrument_semantics.PhotoInstrumentSemanticsTests.test_each_profile_has_prop_action_contact_and_pose_candidates) ... ok
test_exact_terms_route_only_the_intended_profile (tests.test_photo_instrument_semantics.PhotoInstrumentSemanticsTests.test_exact_terms_route_only_the_intended_profile) ... ok
test_instrument_candidates_exist_with_searchable_fields_and_no_rank (tests.test_photo_instrument_semantics.PhotoInstrumentSemanticsTests.test_instrument_candidates_exist_with_searchable_fields_and_no_rank) ... ok
test_registry_schema_is_valid_after_instrument_profiles (tests.test_photo_instrument_semantics.PhotoInstrumentSemanticsTests.test_registry_schema_is_valid_after_instrument_profiles) ... ok
test_research_evidence_is_approved_and_bound_to_existing_data (tests.test_photo_instrument_semantics.PhotoInstrumentSemanticsTests.test_research_evidence_is_approved_and_bound_to_existing_data) ... ok
test_ten_profiles_have_five_component_groups_and_unique_pixel_gates (tests.test_photo_instrument_semantics.PhotoInstrumentSemanticsTests.test_ten_profiles_have_five_component_groups_and_unique_pixel_gates) ... ok
test_all_authored_bundles_compile_and_profile_links_remain_advisory (tests.test_photo_candidate_semantics.PhotoCandidateSemanticsTests.test_all_authored_bundles_compile_and_profile_links_remain_advisory) ... ok
test_canonical_street_link_and_storefront_label_keep_stable_ids (tests.test_photo_candidate_semantics.PhotoCandidateSemanticsTests.test_canonical_street_link_and_storefront_label_keep_stable_ids) ... ok
test_maintenance_prose_is_external_and_hash_bound (tests.test_photo_candidate_semantics.PhotoCandidateSemanticsTests.test_maintenance_prose_is_external_and_hash_bound) ... ok
test_missing_current_semantic_surface_is_rejected (tests.test_photo_candidate_semantics.PhotoCandidateSemanticsTests.test_missing_current_semantic_surface_is_rejected) ... ok
test_missing_member_ineligible_member_internal_conflict_or_locked_scope_hides_bundle (tests.test_photo_candidate_semantics.PhotoCandidateSemanticsTests.test_missing_member_ineligible_member_internal_conflict_or_locked_scope_hides_bundle) ... ok
test_multiword_relations_survive_v6_pack_overview_and_full_details (tests.test_photo_candidate_semantics.PhotoCandidateSemanticsTests.test_multiword_relations_survive_v6_pack_overview_and_full_details) ... ok
test_real_generator_builds_an_adoptable_bundle_with_full_view_and_audit (tests.test_photo_candidate_semantics.PhotoCandidateSemanticsTests.test_real_generator_builds_an_adoptable_bundle_with_full_view_and_audit) ... ok
test_required_extension_loss_fails_before_dictionary_use (tests.test_photo_candidate_semantics.PhotoCandidateSemanticsTests.test_required_extension_loss_fails_before_dictionary_use) ... ok
test_scope_ownership_preserves_distinct_locked_dimensions (tests.test_photo_candidate_semantics.PhotoCandidateSemanticsTests.test_scope_ownership_preserves_distinct_locked_dimensions) ... ok
test_selected_bundle_requires_every_component_and_relation_literal_evidence (tests.test_photo_candidate_semantics.PhotoCandidateSemanticsTests.test_selected_bundle_requires_every_component_and_relation_literal_evidence) ... ok
test_semantic_units_relations_and_canonical_links_reject_malformed_authored_data (tests.test_photo_candidate_semantics.PhotoCandidateSemanticsTests.test_semantic_units_relations_and_canonical_links_reject_malformed_authored_data) ... ok
test_source_contract_or_scope_tampering_fails_even_after_pack_hash_recompute (tests.test_photo_candidate_semantics.PhotoCandidateSemanticsTests.test_source_contract_or_scope_tampering_fails_even_after_pack_hash_recompute) ... ok
test_unknown_runtime_keys_and_missing_or_ambiguous_references_fail (tests.test_photo_candidate_semantics.PhotoCandidateSemanticsTests.test_unknown_runtime_keys_and_missing_or_ambiguous_references_fail) ... ok
test_invalid_authored_inputs_never_load_sources_or_fetch (tests.test_photo_runtime_freshness.PhotoPrecoreFreshnessTests.test_invalid_authored_inputs_never_load_sources_or_fetch) ... ok
test_alternate_source_roots_use_one_explicit_inventory (tests.test_photo_runtime_freshness.PhotoRuntimeFreshnessTests.test_alternate_source_roots_use_one_explicit_inventory) ... ok
test_changed_source_with_stale_required_index_never_uses_old_snapshot (tests.test_photo_runtime_freshness.PhotoRuntimeFreshnessTests.test_changed_source_with_stale_required_index_never_uses_old_snapshot) ... ok
test_cooperative_writer_epoch_blocks_unfinished_publication (tests.test_photo_runtime_freshness.PhotoRuntimeFreshnessTests.test_cooperative_writer_epoch_blocks_unfinished_publication) ... ok
test_current_cannot_relabel_an_old_generation_as_the_new_source (tests.test_photo_runtime_freshness.PhotoRuntimeFreshnessTests.test_current_cannot_relabel_an_old_generation_as_the_new_source) ... ok
test_data_reload_and_inflight_pack_audit_stay_pinned (tests.test_photo_runtime_freshness.PhotoRuntimeFreshnessTests.test_data_reload_and_inflight_pack_audit_stay_pinned) ... ok
test_imported_old_code_and_changed_policy_require_new_worker (tests.test_photo_runtime_freshness.PhotoRuntimeFreshnessTests.test_imported_old_code_and_changed_policy_require_new_worker) ... ok
test_late_old_publisher_two_processes_cannot_overwrite_new_current (tests.test_photo_runtime_freshness.PhotoRuntimeFreshnessTests.test_late_old_publisher_two_processes_cannot_overwrite_new_current) ... ok
test_new_generation_member_failure_does_not_assign_old_handle (tests.test_photo_runtime_freshness.PhotoRuntimeFreshnessTests.test_new_generation_member_failure_does_not_assign_old_handle) ... ok
test_optional_cache_corruption_uses_same_validated_generation (tests.test_photo_runtime_freshness.PhotoRuntimeFreshnessTests.test_optional_cache_corruption_uses_same_validated_generation) ... ok
test_optional_presence_registration_and_missing_required_are_checked (tests.test_photo_runtime_freshness.PhotoRuntimeFreshnessTests.test_optional_presence_registration_and_missing_required_are_checked) ... ok
test_partial_publication_and_source_race_do_not_switch_current (tests.test_photo_runtime_freshness.PhotoRuntimeFreshnessTests.test_partial_publication_and_source_race_do_not_switch_current) ... ok
test_preserved_mtime_and_size_edit_is_detected (tests.test_photo_runtime_freshness.PhotoRuntimeFreshnessTests.test_preserved_mtime_and_size_edit_is_detected) ... ok
test_receipt_pack_mismatch_and_missing_receipt_fail (tests.test_photo_runtime_freshness.PhotoRuntimeFreshnessTests.test_receipt_pack_mismatch_and_missing_receipt_fail) ... ok
test_snapshot_mutation_fails_and_explicit_copies_remain_isolated (tests.test_photo_runtime_freshness.PhotoRuntimeFreshnessTests.test_snapshot_mutation_fails_and_explicit_copies_remain_isolated) ... ok
test_unchanged_source_exact_index_retrieval_and_full_pack (tests.test_photo_runtime_freshness.PhotoRuntimeFreshnessTests.test_unchanged_source_exact_index_retrieval_and_full_pack) ... ok
test_visual_only_generation_reuses_slot_payload (tests.test_photo_runtime_freshness.PhotoRuntimeFreshnessTests.test_visual_only_generation_reuses_slot_payload) ... ok
test_wrong_statistics_with_rewritten_self_metadata_cannot_replace_expectations (tests.test_photo_runtime_freshness.PhotoRuntimeFreshnessTests.test_wrong_statistics_with_rewritten_self_metadata_cannot_replace_expectations) ... ok
test_actual_fetch_commit_dirty_primary_and_network_failure (tests.test_photo_runtime_freshness.RemoteSourceUpdaterTests.test_actual_fetch_commit_dirty_primary_and_network_failure) ... ok
test_exact_full_derivation_and_caller_isolation (tests.test_photo_runtime_freshness.SlotCacheTests.test_exact_full_derivation_and_caller_isolation) ... ok
test_missing_truncated_and_rehashed_wrong_statistics_fall_back_cpu_only (tests.test_photo_runtime_freshness.SlotCacheTests.test_missing_truncated_and_rehashed_wrong_statistics_fall_back_cpu_only) ... ok
test_old_memory_key_cannot_hide_policy_change (tests.test_photo_runtime_freshness.SlotCacheTests.test_old_memory_key_cannot_hide_policy_change) ... ok
test_same_id_source_change_and_algorithm_change_reject_old_cache (tests.test_photo_runtime_freshness.SlotCacheTests.test_same_id_source_change_and_algorithm_change_reject_old_cache) ... ok
test_synthetic_corpus_bypasses_live_artifact (tests.test_photo_runtime_freshness.SlotCacheTests.test_synthetic_corpus_bypasses_live_artifact) ... ok
test_v28_frozen_original_statistics_and_unicode_scope (tests.test_photo_runtime_freshness.SlotCacheTests.test_v28_frozen_original_statistics_and_unicode_scope) ... ok
test_discovery_minimum_does_not_reduce_evidence_or_pixel_duties (tests.test_photo_structure_maintenance.PhotoAuthoredComponentSourceTests.test_discovery_minimum_does_not_reduce_evidence_or_pixel_duties) ... ok
test_every_live_profile_has_one_valid_source (tests.test_photo_structure_maintenance.PhotoAuthoredComponentSourceTests.test_every_live_profile_has_one_valid_source) ... ok
test_irregular_joint_contracts_match_frozen_pre_migration_meaning (tests.test_photo_structure_maintenance.PhotoAuthoredComponentSourceTests.test_irregular_joint_contracts_match_frozen_pre_migration_meaning) ... ok
test_joint_duties_survive_context_specialization (tests.test_photo_structure_maintenance.PhotoAuthoredComponentSourceTests.test_joint_duties_survive_context_specialization) ... ok
test_missing_unknown_and_duplicate_bindings_fail (tests.test_photo_structure_maintenance.PhotoAuthoredComponentSourceTests.test_missing_unknown_and_duplicate_bindings_fail) ... ok
test_source_duplicates_and_stale_compiled_fields_fail (tests.test_photo_structure_maintenance.PhotoAuthoredComponentSourceTests.test_source_duplicates_and_stale_compiled_fields_fail) ... ok
test_duplicate_authored_required_list_is_rejected (tests.test_photo_structure_maintenance.PhotoSourceManifestTests.test_duplicate_authored_required_list_is_rejected) ... ok
test_importing_public_generator_does_not_read_candidate_assets (tests.test_photo_structure_maintenance.PhotoSourceManifestTests.test_importing_public_generator_does_not_read_candidate_assets) ... ok
test_invalid_registrations_fail (tests.test_photo_structure_maintenance.PhotoSourceManifestTests.test_invalid_registrations_fail) ... ok
test_missing_required_and_unregistered_files_are_distinct (tests.test_photo_structure_maintenance.PhotoSourceManifestTests.test_missing_required_and_unregistered_files_are_distinct) ... ok
test_registration_preserves_both_load_orders_and_required_policy (tests.test_photo_structure_maintenance.PhotoSourceManifestTests.test_registration_preserves_both_load_orders_and_required_policy) ... ok

----------------------------------------------------------------------
Ran 92 tests in 526.222s

OK
