Replaying unchanged baseline fixture rows: ['candidate_contained_affect_components', 'candidate_yandere_relation_components', 'negative_yandere_expression_only', 'negative_yandere_role_prop_only', 'positive_yandere_en', 'positive_yandere_ko']
test_registry_and_request_scoped_routing_fixture (tests.test_photo_visual_obligations.PhotoVisualObligationTests.test_registry_and_request_scoped_routing_fixture) ... 
  test_registry_and_request_scoped_routing_fixture (tests.test_photo_visual_obligations.PhotoVisualObligationTests.test_registry_and_request_scoped_routing_fixture) (fixture='swimwear-routing-failed-subset.jsonl', case='candidate_contained_affect_components') ... FAIL
  test_registry_and_request_scoped_routing_fixture (tests.test_photo_visual_obligations.PhotoVisualObligationTests.test_registry_and_request_scoped_routing_fixture) (fixture='swimwear-routing-failed-subset.jsonl', case='positive_yandere_en') ... FAIL
  test_registry_and_request_scoped_routing_fixture (tests.test_photo_visual_obligations.PhotoVisualObligationTests.test_registry_and_request_scoped_routing_fixture) (fixture='swimwear-routing-failed-subset.jsonl', case='positive_yandere_ko') ... FAIL
  test_registry_and_request_scoped_routing_fixture (tests.test_photo_visual_obligations.PhotoVisualObligationTests.test_registry_and_request_scoped_routing_fixture) (fixture='swimwear-routing-failed-subset.jsonl', case='candidate_yandere_relation_components') ... FAIL
  test_registry_and_request_scoped_routing_fixture (tests.test_photo_visual_obligations.PhotoVisualObligationTests.test_registry_and_request_scoped_routing_fixture) (fixture='swimwear-routing-failed-subset.jsonl', case='negative_yandere_expression_only') ... FAIL
  test_registry_and_request_scoped_routing_fixture (tests.test_photo_visual_obligations.PhotoVisualObligationTests.test_registry_and_request_scoped_routing_fixture) (fixture='swimwear-routing-failed-subset.jsonl', case='negative_yandere_role_prop_only') ... FAIL

======================================================================
FAIL: test_registry_and_request_scoped_routing_fixture (tests.test_photo_visual_obligations.PhotoVisualObligationTests.test_registry_and_request_scoped_routing_fixture) (fixture='swimwear-routing-failed-subset.jsonl', case='candidate_contained_affect_components')
----------------------------------------------------------------------
Traceback (most recent call last):
  File "/private/tmp/swimwear-baseline-b6e70b7/tests/test_photo_visual_obligations.py", line 127, in assert_routing_fixture
    self.assertEqual(
    ~~~~~~~~~~~~~~~~^
        sorted(concept_matches),
        ^^^^^^^^^^^^^^^^^^^^^^^^
        sorted(case["expected_candidate_profile_ids"]),
        ^^^^^^^^^^^^^^^^^^^^^^^^^^^^^^^^^^^^^^^^^^^^^^^
    )
    ^
AssertionError: Lists differ: ['contained_affect_self_presentation', 'pf_keep_ward'] != ['contained_affect_self_presentation']

First list contains 1 additional elements.
First extra element 1:
'pf_keep_ward'

- ['contained_affect_self_presentation', 'pf_keep_ward']
?                                      ----------------

+ ['contained_affect_self_presentation']

======================================================================
FAIL: test_registry_and_request_scoped_routing_fixture (tests.test_photo_visual_obligations.PhotoVisualObligationTests.test_registry_and_request_scoped_routing_fixture) (fixture='swimwear-routing-failed-subset.jsonl', case='positive_yandere_en')
----------------------------------------------------------------------
Traceback (most recent call last):
  File "/private/tmp/swimwear-baseline-b6e70b7/tests/test_photo_visual_obligations.py", line 127, in assert_routing_fixture
    self.assertEqual(
    ~~~~~~~~~~~~~~~~^
        sorted(concept_matches),
        ^^^^^^^^^^^^^^^^^^^^^^^^
        sorted(case["expected_candidate_profile_ids"]),
        ^^^^^^^^^^^^^^^^^^^^^^^^^^^^^^^^^^^^^^^^^^^^^^^
    )
    ^
AssertionError: Lists differ: ['clinical_nursing_duty_system'] != []

First list contains 1 additional elements.
First extra element 0:
'clinical_nursing_duty_system'

- ['clinical_nursing_duty_system']
+ []

======================================================================
FAIL: test_registry_and_request_scoped_routing_fixture (tests.test_photo_visual_obligations.PhotoVisualObligationTests.test_registry_and_request_scoped_routing_fixture) (fixture='swimwear-routing-failed-subset.jsonl', case='positive_yandere_ko')
----------------------------------------------------------------------
Traceback (most recent call last):
  File "/private/tmp/swimwear-baseline-b6e70b7/tests/test_photo_visual_obligations.py", line 127, in assert_routing_fixture
    self.assertEqual(
    ~~~~~~~~~~~~~~~~^
        sorted(concept_matches),
        ^^^^^^^^^^^^^^^^^^^^^^^^
        sorted(case["expected_candidate_profile_ids"]),
        ^^^^^^^^^^^^^^^^^^^^^^^^^^^^^^^^^^^^^^^^^^^^^^^
    )
    ^
AssertionError: Lists differ: ['clinical_nursing_duty_system'] != []

First list contains 1 additional elements.
First extra element 0:
'clinical_nursing_duty_system'

- ['clinical_nursing_duty_system']
+ []

======================================================================
FAIL: test_registry_and_request_scoped_routing_fixture (tests.test_photo_visual_obligations.PhotoVisualObligationTests.test_registry_and_request_scoped_routing_fixture) (fixture='swimwear-routing-failed-subset.jsonl', case='candidate_yandere_relation_components')
----------------------------------------------------------------------
Traceback (most recent call last):
  File "/private/tmp/swimwear-baseline-b6e70b7/tests/test_photo_visual_obligations.py", line 127, in assert_routing_fixture
    self.assertEqual(
    ~~~~~~~~~~~~~~~~^
        sorted(concept_matches),
        ^^^^^^^^^^^^^^^^^^^^^^^^
        sorted(case["expected_candidate_profile_ids"]),
        ^^^^^^^^^^^^^^^^^^^^^^^^^^^^^^^^^^^^^^^^^^^^^^^
    )
    ^
AssertionError: Lists differ: ['clinical_nursing_duty_system', 'yandere_affection_control_relation'] != ['yandere_affection_control_relation']

First differing element 0:
'clinical_nursing_duty_system'
'yandere_affection_control_relation'

First list contains 1 additional elements.
First extra element 1:
'yandere_affection_control_relation'

- ['clinical_nursing_duty_system', 'yandere_affection_control_relation']
+ ['yandere_affection_control_relation']

======================================================================
FAIL: test_registry_and_request_scoped_routing_fixture (tests.test_photo_visual_obligations.PhotoVisualObligationTests.test_registry_and_request_scoped_routing_fixture) (fixture='swimwear-routing-failed-subset.jsonl', case='negative_yandere_expression_only')
----------------------------------------------------------------------
Traceback (most recent call last):
  File "/private/tmp/swimwear-baseline-b6e70b7/tests/test_photo_visual_obligations.py", line 127, in assert_routing_fixture
    self.assertEqual(
    ~~~~~~~~~~~~~~~~^
        sorted(concept_matches),
        ^^^^^^^^^^^^^^^^^^^^^^^^
        sorted(case["expected_candidate_profile_ids"]),
        ^^^^^^^^^^^^^^^^^^^^^^^^^^^^^^^^^^^^^^^^^^^^^^^
    )
    ^
AssertionError: Lists differ: ['clinical_nursing_duty_system'] != []

First list contains 1 additional elements.
First extra element 0:
'clinical_nursing_duty_system'

- ['clinical_nursing_duty_system']
+ []

======================================================================
FAIL: test_registry_and_request_scoped_routing_fixture (tests.test_photo_visual_obligations.PhotoVisualObligationTests.test_registry_and_request_scoped_routing_fixture) (fixture='swimwear-routing-failed-subset.jsonl', case='negative_yandere_role_prop_only')
----------------------------------------------------------------------
Traceback (most recent call last):
  File "/private/tmp/swimwear-baseline-b6e70b7/tests/test_photo_visual_obligations.py", line 127, in assert_routing_fixture
    self.assertEqual(
    ~~~~~~~~~~~~~~~~^
        sorted(concept_matches),
        ^^^^^^^^^^^^^^^^^^^^^^^^
        sorted(case["expected_candidate_profile_ids"]),
        ^^^^^^^^^^^^^^^^^^^^^^^^^^^^^^^^^^^^^^^^^^^^^^^
    )
    ^
AssertionError: Lists differ: ['clinical_nursing_duty_system'] != []

First list contains 1 additional elements.
First extra element 0:
'clinical_nursing_duty_system'

- ['clinical_nursing_duty_system']
+ []

----------------------------------------------------------------------
Ran 1 test in 32.670s

FAILED (failures=6)
