Additional unchanged baseline fixture rows: ['candidate_kuudere_relation_components']
test_registry_and_request_scoped_routing_fixture (tests.test_photo_visual_obligations.PhotoVisualObligationTests.test_registry_and_request_scoped_routing_fixture) ... 
  test_registry_and_request_scoped_routing_fixture (tests.test_photo_visual_obligations.PhotoVisualObligationTests.test_registry_and_request_scoped_routing_fixture) (fixture='swimwear-routing-additional-subset.jsonl', case='candidate_kuudere_relation_components') ... FAIL

======================================================================
FAIL: test_registry_and_request_scoped_routing_fixture (tests.test_photo_visual_obligations.PhotoVisualObligationTests.test_registry_and_request_scoped_routing_fixture) (fixture='swimwear-routing-additional-subset.jsonl', case='candidate_kuudere_relation_components')
----------------------------------------------------------------------
Traceback (most recent call last):
  File "/private/tmp/swimwear-baseline-b6e70b7/tests/test_photo_visual_obligations.py", line 127, in assert_routing_fixture
    self.assertEqual(
    ~~~~~~~~~~~~~~~~^
        sorted(concept_matches),
        ^^^^^^^^^^^^^^^^^^^^^^^^
        sorted(case["expected_candidate_profile_ids"]),
        ^^^^^^^^^^^^^^^^^^^^^^^^^^^^^^^^^^^^^^^^^^^^^^^
    )
    ^
AssertionError: Lists differ: ['kuudere_composed_warmth_relation', 'pf_keep_ward'] != ['kuudere_composed_warmth_relation']

First list contains 1 additional elements.
First extra element 1:
'pf_keep_ward'

- ['kuudere_composed_warmth_relation', 'pf_keep_ward']
?                                    ----------------

+ ['kuudere_composed_warmth_relation']

----------------------------------------------------------------------
Ran 1 test in 5.519s

FAILED (failures=1)
