test_alternative_components_require_every_part (tests.test_photo_subculture_appearance_alternatives.PhotoSubcultureAppearanceAlternativesTests.test_alternative_components_require_every_part) ... ok
test_empty_scope_domains_and_body_conversion_are_not_hidden_in_appearance (tests.test_photo_subculture_appearance_alternatives.PhotoSubcultureAppearanceAlternativesTests.test_empty_scope_domains_and_body_conversion_are_not_hidden_in_appearance) ... ok
test_exact_scope_is_positive_and_advisory_cannot_become_hard (tests.test_photo_subculture_appearance_alternatives.PhotoSubcultureAppearanceAlternativesTests.test_exact_scope_is_positive_and_advisory_cannot_become_hard) ... ok
test_existing_owners_keep_activation_effects_and_gate_meaning (tests.test_photo_subculture_appearance_alternatives.PhotoSubcultureAppearanceAlternativesTests.test_existing_owners_keep_activation_effects_and_gate_meaning) ... ok
test_parent_property_locks_and_carrier_aliases_are_preserved (tests.test_photo_subculture_appearance_alternatives.PhotoSubcultureAppearanceAlternativesTests.test_parent_property_locks_and_carrier_aliases_are_preserved) ... ok
test_wrong_carriers_and_neighbor_structures_do_not_supply_components (tests.test_photo_subculture_appearance_alternatives.PhotoSubcultureAppearanceAlternativesTests.test_wrong_carriers_and_neighbor_structures_do_not_supply_components) ... ok
test_invalid_lineage_or_frozen_meaning_fails_before_replay (tests.test_photo_subculture_appearance_boundary_history.AppearanceBoundaryHistoryTests.test_invalid_lineage_or_frozen_meaning_fails_before_replay) ... ok
test_predecessor_and_frozen_scene_are_preserved (tests.test_photo_subculture_appearance_boundary_history.AppearanceBoundaryHistoryTests.test_predecessor_and_frozen_scene_are_preserved) ... ok
test_invalid_successor_lineage_fails_before_replay (tests.test_photo_slang_boundary_history.SlangBoundaryHistoryTests.test_invalid_successor_lineage_fails_before_replay) ... ok
test_v7_and_all_four_frozen_inputs_are_preserved_byte_for_byte (tests.test_photo_slang_boundary_history.SlangBoundaryHistoryTests.test_v7_and_all_four_frozen_inputs_are_preserved_byte_for_byte) ... ok
test_after_sunset_blue_hour_is_dusk_not_dawn (tests.test_photo_scene_data_cleanup.SceneContextCleanupTests.test_after_sunset_blue_hour_is_dusk_not_dawn) ... ok
test_depth_and_occlusion_relations_remain (tests.test_photo_scene_data_cleanup.SceneContextCleanupTests.test_depth_and_occlusion_relations_remain) ... ok
test_empty_surroundings_do_not_require_or_forbid_a_primary_person (tests.test_photo_scene_data_cleanup.SceneContextCleanupTests.test_empty_surroundings_do_not_require_or_forbid_a_primary_person) ... ok
test_event_phase_does_not_fabricate_clock_time (tests.test_photo_scene_data_cleanup.SceneContextCleanupTests.test_event_phase_does_not_fabricate_clock_time) ... ok
test_storm_caption_retains_weather_and_existing_context_guard (tests.test_photo_scene_data_cleanup.SceneContextCleanupTests.test_storm_caption_retains_weather_and_existing_context_guard) ... ok
test_floral_room_indexes_positive_room_evidence (tests.test_photo_scene_data_cleanup.SceneLocationCleanupTests.test_floral_room_indexes_positive_room_evidence) ... ok
test_physical_location_captions_keep_authored_specialized_associations (tests.test_photo_scene_data_cleanup.SceneLocationCleanupTests.test_physical_location_captions_keep_authored_specialized_associations) ... ok
test_switchboard_keeps_real_connections_and_half_plugged_state (tests.test_photo_scene_data_cleanup.SceneLocationCleanupTests.test_switchboard_keeps_real_connections_and_half_plugged_state) ... ok
test_welding_korean_fields_preserve_sparks_without_human_guard (tests.test_photo_scene_data_cleanup.SceneLocationCleanupTests.test_welding_korean_fields_preserve_sparks_without_human_guard) ... ok
test_frozen_inventory_and_queries_remain_bound (tests.test_photo_scene_data_cleanup.ScenePreservationTests.test_frozen_inventory_and_queries_remain_bound) ... ok
test_prior_twenty_three_edited_rows_are_byte_semantically_preserved (tests.test_photo_scene_data_cleanup.ScenePreservationTests.test_prior_twenty_three_edited_rows_are_byte_semantically_preserved) ... ok
test_cafe_and_laundry_owner_state_relations_remain (tests.test_photo_scene_data_cleanup.ScenePropCleanupTests.test_cafe_and_laundry_owner_state_relations_remain) ... ok
test_coffee_gesture_is_preserved_in_both_languages (tests.test_photo_scene_data_cleanup.ScenePropCleanupTests.test_coffee_gesture_is_preserved_in_both_languages) ... ok
test_diary_preserves_blank_or_marked_alternatives (tests.test_photo_scene_data_cleanup.ScenePropCleanupTests.test_diary_preserves_blank_or_marked_alternatives) ... ok
test_genealogy_records_content_not_proof_of_subject_identity (tests.test_photo_scene_data_cleanup.ScenePropCleanupTests.test_genealogy_records_content_not_proof_of_subject_identity) ... ok
test_shared_umbrella_keeps_two_people_and_transparency (tests.test_photo_scene_data_cleanup.ScenePropCleanupTests.test_shared_umbrella_keeps_two_people_and_transparency) ... ok
test_absent_activity_allows_traces_without_changing_scope_or_guards (tests.test_photo_liminal_active_use_korean_data_cleanup.LiminalActiveUseKoreanDataCleanupTests.test_absent_activity_allows_traces_without_changing_scope_or_guards) ... ok
test_acceptance_binds_gains_costs_and_immutable_recovery_history (tests.test_photo_liminal_active_use_korean_data_cleanup.LiminalActiveUseKoreanDataCleanupTests.test_acceptance_binds_gains_costs_and_immutable_recovery_history) ... ok
test_archived_korean_catalog_changes_one_line_and_current_text_preserves_it (tests.test_photo_liminal_active_use_korean_data_cleanup.LiminalActiveUseKoreanDataCleanupTests.test_archived_korean_catalog_changes_one_line_and_current_text_preserves_it) ... ok
test_complete_merged_state_and_twenty_one_keeps_remain_exact (tests.test_photo_liminal_active_use_korean_data_cleanup.LiminalActiveUseKoreanDataCleanupTests.test_complete_merged_state_and_twenty_one_keeps_remain_exact) ... ok
test_complete_raw_source_changes_only_ko_and_predeclared_reference (tests.test_photo_liminal_active_use_korean_data_cleanup.LiminalActiveUseKoreanDataCleanupTests.test_complete_raw_source_changes_only_ko_and_predeclared_reference) ... ok
test_frozen_source_inventory_queries_and_bounded_workload (tests.test_photo_liminal_active_use_korean_data_cleanup.LiminalActiveUseKoreanDataCleanupTests.test_frozen_source_inventory_queries_and_bounded_workload) ... ok
test_historical_provenance_is_preserved_and_current_source_is_bound (tests.test_photo_liminal_active_use_korean_data_cleanup.LiminalActiveUseKoreanDataCleanupTests.test_historical_provenance_is_preserved_and_current_source_is_bound) ... ok
test_historical_v6_preservation_and_current_candidate_projection (tests.test_photo_liminal_active_use_korean_data_cleanup.LiminalActiveUseKoreanDataCleanupTests.test_historical_v6_preservation_and_current_candidate_projection) ... ok
test_independent_queries_and_same_slot_controls_stay_exact (tests.test_photo_liminal_active_use_korean_data_cleanup.LiminalActiveUseKoreanDataCleanupTests.test_independent_queries_and_same_slot_controls_stay_exact) ... ok
test_aggregate_validator_does_not_hide_partial_pixel_qualification (tests.test_subculture_illustration_contract_v1.SubcultureIllustrationContractV1Tests.test_aggregate_validator_does_not_hide_partial_pixel_qualification) ... ok

----------------------------------------------------------------------
Ran 36 tests in 18.754s

OK
