tests (unittest.loader._FailedTest.tests) ... ERROR
tests (unittest.loader._FailedTest.tests) ... ERROR
tests (unittest.loader._FailedTest.tests) ... ERROR
tests (unittest.loader._FailedTest.tests) ... ERROR
tests (unittest.loader._FailedTest.tests) ... ERROR
tests (unittest.loader._FailedTest.tests) ... ERROR
tests (unittest.loader._FailedTest.tests) ... ERROR
tests (unittest.loader._FailedTest.tests) ... ERROR
tests (unittest.loader._FailedTest.tests) ... ERROR
tests (unittest.loader._FailedTest.tests) ... ERROR
tests (unittest.loader._FailedTest.tests) ... ERROR
tests (unittest.loader._FailedTest.tests) ... ERROR
tests (unittest.loader._FailedTest.tests) ... ERROR
tests (unittest.loader._FailedTest.tests) ... ERROR
tests (unittest.loader._FailedTest.tests) ... ERROR
tests (unittest.loader._FailedTest.tests) ... ERROR
tests (unittest.loader._FailedTest.tests) ... ERROR
tests (unittest.loader._FailedTest.tests) ... ERROR
tests (unittest.loader._FailedTest.tests) ... ERROR
tests (unittest.loader._FailedTest.tests) ... ERROR
tests (unittest.loader._FailedTest.tests) ... ERROR
tests (unittest.loader._FailedTest.tests) ... ERROR
tests (unittest.loader._FailedTest.tests) ... ERROR
tests (unittest.loader._FailedTest.tests) ... ERROR
tests (unittest.loader._FailedTest.tests) ... ERROR
tests (unittest.loader._FailedTest.tests) ... ERROR
tests (unittest.loader._FailedTest.tests) ... ERROR
tests (unittest.loader._FailedTest.tests) ... ERROR
tests (unittest.loader._FailedTest.tests) ... ERROR
tests (unittest.loader._FailedTest.tests) ... ERROR
tests (unittest.loader._FailedTest.tests) ... ERROR
tests (unittest.loader._FailedTest.tests) ... ERROR
tests (unittest.loader._FailedTest.tests) ... ERROR
tests (unittest.loader._FailedTest.tests) ... ERROR
tests (unittest.loader._FailedTest.tests) ... ERROR
tests (unittest.loader._FailedTest.tests) ... ERROR
tests (unittest.loader._FailedTest.tests) ... ERROR
tests (unittest.loader._FailedTest.tests) ... ERROR

======================================================================
ERROR: tests (unittest.loader._FailedTest.tests)
----------------------------------------------------------------------
ImportError: Failed to import test module: tests
Traceback (most recent call last):
  File "/opt/homebrew/Cellar/python@3.14/3.14.3_1/Frameworks/Python.framework/Versions/3.14/lib/python3.14/unittest/loader.py", line 137, in loadTestsFromName
    module = __import__(module_name)
ModuleNotFoundError: No module named 'tests'


======================================================================
ERROR: tests (unittest.loader._FailedTest.tests)
----------------------------------------------------------------------
ImportError: Failed to import test module: tests
Traceback (most recent call last):
  File "/opt/homebrew/Cellar/python@3.14/3.14.3_1/Frameworks/Python.framework/Versions/3.14/lib/python3.14/unittest/loader.py", line 137, in loadTestsFromName
    module = __import__(module_name)
ModuleNotFoundError: No module named 'tests'


======================================================================
ERROR: tests (unittest.loader._FailedTest.tests)
----------------------------------------------------------------------
ImportError: Failed to import test module: tests
Traceback (most recent call last):
  File "/opt/homebrew/Cellar/python@3.14/3.14.3_1/Frameworks/Python.framework/Versions/3.14/lib/python3.14/unittest/loader.py", line 137, in loadTestsFromName
    module = __import__(module_name)
ModuleNotFoundError: No module named 'tests'


======================================================================
ERROR: tests (unittest.loader._FailedTest.tests)
----------------------------------------------------------------------
ImportError: Failed to import test module: tests
Traceback (most recent call last):
  File "/opt/homebrew/Cellar/python@3.14/3.14.3_1/Frameworks/Python.framework/Versions/3.14/lib/python3.14/unittest/loader.py", line 137, in loadTestsFromName
    module = __import__(module_name)
ModuleNotFoundError: No module named 'tests'


======================================================================
ERROR: tests (unittest.loader._FailedTest.tests)
----------------------------------------------------------------------
ImportError: Failed to import test module: tests
Traceback (most recent call last):
  File "/opt/homebrew/Cellar/python@3.14/3.14.3_1/Frameworks/Python.framework/Versions/3.14/lib/python3.14/unittest/loader.py", line 137, in loadTestsFromName
    module = __import__(module_name)
ModuleNotFoundError: No module named 'tests'


======================================================================
ERROR: tests (unittest.loader._FailedTest.tests)
----------------------------------------------------------------------
ImportError: Failed to import test module: tests
Traceback (most recent call last):
  File "/opt/homebrew/Cellar/python@3.14/3.14.3_1/Frameworks/Python.framework/Versions/3.14/lib/python3.14/unittest/loader.py", line 137, in loadTestsFromName
    module = __import__(module_name)
ModuleNotFoundError: No module named 'tests'


======================================================================
ERROR: tests (unittest.loader._FailedTest.tests)
----------------------------------------------------------------------
ImportError: Failed to import test module: tests
Traceback (most recent call last):
  File "/opt/homebrew/Cellar/python@3.14/3.14.3_1/Frameworks/Python.framework/Versions/3.14/lib/python3.14/unittest/loader.py", line 137, in loadTestsFromName
    module = __import__(module_name)
ModuleNotFoundError: No module named 'tests'


======================================================================
ERROR: tests (unittest.loader._FailedTest.tests)
----------------------------------------------------------------------
ImportError: Failed to import test module: tests
Traceback (most recent call last):
  File "/opt/homebrew/Cellar/python@3.14/3.14.3_1/Frameworks/Python.framework/Versions/3.14/lib/python3.14/unittest/loader.py", line 137, in loadTestsFromName
    module = __import__(module_name)
ModuleNotFoundError: No module named 'tests'


======================================================================
ERROR: tests (unittest.loader._FailedTest.tests)
----------------------------------------------------------------------
ImportError: Failed to import test module: tests
Traceback (most recent call last):
  File "/opt/homebrew/Cellar/python@3.14/3.14.3_1/Frameworks/Python.framework/Versions/3.14/lib/python3.14/unittest/loader.py", line 137, in loadTestsFromName
    module = __import__(module_name)
ModuleNotFoundError: No module named 'tests'


======================================================================
ERROR: tests (unittest.loader._FailedTest.tests)
----------------------------------------------------------------------
ImportError: Failed to import test module: tests
Traceback (most recent call last):
  File "/opt/homebrew/Cellar/python@3.14/3.14.3_1/Frameworks/Python.framework/Versions/3.14/lib/python3.14/unittest/loader.py", line 137, in loadTestsFromName
    module = __import__(module_name)
ModuleNotFoundError: No module named 'tests'


======================================================================
ERROR: tests (unittest.loader._FailedTest.tests)
----------------------------------------------------------------------
ImportError: Failed to import test module: tests
Traceback (most recent call last):
  File "/opt/homebrew/Cellar/python@3.14/3.14.3_1/Frameworks/Python.framework/Versions/3.14/lib/python3.14/unittest/loader.py", line 137, in loadTestsFromName
    module = __import__(module_name)
ModuleNotFoundError: No module named 'tests'


======================================================================
ERROR: tests (unittest.loader._FailedTest.tests)
----------------------------------------------------------------------
ImportError: Failed to import test module: tests
Traceback (most recent call last):
  File "/opt/homebrew/Cellar/python@3.14/3.14.3_1/Frameworks/Python.framework/Versions/3.14/lib/python3.14/unittest/loader.py", line 137, in loadTestsFromName
    module = __import__(module_name)
ModuleNotFoundError: No module named 'tests'


======================================================================
ERROR: tests (unittest.loader._FailedTest.tests)
----------------------------------------------------------------------
ImportError: Failed to import test module: tests
Traceback (most recent call last):
  File "/opt/homebrew/Cellar/python@3.14/3.14.3_1/Frameworks/Python.framework/Versions/3.14/lib/python3.14/unittest/loader.py", line 137, in loadTestsFromName
    module = __import__(module_name)
ModuleNotFoundError: No module named 'tests'


======================================================================
ERROR: tests (unittest.loader._FailedTest.tests)
----------------------------------------------------------------------
ImportError: Failed to import test module: tests
Traceback (most recent call last):
  File "/opt/homebrew/Cellar/python@3.14/3.14.3_1/Frameworks/Python.framework/Versions/3.14/lib/python3.14/unittest/loader.py", line 137, in loadTestsFromName
    module = __import__(module_name)
ModuleNotFoundError: No module named 'tests'


======================================================================
ERROR: tests (unittest.loader._FailedTest.tests)
----------------------------------------------------------------------
ImportError: Failed to import test module: tests
Traceback (most recent call last):
  File "/opt/homebrew/Cellar/python@3.14/3.14.3_1/Frameworks/Python.framework/Versions/3.14/lib/python3.14/unittest/loader.py", line 137, in loadTestsFromName
    module = __import__(module_name)
ModuleNotFoundError: No module named 'tests'


======================================================================
ERROR: tests (unittest.loader._FailedTest.tests)
----------------------------------------------------------------------
ImportError: Failed to import test module: tests
Traceback (most recent call last):
  File "/opt/homebrew/Cellar/python@3.14/3.14.3_1/Frameworks/Python.framework/Versions/3.14/lib/python3.14/unittest/loader.py", line 137, in loadTestsFromName
    module = __import__(module_name)
ModuleNotFoundError: No module named 'tests'


======================================================================
ERROR: tests (unittest.loader._FailedTest.tests)
----------------------------------------------------------------------
ImportError: Failed to import test module: tests
Traceback (most recent call last):
  File "/opt/homebrew/Cellar/python@3.14/3.14.3_1/Frameworks/Python.framework/Versions/3.14/lib/python3.14/unittest/loader.py", line 137, in loadTestsFromName
    module = __import__(module_name)
ModuleNotFoundError: No module named 'tests'


======================================================================
ERROR: tests (unittest.loader._FailedTest.tests)
----------------------------------------------------------------------
ImportError: Failed to import test module: tests
Traceback (most recent call last):
  File "/opt/homebrew/Cellar/python@3.14/3.14.3_1/Frameworks/Python.framework/Versions/3.14/lib/python3.14/unittest/loader.py", line 137, in loadTestsFromName
    module = __import__(module_name)
ModuleNotFoundError: No module named 'tests'


======================================================================
ERROR: tests (unittest.loader._FailedTest.tests)
----------------------------------------------------------------------
ImportError: Failed to import test module: tests
Traceback (most recent call last):
  File "/opt/homebrew/Cellar/python@3.14/3.14.3_1/Frameworks/Python.framework/Versions/3.14/lib/python3.14/unittest/loader.py", line 137, in loadTestsFromName
    module = __import__(module_name)
ModuleNotFoundError: No module named 'tests'


======================================================================
ERROR: tests (unittest.loader._FailedTest.tests)
----------------------------------------------------------------------
ImportError: Failed to import test module: tests
Traceback (most recent call last):
  File "/opt/homebrew/Cellar/python@3.14/3.14.3_1/Frameworks/Python.framework/Versions/3.14/lib/python3.14/unittest/loader.py", line 137, in loadTestsFromName
    module = __import__(module_name)
ModuleNotFoundError: No module named 'tests'


======================================================================
ERROR: tests (unittest.loader._FailedTest.tests)
----------------------------------------------------------------------
ImportError: Failed to import test module: tests
Traceback (most recent call last):
  File "/opt/homebrew/Cellar/python@3.14/3.14.3_1/Frameworks/Python.framework/Versions/3.14/lib/python3.14/unittest/loader.py", line 137, in loadTestsFromName
    module = __import__(module_name)
ModuleNotFoundError: No module named 'tests'


======================================================================
ERROR: tests (unittest.loader._FailedTest.tests)
----------------------------------------------------------------------
ImportError: Failed to import test module: tests
Traceback (most recent call last):
  File "/opt/homebrew/Cellar/python@3.14/3.14.3_1/Frameworks/Python.framework/Versions/3.14/lib/python3.14/unittest/loader.py", line 137, in loadTestsFromName
    module = __import__(module_name)
ModuleNotFoundError: No module named 'tests'


======================================================================
ERROR: tests (unittest.loader._FailedTest.tests)
----------------------------------------------------------------------
ImportError: Failed to import test module: tests
Traceback (most recent call last):
  File "/opt/homebrew/Cellar/python@3.14/3.14.3_1/Frameworks/Python.framework/Versions/3.14/lib/python3.14/unittest/loader.py", line 137, in loadTestsFromName
    module = __import__(module_name)
ModuleNotFoundError: No module named 'tests'


======================================================================
ERROR: tests (unittest.loader._FailedTest.tests)
----------------------------------------------------------------------
ImportError: Failed to import test module: tests
Traceback (most recent call last):
  File "/opt/homebrew/Cellar/python@3.14/3.14.3_1/Frameworks/Python.framework/Versions/3.14/lib/python3.14/unittest/loader.py", line 137, in loadTestsFromName
    module = __import__(module_name)
ModuleNotFoundError: No module named 'tests'


======================================================================
ERROR: tests (unittest.loader._FailedTest.tests)
----------------------------------------------------------------------
ImportError: Failed to import test module: tests
Traceback (most recent call last):
  File "/opt/homebrew/Cellar/python@3.14/3.14.3_1/Frameworks/Python.framework/Versions/3.14/lib/python3.14/unittest/loader.py", line 137, in loadTestsFromName
    module = __import__(module_name)
ModuleNotFoundError: No module named 'tests'


======================================================================
ERROR: tests (unittest.loader._FailedTest.tests)
----------------------------------------------------------------------
ImportError: Failed to import test module: tests
Traceback (most recent call last):
  File "/opt/homebrew/Cellar/python@3.14/3.14.3_1/Frameworks/Python.framework/Versions/3.14/lib/python3.14/unittest/loader.py", line 137, in loadTestsFromName
    module = __import__(module_name)
ModuleNotFoundError: No module named 'tests'


======================================================================
ERROR: tests (unittest.loader._FailedTest.tests)
----------------------------------------------------------------------
ImportError: Failed to import test module: tests
Traceback (most recent call last):
  File "/opt/homebrew/Cellar/python@3.14/3.14.3_1/Frameworks/Python.framework/Versions/3.14/lib/python3.14/unittest/loader.py", line 137, in loadTestsFromName
    module = __import__(module_name)
ModuleNotFoundError: No module named 'tests'


======================================================================
ERROR: tests (unittest.loader._FailedTest.tests)
----------------------------------------------------------------------
ImportError: Failed to import test module: tests
Traceback (most recent call last):
  File "/opt/homebrew/Cellar/python@3.14/3.14.3_1/Frameworks/Python.framework/Versions/3.14/lib/python3.14/unittest/loader.py", line 137, in loadTestsFromName
    module = __import__(module_name)
ModuleNotFoundError: No module named 'tests'


======================================================================
ERROR: tests (unittest.loader._FailedTest.tests)
----------------------------------------------------------------------
ImportError: Failed to import test module: tests
Traceback (most recent call last):
  File "/opt/homebrew/Cellar/python@3.14/3.14.3_1/Frameworks/Python.framework/Versions/3.14/lib/python3.14/unittest/loader.py", line 137, in loadTestsFromName
    module = __import__(module_name)
ModuleNotFoundError: No module named 'tests'


======================================================================
ERROR: tests (unittest.loader._FailedTest.tests)
----------------------------------------------------------------------
ImportError: Failed to import test module: tests
Traceback (most recent call last):
  File "/opt/homebrew/Cellar/python@3.14/3.14.3_1/Frameworks/Python.framework/Versions/3.14/lib/python3.14/unittest/loader.py", line 137, in loadTestsFromName
    module = __import__(module_name)
ModuleNotFoundError: No module named 'tests'


======================================================================
ERROR: tests (unittest.loader._FailedTest.tests)
----------------------------------------------------------------------
ImportError: Failed to import test module: tests
Traceback (most recent call last):
  File "/opt/homebrew/Cellar/python@3.14/3.14.3_1/Frameworks/Python.framework/Versions/3.14/lib/python3.14/unittest/loader.py", line 137, in loadTestsFromName
    module = __import__(module_name)
ModuleNotFoundError: No module named 'tests'


======================================================================
ERROR: tests (unittest.loader._FailedTest.tests)
----------------------------------------------------------------------
ImportError: Failed to import test module: tests
Traceback (most recent call last):
  File "/opt/homebrew/Cellar/python@3.14/3.14.3_1/Frameworks/Python.framework/Versions/3.14/lib/python3.14/unittest/loader.py", line 137, in loadTestsFromName
    module = __import__(module_name)
ModuleNotFoundError: No module named 'tests'


======================================================================
ERROR: tests (unittest.loader._FailedTest.tests)
----------------------------------------------------------------------
ImportError: Failed to import test module: tests
Traceback (most recent call last):
  File "/opt/homebrew/Cellar/python@3.14/3.14.3_1/Frameworks/Python.framework/Versions/3.14/lib/python3.14/unittest/loader.py", line 137, in loadTestsFromName
    module = __import__(module_name)
ModuleNotFoundError: No module named 'tests'


======================================================================
ERROR: tests (unittest.loader._FailedTest.tests)
----------------------------------------------------------------------
ImportError: Failed to import test module: tests
Traceback (most recent call last):
  File "/opt/homebrew/Cellar/python@3.14/3.14.3_1/Frameworks/Python.framework/Versions/3.14/lib/python3.14/unittest/loader.py", line 137, in loadTestsFromName
    module = __import__(module_name)
ModuleNotFoundError: No module named 'tests'


======================================================================
ERROR: tests (unittest.loader._FailedTest.tests)
----------------------------------------------------------------------
ImportError: Failed to import test module: tests
Traceback (most recent call last):
  File "/opt/homebrew/Cellar/python@3.14/3.14.3_1/Frameworks/Python.framework/Versions/3.14/lib/python3.14/unittest/loader.py", line 137, in loadTestsFromName
    module = __import__(module_name)
ModuleNotFoundError: No module named 'tests'


======================================================================
ERROR: tests (unittest.loader._FailedTest.tests)
----------------------------------------------------------------------
ImportError: Failed to import test module: tests
Traceback (most recent call last):
  File "/opt/homebrew/Cellar/python@3.14/3.14.3_1/Frameworks/Python.framework/Versions/3.14/lib/python3.14/unittest/loader.py", line 137, in loadTestsFromName
    module = __import__(module_name)
ModuleNotFoundError: No module named 'tests'


======================================================================
ERROR: tests (unittest.loader._FailedTest.tests)
----------------------------------------------------------------------
ImportError: Failed to import test module: tests
Traceback (most recent call last):
  File "/opt/homebrew/Cellar/python@3.14/3.14.3_1/Frameworks/Python.framework/Versions/3.14/lib/python3.14/unittest/loader.py", line 137, in loadTestsFromName
    module = __import__(module_name)
ModuleNotFoundError: No module named 'tests'


======================================================================
ERROR: tests (unittest.loader._FailedTest.tests)
----------------------------------------------------------------------
ImportError: Failed to import test module: tests
Traceback (most recent call last):
  File "/opt/homebrew/Cellar/python@3.14/3.14.3_1/Frameworks/Python.framework/Versions/3.14/lib/python3.14/unittest/loader.py", line 137, in loadTestsFromName
    module = __import__(module_name)
ModuleNotFoundError: No module named 'tests'


----------------------------------------------------------------------
Ran 38 tests in 0.001s

FAILED (errors=38)
