setUpClass (test_photo_horror_main_boundary_history.HorrorMainBoundaryHistoryTests) ... ERROR
test_original_assertions_replay_without_revision (test_photo_palette_boundary_history.OriginalBoundaryReplayTests.test_original_assertions_replay_without_revision) ... FAIL
test_three_arm_fixture_is_frozen_and_reference_bound (test_photo_rare_photo_visual_semantics.PhotoRarePhotoVisualSemanticsTests.test_three_arm_fixture_is_frozen_and_reference_bound) ... 
  test_three_arm_fixture_is_frozen_and_reference_bound (test_photo_rare_photo_visual_semantics.PhotoRarePhotoVisualSemanticsTests.test_three_arm_fixture_is_frozen_and_reference_bound) (arm_id='rare-photo-arm-1-camera-lcd') ... FAIL
  test_three_arm_fixture_is_frozen_and_reference_bound (test_photo_rare_photo_visual_semantics.PhotoRarePhotoVisualSemanticsTests.test_three_arm_fixture_is_frozen_and_reference_bound) (arm_id='rare-photo-arm-2-companion') ... FAIL
  test_three_arm_fixture_is_frozen_and_reference_bound (test_photo_rare_photo_visual_semantics.PhotoRarePhotoVisualSemanticsTests.test_three_arm_fixture_is_frozen_and_reference_bound) (arm_id='rare-photo-arm-3-fan-event') ... FAIL
test_existing_render_manifests_keep_historical_failure_labels (test_subculture_illustration_universal_scene_v3.UniversalSceneDataContractTests.test_existing_render_manifests_keep_historical_failure_labels) ... ERROR
test_v1_v2_exact_replay_and_photo_baseline_remain_immutable (test_subculture_illustration_universal_scene_v3.UniversalSceneRuntimeContractTests.test_v1_v2_exact_replay_and_photo_baseline_remain_immutable) ... ERROR

======================================================================
ERROR: setUpClass (test_photo_horror_main_boundary_history.HorrorMainBoundaryHistoryTests)
----------------------------------------------------------------------
Traceback (most recent call last):
  File "/Users/chasoik/.cache/image-prompt/spring-fashion-publication-20261009/origin-main-baseline/tests/test_photo_horror_main_boundary_history.py", line 207, in setUpClass
    cls.original_validator = fixtures.archived_v31_validator(cls.original_root)
                             ~~~~~~~~~~~~~~~~~~~~~~~~~~~~~~~^^^^^^^^^^^^^^^^^^^
  File "/Users/chasoik/.cache/image-prompt/spring-fashion-publication-20261009/origin-main-baseline/tests/photo_prompt_fixtures.py", line 2212, in archived_v31_validator
    manifest = materialize_v31_parent_source(directory, source_root=source_root)
  File "/Users/chasoik/.cache/image-prompt/spring-fashion-publication-20261009/origin-main-baseline/tests/photo_prompt_fixtures.py", line 2195, in materialize_v31_parent_source
    _v24_verified_payload(source_root, row)
    ~~~~~~~~~~~~~~~~~~~~~^^^^^^^^^^^^^^^^^^
  File "/Users/chasoik/.cache/image-prompt/spring-fashion-publication-20261009/origin-main-baseline/tests/photo_prompt_fixtures.py", line 856, in _v24_verified_payload
    raise AssertionError(f'Frozen V24 historical source payload drift: {row["path"]}')
AssertionError: Frozen V24 historical source payload drift: skills/photo-prompt-image-generator/SKILL.md

======================================================================
ERROR: test_existing_render_manifests_keep_historical_failure_labels (test_subculture_illustration_universal_scene_v3.UniversalSceneDataContractTests.test_existing_render_manifests_keep_historical_failure_labels)
----------------------------------------------------------------------
Traceback (most recent call last):
  File "/Users/chasoik/.cache/image-prompt/spring-fashion-publication-20261009/origin-main-baseline/tests/test_subculture_illustration_universal_scene_v3.py", line 1712, in test_existing_render_manifests_keep_historical_failure_labels
    result = validate_all(str(ASSET_ROOT), verify_local_images=False)
  File "/Users/chasoik/.cache/image-prompt/spring-fashion-publication-20261009/origin-main-baseline/skills/subculture-illustration-image-generator/scripts/validate_illustration_assets.py", line 13956, in validate_all
    photo_regression = validate_photo_regression_baseline(root)
  File "/Users/chasoik/.cache/image-prompt/spring-fashion-publication-20261009/origin-main-baseline/skills/subculture-illustration-image-generator/scripts/validate_illustration_assets.py", line 8776, in validate_photo_regression_baseline
    completed = subprocess.run(
        actual_command,
    ...<5 lines>...
        timeout=60,
    )
  File "/opt/homebrew/Cellar/python@3.14/3.14.3_1/Frameworks/Python.framework/Versions/3.14/lib/python3.14/subprocess.py", line 554, in run
    with Popen(*popenargs, **kwargs) as process:
         ~~~~~^^^^^^^^^^^^^^^^^^^^^^
  File "/opt/homebrew/Cellar/python@3.14/3.14.3_1/Frameworks/Python.framework/Versions/3.14/lib/python3.14/subprocess.py", line 1038, in __init__
    self._execute_child(args, executable, preexec_fn, close_fds,
    ~~~~~~~~~~~~~~~~~~~^^^^^^^^^^^^^^^^^^^^^^^^^^^^^^^^^^^^^^^^^
                        pass_fds, cwd, env,
                        ^^^^^^^^^^^^^^^^^^^
    ...<5 lines>...
                        gid, gids, uid, umask,
                        ^^^^^^^^^^^^^^^^^^^^^^
                        start_new_session, process_group)
                        ^^^^^^^^^^^^^^^^^^^^^^^^^^^^^^^^^
  File "/opt/homebrew/Cellar/python@3.14/3.14.3_1/Frameworks/Python.framework/Versions/3.14/lib/python3.14/subprocess.py", line 1989, in _execute_child
    raise child_exception_type(errno_num, err_msg, err_filename)
FileNotFoundError: [Errno 2] No such file or directory: '.venv/bin/python'

======================================================================
ERROR: test_v1_v2_exact_replay_and_photo_baseline_remain_immutable (test_subculture_illustration_universal_scene_v3.UniversalSceneRuntimeContractTests.test_v1_v2_exact_replay_and_photo_baseline_remain_immutable)
----------------------------------------------------------------------
Traceback (most recent call last):
  File "/Users/chasoik/.cache/image-prompt/spring-fashion-publication-20261009/origin-main-baseline/tests/test_subculture_illustration_universal_scene_v3.py", line 4697, in test_v1_v2_exact_replay_and_photo_baseline_remain_immutable
    photo = validate_photo_regression_baseline(ASSET_ROOT)
  File "/Users/chasoik/.cache/image-prompt/spring-fashion-publication-20261009/origin-main-baseline/skills/subculture-illustration-image-generator/scripts/validate_illustration_assets.py", line 8776, in validate_photo_regression_baseline
    completed = subprocess.run(
        actual_command,
    ...<5 lines>...
        timeout=60,
    )
  File "/opt/homebrew/Cellar/python@3.14/3.14.3_1/Frameworks/Python.framework/Versions/3.14/lib/python3.14/subprocess.py", line 554, in run
    with Popen(*popenargs, **kwargs) as process:
         ~~~~~^^^^^^^^^^^^^^^^^^^^^^
  File "/opt/homebrew/Cellar/python@3.14/3.14.3_1/Frameworks/Python.framework/Versions/3.14/lib/python3.14/subprocess.py", line 1038, in __init__
    self._execute_child(args, executable, preexec_fn, close_fds,
    ~~~~~~~~~~~~~~~~~~~^^^^^^^^^^^^^^^^^^^^^^^^^^^^^^^^^^^^^^^^^
                        pass_fds, cwd, env,
                        ^^^^^^^^^^^^^^^^^^^
    ...<5 lines>...
                        gid, gids, uid, umask,
                        ^^^^^^^^^^^^^^^^^^^^^^
                        start_new_session, process_group)
                        ^^^^^^^^^^^^^^^^^^^^^^^^^^^^^^^^^
  File "/opt/homebrew/Cellar/python@3.14/3.14.3_1/Frameworks/Python.framework/Versions/3.14/lib/python3.14/subprocess.py", line 1989, in _execute_child
    raise child_exception_type(errno_num, err_msg, err_filename)
FileNotFoundError: [Errno 2] No such file or directory: '.venv/bin/python'

======================================================================
FAIL: test_original_assertions_replay_without_revision (test_photo_palette_boundary_history.OriginalBoundaryReplayTests.test_original_assertions_replay_without_revision)
----------------------------------------------------------------------
Traceback (most recent call last):
  File "/Users/chasoik/.cache/image-prompt/spring-fashion-publication-20261009/origin-main-baseline/tests/test_photo_palette_boundary_history.py", line 12, in test_original_assertions_replay_without_revision
    history.materialize_original(tree,source_root=ROOT,link_verified=True)
    ~~~~~~~~~~~~~~~~~~~~~~~~~~~~^^^^^^^^^^^^^^^^^^^^^^^^^^^^^^^^^^^^^^^^^^
  File "/Users/chasoik/.cache/image-prompt/spring-fashion-publication-20261009/origin-main-baseline/tests/photo_ethereal_history_v35.py", line 92, in materialize_original
    for row in parent['members']:exact_payload(source_root,row)
                                 ~~~~~~~~~~~~~^^^^^^^^^^^^^^^^^
  File "/Users/chasoik/.cache/image-prompt/spring-fashion-publication-20261009/origin-main-baseline/tests/photo_ethereal_history_v35.py", line 47, in exact_payload
    if path.stat().st_mode&0o7777!=int(row['mode'][-3:],8) or len(raw)!=row['bytes'] or digest(raw)!=row['sha256'] or blob!=row['git_blob']:raise AssertionError('Frozen V35 original source payload or mode drift: '+row['path'])
                                                                                                                                            ^^^^^^^^^^^^^^^^^^^^^^^^^^^^^^^^^^^^^^^^^^^^^^^^^^^^^^^^^^^^^^^^^^^^^^^^^^^^^^^^^^^^^^
AssertionError: Frozen V35 original source payload or mode drift: skills/photo-prompt-image-generator/SKILL.md

======================================================================
FAIL: test_three_arm_fixture_is_frozen_and_reference_bound (test_photo_rare_photo_visual_semantics.PhotoRarePhotoVisualSemanticsTests.test_three_arm_fixture_is_frozen_and_reference_bound) (arm_id='rare-photo-arm-1-camera-lcd')
----------------------------------------------------------------------
Traceback (most recent call last):
  File "/Users/chasoik/.cache/image-prompt/spring-fashion-publication-20261009/origin-main-baseline/tests/test_photo_rare_photo_visual_semantics.py", line 252, in test_three_arm_fixture_is_frozen_and_reference_bound
    self.assertTrue(artifact.is_file())
    ~~~~~~~~~~~~~~~^^^^^^^^^^^^^^^^^^^^
AssertionError: False is not true

======================================================================
FAIL: test_three_arm_fixture_is_frozen_and_reference_bound (test_photo_rare_photo_visual_semantics.PhotoRarePhotoVisualSemanticsTests.test_three_arm_fixture_is_frozen_and_reference_bound) (arm_id='rare-photo-arm-2-companion')
----------------------------------------------------------------------
Traceback (most recent call last):
  File "/Users/chasoik/.cache/image-prompt/spring-fashion-publication-20261009/origin-main-baseline/tests/test_photo_rare_photo_visual_semantics.py", line 252, in test_three_arm_fixture_is_frozen_and_reference_bound
    self.assertTrue(artifact.is_file())
    ~~~~~~~~~~~~~~~^^^^^^^^^^^^^^^^^^^^
AssertionError: False is not true

======================================================================
FAIL: test_three_arm_fixture_is_frozen_and_reference_bound (test_photo_rare_photo_visual_semantics.PhotoRarePhotoVisualSemanticsTests.test_three_arm_fixture_is_frozen_and_reference_bound) (arm_id='rare-photo-arm-3-fan-event')
----------------------------------------------------------------------
Traceback (most recent call last):
  File "/Users/chasoik/.cache/image-prompt/spring-fashion-publication-20261009/origin-main-baseline/tests/test_photo_rare_photo_visual_semantics.py", line 252, in test_three_arm_fixture_is_frozen_and_reference_bound
    self.assertTrue(artifact.is_file())
    ~~~~~~~~~~~~~~~^^^^^^^^^^^^^^^^^^^^
AssertionError: False is not true

----------------------------------------------------------------------
Ran 4 tests in 17.288s

FAILED (failures=4, errors=3)
{"tests_run": 4, "failures": 4, "errors": 3}
