test_all_previous_profiles_keep_meaning_activation_effects_and_native_gates (tests.test_photo_character_appearance_100.CharacterAppearance100Tests.test_all_previous_profiles_keep_meaning_activation_effects_and_native_gates) ... FAIL
test_complete_multilingual_relations_and_every_component_removal (tests.test_photo_character_appearance_100.CharacterAppearance100Tests.test_complete_multilingual_relations_and_every_component_removal) ... ok
test_current_cello_activation_matches_authenticated_v34_scope_guard (tests.test_photo_character_appearance_100.CharacterAppearance100Tests.test_current_cello_activation_matches_authenticated_v34_scope_guard) ... FAIL
test_each_research_case_links_to_real_runtime_owners (tests.test_photo_character_appearance_100.CharacterAppearance100Tests.test_each_research_case_links_to_real_runtime_owners) ... ok
test_effects_obey_the_actual_carrier_and_parent_locks (tests.test_photo_character_appearance_100.CharacterAppearance100Tests.test_effects_obey_the_actual_carrier_and_parent_locks) ... ok
test_embedding_and_semantic_paraphrases_are_advisory (tests.test_photo_character_appearance_100.CharacterAppearance100Tests.test_embedding_and_semantic_paraphrases_are_advisory) ... ok
test_exact_relations_require_declared_carrier_and_requester_selection (tests.test_photo_character_appearance_100.CharacterAppearance100Tests.test_exact_relations_require_declared_carrier_and_requester_selection) ... ok
test_existing_alternatives_remain_full_relations (tests.test_photo_character_appearance_100.CharacterAppearance100Tests.test_existing_alternatives_remain_full_relations) ... ok
test_existing_dictionary_hash_and_generated_indexes_are_valid (tests.test_photo_character_appearance_100.CharacterAppearance100Tests.test_existing_dictionary_hash_and_generated_indexes_are_valid) ... ok
test_names_neither_create_hard_relations_nor_enter_positive_prototypes (tests.test_photo_character_appearance_100.CharacterAppearance100Tests.test_names_neither_create_hard_relations_nor_enter_positive_prototypes) ... ok
test_neighbor_carriers_and_shapes_do_not_supply_the_selected_relation (tests.test_photo_character_appearance_100.CharacterAppearance100Tests.test_neighbor_carriers_and_shapes_do_not_supply_the_selected_relation) ... ok
test_new_relations_keep_native_all_of_observation_gates (tests.test_photo_character_appearance_100.CharacterAppearance100Tests.test_new_relations_keep_native_all_of_observation_gates) ... ok
test_unseen_or_separate_owners_do_not_get_reconstructed_from_biography (tests.test_photo_character_appearance_100.CharacterAppearance100Tests.test_unseen_or_separate_owners_do_not_get_reconstructed_from_biography) ... ok
setUpClass (tests.test_photo_ct073_back_band_data.CT073BackBandDataTests) ... ERROR

======================================================================
ERROR: setUpClass (tests.test_photo_ct073_back_band_data.CT073BackBandDataTests)
----------------------------------------------------------------------
Traceback (most recent call last):
  File "/Users/chasoik/.cache/image-prompt/spring-fashion-publication-20261009/origin-main-baseline/tests/test_photo_ct073_back_band_data.py", line 136, in setUpClass
    fixtures.materialize_v25_parent_source(root, source_root=ROOT)
    ~~~~~~~~~~~~~~~~~~~~~~~~~~~~~~~~~~~~~~^^^^^^^^^^^^^^^^^^^^^^^^
  File "/Users/chasoik/.cache/image-prompt/spring-fashion-publication-20261009/origin-main-baseline/tests/photo_prompt_fixtures.py", line 1408, in materialize_v25_parent_source
    _v24_verified_payload(source_root, row)
    ~~~~~~~~~~~~~~~~~~~~~^^^^^^^^^^^^^^^^^^
  File "/Users/chasoik/.cache/image-prompt/spring-fashion-publication-20261009/origin-main-baseline/tests/photo_prompt_fixtures.py", line 856, in _v24_verified_payload
    raise AssertionError(f'Frozen V24 historical source payload drift: {row["path"]}')
AssertionError: Frozen V24 historical source payload drift: skills/photo-prompt-image-generator/assets/photo_prompt_character_moe_extension.json

======================================================================
FAIL: test_all_previous_profiles_keep_meaning_activation_effects_and_native_gates (tests.test_photo_character_appearance_100.CharacterAppearance100Tests.test_all_previous_profiles_keep_meaning_activation_effects_and_native_gates)
----------------------------------------------------------------------
Traceback (most recent call last):
  File "/Users/chasoik/.cache/image-prompt/spring-fashion-publication-20261009/origin-main-baseline/tests/test_photo_character_appearance_100.py", line 69, in test_all_previous_profiles_keep_meaning_activation_effects_and_native_gates
    original_cello_activation=self._authenticated_v34_cello_activation()
  File "/Users/chasoik/.cache/image-prompt/spring-fashion-publication-20261009/origin-main-baseline/tests/test_photo_character_appearance_100.py", line 100, in _authenticated_v34_cello_activation
    original=json.loads(support.previous_payload(ROOT,name,(ROOT/name).read_bytes()))
                        ~~~~~~~~~~~~~~~~~~~~~~~~^^^^^^^^^^^^^^^^^^^^^^^^^^^^^^^^^^^^
  File "/Users/chasoik/.cache/image-prompt/spring-fashion-publication-20261009/origin-main-baseline/tests/photo_ethereal_history_v35.py", line 75, in previous_payload
    def previous_payload(root,name,current):return previous_path(root,name,current).read_bytes() if context(root) else current
                                                   ~~~~~~~~~~~~~^^^^^^^^^^^^^^^^^^^
  File "/Users/chasoik/.cache/image-prompt/spring-fashion-publication-20261009/origin-main-baseline/tests/photo_ethereal_history_v35.py", line 69, in previous_path
    if digest(current)!=proof['source_files_after'][name] or path.stat().st_mode&0o7777!=int(row['mode'][-3:],8):raise AssertionError('Frozen V35 retained live source payload or mode drift: '+name)
                                                                                                                 ^^^^^^^^^^^^^^^^^^^^^^^^^^^^^^^^^^^^^^^^^^^^^^^^^^^^^^^^^^^^^^^^^^^^^^^^^^^^^^^^^^^^
AssertionError: Frozen V35 retained live source payload or mode drift: skills/photo-prompt-image-generator/assets/photo_prompt_visual_obligations.json

======================================================================
FAIL: test_current_cello_activation_matches_authenticated_v34_scope_guard (tests.test_photo_character_appearance_100.CharacterAppearance100Tests.test_current_cello_activation_matches_authenticated_v34_scope_guard)
----------------------------------------------------------------------
Traceback (most recent call last):
  File "/Users/chasoik/.cache/image-prompt/spring-fashion-publication-20261009/origin-main-baseline/tests/test_photo_character_appearance_100.py", line 105, in test_current_cello_activation_matches_authenticated_v34_scope_guard
    original=self._authenticated_v34_cello_activation()
  File "/Users/chasoik/.cache/image-prompt/spring-fashion-publication-20261009/origin-main-baseline/tests/test_photo_character_appearance_100.py", line 100, in _authenticated_v34_cello_activation
    original=json.loads(support.previous_payload(ROOT,name,(ROOT/name).read_bytes()))
                        ~~~~~~~~~~~~~~~~~~~~~~~~^^^^^^^^^^^^^^^^^^^^^^^^^^^^^^^^^^^^
  File "/Users/chasoik/.cache/image-prompt/spring-fashion-publication-20261009/origin-main-baseline/tests/photo_ethereal_history_v35.py", line 75, in previous_payload
    def previous_payload(root,name,current):return previous_path(root,name,current).read_bytes() if context(root) else current
                                                   ~~~~~~~~~~~~~^^^^^^^^^^^^^^^^^^^
  File "/Users/chasoik/.cache/image-prompt/spring-fashion-publication-20261009/origin-main-baseline/tests/photo_ethereal_history_v35.py", line 69, in previous_path
    if digest(current)!=proof['source_files_after'][name] or path.stat().st_mode&0o7777!=int(row['mode'][-3:],8):raise AssertionError('Frozen V35 retained live source payload or mode drift: '+name)
                                                                                                                 ^^^^^^^^^^^^^^^^^^^^^^^^^^^^^^^^^^^^^^^^^^^^^^^^^^^^^^^^^^^^^^^^^^^^^^^^^^^^^^^^^^^^
AssertionError: Frozen V35 retained live source payload or mode drift: skills/photo-prompt-image-generator/assets/photo_prompt_visual_obligations.json

----------------------------------------------------------------------
Ran 13 tests in 17.142s

FAILED (failures=2, errors=1)
