test_content_change_during_draft_capture_rejected (test_photo_data_maintenance.DraftCaptureTests.test_content_change_during_draft_capture_rejected) ... ok
test_malformed_semantics_preserves_diagnostic_report (test_photo_data_maintenance.DraftCaptureTests.test_malformed_semantics_preserves_diagnostic_report) ... ok
test_malformed_slot_collection_preserves_invalid_draft (test_photo_data_maintenance.DraftCaptureTests.test_malformed_slot_collection_preserves_invalid_draft) ... ok
test_quality_policy_change_during_capture_rejected (test_photo_data_maintenance.DraftCaptureTests.test_quality_policy_change_during_capture_rejected) ... ok
test_unfinished_cooperative_edit_is_incomplete (test_photo_data_maintenance.DraftCaptureTests.test_unfinished_cooperative_edit_is_incomplete) ... ok
test_unregistered_source_is_not_adopted (test_photo_data_maintenance.DraftCaptureTests.test_unregistered_source_is_not_adopted) ... ok
test_explicit_slot_resolves_same_entry_id (test_photo_data_maintenance.RelationshipTests.test_explicit_slot_resolves_same_entry_id) ... ok
test_json_duplicate_and_nonfinite_rejected (test_photo_data_maintenance.RelationshipTests.test_json_duplicate_and_nonfinite_rejected) ... ok
test_many_to_many_bidirectional (test_photo_data_maintenance.RelationshipTests.test_many_to_many_bidirectional) ... ok
test_missing_endpoint_fails (test_photo_data_maintenance.RelationshipTests.test_missing_endpoint_fails) ... ok
test_numbers_negations_and_direction_survive_normalization (test_photo_data_maintenance.RelationshipTests.test_numbers_negations_and_direction_survive_normalization) ... ok
test_partial_clue_never_promotes_profile (test_photo_data_maintenance.RelationshipTests.test_partial_clue_never_promotes_profile) ... ok
test_raw_ambiguous_and_missing_references_are_all_reported (test_photo_data_maintenance.RelationshipTests.test_raw_ambiguous_and_missing_references_are_all_reported) ... ok
test_same_words_different_scope_are_only_review_leads (test_photo_data_maintenance.RelationshipTests.test_same_words_different_scope_are_only_review_leads) ... ok
test_short_and_abstract_are_not_automatically_defects (test_photo_data_maintenance.RelationshipTests.test_short_and_abstract_are_not_automatically_defects) ... ok
test_slot_identity_stays_distinct (test_photo_data_maintenance.RelationshipTests.test_slot_identity_stays_distinct) ... ok
test_unlinked_is_valid (test_photo_data_maintenance.RelationshipTests.test_unlinked_is_valid) ... ok
test_coordinated_checksum_rewrite_rejected_against_source (test_photo_data_maintenance.ReportTests.test_coordinated_checksum_rewrite_rejected_against_source) ... ok
test_corrupt_report_member_rejected (test_photo_data_maintenance.ReportTests.test_corrupt_report_member_rejected) ... ok
test_current_pointer_checked_against_report (test_photo_data_maintenance.ReportTests.test_current_pointer_checked_against_report) ... ok
test_deterministic_bodies_and_diff (test_photo_data_maintenance.ReportTests.test_deterministic_bodies_and_diff) ... ok
test_draft_not_queryable (test_photo_data_maintenance.ReportTests.test_draft_not_queryable) ... ok
test_failed_current_check_leaves_pointer_unchanged (test_photo_data_maintenance.ReportTests.test_failed_current_check_leaves_pointer_unchanged) ... ok
test_late_publisher_cannot_replace_current (test_photo_data_maintenance.ReportTests.test_late_publisher_cannot_replace_current) ... ok
test_latest_rejects_source_root_and_generation_mismatch (test_photo_data_maintenance.ReportTests.test_latest_rejects_source_root_and_generation_mismatch) ... ok
test_staging_refuses_overwrite (test_photo_data_maintenance.ReportTests.test_staging_refuses_overwrite) ... ok
test_unsafe_report_member_rejected (test_photo_data_maintenance.ReportTests.test_unsafe_report_member_rejected) ... ok
test_change_same_id_invalidates_only_related_review (test_photo_data_maintenance.ReviewTests.test_change_same_id_invalidates_only_related_review) ... ok
test_duplicate_review_record_rejected (test_photo_data_maintenance.ReviewTests.test_duplicate_review_record_rejected) ... ok
test_file_move_does_not_invalidate_semantics (test_photo_data_maintenance.ReviewTests.test_file_move_does_not_invalidate_semantics) ... ok
test_member_removed_stales_path_even_when_nodes_exist (test_photo_data_maintenance.ReviewTests.test_member_removed_stales_path_even_when_nodes_exist) ... ok
test_missing_endpoint_hash_cannot_claim_current (test_photo_data_maintenance.ReviewTests.test_missing_endpoint_hash_cannot_claim_current) ... ok
test_compiled_evidence_stays_literal_and_missing_invariants_fail_audit (test_photo_data_semantic_corrections.PhotoDataSemanticCorrectionsTests.test_compiled_evidence_stays_literal_and_missing_invariants_fail_audit) ... ok
test_composed_audit_recomputes_contract_and_rejects_evasive_prompt (test_photo_render_repair.PhotoRenderRepairTests.test_composed_audit_recomputes_contract_and_rejects_evasive_prompt) ... ok
test_legacy_lineage_shape_remains_unchanged (test_photo_render_repair.PhotoRenderRepairTests.test_legacy_lineage_shape_remains_unchanged) ... ok
test_lineage_requires_locked_action_and_one_assertion_owning_both_phrases (test_photo_render_repair.PhotoRenderRepairTests.test_lineage_requires_locked_action_and_one_assertion_owning_both_phrases) ... ok
test_modern_independent_manifest_preserves_repair_provenance (test_photo_render_repair.PhotoRenderRepairTests.test_modern_independent_manifest_preserves_repair_provenance) ... ok
test_object_agnostic_contract_handles_multiple_interaction_families (test_photo_render_repair.PhotoRenderRepairTests.test_object_agnostic_contract_handles_multiple_interaction_families) ... ok
test_render_review_requires_exact_major_gate_set_and_image_hash (test_photo_render_repair.PhotoRenderRepairTests.test_render_review_requires_exact_major_gate_set_and_image_hash) ... ok
test_requester_corrected_relation_is_frozen_after_parent_change (test_photo_render_repair.PhotoRenderRepairTests.test_requester_corrected_relation_is_frozen_after_parent_change) ... ok
test_runtime_request_requires_exact_repair_contract_hash (test_photo_render_repair.PhotoRenderRepairTests.test_runtime_request_requires_exact_repair_contract_hash) ... ok
test_v2_lineage_compiles_generic_prompt_and_pixel_contract (test_photo_render_repair.PhotoRenderRepairTests.test_v2_lineage_compiles_generic_prompt_and_pixel_contract) ... ok
test_v6_candidate_pack_exposes_recomputed_repair_contract (test_photo_render_repair.PhotoRenderRepairTests.test_v6_candidate_pack_exposes_recomputed_repair_contract) ... ok
test_closed_projection_does_not_expose_parent_optional_material (test_photo_retry_context.PhotoRetryContextTests.test_closed_projection_does_not_expose_parent_optional_material) ... ok
test_failed_gate_is_not_inferred_from_artistic_judgment (test_photo_retry_context.PhotoRetryContextTests.test_failed_gate_is_not_inferred_from_artistic_judgment) ... ok
test_mixed_required_relation_fails_without_losing_endpoint (test_photo_retry_context.PhotoRetryContextTests.test_mixed_required_relation_fails_without_losing_endpoint) ... ok
test_parent_property_and_children_stay_locked (test_photo_retry_context.PhotoRetryContextTests.test_parent_property_and_children_stay_locked) ... ok
test_selected_obligation_retains_gate_without_unknown_fields (test_photo_retry_context.PhotoRetryContextTests.test_selected_obligation_retains_gate_without_unknown_fields) ... ok
test_unknown_fields_and_lock_widening_are_rejected (test_photo_retry_context.PhotoRetryContextTests.test_unknown_fields_and_lock_widening_are_rejected) ... ok
test_unrecognized_nested_contract_stops_instead_of_clipping (test_photo_retry_context.PhotoRetryContextTests.test_unrecognized_nested_contract_stops_instead_of_clipping) ... ok
test_unrepresentable_local_scope_is_not_opened_for_convenience (test_photo_retry_context.PhotoRetryContextTests.test_unrepresentable_local_scope_is_not_opened_for_convenience) ... ok
test_cold_scripts_worker_can_verify_neutral_freeze_without_precore_path (test_photo_workflow_state.PhotoWorkflowStateTests.test_cold_scripts_worker_can_verify_neutral_freeze_without_precore_path) ... ok
test_concurrent_same_ledger_operation_has_one_row (test_photo_workflow_state.PhotoWorkflowStateTests.test_concurrent_same_ledger_operation_has_one_row) ... ok
test_incomplete_pair_does_not_regenerate_or_change_seed (test_photo_workflow_state.PhotoWorkflowStateTests.test_incomplete_pair_does_not_regenerate_or_change_seed) ... ok
test_ledger_preserves_history_and_deduplicates_conflicts (test_photo_workflow_state.PhotoWorkflowStateTests.test_ledger_preserves_history_and_deduplicates_conflicts) ... ok
test_revision_admission_and_stale_status (test_photo_workflow_state.PhotoWorkflowStateTests.test_revision_admission_and_stale_status) ... ok
test_status_does_not_import_candidate_modules (test_photo_workflow_state.PhotoWorkflowStateTests.test_status_does_not_import_candidate_modules) ... ok

----------------------------------------------------------------------
Ran 57 tests in 43.500s

OK
