test_cinematic_fantasy_portrait_uses_fantasy_prop_or_extreme_location (test_prompt_generator.PromptGeneratorRegressionTests.test_cinematic_fantasy_portrait_uses_fantasy_prop_or_extreme_location) ... ok
test_clean_mirror_selfie_has_no_adult_slots (test_prompt_generator.PromptGeneratorRegressionTests.test_clean_mirror_selfie_has_no_adult_slots) ... ok
test_clean_uniform_selfie_blocks_adult_only_slots (test_prompt_generator.PromptGeneratorRegressionTests.test_clean_uniform_selfie_blocks_adult_only_slots) ... ok
test_cliche_weight_softly_reduces_dominant_free_slot_candidate (test_prompt_generator.PromptGeneratorRegressionTests.test_cliche_weight_softly_reduces_dominant_free_slot_candidate) ... ok
test_coherent_diversity_slots_use_wider_candidate_window (test_prompt_generator.PromptGeneratorRegressionTests.test_coherent_diversity_slots_use_wider_candidate_window) ... ok
test_compact_concept_lock_stays_label_free_and_single_paragraph (test_prompt_generator.PromptGeneratorRegressionTests.test_compact_concept_lock_stays_label_free_and_single_paragraph) ... ok
test_compact_detail_level_is_available_through_wrapper (test_prompt_generator.PromptGeneratorRegressionTests.test_compact_detail_level_is_available_through_wrapper) ... ok
test_compact_prompt_includes_forced_neutral_reactor_slots (test_prompt_generator.PromptGeneratorRegressionTests.test_compact_prompt_includes_forced_neutral_reactor_slots) ... ok
test_compact_prompt_is_single_paragraph_label_free_and_reactor_sized (test_prompt_generator.PromptGeneratorRegressionTests.test_compact_prompt_is_single_paragraph_label_free_and_reactor_sized) ... ok
test_compact_prompt_keeps_required_sections_when_many_optional_slots_are_forced (test_prompt_generator.PromptGeneratorRegressionTests.test_compact_prompt_keeps_required_sections_when_many_optional_slots_are_forced) ... ok
test_compact_slots_presets_and_formats_are_registered (test_prompt_generator.PromptGeneratorRegressionTests.test_compact_slots_presets_and_formats_are_registered) ... ok
test_compact_subject_modifiers_are_grouped_without_repeated_withs (test_prompt_generator.PromptGeneratorRegressionTests.test_compact_subject_modifiers_are_grouped_without_repeated_withs) ... ok
test_company_worker_mixin_preserves_role_costumes_and_adds_corporate_layer (test_prompt_generator.PromptGeneratorRegressionTests.test_company_worker_mixin_preserves_role_costumes_and_adds_corporate_layer) ... 
  test_company_worker_mixin_preserves_role_costumes_and_adds_corporate_layer (test_prompt_generator.PromptGeneratorRegressionTests.test_company_worker_mixin_preserves_role_costumes_and_adds_corporate_layer) (concept='윈터 간호사 회사원') ... FAIL
  test_company_worker_mixin_preserves_role_costumes_and_adds_corporate_layer (test_prompt_generator.PromptGeneratorRegressionTests.test_company_worker_mixin_preserves_role_costumes_and_adds_corporate_layer) (concept='닝닝 경찰 회사원') ... FAIL
test_company_worker_role_aliases_anchor_corporate_time_pressure (test_prompt_generator.PromptGeneratorRegressionTests.test_company_worker_role_aliases_anchor_corporate_time_pressure) ... ok
test_concept_explicit_set_overrides_recipe_slots (test_prompt_generator.PromptGeneratorRegressionTests.test_concept_explicit_set_overrides_recipe_slots) ... ok
test_concept_lock_is_available_through_wrapper (test_prompt_generator.PromptGeneratorRegressionTests.test_concept_lock_is_available_through_wrapper) ... ok
test_concept_lock_is_rendered_before_generated_details (test_prompt_generator.PromptGeneratorRegressionTests.test_concept_lock_is_rendered_before_generated_details) ... ok
test_concept_recipe_assassin_conditional_additional_is_data_driven (test_prompt_generator.PromptGeneratorRegressionTests.test_concept_recipe_assassin_conditional_additional_is_data_driven) ... ok
test_concept_recipe_expands_bulpan_dogeza_as_public_pressure_mixin (test_prompt_generator.PromptGeneratorRegressionTests.test_concept_recipe_expands_bulpan_dogeza_as_public_pressure_mixin) ... ok
test_concept_recipe_expands_devil_as_non_graphic_mixin (test_prompt_generator.PromptGeneratorRegressionTests.test_concept_recipe_expands_devil_as_non_graphic_mixin) ... ok
test_concept_recipe_expands_femme_fatale_as_non_objectifying_mixin (test_prompt_generator.PromptGeneratorRegressionTests.test_concept_recipe_expands_femme_fatale_as_non_objectifying_mixin) ... ok
test_concept_recipe_expands_succubus_as_non_graphic_mixin (test_prompt_generator.PromptGeneratorRegressionTests.test_concept_recipe_expands_succubus_as_non_graphic_mixin) ... ok
test_concept_recipe_expands_tsundere_as_warm_denial_mixin (test_prompt_generator.PromptGeneratorRegressionTests.test_concept_recipe_expands_tsundere_as_warm_denial_mixin) ... ok
test_concept_recipe_expands_vampire_as_non_graphic_mixin (test_prompt_generator.PromptGeneratorRegressionTests.test_concept_recipe_expands_vampire_as_non_graphic_mixin) ... ok
test_concept_recipe_expands_white_bandage_fashion_as_couture_mixin (test_prompt_generator.PromptGeneratorRegressionTests.test_concept_recipe_expands_white_bandage_fashion_as_couture_mixin) ... ok
test_concept_recipe_expands_yandere_as_non_graphic_mixin (test_prompt_generator.PromptGeneratorRegressionTests.test_concept_recipe_expands_yandere_as_non_graphic_mixin) ... ok
test_concept_recipe_explain_combines_role_and_assassin_mixin (test_prompt_generator.PromptGeneratorRegressionTests.test_concept_recipe_explain_combines_role_and_assassin_mixin) ... FAIL
test_concept_recipe_explain_expands_korean_role_to_forward_args (test_prompt_generator.PromptGeneratorRegressionTests.test_concept_recipe_explain_expands_korean_role_to_forward_args) ... ok
test_concept_recipe_generation_records_expanded_argv_in_provenance (test_prompt_generator.PromptGeneratorRegressionTests.test_concept_recipe_generation_records_expanded_argv_in_provenance) ... ok
test_concept_recipe_princess_base_uses_broad_royal_register_language (test_prompt_generator.PromptGeneratorRegressionTests.test_concept_recipe_princess_base_uses_broad_royal_register_language) ... ok
test_concept_recipe_soft_mode_keeps_lock_and_axes_without_forced_slots (test_prompt_generator.PromptGeneratorRegressionTests.test_concept_recipe_soft_mode_keeps_lock_and_axes_without_forced_slots) ... ok
test_concept_recipe_supporting_tags_are_registered (test_prompt_generator.PromptGeneratorRegressionTests.test_concept_recipe_supporting_tags_are_registered) ... ok
test_concept_soft_spec_carries_v3_group_guard_and_priority_terms (test_prompt_generator.PromptGeneratorRegressionTests.test_concept_soft_spec_carries_v3_group_guard_and_priority_terms) ... FAIL
test_concept_soft_spec_carries_v4_anchor_variants_and_alias (test_prompt_generator.PromptGeneratorRegressionTests.test_concept_soft_spec_carries_v4_anchor_variants_and_alias) ... ok
test_concept_soft_spec_carries_v6_render_directives (test_prompt_generator.PromptGeneratorRegressionTests.test_concept_soft_spec_carries_v6_render_directives) ... ok
test_concept_soft_spec_carries_v7_repair_and_gothloli_robot (test_prompt_generator.PromptGeneratorRegressionTests.test_concept_soft_spec_carries_v7_repair_and_gothloli_robot) ... ok
test_context_guard_blocks_lab_lighting_in_family_archive_cafe (test_prompt_generator.PromptGeneratorRegressionTests.test_context_guard_blocks_lab_lighting_in_family_archive_cafe) ... ok
test_context_guard_blocks_surveillance_composition_in_office_profile (test_prompt_generator.PromptGeneratorRegressionTests.test_context_guard_blocks_surveillance_composition_in_office_profile) ... ok
test_craft_documentary_blocks_fashion_modifier_slots (test_prompt_generator.PromptGeneratorRegressionTests.test_craft_documentary_blocks_fashion_modifier_slots) ... ok
test_creative_photo_presets_are_registered_and_non_adult (test_prompt_generator.PromptGeneratorRegressionTests.test_creative_photo_presets_are_registered_and_non_adult) ... ok
test_semantic_index_builder_subprocess_uses_project_env_file (test_prompt_generator.PromptGeneratorRegressionTests.test_semantic_index_builder_subprocess_uses_project_env_file) ... FAIL
test_semantic_index_shards_prune_only_prior_generation_directories (test_prompt_generator.PromptGeneratorRegressionTests.test_semantic_index_shards_prune_only_prior_generation_directories) ... ok
test_semantic_index_shards_round_trip_exact_entry_order_and_values (test_prompt_generator.PromptGeneratorRegressionTests.test_semantic_index_shards_round_trip_exact_entry_order_and_values) ... ok
test_semantic_intent_steering_filters_subject_location_and_mood_pools (test_prompt_generator.PromptGeneratorRegressionTests.test_semantic_intent_steering_filters_subject_location_and_mood_pools) ... ok
test_semantic_metadata_drives_group_and_tone_signals (test_prompt_generator.PromptGeneratorRegressionTests.test_semantic_metadata_drives_group_and_tone_signals) ... ok
test_semantic_mode_is_deterministic_and_traced (test_prompt_generator.PromptGeneratorRegressionTests.test_semantic_mode_is_deterministic_and_traced) ... ok
test_semantic_policy_only_change_does_not_change_dictionary_hash (test_prompt_generator.PromptGeneratorRegressionTests.test_semantic_policy_only_change_does_not_change_dictionary_hash) ... ok
test_semantic_preset_auto_excludes_adult_context_without_explicit_intent (test_prompt_generator.PromptGeneratorRegressionTests.test_semantic_preset_auto_excludes_adult_context_without_explicit_intent) ... ok
test_semantic_preset_axis_floor_penalizes_single_axis_match (test_prompt_generator.PromptGeneratorRegressionTests.test_semantic_preset_axis_floor_penalizes_single_axis_match) ... ok
test_semantic_preset_family_coverage_rewards_horror_signal (test_prompt_generator.PromptGeneratorRegressionTests.test_semantic_preset_family_coverage_rewards_horror_signal) ... ok
test_semantic_preset_similarity_can_outweigh_base_weight (test_prompt_generator.PromptGeneratorRegressionTests.test_semantic_preset_similarity_can_outweigh_base_weight) ... ok
test_semantic_preset_single_axis_matches_overall_similarity (test_prompt_generator.PromptGeneratorRegressionTests.test_semantic_preset_single_axis_matches_overall_similarity) ... ok
test_semantic_preset_trace_includes_axis_breakdown_when_preset_is_not_forced (test_prompt_generator.PromptGeneratorRegressionTests.test_semantic_preset_trace_includes_axis_breakdown_when_preset_is_not_forced) ... ok
test_semantic_runtime_rejects_dimension_mismatch (test_prompt_generator.PromptGeneratorRegressionTests.test_semantic_runtime_rejects_dimension_mismatch) ... ok
test_semantic_runtime_rejects_stale_index (test_prompt_generator.PromptGeneratorRegressionTests.test_semantic_runtime_rejects_stale_index) ... ok
test_semantic_runtime_rejects_stale_text_recipe (test_prompt_generator.PromptGeneratorRegressionTests.test_semantic_runtime_rejects_stale_text_recipe) ... ok
test_semantic_slot_routed_axis_outweighs_full_intent_centroid (test_prompt_generator.PromptGeneratorRegressionTests.test_semantic_slot_routed_axis_outweighs_full_intent_centroid) ... ok
test_semantic_soft_filter_can_select_intent_match_outside_preset_filter (test_prompt_generator.PromptGeneratorRegressionTests.test_semantic_soft_filter_can_select_intent_match_outside_preset_filter) ... ok
test_semantic_surreal_axis_auto_activates_unless_explicit_off (test_prompt_generator.PromptGeneratorRegressionTests.test_semantic_surreal_axis_auto_activates_unless_explicit_off) ... ok
test_semantic_text_uses_only_public_visual_language (test_prompt_generator.PromptGeneratorRegressionTests.test_semantic_text_uses_only_public_visual_language) ... ok
test_single_subject_presets_do_not_auto_select_visible_partner_slots (test_prompt_generator.PromptGeneratorRegressionTests.test_single_subject_presets_do_not_auto_select_visible_partner_slots) ... ok
test_small_group_documentary_preset_supports_visible_group_framing (test_prompt_generator.PromptGeneratorRegressionTests.test_small_group_documentary_preset_supports_visible_group_framing) ... ok
test_social_character_light_filters_block_context_noise (test_prompt_generator.PromptGeneratorRegressionTests.test_social_character_light_filters_block_context_noise) ... ok
test_social_character_slots_presets_and_tags_are_registered (test_prompt_generator.PromptGeneratorRegressionTests.test_social_character_slots_presets_and_tags_are_registered) ... ok
test_social_character_slots_render_across_detail_levels (test_prompt_generator.PromptGeneratorRegressionTests.test_social_character_slots_render_across_detail_levels) ... ok
test_soft_anchor_critical_pool_constrains_candidate_window (test_prompt_generator.PromptGeneratorRegressionTests.test_soft_anchor_critical_pool_constrains_candidate_window) ... ok
test_soft_anchor_group_floor_does_not_cross_match_same_slot_sources (test_prompt_generator.PromptGeneratorRegressionTests.test_soft_anchor_group_floor_does_not_cross_match_same_slot_sources) ... ok
test_soft_anchor_match_status_fails_critical_miss_even_with_min_anchor (test_prompt_generator.PromptGeneratorRegressionTests.test_soft_anchor_match_status_fails_critical_miss_even_with_min_anchor) ... ok
test_soft_anchor_probability_floor_preserves_variant_candidates (test_prompt_generator.PromptGeneratorRegressionTests.test_soft_anchor_probability_floor_preserves_variant_candidates) ... ok
test_soft_anchor_spec_validation_and_bias_do_not_shrink_pool (test_prompt_generator.PromptGeneratorRegressionTests.test_soft_anchor_spec_validation_and_bias_do_not_shrink_pool) ... ok
test_soft_body_first_guard_demotes_body_emphasis_candidates (test_prompt_generator.PromptGeneratorRegressionTests.test_soft_body_first_guard_demotes_body_emphasis_candidates) ... ok
test_soft_body_first_guard_supports_slots_prefer_and_per_slot_multiplier (test_prompt_generator.PromptGeneratorRegressionTests.test_soft_body_first_guard_supports_slots_prefer_and_per_slot_multiplier) ... ok
test_soft_free_slot_constraints_add_constrained_slot_to_generation (test_prompt_generator.PromptGeneratorRegressionTests.test_soft_free_slot_constraints_add_constrained_slot_to_generation) ... ok
test_soft_free_slot_constraints_narrow_pool_and_trace (test_prompt_generator.PromptGeneratorRegressionTests.test_soft_free_slot_constraints_narrow_pool_and_trace) ... ok
test_soft_post_render_repair_reselects_required_group_without_costume_demote (test_prompt_generator.PromptGeneratorRegressionTests.test_soft_post_render_repair_reselects_required_group_without_costume_demote) ... ok
test_soft_render_directive_injects_positive_clause_and_negative_terms (test_prompt_generator.PromptGeneratorRegressionTests.test_soft_render_directive_injects_positive_clause_and_negative_terms) ... ok
test_soft_render_suppress_terms_extend_negative_prompt (test_prompt_generator.PromptGeneratorRegressionTests.test_soft_render_suppress_terms_extend_negative_prompt) ... ok
test_succubus_mixin_preserves_role_costume_and_dual_anchor (test_prompt_generator.PromptGeneratorRegressionTests.test_succubus_mixin_preserves_role_costume_and_dual_anchor) ... ok
test_succubus_prompts_include_invitation_and_drain_trace (test_prompt_generator.PromptGeneratorRegressionTests.test_succubus_prompts_include_invitation_and_drain_trace) ... ok
test_succubus_role_batch_uses_role_specific_anchors (test_prompt_generator.PromptGeneratorRegressionTests.test_succubus_role_batch_uses_role_specific_anchors) ... ok
test_all_24_composition_carriers_support_clean_literal_evidence (test_subculture_illustration_universal_scene_v3.UniversalSceneRuntimeContractTests.test_all_24_composition_carriers_support_clean_literal_evidence) ... ok
test_all_24_execute_every_compiled_obligation_deterministically (test_subculture_illustration_universal_scene_v3.UniversalSceneRuntimeContractTests.test_all_24_execute_every_compiled_obligation_deterministically) ... ok
test_all_24_packs_satisfy_reviewed_bridge_obligations_and_additive_bands (test_subculture_illustration_universal_scene_v3.UniversalSceneRuntimeContractTests.test_all_24_packs_satisfy_reviewed_bridge_obligations_and_additive_bands) ... ok
test_all_24_v3_packs_are_exactly_deterministic_and_integrity_clean (test_subculture_illustration_universal_scene_v3.UniversalSceneRuntimeContractTests.test_all_24_v3_packs_are_exactly_deterministic_and_integrity_clean) ... ok
test_apple_hammer_machine_gun_preserve_roles_with_increasing_load (test_subculture_illustration_universal_scene_v3.UniversalSceneRuntimeContractTests.test_apple_hammer_machine_gun_preserve_roles_with_increasing_load) ... ok
test_asserted_identity_polarity_rejects_absence_not_contrast (test_subculture_illustration_universal_scene_v3.UniversalSceneRuntimeContractTests.test_asserted_identity_polarity_rejects_absence_not_contrast) ... ok
test_compiled_obligation_owner_joins_reject_global_substitutions (test_subculture_illustration_universal_scene_v3.UniversalSceneRuntimeContractTests.test_compiled_obligation_owner_joins_reject_global_substitutions) ... ok
test_coordinated_weapon_negative_list_keeps_scope_at_ingress (test_subculture_illustration_universal_scene_v3.UniversalSceneRuntimeContractTests.test_coordinated_weapon_negative_list_keeps_scope_at_ingress) ... ok
test_exact_evidence_phrase_reuse_is_bounded_at_eight_links (test_subculture_illustration_universal_scene_v3.UniversalSceneRuntimeContractTests.test_exact_evidence_phrase_reuse_is_bounded_at_eight_links) ... ok
test_fixed_slot_composition_evidence_cannot_be_omitted (test_subculture_illustration_universal_scene_v3.UniversalSceneRuntimeContractTests.test_fixed_slot_composition_evidence_cannot_be_omitted) ... ok
test_forbidden_identity_polarity_requires_scoped_negation (test_subculture_illustration_universal_scene_v3.UniversalSceneRuntimeContractTests.test_forbidden_identity_polarity_requires_scoped_negation) ... ok
test_frozen_traces_replay_at_runtime_and_independent_audit_boundaries (test_subculture_illustration_universal_scene_v3.UniversalSceneRuntimeContractTests.test_frozen_traces_replay_at_runtime_and_independent_audit_boundaries) ... ok
test_human_nonhuman_faceless_limbless_four_arm_and_no_prop_resources (test_subculture_illustration_universal_scene_v3.UniversalSceneRuntimeContractTests.test_human_nonhuman_faceless_limbless_four_arm_and_no_prop_resources) ... ok
test_mixed_contract_effect_reassertion_is_blocked_at_ingress_and_audit (test_subculture_illustration_universal_scene_v3.UniversalSceneRuntimeContractTests.test_mixed_contract_effect_reassertion_is_blocked_at_ingress_and_audit) ... ok
test_mixed_hand_and_navigation_effects_are_blocked_at_ingress (test_subculture_illustration_universal_scene_v3.UniversalSceneRuntimeContractTests.test_mixed_hand_and_navigation_effects_are_blocked_at_ingress) ... ok
test_pack_mutations_reject_core_orphan_remote_closed_and_resources (test_subculture_illustration_universal_scene_v3.UniversalSceneRuntimeContractTests.test_pack_mutations_reject_core_orphan_remote_closed_and_resources) ... ok
test_prior_exposure_ids_are_unique_recorded_and_replayed (test_subculture_illustration_universal_scene_v3.UniversalSceneRuntimeContractTests.test_prior_exposure_ids_are_unique_recorded_and_replayed) ... ok
test_runtime_selected_role_sources_reject_authority_substitution (test_subculture_illustration_universal_scene_v3.UniversalSceneRuntimeContractTests.test_runtime_selected_role_sources_reject_authority_substitution) ... ok
test_same_core_creativity_changes_distribution_not_identity_or_hard_gates (test_subculture_illustration_universal_scene_v3.UniversalSceneRuntimeContractTests.test_same_core_creativity_changes_distribution_not_identity_or_hard_gates) ... ok
test_scene_contract_hash_literal_and_closed_slot_mutations_reject (test_subculture_illustration_universal_scene_v3.UniversalSceneRuntimeContractTests.test_scene_contract_hash_literal_and_closed_slot_mutations_reject) ... ok
test_unicode_lexical_and_newline_sentence_budgets_fail_closed (test_subculture_illustration_universal_scene_v3.UniversalSceneRuntimeContractTests.test_unicode_lexical_and_newline_sentence_budgets_fail_closed) ... ok
test_unsupported_emotion_culture_age_gaze_and_weapon_inference_rejects (test_subculture_illustration_universal_scene_v3.UniversalSceneRuntimeContractTests.test_unsupported_emotion_culture_age_gaze_and_weapon_inference_rejects) ... ok
test_v1_v2_exact_replay_and_photo_baseline_remain_immutable (test_subculture_illustration_universal_scene_v3.UniversalSceneRuntimeContractTests.test_v1_v2_exact_replay_and_photo_baseline_remain_immutable) ... ERROR
test_authored_components_derive_every_evidence_gate_and_group (test_photo_data_semantic_corrections.PhotoDataSemanticCorrectionsTests.test_authored_components_derive_every_evidence_gate_and_group) ... ok
test_bare_menhera_label_does_not_claim_the_project_interpretation (test_photo_data_semantic_corrections.PhotoDataSemanticCorrectionsTests.test_bare_menhera_label_does_not_claim_the_project_interpretation) ... ok
test_body_area_product_and_incidental_detail_stay_advisory (test_photo_data_semantic_corrections.PhotoDataSemanticCorrectionsTests.test_body_area_product_and_incidental_detail_stay_advisory) ... ok
test_claim_limits_do_not_enter_positive_retrieval (test_photo_data_semantic_corrections.PhotoDataSemanticCorrectionsTests.test_claim_limits_do_not_enter_positive_retrieval) ... ok
test_closed_eyes_omit_only_clamshell_catchlight_evidence (test_photo_data_semantic_corrections.PhotoDataSemanticCorrectionsTests.test_closed_eyes_omit_only_clamshell_catchlight_evidence) ... ok
test_compiled_evidence_stays_literal_and_missing_invariants_fail_audit (test_photo_data_semantic_corrections.PhotoDataSemanticCorrectionsTests.test_compiled_evidence_stays_literal_and_missing_invariants_fail_audit) ... ok
test_diopter_gate_checks_visible_continuity_not_production_history (test_photo_data_semantic_corrections.PhotoDataSemanticCorrectionsTests.test_diopter_gate_checks_visible_continuity_not_production_history) ... ok
test_every_professional_role_separates_rest_from_operational_action (test_photo_data_semantic_corrections.PhotoDataSemanticCorrectionsTests.test_every_professional_role_separates_rest_from_operational_action) ... ok
test_explicit_body_area_salience_stays_hard_in_three_languages (test_photo_data_semantic_corrections.PhotoDataSemanticCorrectionsTests.test_explicit_body_area_salience_stays_hard_in_three_languages) ... ok
test_explicit_catchlight_request_is_not_silently_dropped (test_photo_data_semantic_corrections.PhotoDataSemanticCorrectionsTests.test_explicit_catchlight_request_is_not_silently_dropped) ... ok
test_explicit_operational_roles_keep_hard_causal_contract (test_photo_data_semantic_corrections.PhotoDataSemanticCorrectionsTests.test_explicit_operational_roles_keep_hard_causal_contract) ... ok
test_freely_authored_duty_does_not_relabel_the_user_role (test_photo_data_semantic_corrections.PhotoDataSemanticCorrectionsTests.test_freely_authored_duty_does_not_relabel_the_user_role) ... ok
test_invalid_authored_component_and_activation_are_rejected (test_photo_data_semantic_corrections.PhotoDataSemanticCorrectionsTests.test_invalid_authored_component_and_activation_are_rejected) ... ok
test_negated_duty_cannot_support_hard_activation (test_photo_data_semantic_corrections.PhotoDataSemanticCorrectionsTests.test_negated_duty_cannot_support_hard_activation) ... ok
test_negated_visibility_and_catchlight_phrases_do_not_change_obligations (test_photo_data_semantic_corrections.PhotoDataSemanticCorrectionsTests.test_negated_visibility_and_catchlight_phrases_do_not_change_obligations) ... ok
test_nursing_uniform_and_yandere_relation_do_not_request_patient_care (test_photo_data_semantic_corrections.PhotoDataSemanticCorrectionsTests.test_nursing_uniform_and_yandere_relation_do_not_request_patient_care) ... ok
test_related_exact_match_survives_the_compatibility_candidate_path (test_photo_data_semantic_corrections.PhotoDataSemanticCorrectionsTests.test_related_exact_match_survives_the_compatibility_candidate_path) ... ok
test_rembrandt_preserves_geometry_for_both_camera_orientations (test_photo_data_semantic_corrections.PhotoDataSemanticCorrectionsTests.test_rembrandt_preserves_geometry_for_both_camera_orientations) ... ok
test_role_identity_is_advisory_without_requested_duty (test_photo_data_semantic_corrections.PhotoDataSemanticCorrectionsTests.test_role_identity_is_advisory_without_requested_duty) ... ok
test_telephoto_uses_narrow_field_of_view (test_photo_data_semantic_corrections.PhotoDataSemanticCorrectionsTests.test_telephoto_uses_narrow_field_of_view) ... ok
test_yandere_retains_same_target_action_and_consequence_without_scene_recipe (test_photo_data_semantic_corrections.PhotoDataSemanticCorrectionsTests.test_yandere_retains_same_target_action_and_consequence_without_scene_recipe) ... ok
test_adult_woman_context_is_allowing_not_blocking (test_photo_visual_profile_retrieval.PhotoVisualProfileRetrievalTests.test_adult_woman_context_is_allowing_not_blocking) ... ok
test_bm25f_and_embedding_fuse_without_promoting_to_hard (test_photo_visual_profile_retrieval.PhotoVisualProfileRetrievalTests.test_bm25f_and_embedding_fuse_without_promoting_to_hard) ... ok
test_bm25f_only_paraphrase_is_optional_and_cannot_create_an_obligation (test_photo_visual_profile_retrieval.PhotoVisualProfileRetrievalTests.test_bm25f_only_paraphrase_is_optional_and_cannot_create_an_obligation) ... ok
test_commercial_defense_glossary_honors_alignment_override_and_negation (test_photo_visual_profile_retrieval.PhotoVisualProfileRetrievalTests.test_commercial_defense_glossary_honors_alignment_override_and_negation) ... ok
test_composition_relation_embedding_lane_remains_optional (test_photo_visual_profile_retrieval.PhotoVisualProfileRetrievalTests.test_composition_relation_embedding_lane_remains_optional) ... ok
test_embedding_only_paraphrase_projects_optional_candidate_from_one_resolution (test_photo_visual_profile_retrieval.PhotoVisualProfileRetrievalTests.test_embedding_only_paraphrase_projects_optional_candidate_from_one_resolution) ... ok
test_embedding_score_is_positive_context_proof_but_shared_negatives_still_win (test_photo_visual_profile_retrieval.PhotoVisualProfileRetrievalTests.test_embedding_score_is_positive_context_proof_but_shared_negatives_still_win) ... ok
test_exact_hit_stays_hard_while_negation_and_user_definition_cannot_resurrect (test_photo_visual_profile_retrieval.PhotoVisualProfileRetrievalTests.test_exact_hit_stays_hard_while_negation_and_user_definition_cannot_resurrect) ... ok
test_index_is_registry_bound_and_separates_exact_from_semantic_text (test_photo_visual_profile_retrieval.PhotoVisualProfileRetrievalTests.test_index_is_registry_bound_and_separates_exact_from_semantic_text) ... ok
test_new_profile_embedding_paraphrases_remain_optional_only (test_photo_visual_profile_retrieval.PhotoVisualProfileRetrievalTests.test_new_profile_embedding_paraphrases_remain_optional_only) ... 