test_additional_requirements_and_likeness_mode_are_rendered_before_hashing (test_prompt_generator.PromptGeneratorRegressionTests.test_additional_requirements_and_likeness_mode_are_rendered_before_hashing) ... ok
test_adult_ribbon_fashion_uses_adult_compatible_ribbon_context (test_prompt_generator.PromptGeneratorRegressionTests.test_adult_ribbon_fashion_uses_adult_compatible_ribbon_context) ... ok
test_all_concept_recipe_forced_slots_are_registered (test_prompt_generator.PromptGeneratorRegressionTests.test_all_concept_recipe_forced_slots_are_registered) ... FAIL
test_all_detail_levels_include_common_inline_constraints (test_prompt_generator.PromptGeneratorRegressionTests.test_all_detail_levels_include_common_inline_constraints) ... ok
test_all_semantic_inputs_exclude_control_and_process_metadata (test_prompt_generator.PromptGeneratorRegressionTests.test_all_semantic_inputs_exclude_control_and_process_metadata) ... FAIL
test_anti_diagram_negative_pool_is_context_attached (test_prompt_generator.PromptGeneratorRegressionTests.test_anti_diagram_negative_pool_is_context_attached) ... ok
test_applicability_blocked_slot_does_not_fall_back_to_full_pool (test_prompt_generator.PromptGeneratorRegressionTests.test_applicability_blocked_slot_does_not_fall_back_to_full_pool) ... ok
test_artistic_touch_is_profile_specific_instead_of_global (test_prompt_generator.PromptGeneratorRegressionTests.test_artistic_touch_is_profile_specific_instead_of_global) ... ok
test_assassin_concept_batch_uses_cohesive_bundles (test_prompt_generator.PromptGeneratorRegressionTests.test_assassin_concept_batch_uses_cohesive_bundles) ... ok
test_assassin_default_weapon_cue_is_text_not_pose_override (test_prompt_generator.PromptGeneratorRegressionTests.test_assassin_default_weapon_cue_is_text_not_pose_override) ... ok
test_assassin_default_weapon_cue_per_role_preserves_bundle_slots (test_prompt_generator.PromptGeneratorRegressionTests.test_assassin_default_weapon_cue_per_role_preserves_bundle_slots) ... ok
test_assassin_recent_role_batch_covers_viewpoint_aspects (test_prompt_generator.PromptGeneratorRegressionTests.test_assassin_recent_role_batch_covers_viewpoint_aspects) ... ok
test_assassin_viewpoint_bundles_expose_aspects_and_extended_slots (test_prompt_generator.PromptGeneratorRegressionTests.test_assassin_viewpoint_bundles_expose_aspects_and_extended_slots) ... ok
test_assassin_viewpoint_presets_tags_and_cliche_weights_registered (test_prompt_generator.PromptGeneratorRegressionTests.test_assassin_viewpoint_presets_tags_and_cliche_weights_registered) ... ok
test_assassin_visible_weapon_request_role_map_uses_39df660_tags (test_prompt_generator.PromptGeneratorRegressionTests.test_assassin_visible_weapon_request_role_map_uses_39df660_tags) ... ok
test_audit_composed_prompt_enforces_pack_contract (test_prompt_generator.PromptGeneratorRegressionTests.test_audit_composed_prompt_enforces_pack_contract) ... ok
test_audit_composed_prompt_rejects_masked_bucket_and_motif_echo (test_prompt_generator.PromptGeneratorRegressionTests.test_audit_composed_prompt_rejects_masked_bucket_and_motif_echo) ... ok
test_audit_composed_prompt_rejects_role_scene_and_species_mismatch (test_prompt_generator.PromptGeneratorRegressionTests.test_audit_composed_prompt_rejects_role_scene_and_species_mismatch) ... ok
test_audit_composed_prompt_warns_for_missing_artistic_final_touch (test_prompt_generator.PromptGeneratorRegressionTests.test_audit_composed_prompt_warns_for_missing_artistic_final_touch) ... ok
test_audit_composed_prompt_warns_for_missing_photographic_craft (test_prompt_generator.PromptGeneratorRegressionTests.test_audit_composed_prompt_warns_for_missing_photographic_craft) ... ok
test_audit_composed_prompt_warns_for_missing_photographic_integration (test_prompt_generator.PromptGeneratorRegressionTests.test_audit_composed_prompt_warns_for_missing_photographic_integration) ... ok
test_audit_composed_prompt_warns_for_missing_visual_proposition (test_prompt_generator.PromptGeneratorRegressionTests.test_audit_composed_prompt_warns_for_missing_visual_proposition) ... ok
test_audit_visual_proposition_applies_lightweight_observational_register (test_prompt_generator.PromptGeneratorRegressionTests.test_audit_visual_proposition_applies_lightweight_observational_register) ... ok
test_batch_diversity_penalty_is_soft_and_forced_safe (test_prompt_generator.PromptGeneratorRegressionTests.test_batch_diversity_penalty_is_soft_and_forced_safe) ... ok
test_beastkin_concept_rotates_liminal_bundles_and_preserves_role (test_prompt_generator.PromptGeneratorRegressionTests.test_beastkin_concept_rotates_liminal_bundles_and_preserves_role) ... ok
test_beastkin_opt_in_species_are_alias_only_and_force_species_marker (test_prompt_generator.PromptGeneratorRegressionTests.test_beastkin_opt_in_species_are_alias_only_and_force_species_marker) ... ok
test_beastkin_santa_and_sportswear_preserve_role_priority (test_prompt_generator.PromptGeneratorRegressionTests.test_beastkin_santa_and_sportswear_preserve_role_priority) ... ok
test_beastkin_species_variants_are_deterministic_diverse_and_aliasable (test_prompt_generator.PromptGeneratorRegressionTests.test_beastkin_species_variants_are_deterministic_diverse_and_aliasable) ... ok
test_botanical_greenhouse_uses_botanical_capture_context (test_prompt_generator.PromptGeneratorRegressionTests.test_botanical_greenhouse_uses_botanical_capture_context) ... ok
test_broad_role_recipes_expose_multiple_scene_registers (test_prompt_generator.PromptGeneratorRegressionTests.test_broad_role_recipes_expose_multiple_scene_registers) ... ok
test_bulpan_dogeza_alias_preserves_idol_role (test_prompt_generator.PromptGeneratorRegressionTests.test_bulpan_dogeza_alias_preserves_idol_role) ... ok
test_candidate_pack_composes_quality_axes_across_domains (test_prompt_generator.PromptGeneratorRegressionTests.test_candidate_pack_composes_quality_axes_across_domains) ... ok
test_candidate_pack_defaults_concept_resolution_to_soft_mode (test_prompt_generator.PromptGeneratorRegressionTests.test_candidate_pack_defaults_concept_resolution_to_soft_mode) ... ok
test_candidate_pack_exposes_reference_scaffold_for_yandere (test_prompt_generator.PromptGeneratorRegressionTests.test_candidate_pack_exposes_reference_scaffold_for_yandere) ... ok
test_candidate_pack_exposes_visual_proposition_layer (test_prompt_generator.PromptGeneratorRegressionTests.test_candidate_pack_exposes_visual_proposition_layer) ... ok
test_candidate_pack_photographic_craft_degrades_to_generic_for_empty_facets (test_prompt_generator.PromptGeneratorRegressionTests.test_candidate_pack_photographic_craft_degrades_to_generic_for_empty_facets) ... ok
test_candidate_pack_photographic_craft_holdout_generalizes_without_example_nouns (test_prompt_generator.PromptGeneratorRegressionTests.test_candidate_pack_photographic_craft_holdout_generalizes_without_example_nouns) ... ok
test_candidate_pack_preserves_unmatched_concept_intents (test_prompt_generator.PromptGeneratorRegressionTests.test_candidate_pack_preserves_unmatched_concept_intents) ... ok
test_candidate_pack_profiles_photographic_integration_for_cathedral (test_prompt_generator.PromptGeneratorRegressionTests.test_candidate_pack_profiles_photographic_integration_for_cathedral) ... ok
test_candidate_pack_uses_object_facets_before_context_term_fallback (test_prompt_generator.PromptGeneratorRegressionTests.test_candidate_pack_uses_object_facets_before_context_term_fallback) ... ok
test_product_commercial_excludes_food_subjects_but_food_editorial_keeps_them (test_prompt_generator.PromptGeneratorRegressionTests.test_product_commercial_excludes_food_subjects_but_food_editorial_keeps_them) ... ok
test_product_macro_subject_is_not_classified_as_plant (test_prompt_generator.PromptGeneratorRegressionTests.test_product_macro_subject_is_not_classified_as_plant) ... ok
test_product_surface_preset_renders_surface_and_stable_product_motion (test_prompt_generator.PromptGeneratorRegressionTests.test_product_surface_preset_renders_surface_and_stable_product_motion) ... ok
test_provenance_ids_are_based_on_rendered_prompt_text (test_prompt_generator.PromptGeneratorRegressionTests.test_provenance_ids_are_based_on_rendered_prompt_text) ... ok
test_reactor_export_presets_are_registered_without_non_photo_presets (test_prompt_generator.PromptGeneratorRegressionTests.test_reactor_export_presets_are_registered_without_non_photo_presets) ... ok
test_reactor_export_presets_do_not_leak_adult_only_slots (test_prompt_generator.PromptGeneratorRegressionTests.test_reactor_export_presets_do_not_leak_adult_only_slots) ... ok
test_reactor_export_presets_generate_across_detail_levels (test_prompt_generator.PromptGeneratorRegressionTests.test_reactor_export_presets_generate_across_detail_levels) ... ok
test_reactor_export_representative_presets_include_core_vocab (test_prompt_generator.PromptGeneratorRegressionTests.test_reactor_export_representative_presets_include_core_vocab) ... ok
test_reactor_export_specialized_tags_have_context_guards (test_prompt_generator.PromptGeneratorRegressionTests.test_reactor_export_specialized_tags_have_context_guards) ... ok
test_reactor_local_presets_use_contextual_subjects_and_compositions (test_prompt_generator.PromptGeneratorRegressionTests.test_reactor_local_presets_use_contextual_subjects_and_compositions) ... ok
test_reactor_neutral_slots_are_visible_in_cli (test_prompt_generator.PromptGeneratorRegressionTests.test_reactor_neutral_slots_are_visible_in_cli) ... ok
test_real_compact_semantic_shards_preserve_candidate_pack_bytes (test_prompt_generator.PromptGeneratorRegressionTests.test_real_compact_semantic_shards_preserve_candidate_pack_bytes) ... ok
test_record_image_run_accepts_candidate_pack_provenance (test_prompt_generator.PromptGeneratorRegressionTests.test_record_image_run_accepts_candidate_pack_provenance) ... ok
test_record_image_run_default_ledger_is_worktree_local_runs_file (test_prompt_generator.PromptGeneratorRegressionTests.test_record_image_run_default_ledger_is_worktree_local_runs_file) ... ok
test_record_image_run_ledger_preserves_prompt_hash_across_retries (test_prompt_generator.PromptGeneratorRegressionTests.test_record_image_run_ledger_preserves_prompt_hash_across_retries) ... ok
test_record_image_run_rejects_changed_prompt_text (test_prompt_generator.PromptGeneratorRegressionTests.test_record_image_run_rejects_changed_prompt_text) ... ok
test_record_image_run_writes_independent_arm_manifest (test_prompt_generator.PromptGeneratorRegressionTests.test_record_image_run_writes_independent_arm_manifest) ... ok
test_reference_and_trend_layers_are_explicit_opt_in (test_prompt_generator.PromptGeneratorRegressionTests.test_reference_and_trend_layers_are_explicit_opt_in) ... ok
test_reference_and_trend_layers_are_rendered_in_all_detail_levels (test_prompt_generator.PromptGeneratorRegressionTests.test_reference_and_trend_layers_are_rendered_in_all_detail_levels) ... ok
test_relationship_grammar_slots_render_in_prompt (test_prompt_generator.PromptGeneratorRegressionTests.test_relationship_grammar_slots_render_in_prompt) ... ok
test_retro_era_fashion_editorial_uses_era_world (test_prompt_generator.PromptGeneratorRegressionTests.test_retro_era_fashion_editorial_uses_era_world) ... ok
test_role_scene_policy_records_and_prefers_least_used_location (test_prompt_generator.PromptGeneratorRegressionTests.test_role_scene_policy_records_and_prefers_least_used_location) ... ok
test_role_specific_mixin_bundles_preserve_role_anchors_and_do_not_leak (test_prompt_generator.PromptGeneratorRegressionTests.test_role_specific_mixin_bundles_preserve_role_anchors_and_do_not_leak) ... ok
test_rule_mode_does_not_import_gemini_dependency (test_prompt_generator.PromptGeneratorRegressionTests.test_rule_mode_does_not_import_gemini_dependency) ... ok
test_rule_mode_rejects_intent_even_with_policy_available (test_prompt_generator.PromptGeneratorRegressionTests.test_rule_mode_rejects_intent_even_with_policy_available) ... ok
test_rule_policy_bias_uses_concept_lock_policy_without_filtering_pool (test_prompt_generator.PromptGeneratorRegressionTests.test_rule_policy_bias_uses_concept_lock_policy_without_filtering_pool) ... ok
test_rule_quality_reports_semantic_relevance_not_evaluated (test_prompt_generator.PromptGeneratorRegressionTests.test_rule_quality_reports_semantic_relevance_not_evaluated) ... ok
test_run_ledger_schema_covers_recorder_output_contract (test_prompt_generator.PromptGeneratorRegressionTests.test_run_ledger_schema_covers_recorder_output_contract) ... ok
test_semantic_axis_coverage_bonus_prefers_deficit_axis (test_prompt_generator.PromptGeneratorRegressionTests.test_semantic_axis_coverage_bonus_prefers_deficit_axis) ... ok
test_semantic_axis_family_detection_and_slot_routing (test_prompt_generator.PromptGeneratorRegressionTests.test_semantic_axis_family_detection_and_slot_routing) ... ok
test_semantic_batch_trace_records_shared_history (test_prompt_generator.PromptGeneratorRegressionTests.test_semantic_batch_trace_records_shared_history) ... ok
test_semantic_coherence_rules_strength_and_conflict_factor (test_prompt_generator.PromptGeneratorRegressionTests.test_semantic_coherence_rules_strength_and_conflict_factor) ... ok
test_semantic_contextual_affinity_uses_picked_location_for_lighting (test_prompt_generator.PromptGeneratorRegressionTests.test_semantic_contextual_affinity_uses_picked_location_for_lighting) ... ok
test_semantic_group_batch_penalty_repeats_subject_group (test_prompt_generator.PromptGeneratorRegressionTests.test_semantic_group_batch_penalty_repeats_subject_group) ... ok
test_semantic_index_builder_dry_run_does_not_require_api_key (test_prompt_generator.PromptGeneratorRegressionTests.test_semantic_index_builder_dry_run_does_not_require_api_key) ... ok
test_semantic_index_builder_loads_project_env_file (test_prompt_generator.PromptGeneratorRegressionTests.test_semantic_index_builder_loads_project_env_file) ... ok
test_semantic_index_builder_main_loads_project_env_before_running (test_prompt_generator.PromptGeneratorRegressionTests.test_semantic_index_builder_main_loads_project_env_before_running) ... ok
test_semantic_index_builder_records_gemini_metadata_and_entries (test_prompt_generator.PromptGeneratorRegressionTests.test_semantic_index_builder_records_gemini_metadata_and_entries) ... ok
test_semantic_index_builder_requires_api_key_for_real_build (test_prompt_generator.PromptGeneratorRegressionTests.test_semantic_index_builder_requires_api_key_for_real_build) ... ok
test_semantic_index_builder_reuses_existing_vectors_after_tag_addition (test_prompt_generator.PromptGeneratorRegressionTests.test_semantic_index_builder_reuses_existing_vectors_after_tag_addition) ... ok
test_composed_prompt_must_bind_every_distinct_visual_duty (test_photo_visual_obligations.PhotoVisualObligationTests.test_composed_prompt_must_bind_every_distinct_visual_duty) ... ok
test_composition_candidates_have_semantic_text_and_confusion_conflicts (test_photo_visual_obligations.PhotoVisualObligationTests.test_composition_candidates_have_semantic_text_and_confusion_conflicts) ... ok
test_composition_relation_false_substitutes_do_not_hard_activate (test_photo_visual_obligations.PhotoVisualObligationTests.test_composition_relation_false_substitutes_do_not_hard_activate) ... ok
test_composition_relation_profiles_are_complete_and_exact_terms_route_hard (test_photo_visual_obligations.PhotoVisualObligationTests.test_composition_relation_profiles_are_complete_and_exact_terms_route_hard) ... 