test_cross_mode_preserves_forced_prompt_facts (test_prompt_generator.PromptGeneratorRegressionTests.test_cross_mode_preserves_forced_prompt_facts) ... ok
test_cross_mode_section_order_is_stable (test_prompt_generator.PromptGeneratorRegressionTests.test_cross_mode_section_order_is_stable) ... ok
test_default_semantic_missing_index_falls_back_to_rule (test_prompt_generator.PromptGeneratorRegressionTests.test_default_semantic_missing_index_falls_back_to_rule) ... ok
test_detailed_prompt_surfaces_prop (test_prompt_generator.PromptGeneratorRegressionTests.test_detailed_prompt_surfaces_prop) ... ok
test_devil_concept_prompt_avoids_product_commercial_drift (test_prompt_generator.PromptGeneratorRegressionTests.test_devil_concept_prompt_avoids_product_commercial_drift) ... ok
test_devil_mixin_preserves_role_costume_and_contract_anchor (test_prompt_generator.PromptGeneratorRegressionTests.test_devil_mixin_preserves_role_costume_and_contract_anchor) ... ok
test_devil_role_batch_limits_reflection_primary_anchors (test_prompt_generator.PromptGeneratorRegressionTests.test_devil_role_batch_limits_reflection_primary_anchors) ... ok
test_devil_role_batch_uses_role_specific_anchors (test_prompt_generator.PromptGeneratorRegressionTests.test_devil_role_batch_uses_role_specific_anchors) ... ok
test_devil_standalone_variants_include_systemic_and_trickster_modes (test_prompt_generator.PromptGeneratorRegressionTests.test_devil_standalone_variants_include_systemic_and_trickster_modes) ... ok
test_dictionary_validator_rejects_control_language_in_public_visual_text (test_prompt_generator.PromptGeneratorRegressionTests.test_dictionary_validator_rejects_control_language_in_public_visual_text) ... ok
test_dictionary_validator_rejects_control_language_in_visual_scene_atoms (test_prompt_generator.PromptGeneratorRegressionTests.test_dictionary_validator_rejects_control_language_in_visual_scene_atoms) ... ok
test_dictionary_validator_rejects_invalid_semantic_policy_match_rule (test_prompt_generator.PromptGeneratorRegressionTests.test_dictionary_validator_rejects_invalid_semantic_policy_match_rule) ... ok
test_dictionary_validator_rejects_photographic_craft_terms_field (test_prompt_generator.PromptGeneratorRegressionTests.test_dictionary_validator_rejects_photographic_craft_terms_field) ... ok
test_dictionary_validator_rejects_retired_quality_source_traces (test_prompt_generator.PromptGeneratorRegressionTests.test_dictionary_validator_rejects_retired_quality_source_traces) ... ok
test_dictionary_validator_rejects_retired_runtime_metadata (test_prompt_generator.PromptGeneratorRegressionTests.test_dictionary_validator_rejects_retired_runtime_metadata) ... ok
test_dictionary_validator_rejects_runtime_process_metadata (test_prompt_generator.PromptGeneratorRegressionTests.test_dictionary_validator_rejects_runtime_process_metadata) ... ok
test_dictionary_validator_rejects_unknown_coherence_rule_id (test_prompt_generator.PromptGeneratorRegressionTests.test_dictionary_validator_rejects_unknown_coherence_rule_id) ... ok
test_dictionary_validator_rejects_unknown_facet_guard (test_prompt_generator.PromptGeneratorRegressionTests.test_dictionary_validator_rejects_unknown_facet_guard) ... ok
test_dictionary_validator_rejects_unknown_motif_pool_slot_id (test_prompt_generator.PromptGeneratorRegressionTests.test_dictionary_validator_rejects_unknown_motif_pool_slot_id) ... ok
test_dictionary_validator_rejects_unknown_photographic_craft_facet_match (test_prompt_generator.PromptGeneratorRegressionTests.test_dictionary_validator_rejects_unknown_photographic_craft_facet_match) ... ok
test_dictionary_validator_rejects_unknown_quality_layer_facet_match (test_prompt_generator.PromptGeneratorRegressionTests.test_dictionary_validator_rejects_unknown_quality_layer_facet_match) ... ok
test_dictionary_validator_rejects_unknown_quality_profile_guards (test_prompt_generator.PromptGeneratorRegressionTests.test_dictionary_validator_rejects_unknown_quality_profile_guards) ... ok
test_dictionary_validator_rejects_unknown_semantic_metadata_id (test_prompt_generator.PromptGeneratorRegressionTests.test_dictionary_validator_rejects_unknown_semantic_metadata_id) ... ok
test_dictionary_validator_rejects_unknown_semantic_policy_id (test_prompt_generator.PromptGeneratorRegressionTests.test_dictionary_validator_rejects_unknown_semantic_policy_id) ... ok
test_dictionary_validator_rejects_unknown_slot_applicability_id (test_prompt_generator.PromptGeneratorRegressionTests.test_dictionary_validator_rejects_unknown_slot_applicability_id) ... ok
test_dogeza_alone_is_not_overbroad_bulpan_alias (test_prompt_generator.PromptGeneratorRegressionTests.test_dogeza_alone_is_not_overbroad_bulpan_alias) ... ok
test_expanded_concepts_resolve_role_mixin_and_visible_anchors (test_prompt_generator.PromptGeneratorRegressionTests.test_expanded_concepts_resolve_role_mixin_and_visible_anchors) ... ok
test_expanded_slots_presets_and_families_are_registered (test_prompt_generator.PromptGeneratorRegressionTests.test_expanded_slots_presets_and_families_are_registered) ... ok
test_expanded_tag_ids_do_not_add_new_global_duplicates (test_prompt_generator.PromptGeneratorRegressionTests.test_expanded_tag_ids_do_not_add_new_global_duplicates) ... ok
test_expanded_viewpoint_presets_tags_and_recipes_are_registered (test_prompt_generator.PromptGeneratorRegressionTests.test_expanded_viewpoint_presets_tags_and_recipes_are_registered) ... ok
test_explicit_intent_missing_index_still_fails (test_prompt_generator.PromptGeneratorRegressionTests.test_explicit_intent_missing_index_still_fails) ... ok
test_explicit_legacy_concept_recipe_expands_menhera_as_non_graphic_mixin (test_prompt_generator.PromptGeneratorRegressionTests.test_explicit_legacy_concept_recipe_expands_menhera_as_non_graphic_mixin) ... ok
test_explicit_semantic_missing_index_still_fails (test_prompt_generator.PromptGeneratorRegressionTests.test_explicit_semantic_missing_index_still_fails) ... ok
test_explicit_weapon_set_suppresses_default_role_weapon_cue (test_prompt_generator.PromptGeneratorRegressionTests.test_explicit_weapon_set_suppresses_default_role_weapon_cue) ... ok
test_femme_fatale_concept_prompt_contains_agency_and_noir_guards (test_prompt_generator.PromptGeneratorRegressionTests.test_femme_fatale_concept_prompt_contains_agency_and_noir_guards) ... ok
test_femme_fatale_mixin_preserves_role_costume_without_weapon_cue (test_prompt_generator.PromptGeneratorRegressionTests.test_femme_fatale_mixin_preserves_role_costume_without_weapon_cue) ... ok
test_femme_fatale_role_batch_uses_role_specific_bundles (test_prompt_generator.PromptGeneratorRegressionTests.test_femme_fatale_role_batch_uses_role_specific_bundles) ... ok
test_femme_fatale_weak_roles_force_face_hands_and_information_anchors (test_prompt_generator.PromptGeneratorRegressionTests.test_femme_fatale_weak_roles_force_face_hands_and_information_anchors) ... ok
test_food_subject_uses_food_guidance_and_food_negative_pool (test_prompt_generator.PromptGeneratorRegressionTests.test_food_subject_uses_food_guidance_and_food_negative_pool) ... ok
test_forced_incompatible_choice_is_preserved_for_dictionary_testing (test_prompt_generator.PromptGeneratorRegressionTests.test_forced_incompatible_choice_is_preserved_for_dictionary_testing) ... ok
test_surreal_contrast_editorial_uses_photo_contrast_not_surreal_layer (test_prompt_generator.PromptGeneratorRegressionTests.test_surreal_contrast_editorial_uses_photo_contrast_not_surreal_layer) ... ok
test_tilt_shift_miniature_city_uses_environment_subject (test_prompt_generator.PromptGeneratorRegressionTests.test_tilt_shift_miniature_city_uses_environment_subject) ... ok
test_tsundere_bunny_bundle_avoids_coffee_anchor (test_prompt_generator.PromptGeneratorRegressionTests.test_tsundere_bunny_bundle_avoids_coffee_anchor) ... ok
test_tsundere_concept_prompt_keeps_warm_denial_guards (test_prompt_generator.PromptGeneratorRegressionTests.test_tsundere_concept_prompt_keeps_warm_denial_guards) ... ok
test_tsundere_mid_string_role_uses_casual_girlfriend_bundle (test_prompt_generator.PromptGeneratorRegressionTests.test_tsundere_mid_string_role_uses_casual_girlfriend_bundle) ... ok
test_tsundere_mixin_preserves_role_costume_without_yandere_cues (test_prompt_generator.PromptGeneratorRegressionTests.test_tsundere_mixin_preserves_role_costume_without_yandere_cues) ... ok
test_tsundere_nurse_bundle_uses_chart_anchor_not_bouquet (test_prompt_generator.PromptGeneratorRegressionTests.test_tsundere_nurse_bundle_uses_chart_anchor_not_bouquet) ... ok
test_tsundere_role_batch_uses_role_specific_bundles (test_prompt_generator.PromptGeneratorRegressionTests.test_tsundere_role_batch_uses_role_specific_bundles) ... ok
test_tsundere_weak_roles_apply_costume_swap_frame_budget (test_prompt_generator.PromptGeneratorRegressionTests.test_tsundere_weak_roles_apply_costume_swap_frame_budget) ... ok
test_tsundere_weak_roles_have_active_denial_and_anti_drift_guards (test_prompt_generator.PromptGeneratorRegressionTests.test_tsundere_weak_roles_have_active_denial_and_anti_drift_guards) ... ok
test_vampire_concept_prompt_keeps_non_graphic_requirements (test_prompt_generator.PromptGeneratorRegressionTests.test_vampire_concept_prompt_keeps_non_graphic_requirements) ... ok
test_vampire_mixin_preserves_role_costume_without_assassin_note (test_prompt_generator.PromptGeneratorRegressionTests.test_vampire_mixin_preserves_role_costume_without_assassin_note) ... ok
test_vampire_role_batch_uses_distinct_facet_bundles (test_prompt_generator.PromptGeneratorRegressionTests.test_vampire_role_batch_uses_distinct_facet_bundles) ... ok
test_vampire_role_specific_bundle_selection_ignores_shared_fallbacks (test_prompt_generator.PromptGeneratorRegressionTests.test_vampire_role_specific_bundle_selection_ignores_shared_fallbacks) ... ok
test_vampire_weak_role_prompts_include_positive_anchors (test_prompt_generator.PromptGeneratorRegressionTests.test_vampire_weak_role_prompts_include_positive_anchors) ... FAIL
test_virtual_presets_are_hidden_unless_explicitly_requested (test_prompt_generator.PromptGeneratorRegressionTests.test_virtual_presets_are_hidden_unless_explicitly_requested) ... ok
test_visible_multi_subject_slots_render_and_drop_duplicate_faces_negative (test_prompt_generator.PromptGeneratorRegressionTests.test_visible_multi_subject_slots_render_and_drop_duplicate_faces_negative) ... ok
test_visual_review_summary_reports_body_drift (test_prompt_generator.PromptGeneratorRegressionTests.test_visual_review_summary_reports_body_drift) ... ok
test_visual_review_summary_reports_v6_fields (test_prompt_generator.PromptGeneratorRegressionTests.test_visual_review_summary_reports_v6_fields) ... ok
test_weak_horror_compensation_boosts_strong_horror_slot (test_prompt_generator.PromptGeneratorRegressionTests.test_weak_horror_compensation_boosts_strong_horror_slot) ... ok
test_white_bandage_alias_preserves_wrap_only_fashion_context (test_prompt_generator.PromptGeneratorRegressionTests.test_white_bandage_alias_preserves_wrap_only_fashion_context) ... ok
test_white_bandage_concept_generation_uses_fashion_wrap_slots (test_prompt_generator.PromptGeneratorRegressionTests.test_white_bandage_concept_generation_uses_fashion_wrap_slots) ... ok
test_wide_archetype_presets_tags_roles_and_mixins_are_registered (test_prompt_generator.PromptGeneratorRegressionTests.test_wide_archetype_presets_tags_roles_and_mixins_are_registered) ... ok
test_wizard_expansion_presets_families_and_tags_are_registered (test_prompt_generator.PromptGeneratorRegressionTests.test_wizard_expansion_presets_families_and_tags_are_registered) ... ok
test_wizard_glow_dependent_bundles_pin_color_and_volumetric_spell_proof (test_prompt_generator.PromptGeneratorRegressionTests.test_wizard_glow_dependent_bundles_pin_color_and_volumetric_spell_proof) ... ok
test_wizard_mixin_uses_tool_material_trace_grammar (test_prompt_generator.PromptGeneratorRegressionTests.test_wizard_mixin_uses_tool_material_trace_grammar) ... ok
test_wizard_role_batch_uses_role_specific_active_spell_bundles (test_prompt_generator.PromptGeneratorRegressionTests.test_wizard_role_batch_uses_role_specific_active_spell_bundles) ... ok
test_wizard_standalone_role_and_role_mixin_stay_distinct_from_stage_magic (test_prompt_generator.PromptGeneratorRegressionTests.test_wizard_standalone_role_and_role_mixin_stay_distinct_from_stage_magic) ... ok
test_wrapper_defaults_to_semantic_mode (test_prompt_generator.PromptGeneratorRegressionTests.test_wrapper_defaults_to_semantic_mode) ... ok
test_yandere_concept_prompt_contains_paradox_and_safety_guards (test_prompt_generator.PromptGeneratorRegressionTests.test_yandere_concept_prompt_contains_paradox_and_safety_guards) ... ok
test_yandere_drift_risk_roles_have_seed_selectable_variants (test_prompt_generator.PromptGeneratorRegressionTests.test_yandere_drift_risk_roles_have_seed_selectable_variants) ... ok
test_yandere_mixin_preserves_role_costume_without_weapon_cue (test_prompt_generator.PromptGeneratorRegressionTests.test_yandere_mixin_preserves_role_costume_without_weapon_cue) ... ok
test_yandere_photo_wall_requires_overwhelming_density (test_prompt_generator.PromptGeneratorRegressionTests.test_yandere_photo_wall_requires_overwhelming_density) ... ok
test_yandere_recent_role_batch_reduces_photo_wall_convergence (test_prompt_generator.PromptGeneratorRegressionTests.test_yandere_recent_role_batch_reduces_photo_wall_convergence) ... ok
test_yandere_role_batch_uses_role_specific_bundles (test_prompt_generator.PromptGeneratorRegressionTests.test_yandere_role_batch_uses_role_specific_bundles) ... ok
test_yandere_symbolic_weapon_request_is_explicit_and_non_operational (test_prompt_generator.PromptGeneratorRegressionTests.test_yandere_symbolic_weapon_request_is_explicit_and_non_operational) ... ok
test_yandere_weak_role_anchors_survive_costume_swap_proxy (test_prompt_generator.PromptGeneratorRegressionTests.test_yandere_weak_role_anchors_survive_costume_swap_proxy) ... ok
test_yandere_weak_roles_force_possession_anchors_and_safe_framing (test_prompt_generator.PromptGeneratorRegressionTests.test_yandere_weak_roles_force_possession_anchors_and_safe_framing) ... ok
test_aggregate_validator_does_not_hide_partial_pixel_qualification (test_subculture_illustration_contract_v1.SubcultureIllustrationContractV1Tests.test_aggregate_validator_does_not_hide_partial_pixel_qualification) ... ERROR
test_all_24_frozen_requests_resolve_exact_route_variant_and_sparse_edge (test_subculture_illustration_contract_v1.SubcultureIllustrationContractV1Tests.test_all_24_frozen_requests_resolve_exact_route_variant_and_sparse_edge) ... ok
test_asset_validator_passes_with_frozen_counts (test_subculture_illustration_contract_v1.SubcultureIllustrationContractV1Tests.test_asset_validator_passes_with_frozen_counts) ... ok
test_audit_binding_uses_the_skill_specific_core (test_subculture_illustration_contract_v1.SubcultureIllustrationContractV1Tests.test_audit_binding_uses_the_skill_specific_core) ... ok
test_canonical_pack_id_tamper_is_distinguished_from_composed_failure (test_subculture_illustration_contract_v1.SubcultureIllustrationContractV1Tests.test_canonical_pack_id_tamper_is_distinguished_from_composed_failure) ... ok
test_case01_v2_preflight_is_clean_frozen_and_generation_free (test_subculture_illustration_contract_v1.SubcultureIllustrationContractV1Tests.test_case01_v2_preflight_is_clean_frozen_and_generation_free) ... ok
test_case01_v2_preflight_mutations_fail_closed (test_subculture_illustration_contract_v1.SubcultureIllustrationContractV1Tests.test_case01_v2_preflight_mutations_fail_closed) ... ok
test_case01_v2_successor_cannot_promote_a_failed_carrier (test_subculture_illustration_contract_v1.SubcultureIllustrationContractV1Tests.test_case01_v2_successor_cannot_promote_a_failed_carrier) ... ok
test_case01_v2_successor_preserves_both_failed_roles (test_subculture_illustration_contract_v1.SubcultureIllustrationContractV1Tests.test_case01_v2_successor_preserves_both_failed_roles) ... ok
test_case01_v3_preflight_records_distinct_authorized_carriers (test_subculture_illustration_contract_v1.SubcultureIllustrationContractV1Tests.test_case01_v3_preflight_records_distinct_authorized_carriers) ... ok
test_case01_v3_primary_hash_or_role_mutations_fail_closed (test_subculture_illustration_contract_v1.SubcultureIllustrationContractV1Tests.test_case01_v3_primary_hash_or_role_mutations_fail_closed) ... ok
test_case01_v3_primary_pass_preserves_prior_failures (test_subculture_illustration_contract_v1.SubcultureIllustrationContractV1Tests.test_case01_v3_primary_pass_preserves_prior_failures) ... ok
test_composed_contract_mutations_fail_without_pack_integrity_errors (test_subculture_illustration_contract_v1.SubcultureIllustrationContractV1Tests.test_composed_contract_mutations_fail_without_pack_integrity_errors) ... ok
test_constructed_equal_priority_route_collision_fails_closed (test_subculture_illustration_contract_v1.SubcultureIllustrationContractV1Tests.test_constructed_equal_priority_route_collision_fails_closed) ... ok
test_default_pack_uses_balanced_creativity_without_high_creative_development (test_subculture_illustration_contract_v1.SubcultureIllustrationContractV1Tests.test_default_pack_uses_balanced_creativity_without_high_creative_development) ... ok
test_explicit_creative_intent_keeps_high_creative_development (test_subculture_illustration_contract_v1.SubcultureIllustrationContractV1Tests.test_explicit_creative_intent_keeps_high_creative_development) ... ok
test_format_mismatch_is_a_pack_contract_error (test_subculture_illustration_contract_v1.SubcultureIllustrationContractV1Tests.test_format_mismatch_is_a_pack_contract_error) ... ok
test_generation_retry_policy_includes_three_unchanged_refusal_retries (test_subculture_illustration_contract_v1.SubcultureIllustrationContractV1Tests.test_generation_retry_policy_includes_three_unchanged_refusal_retries) ... ok
test_generation_retry_policy_mutations_fail_closed (test_subculture_illustration_contract_v1.SubcultureIllustrationContractV1Tests.test_generation_retry_policy_mutations_fail_closed) ... ok
test_generic_request_uses_only_family_default (test_subculture_illustration_contract_v1.SubcultureIllustrationContractV1Tests.test_generic_request_uses_only_family_default) ... ok
test_high_creativity_plan_binds_selected_proposal_exactly (test_subculture_illustration_contract_v1.SubcultureIllustrationContractV1Tests.test_high_creativity_plan_binds_selected_proposal_exactly) ... ok
test_legacy_pack_and_composed_contract_remain_supported (test_subculture_illustration_contract_v1.SubcultureIllustrationContractV1Tests.test_legacy_pack_and_composed_contract_remain_supported) ... ok
test_linked_risk_backstop_is_narrow_and_fail_closed (test_subculture_illustration_contract_v1.SubcultureIllustrationContractV1Tests.test_linked_risk_backstop_is_narrow_and_fail_closed) ... ok
test_named_style_guard_distinguishes_subject_from_creator_reference (test_subculture_illustration_contract_v1.SubcultureIllustrationContractV1Tests.test_named_style_guard_distinguishes_subject_from_creator_reference) ... ok
test_one_valid_literal_composed_fixture_passes (test_subculture_illustration_contract_v1.SubcultureIllustrationContractV1Tests.test_one_valid_literal_composed_fixture_passes) ... ok
test_pack_cannot_require_pixel_review_as_a_composed_format_field (test_subculture_illustration_contract_v1.SubcultureIllustrationContractV1Tests.test_pack_cannot_require_pixel_review_as_a_composed_format_field) ... ok
test_post_render_pixel_review_is_not_a_pre_render_format_phrase (test_subculture_illustration_contract_v1.SubcultureIllustrationContractV1Tests.test_post_render_pixel_review_is_not_a_pre_render_format_phrase) ... ok
test_render_review_closes_frozen_views_without_hiding_the_failed_case (test_subculture_illustration_contract_v1.SubcultureIllustrationContractV1Tests.test_render_review_closes_frozen_views_without_hiding_the_failed_case) ... ok
test_risky_primary_requires_a_different_safe_fallback_kind (test_subculture_illustration_contract_v1.SubcultureIllustrationContractV1Tests.test_risky_primary_requires_a_different_safe_fallback_kind) ... ok
test_same_input_is_canonically_deterministic (test_subculture_illustration_contract_v1.SubcultureIllustrationContractV1Tests.test_same_input_is_canonically_deterministic) ... ok
test_second_look_plan_mutations_fail_closed (test_subculture_illustration_contract_v1.SubcultureIllustrationContractV1Tests.test_second_look_plan_mutations_fail_closed) ... ok
test_support_budget_overflow_is_a_pack_contract_error (test_subculture_illustration_contract_v1.SubcultureIllustrationContractV1Tests.test_support_budget_overflow_is_a_pack_contract_error) ... ok
test_v1_and_v2_prompt_qualification_are_separate_and_valid (test_subculture_illustration_contract_v1.SubcultureIllustrationContractV1Tests.test_v1_and_v2_prompt_qualification_are_separate_and_valid) ... ok
test_v2_pack_exposes_closed_second_look_contract (test_subculture_illustration_contract_v1.SubcultureIllustrationContractV1Tests.test_v2_pack_exposes_closed_second_look_contract) ... ok
test_all_185_authored_bundles_compile_and_profile_links_remain_advisory (test_photo_candidate_semantics.PhotoCandidateSemanticsTests.test_all_185_authored_bundles_compile_and_profile_links_remain_advisory) ... FAIL
test_canonical_street_link_and_storefront_label_keep_stable_ids (test_photo_candidate_semantics.PhotoCandidateSemanticsTests.test_canonical_street_link_and_storefront_label_keep_stable_ids) ... ok
test_maintenance_prose_is_external_and_hash_bound (test_photo_candidate_semantics.PhotoCandidateSemanticsTests.test_maintenance_prose_is_external_and_hash_bound) ... FAIL
test_missing_member_ineligible_member_internal_conflict_or_locked_scope_hides_bundle (test_photo_candidate_semantics.PhotoCandidateSemanticsTests.test_missing_member_ineligible_member_internal_conflict_or_locked_scope_hides_bundle) ... ok
test_multiword_relations_survive_v6_pack_overview_and_full_details (test_photo_candidate_semantics.PhotoCandidateSemanticsTests.test_multiword_relations_survive_v6_pack_overview_and_full_details) ... ok
test_real_generator_builds_an_adoptable_bundle_with_full_view_and_audit (test_photo_candidate_semantics.PhotoCandidateSemanticsTests.test_real_generator_builds_an_adoptable_bundle_with_full_view_and_audit) ... ok
test_required_extension_loss_fails_before_dictionary_use (test_photo_candidate_semantics.PhotoCandidateSemanticsTests.test_required_extension_loss_fails_before_dictionary_use) ... ok
test_scope_ownership_preserves_distinct_locked_dimensions (test_photo_candidate_semantics.PhotoCandidateSemanticsTests.test_scope_ownership_preserves_distinct_locked_dimensions) ... ok
test_selected_bundle_requires_every_component_and_relation_literal_evidence (test_photo_candidate_semantics.PhotoCandidateSemanticsTests.test_selected_bundle_requires_every_component_and_relation_literal_evidence) ... ok
test_semantic_units_relations_and_canonical_links_reject_malformed_authored_data (test_photo_candidate_semantics.PhotoCandidateSemanticsTests.test_semantic_units_relations_and_canonical_links_reject_malformed_authored_data) ... ok
test_source_contract_or_scope_tampering_fails_even_after_pack_hash_recompute (test_photo_candidate_semantics.PhotoCandidateSemanticsTests.test_source_contract_or_scope_tampering_fails_even_after_pack_hash_recompute) ... ok
test_unknown_runtime_keys_and_missing_or_ambiguous_references_fail (test_photo_candidate_semantics.PhotoCandidateSemanticsTests.test_unknown_runtime_keys_and_missing_or_ambiguous_references_fail) ... ok
test_v4_v5_token_surfaces_and_legacy_v6_are_not_reinterpreted (test_photo_candidate_semantics.PhotoCandidateSemanticsTests.test_v4_v5_token_surfaces_and_legacy_v6_are_not_reinterpreted) ... ok
test_broad_slanga_genres_and_single_cues_remain_nonhard (test_photo_suggestive_editorial_visual_semantics.PhotoSuggestiveEditorialVisualSemanticsTests.test_broad_slanga_genres_and_single_cues_remain_nonhard) ... ok
test_candidate_atoms_and_presets_are_reachable (test_photo_suggestive_editorial_visual_semantics.PhotoSuggestiveEditorialVisualSemanticsTests.test_candidate_atoms_and_presets_are_reachable) ... ok
test_controlled_reveal_requires_target_causality_salience_and_necessity (test_photo_suggestive_editorial_visual_semantics.PhotoSuggestiveEditorialVisualSemanticsTests.test_controlled_reveal_requires_target_causality_salience_and_necessity) ... ok
test_figure_coverage_requires_primary_nonredundant_carrier (test_photo_suggestive_editorial_visual_semantics.PhotoSuggestiveEditorialVisualSemanticsTests.test_figure_coverage_requires_primary_nonredundant_carrier) ... ok
test_generated_indexes_include_new_profiles_and_candidates (test_photo_suggestive_editorial_visual_semantics.PhotoSuggestiveEditorialVisualSemanticsTests.test_generated_indexes_include_new_profiles_and_candidates) ... ok
test_narrow_exact_terms_route_to_one_expected_profile (test_photo_suggestive_editorial_visual_semantics.PhotoSuggestiveEditorialVisualSemanticsTests.test_narrow_exact_terms_route_to_one_expected_profile) ... ok
test_presets_remove_uncoupled_or_redundant_choices (test_photo_suggestive_editorial_visual_semantics.PhotoSuggestiveEditorialVisualSemanticsTests.test_presets_remove_uncoupled_or_redundant_choices) ... ok
test_profiles_are_complete_definition_only_pixel_contracts (test_photo_suggestive_editorial_visual_semantics.PhotoSuggestiveEditorialVisualSemanticsTests.test_profiles_are_complete_definition_only_pixel_contracts) ... ok
test_research_evidence_is_approved_and_candidate_bound (test_photo_suggestive_editorial_visual_semantics.PhotoSuggestiveEditorialVisualSemanticsTests.test_research_evidence_is_approved_and_candidate_bound) ... ok
test_research_note_records_reference_and_evidence_boundaries (test_photo_suggestive_editorial_visual_semantics.PhotoSuggestiveEditorialVisualSemanticsTests.test_research_note_records_reference_and_evidence_boundaries) ... ok
test_skill_fail_closes_uncovered_focal_meaning (test_photo_suggestive_editorial_visual_semantics.PhotoSuggestiveEditorialVisualSemanticsTests.test_skill_fail_closes_uncovered_focal_meaning) ... 
  test_skill_fail_closes_uncovered_focal_meaning (test_photo_suggestive_editorial_visual_semantics.PhotoSuggestiveEditorialVisualSemanticsTests.test_skill_fail_closes_uncovered_focal_meaning) (phrase='explicitly makes a perceptual effect focal') ... FAIL
  test_skill_fail_closes_uncovered_focal_meaning (test_photo_suggestive_editorial_visual_semantics.PhotoSuggestiveEditorialVisualSemanticsTests.test_skill_fail_closes_uncovered_focal_meaning) (phrase='focal meaning is still uncovered') ... FAIL
  test_skill_fail_closes_uncovered_focal_meaning (test_photo_suggestive_editorial_visual_semantics.PhotoSuggestiveEditorialVisualSemanticsTests.test_skill_fail_closes_uncovered_focal_meaning) (phrase='A broad label, an embedding hit, or an optional candidate is not coverage') ... FAIL
  test_skill_fail_closes_uncovered_focal_meaning (test_photo_suggestive_editorial_visual_semantics.PhotoSuggestiveEditorialVisualSemanticsTests.test_skill_fail_closes_uncovered_focal_meaning) (phrase='Record this focal-coverage check separately from prompt, runtime, and pixel status') ... FAIL
test_three_arm_fixture_is_hash_bound_when_present (test_photo_suggestive_editorial_visual_semantics.PhotoSuggestiveEditorialVisualSemanticsTests.test_three_arm_fixture_is_hash_bound_when_present) ... ok
test_adjacent_and_broad_terms_do_not_force_new_profiles (test_photo_fantasy_visual_semantics.PhotoFantasyVisualSemanticsTests.test_adjacent_and_broad_terms_do_not_force_new_profiles) ... 