...................................................................................................................................................Traceback (most recent call last):
  File "/Users/chasoik/Projects/image-prompt/docs/research-evidence/photo-prompt/uniform-costume-integration-20261004/full-suite/run_group.py", line 66, in <module>
    result = unittest.TextTestRunner(stream=sys.stdout, verbosity=1, resultclass=RetainedResult).run(suite)
  File "/opt/homebrew/Cellar/python@3.14/3.14.3_1/Frameworks/Python.framework/Versions/3.14/lib/python3.14/unittest/runner.py", line 257, in run
    test(result)
    ~~~~^^^^^^^^
  File "/opt/homebrew/Cellar/python@3.14/3.14.3_1/Frameworks/Python.framework/Versions/3.14/lib/python3.14/unittest/suite.py", line 84, in __call__
    return self.run(*args, **kwds)
           ~~~~~~~~^^^^^^^^^^^^^^^
  File "/opt/homebrew/Cellar/python@3.14/3.14.3_1/Frameworks/Python.framework/Versions/3.14/lib/python3.14/unittest/suite.py", line 122, in run
    test(result)
    ~~~~^^^^^^^^
  File "/opt/homebrew/Cellar/python@3.14/3.14.3_1/Frameworks/Python.framework/Versions/3.14/lib/python3.14/unittest/suite.py", line 84, in __call__
    return self.run(*args, **kwds)
           ~~~~~~~~^^^^^^^^^^^^^^^
  File "/opt/homebrew/Cellar/python@3.14/3.14.3_1/Frameworks/Python.framework/Versions/3.14/lib/python3.14/unittest/suite.py", line 122, in run
    test(result)
    ~~~~^^^^^^^^
  File "/opt/homebrew/Cellar/python@3.14/3.14.3_1/Frameworks/Python.framework/Versions/3.14/lib/python3.14/unittest/case.py", line 725, in __call__
    return self.run(*args, **kwds)
           ~~~~~~~~^^^^^^^^^^^^^^^
  File "/opt/homebrew/Cellar/python@3.14/3.14.3_1/Frameworks/Python.framework/Versions/3.14/lib/python3.14/unittest/case.py", line 669, in run
    self._callTestMethod(testMethod)
    ~~~~~~~~~~~~~~~~~~~~^^^^^^^^^^^^
  File "/opt/homebrew/Cellar/python@3.14/3.14.3_1/Frameworks/Python.framework/Versions/3.14/lib/python3.14/unittest/case.py", line 615, in _callTestMethod
    result = method()
  File "/Users/chasoik/Projects/image-prompt/tests/test_photo_suggestive_editorial_visual_semantics.py", line 292, in test_generated_indexes_include_new_profiles_and_candidates
    semantic_index = prompt_generator.load_semantic_index_payload(
        SEMANTIC_INDEX_PATH
    )
  File "/Users/chasoik/Projects/image-prompt/skills/photo-prompt-image-generator/scripts/prompt_generator.py", line 10878, in load_semantic_index_payload
    shard_payload = json.loads(raw.decode("utf-8"))
                               ~~~~~~~~~~^^^^^^^^^
KeyboardInterrupt
