test_composed_prompt_must_bind_every_distinct_visual_duty (tests.test_photo_visual_obligations.PhotoVisualObligationTests.test_composed_prompt_must_bind_every_distinct_visual_duty) ... ok
test_composition_candidates_have_semantic_text_and_confusion_conflicts (tests.test_photo_visual_obligations.PhotoVisualObligationTests.test_composition_candidates_have_semantic_text_and_confusion_conflicts) ... ok
test_composition_relation_false_substitutes_do_not_hard_activate (tests.test_photo_visual_obligations.PhotoVisualObligationTests.test_composition_relation_false_substitutes_do_not_hard_activate) ... ok
test_composition_relation_profiles_are_complete_and_exact_terms_route_hard (tests.test_photo_visual_obligations.PhotoVisualObligationTests.test_composition_relation_profiles_are_complete_and_exact_terms_route_hard) ... ok
test_contained_affect_profile_uses_components_and_blocks_labels_at_runtime (tests.test_photo_visual_obligations.PhotoVisualObligationTests.test_contained_affect_profile_uses_components_and_blocks_labels_at_runtime) ... ok
test_frozen_visual_concept_routing_holdout (tests.test_photo_visual_obligations.PhotoVisualObligationTests.test_frozen_visual_concept_routing_holdout) ... ok
test_general_profile_adult_eligibility_must_be_an_explicit_boolean (tests.test_photo_visual_obligations.PhotoVisualObligationTests.test_general_profile_adult_eligibility_must_be_an_explicit_boolean) ... ok
test_general_visual_profiles_route_without_adult_character_context (tests.test_photo_visual_obligations.PhotoVisualObligationTests.test_general_visual_profiles_route_without_adult_character_context) ... ok
test_generic_face_cues_do_not_hard_activate_yandere_relation (tests.test_photo_visual_obligations.PhotoVisualObligationTests.test_generic_face_cues_do_not_hard_activate_yandere_relation) ... ok
test_glitch_and_reality_error_require_prompt_independent_authored_legibility (tests.test_photo_visual_obligations.PhotoVisualObligationTests.test_glitch_and_reality_error_require_prompt_independent_authored_legibility) ... ok
test_indirect_components_surface_optional_candidate_and_selection_promotes_gates (tests.test_photo_visual_obligations.PhotoVisualObligationTests.test_indirect_components_surface_optional_candidate_and_selection_promotes_gates) ... ok
test_kuudere_profile_requires_stable_composure_and_same_target_care (tests.test_photo_visual_obligations.PhotoVisualObligationTests.test_kuudere_profile_requires_stable_composure_and_same_target_care) ... ok
test_named_challenge_materializes_prompt_and_render_obligations (tests.test_photo_visual_obligations.PhotoVisualObligationTests.test_named_challenge_materializes_prompt_and_render_obligations) ... ok
test_prepack_visual_intent_is_hash_bound_and_source_grounded (tests.test_photo_visual_obligations.PhotoVisualObligationTests.test_prepack_visual_intent_is_hash_bound_and_source_grounded) ... ok
test_project_glossary_absolute_territory_expands_to_thigh_geometry (tests.test_photo_visual_obligations.PhotoVisualObligationTests.test_project_glossary_absolute_territory_expands_to_thigh_geometry) ... ok
test_project_glossary_alias_cannot_own_multiple_profiles (tests.test_photo_visual_obligations.PhotoVisualObligationTests.test_project_glossary_alias_cannot_own_multiple_profiles) ... ok
test_raw_character_label_does_not_introduce_a_fixed_render_contract (tests.test_photo_visual_obligations.PhotoVisualObligationTests.test_raw_character_label_does_not_introduce_a_fixed_render_contract) ... ok
test_registry_and_request_scoped_routing_fixture (tests.test_photo_visual_obligations.PhotoVisualObligationTests.test_registry_and_request_scoped_routing_fixture) ... ok
test_role_garment_and_revealing_armor_profiles_are_structurally_complete (tests.test_photo_visual_obligations.PhotoVisualObligationTests.test_role_garment_and_revealing_armor_profiles_are_structurally_complete) ... ok
test_run_ledger_preserves_visual_concept_selection_and_effective_hash (tests.test_photo_visual_obligations.PhotoVisualObligationTests.test_run_ledger_preserves_visual_concept_selection_and_effective_hash) ... ok
test_scoped_composite_requires_explicit_expression_freedom (tests.test_photo_visual_obligations.PhotoVisualObligationTests.test_scoped_composite_requires_explicit_expression_freedom) ... ok
test_selected_visual_concept_binds_runtime_and_render_review (tests.test_photo_visual_obligations.PhotoVisualObligationTests.test_selected_visual_concept_binds_runtime_and_render_review) ... ok
test_semantic_discovery_component_guard_must_be_boolean (tests.test_photo_visual_obligations.PhotoVisualObligationTests.test_semantic_discovery_component_guard_must_be_boolean) ... ok
test_semantic_evidence_and_sensitive_runtime_labels_fail_closed (tests.test_photo_visual_obligations.PhotoVisualObligationTests.test_semantic_evidence_and_sensitive_runtime_labels_fail_closed) ... ok
test_visual_only_render_review_uses_effective_visual_gate_contract (tests.test_photo_visual_obligations.PhotoVisualObligationTests.test_visual_only_render_review_uses_effective_visual_gate_contract) ... ok
test_visual_render_gate_failure_and_uncontracted_gate_fail_closed (tests.test_photo_visual_obligations.PhotoVisualObligationTests.test_visual_render_gate_failure_and_uncontracted_gate_fail_closed) ... ok
test_yandere_profile_requires_affection_control_relation_not_role_prop (tests.test_photo_visual_obligations.PhotoVisualObligationTests.test_yandere_profile_requires_affection_control_relation_not_role_prop) ... ok

----------------------------------------------------------------------
Ran 27 tests in 297.661s

OK
