test_composed_prompt_must_bind_every_distinct_visual_duty (tests.test_photo_visual_obligations.PhotoVisualObligationTests.test_composed_prompt_must_bind_every_distinct_visual_duty) ... ok
test_composition_candidates_have_semantic_text_and_confusion_conflicts (tests.test_photo_visual_obligations.PhotoVisualObligationTests.test_composition_candidates_have_semantic_text_and_confusion_conflicts) ... ok
test_composition_relation_false_substitutes_do_not_hard_activate (tests.test_photo_visual_obligations.PhotoVisualObligationTests.test_composition_relation_false_substitutes_do_not_hard_activate) ... ok
test_composition_relation_profiles_are_complete_and_exact_terms_route_hard (tests.test_photo_visual_obligations.PhotoVisualObligationTests.test_composition_relation_profiles_are_complete_and_exact_terms_route_hard) ... ok
test_contained_affect_profile_uses_components_and_blocks_labels_at_runtime (tests.test_photo_visual_obligations.PhotoVisualObligationTests.test_contained_affect_profile_uses_components_and_blocks_labels_at_runtime) ... ok
test_frozen_visual_concept_routing_holdout (tests.test_photo_visual_obligations.PhotoVisualObligationTests.test_frozen_visual_concept_routing_holdout) ... 
  test_frozen_visual_concept_routing_holdout (tests.test_photo_visual_obligations.PhotoVisualObligationTests.test_frozen_visual_concept_routing_holdout) (fixture='visual_obligation_routing_holdout_v1.jsonl', case='holdout_candidate_overwhelmed_face') ... FAIL
test_general_profile_adult_eligibility_must_be_an_explicit_boolean (tests.test_photo_visual_obligations.PhotoVisualObligationTests.test_general_profile_adult_eligibility_must_be_an_explicit_boolean) ... ok
test_general_visual_profiles_route_without_adult_character_context (tests.test_photo_visual_obligations.PhotoVisualObligationTests.test_general_visual_profiles_route_without_adult_character_context) ... ok
test_generic_face_cues_do_not_hard_activate_yandere_relation (tests.test_photo_visual_obligations.PhotoVisualObligationTests.test_generic_face_cues_do_not_hard_activate_yandere_relation) ... ok
test_glitch_and_reality_error_require_prompt_independent_authored_legibility (tests.test_photo_visual_obligations.PhotoVisualObligationTests.test_glitch_and_reality_error_require_prompt_independent_authored_legibility) ... ok
test_indirect_components_surface_optional_candidate_and_selection_promotes_gates (tests.test_photo_visual_obligations.PhotoVisualObligationTests.test_indirect_components_surface_optional_candidate_and_selection_promotes_gates) ... ok
test_kuudere_profile_requires_stable_composure_and_same_target_care (tests.test_photo_visual_obligations.PhotoVisualObligationTests.test_kuudere_profile_requires_stable_composure_and_same_target_care) ... ok
test_named_challenge_materializes_prompt_and_render_obligations (tests.test_photo_visual_obligations.PhotoVisualObligationTests.test_named_challenge_materializes_prompt_and_render_obligations) ... ok
test_prepack_visual_intent_is_hash_bound_and_source_grounded (tests.test_photo_visual_obligations.PhotoVisualObligationTests.test_prepack_visual_intent_is_hash_bound_and_source_grounded) ... ok
test_project_glossary_absolute_territory_expands_to_thigh_geometry (tests.test_photo_visual_obligations.PhotoVisualObligationTests.test_project_glossary_absolute_territory_expands_to_thigh_geometry) ... ok
test_project_glossary_alias_cannot_own_multiple_profiles (tests.test_photo_visual_obligations.PhotoVisualObligationTests.test_project_glossary_alias_cannot_own_multiple_profiles) ... ok
test_raw_character_label_does_not_introduce_a_fixed_render_contract (tests.test_photo_visual_obligations.PhotoVisualObligationTests.test_raw_character_label_does_not_introduce_a_fixed_render_contract) ... ok
test_registry_and_request_scoped_routing_fixture (tests.test_photo_visual_obligations.PhotoVisualObligationTests.test_registry_and_request_scoped_routing_fixture) ... 
  test_registry_and_request_scoped_routing_fixture (tests.test_photo_visual_obligations.PhotoVisualObligationTests.test_registry_and_request_scoped_routing_fixture) (fixture='visual_obligation_routing_v1.jsonl', case='candidate_overwhelmed_components') ... FAIL
test_role_garment_and_revealing_armor_profiles_are_structurally_complete (tests.test_photo_visual_obligations.PhotoVisualObligationTests.test_role_garment_and_revealing_armor_profiles_are_structurally_complete) ... ok
test_run_ledger_preserves_visual_concept_selection_and_effective_hash (tests.test_photo_visual_obligations.PhotoVisualObligationTests.test_run_ledger_preserves_visual_concept_selection_and_effective_hash) ... ok
test_selected_visual_concept_binds_runtime_and_render_review (tests.test_photo_visual_obligations.PhotoVisualObligationTests.test_selected_visual_concept_binds_runtime_and_render_review) ... ok
test_semantic_discovery_component_guard_must_be_boolean (tests.test_photo_visual_obligations.PhotoVisualObligationTests.test_semantic_discovery_component_guard_must_be_boolean) ... ok
test_semantic_evidence_and_sensitive_runtime_labels_fail_closed (tests.test_photo_visual_obligations.PhotoVisualObligationTests.test_semantic_evidence_and_sensitive_runtime_labels_fail_closed) ... ERROR
test_visual_only_render_review_uses_effective_visual_gate_contract (tests.test_photo_visual_obligations.PhotoVisualObligationTests.test_visual_only_render_review_uses_effective_visual_gate_contract) ... ok
test_visual_render_gate_failure_and_uncontracted_gate_fail_closed (tests.test_photo_visual_obligations.PhotoVisualObligationTests.test_visual_render_gate_failure_and_uncontracted_gate_fail_closed) ... ok
test_yandere_profile_requires_affection_control_relation_not_role_prop (tests.test_photo_visual_obligations.PhotoVisualObligationTests.test_yandere_profile_requires_affection_control_relation_not_role_prop) ... ok
test_body_read_failure_records_unavailable_fidelity (tests.test_photo_image_attempt_evidence.ApiErrorEvidenceTests.test_body_read_failure_records_unavailable_fidelity) ... ok
test_evidence_save_failure_stops_before_retry_or_unbound_ledger_row (tests.test_photo_image_attempt_evidence.ApiErrorEvidenceTests.test_evidence_save_failure_stops_before_retry_or_unbound_ledger_row) ... ok
test_local_image_save_failure_records_returned_call_without_regeneration (tests.test_photo_image_attempt_evidence.ApiErrorEvidenceTests.test_local_image_save_failure_records_returned_call_without_regeneration) ... ok
test_long_http_error_retains_full_bytes_and_structured_fields (tests.test_photo_image_attempt_evidence.ApiErrorEvidenceTests.test_long_http_error_retains_full_bytes_and_structured_fields) ... ok
test_non_utf8_response_is_recorded_with_exact_bytes (tests.test_photo_image_attempt_evidence.ApiErrorEvidenceTests.test_non_utf8_response_is_recorded_with_exact_bytes) ... ok
test_recorder_failure_stops_retries_and_keeps_error_evidence (tests.test_photo_image_attempt_evidence.ApiErrorEvidenceTests.test_recorder_failure_stops_retries_and_keeps_error_evidence) ... ok
test_safety_word_and_malformed_payload_do_not_classify_moderation (tests.test_photo_image_attempt_evidence.ApiErrorEvidenceTests.test_safety_word_and_malformed_payload_do_not_classify_moderation) ... ok
test_context_and_sha_mutations_are_rejected_before_ledger_write (tests.test_photo_image_attempt_evidence.EvidenceBindingTests.test_context_and_sha_mutations_are_rejected_before_ledger_write) ... ok
test_error_evidence_is_copied_into_independent_manifest (tests.test_photo_image_attempt_evidence.EvidenceBindingTests.test_error_evidence_is_copied_into_independent_manifest) ... ok
test_evidence_writer_does_not_replace_a_previous_attempt (tests.test_photo_image_attempt_evidence.EvidenceBindingTests.test_evidence_writer_does_not_replace_a_previous_attempt) ... ok
test_legacy_namespace_without_optional_evidence_fields_keeps_output (tests.test_photo_image_attempt_evidence.EvidenceBindingTests.test_legacy_namespace_without_optional_evidence_fields_keeps_output) ... ok
test_schema_keeps_error_fields_bound_and_supported_fidelities_in_sync (tests.test_photo_image_attempt_evidence.EvidenceBindingTests.test_schema_keeps_error_fields_bound_and_supported_fidelities_in_sync) ... ok
test_writer_cli_retains_unicode_and_refuses_existing_path (tests.test_photo_image_attempt_evidence.EvidenceBindingTests.test_writer_cli_retains_unicode_and_refuses_existing_path) ... ok
test_category_limits_keep_fidelity_truthful_and_exact_strings_intact (tests.test_photo_image_attempt_evidence.NativeCaptureTests.test_category_limits_keep_fidelity_truthful_and_exact_strings_intact) ... ok
test_documented_native_template_saves_literal_shell_text_and_stops_on_write_failure (tests.test_photo_image_attempt_evidence.NativeCaptureTests.test_documented_native_template_saves_literal_shell_text_and_stops_on_write_failure) ... ok
test_generic_safety_word_stays_unclassified (tests.test_photo_image_attempt_evidence.NativeCaptureTests.test_generic_safety_word_stays_unclassified) ... ok
test_lone_surrogate_raw_string_survives_file_and_ledger_binding (tests.test_photo_image_attempt_evidence.NativeCaptureTests.test_lone_surrogate_raw_string_survives_file_and_ledger_binding) ... ok
test_non_error_values_cycles_getters_and_proxies_cannot_break_capture (tests.test_photo_image_attempt_evidence.NativeCaptureTests.test_non_error_values_cycles_getters_and_proxies_cannot_break_capture) ... ok
test_string_and_plain_object_provider_errors_preserve_metadata (tests.test_photo_image_attempt_evidence.NativeCaptureTests.test_string_and_plain_object_provider_errors_preserve_metadata) ... ok
test_after_sunset_blue_hour_is_dusk_not_dawn (tests.test_photo_scene_data_cleanup.SceneContextCleanupTests.test_after_sunset_blue_hour_is_dusk_not_dawn) ... ok
test_depth_and_occlusion_relations_remain (tests.test_photo_scene_data_cleanup.SceneContextCleanupTests.test_depth_and_occlusion_relations_remain) ... ok
test_empty_surroundings_do_not_require_or_forbid_a_primary_person (tests.test_photo_scene_data_cleanup.SceneContextCleanupTests.test_empty_surroundings_do_not_require_or_forbid_a_primary_person) ... ok
test_event_phase_does_not_fabricate_clock_time (tests.test_photo_scene_data_cleanup.SceneContextCleanupTests.test_event_phase_does_not_fabricate_clock_time) ... ok
test_storm_caption_retains_weather_and_existing_context_guard (tests.test_photo_scene_data_cleanup.SceneContextCleanupTests.test_storm_caption_retains_weather_and_existing_context_guard) ... ok
test_floral_room_indexes_positive_room_evidence (tests.test_photo_scene_data_cleanup.SceneLocationCleanupTests.test_floral_room_indexes_positive_room_evidence) ... ok
test_physical_location_captions_keep_authored_specialized_associations (tests.test_photo_scene_data_cleanup.SceneLocationCleanupTests.test_physical_location_captions_keep_authored_specialized_associations) ... ok
test_switchboard_keeps_real_connections_and_half_plugged_state (tests.test_photo_scene_data_cleanup.SceneLocationCleanupTests.test_switchboard_keeps_real_connections_and_half_plugged_state) ... ok
test_welding_korean_fields_preserve_sparks_without_human_guard (tests.test_photo_scene_data_cleanup.SceneLocationCleanupTests.test_welding_korean_fields_preserve_sparks_without_human_guard) ... ok
test_frozen_inventory_and_queries_remain_bound (tests.test_photo_scene_data_cleanup.ScenePreservationTests.test_frozen_inventory_and_queries_remain_bound) ... ok
test_prior_twenty_three_edited_rows_are_byte_semantically_preserved (tests.test_photo_scene_data_cleanup.ScenePreservationTests.test_prior_twenty_three_edited_rows_are_byte_semantically_preserved) ... ERROR
test_cafe_and_laundry_owner_state_relations_remain (tests.test_photo_scene_data_cleanup.ScenePropCleanupTests.test_cafe_and_laundry_owner_state_relations_remain) ... ok
test_coffee_gesture_is_preserved_in_both_languages (tests.test_photo_scene_data_cleanup.ScenePropCleanupTests.test_coffee_gesture_is_preserved_in_both_languages) ... ok
test_diary_preserves_blank_or_marked_alternatives (tests.test_photo_scene_data_cleanup.ScenePropCleanupTests.test_diary_preserves_blank_or_marked_alternatives) ... ok
test_genealogy_records_content_not_proof_of_subject_identity (tests.test_photo_scene_data_cleanup.ScenePropCleanupTests.test_genealogy_records_content_not_proof_of_subject_identity) ... ok
test_shared_umbrella_keeps_two_people_and_transparency (tests.test_photo_scene_data_cleanup.ScenePropCleanupTests.test_shared_umbrella_keeps_two_people_and_transparency) ... ok
test_bm25f_surfaces_each_new_candidate_from_its_authored_text (tests.test_photo_poverty_visual_semantics.PhotoPovertyVisualSemanticsTests.test_bm25f_surfaces_each_new_candidate_from_its_authored_text) ... ok
test_broad_terms_never_hard_activate_a_profile (tests.test_photo_poverty_visual_semantics.PhotoPovertyVisualSemanticsTests.test_broad_terms_never_hard_activate_a_profile) ... ok
test_compiled_bundles_keep_profile_activation_advisory (tests.test_photo_poverty_visual_semantics.PhotoPovertyVisualSemanticsTests.test_compiled_bundles_keep_profile_activation_advisory) ... ok
test_exact_profile_plus_declared_substitute_fails_closed (tests.test_photo_poverty_visual_semantics.PhotoPovertyVisualSemanticsTests.test_exact_profile_plus_declared_substitute_fails_closed) ... ok
test_extension_merges_fifty_four_scoped_candidates_and_nine_bundles (tests.test_photo_poverty_visual_semantics.PhotoPovertyVisualSemanticsTests.test_extension_merges_fifty_four_scoped_candidates_and_nine_bundles) ... ok
test_external_sources_and_claim_limits_do_not_leak_into_candidates (tests.test_photo_poverty_visual_semantics.PhotoPovertyVisualSemanticsTests.test_external_sources_and_claim_limits_do_not_leak_into_candidates) ... ok
test_generated_semantic_index_contains_every_candidate (tests.test_photo_poverty_visual_semantics.PhotoPovertyVisualSemanticsTests.test_generated_semantic_index_contains_every_candidate) ... ok
test_generated_visual_index_contains_profiles_and_exact_terms (tests.test_photo_poverty_visual_semantics.PhotoPovertyVisualSemanticsTests.test_generated_visual_index_contains_profiles_and_exact_terms) ... ok
test_maintenance_record_is_external_hash_bound_and_source_bound (tests.test_photo_poverty_visual_semantics.PhotoPovertyVisualSemanticsTests.test_maintenance_record_is_external_hash_bound_and_source_bound) ... ok
test_nine_profiles_compile_to_complete_five_gate_contracts (tests.test_photo_poverty_visual_semantics.PhotoPovertyVisualSemanticsTests.test_nine_profiles_compile_to_complete_five_gate_contracts) ... ok
test_p1_digital_and_specialist_bundles_remain_outside_runtime (tests.test_photo_poverty_visual_semantics.PhotoPovertyVisualSemanticsTests.test_p1_digital_and_specialist_bundles_remain_outside_runtime) ... ok
test_research_routing_cases_preserve_exact_broad_and_negative_boundaries (tests.test_photo_poverty_visual_semantics.PhotoPovertyVisualSemanticsTests.test_research_routing_cases_preserve_exact_broad_and_negative_boundaries) ... ok
test_three_arm_pixel_cases_are_hash_bound_independent_and_fail_closed (tests.test_photo_poverty_visual_semantics.PhotoPovertyVisualSemanticsTests.test_three_arm_pixel_cases_are_hash_bound_independent_and_fail_closed) ... ok
test_all_four_controls_never_supply_visual_source_requirements (tests.test_photo_control_span_ownership.ControlSpanOwnershipTests.test_all_four_controls_never_supply_visual_source_requirements) ... ok
test_brief_uses_effective_levels_and_previous_names_are_not_aliases (tests.test_photo_control_span_ownership.ControlSpanOwnershipTests.test_brief_uses_effective_levels_and_previous_names_are_not_aliases) ... ok
test_config_only_span_needs_no_visual_anchor_and_survives_audit (tests.test_photo_control_span_ownership.ControlSpanOwnershipTests.test_config_only_span_needs_no_visual_anchor_and_survives_audit) ... ok
test_control_source_cannot_lock_agent_outfit_even_if_literal_evidence_exists (tests.test_photo_control_span_ownership.ControlSpanOwnershipTests.test_control_source_cannot_lock_agent_outfit_even_if_literal_evidence_exists) ... ok
test_control_spans_survive_pack_composition_and_retrieval_hash_audit (tests.test_photo_control_span_ownership.ControlSpanOwnershipTests.test_control_spans_survive_pack_composition_and_retrieval_hash_audit) ... ok
test_creativity_and_emphasis_assignments_do_not_become_visual_requirements (tests.test_photo_control_span_ownership.ControlSpanOwnershipTests.test_creativity_and_emphasis_assignments_do_not_become_visual_requirements) ... ok
test_missing_stale_or_mismatched_settings_do_not_exempt_spans (tests.test_photo_control_span_ownership.ControlSpanOwnershipTests.test_missing_stale_or_mismatched_settings_do_not_exempt_spans) ... ok
test_mixed_span_keeps_each_visual_fragment_and_explicit_property (tests.test_photo_control_span_ownership.ControlSpanOwnershipTests.test_mixed_span_keeps_each_visual_fragment_and_explicit_property) ... ok
test_pure_setting_span_cannot_supply_a_visual_assertion (tests.test_photo_control_span_ownership.ControlSpanOwnershipTests.test_pure_setting_span_cannot_supply_a_visual_assertion) ... ok
test_quoted_image_text_is_not_configuration_or_removed_from_search (tests.test_photo_control_span_ownership.ControlSpanOwnershipTests.test_quoted_image_text_is_not_configuration_or_removed_from_search) ... ok
test_span_name_does_not_grant_configuration_status (tests.test_photo_control_span_ownership.ControlSpanOwnershipTests.test_span_name_does_not_grant_configuration_status) ... ok
test_surreal_setting_is_bound_configuration_not_a_visual_anchor (tests.test_photo_control_span_ownership.ControlSpanOwnershipTests.test_surreal_setting_is_bound_configuration_not_a_visual_anchor) ... ok
test_candidate_pack_covers_global_regional_and_observability_axes (tests.test_photo_face_shape_semantics.PhotoFaceShapeSemanticsTests.test_candidate_pack_covers_global_regional_and_observability_axes) ... ok
test_embedding_only_component_paraphrase_remains_optional (tests.test_photo_face_shape_semantics.PhotoFaceShapeSemanticsTests.test_embedding_only_component_paraphrase_remains_optional) ... ok
test_exact_contextual_terms_route_to_one_profile (tests.test_photo_face_shape_semantics.PhotoFaceShapeSemanticsTests.test_exact_contextual_terms_route_to_one_profile) ... ok
test_five_arm_cases_are_distinct_and_hash_bound (tests.test_photo_face_shape_semantics.PhotoFaceShapeSemanticsTests.test_five_arm_cases_are_distinct_and_hash_bound) ... ok
test_generated_index_is_registry_bound_for_all_face_profiles (tests.test_photo_face_shape_semantics.PhotoFaceShapeSemanticsTests.test_generated_index_is_registry_bound_for_all_face_profiles) ... ok
test_non_face_homonyms_bare_letters_and_single_cues_fail_closed (tests.test_photo_face_shape_semantics.PhotoFaceShapeSemanticsTests.test_non_face_homonyms_bare_letters_and_single_cues_fail_closed) ... ok
test_profiles_are_complete_relational_pixel_contracts (tests.test_photo_face_shape_semantics.PhotoFaceShapeSemanticsTests.test_profiles_are_complete_relational_pixel_contracts) ... ok
test_profiles_do_not_encode_fixed_numeric_face_ideals (tests.test_photo_face_shape_semantics.PhotoFaceShapeSemanticsTests.test_profiles_do_not_encode_fixed_numeric_face_ideals) ... ok
test_research_evidence_is_approved_and_candidate_bound (tests.test_photo_face_shape_semantics.PhotoFaceShapeSemanticsTests.test_research_evidence_is_approved_and_candidate_bound) ... ok
test_sensitive_cultural_and_letter_labels_are_definition_only (tests.test_photo_face_shape_semantics.PhotoFaceShapeSemanticsTests.test_sensitive_cultural_and_letter_labels_are_definition_only) ... ok
test_width_projection_and_global_local_boundaries_are_explicit (tests.test_photo_face_shape_semantics.PhotoFaceShapeSemanticsTests.test_width_projection_and_global_local_boundaries_are_explicit) ... ok
test_composed_audit_recomputes_contract_and_rejects_evasive_prompt (tests.test_photo_render_repair.PhotoRenderRepairTests.test_composed_audit_recomputes_contract_and_rejects_evasive_prompt) ... ok
test_legacy_lineage_shape_remains_unchanged (tests.test_photo_render_repair.PhotoRenderRepairTests.test_legacy_lineage_shape_remains_unchanged) ... ok
test_lineage_requires_locked_action_and_one_assertion_owning_both_phrases (tests.test_photo_render_repair.PhotoRenderRepairTests.test_lineage_requires_locked_action_and_one_assertion_owning_both_phrases) ... ok
test_modern_independent_manifest_preserves_repair_provenance (tests.test_photo_render_repair.PhotoRenderRepairTests.test_modern_independent_manifest_preserves_repair_provenance) ... ok
test_object_agnostic_contract_handles_multiple_interaction_families (tests.test_photo_render_repair.PhotoRenderRepairTests.test_object_agnostic_contract_handles_multiple_interaction_families) ... ok
test_render_review_requires_exact_major_gate_set_and_image_hash (tests.test_photo_render_repair.PhotoRenderRepairTests.test_render_review_requires_exact_major_gate_set_and_image_hash) ... ok
test_requester_corrected_relation_is_frozen_after_parent_change (tests.test_photo_render_repair.PhotoRenderRepairTests.test_requester_corrected_relation_is_frozen_after_parent_change) ... ok
test_runtime_request_requires_exact_repair_contract_hash (tests.test_photo_render_repair.PhotoRenderRepairTests.test_runtime_request_requires_exact_repair_contract_hash) ... ok
test_v2_lineage_compiles_generic_prompt_and_pixel_contract (tests.test_photo_render_repair.PhotoRenderRepairTests.test_v2_lineage_compiles_generic_prompt_and_pixel_contract) ... ok
test_v6_candidate_pack_exposes_recomputed_repair_contract (tests.test_photo_render_repair.PhotoRenderRepairTests.test_v6_candidate_pack_exposes_recomputed_repair_contract) ... ok
test_bandeau_and_halter_relations_can_coexist (tests.test_photo_swimwear_semantics.SwimwearSemanticsTests.test_bandeau_and_halter_relations_can_coexist) ... ok
test_broad_labels_and_unrelated_contexts_do_not_harden (tests.test_photo_swimwear_semantics.SwimwearSemanticsTests.test_broad_labels_and_unrelated_contexts_do_not_harden) ... ok
test_complete_relations_activate_but_single_components_do_not (tests.test_photo_swimwear_semantics.SwimwearSemanticsTests.test_complete_relations_activate_but_single_components_do_not) ... ok
test_independent_axes_do_not_activate_their_confounds (tests.test_photo_swimwear_semantics.SwimwearSemanticsTests.test_independent_axes_do_not_activate_their_confounds) ... ok
test_maintenance_and_source_binding (tests.test_photo_swimwear_semantics.SwimwearSemanticsTests.test_maintenance_and_source_binding) ... ok
test_optional_bundle_needs_all_members_and_open_dimensions (tests.test_photo_swimwear_semantics.SwimwearSemanticsTests.test_optional_bundle_needs_all_members_and_open_dimensions) ... ok
test_real_index_contains_new_candidates (tests.test_photo_swimwear_semantics.SwimwearSemanticsTests.test_real_index_contains_new_candidates) ... ok
test_selected_variants_keep_literal_evidence_and_gates_together (tests.test_photo_swimwear_semantics.SwimwearSemanticsTests.test_selected_variants_keep_literal_evidence_and_gates_together) ... ok
test_semantic_discovery_does_not_grant_hard_authority (tests.test_photo_swimwear_semantics.SwimwearSemanticsTests.test_semantic_discovery_does_not_grant_hard_authority) ... ok
test_all_prior_fields_and_six_keeps_are_exact (tests.test_photo_narrative_unit_data_cleanup.NarrativeUnitDataCleanupTests.test_all_prior_fields_and_six_keeps_are_exact) ... ok
test_coexistence_is_preserved_without_global_exclusion (tests.test_photo_narrative_unit_data_cleanup.NarrativeUnitDataCleanupTests.test_coexistence_is_preserved_without_global_exclusion) ... ok
test_complete_current_raw_extension_has_only_one_accepted_unit (tests.test_photo_narrative_unit_data_cleanup.NarrativeUnitDataCleanupTests.test_complete_current_raw_extension_has_only_one_accepted_unit) ... ok
test_current_public_projection_preserves_accepted_provenance_binding (tests.test_photo_narrative_unit_data_cleanup.NarrativeUnitDataCleanupTests.test_current_public_projection_preserves_accepted_provenance_binding) ... ok
test_exact_frozen_inventory_independent_queries_and_budget (tests.test_photo_narrative_unit_data_cleanup.NarrativeUnitDataCleanupTests.test_exact_frozen_inventory_independent_queries_and_budget) ... ok
test_immutable_full_proposal_preserves_all_three_attempted_units (tests.test_photo_narrative_unit_data_cleanup.NarrativeUnitDataCleanupTests.test_immutable_full_proposal_preserves_all_three_attempted_units) ... ok
test_prior_record_context_repair_is_unchanged (tests.test_photo_narrative_unit_data_cleanup.NarrativeUnitDataCleanupTests.test_prior_record_context_repair_is_unchanged) ... ok
test_rejected_rows_are_exact_baseline_and_explicitly_unresolved (tests.test_photo_narrative_unit_data_cleanup.NarrativeUnitDataCleanupTests.test_rejected_rows_are_exact_baseline_and_explicitly_unresolved) ... ok
test_short_controls_already_export_complete_existing_labels (tests.test_photo_narrative_unit_data_cleanup.NarrativeUnitDataCleanupTests.test_short_controls_already_export_complete_existing_labels) ... ok
test_broad_advisory_and_neighbor_terms_do_not_force_new_profiles (tests.test_photo_imaginal_visual_semantics.PhotoImaginalVisualSemanticsTests.test_broad_advisory_and_neighbor_terms_do_not_force_new_profiles) ... ok
test_close_visual_substitutes_do_not_activate_new_profiles (tests.test_photo_imaginal_visual_semantics.PhotoImaginalVisualSemanticsTests.test_close_visual_substitutes_do_not_activate_new_profiles) ... ok
test_direct_terms_route_to_only_the_intended_new_profile (tests.test_photo_imaginal_visual_semantics.PhotoImaginalVisualSemanticsTests.test_direct_terms_route_to_only_the_intended_new_profile) ... ok
test_embedding_only_paraphrase_remains_optional (tests.test_photo_imaginal_visual_semantics.PhotoImaginalVisualSemanticsTests.test_embedding_only_paraphrase_remains_optional) ... ok
test_extension_has_fifty_seven_complete_candidates_and_is_loaded (tests.test_photo_imaginal_visual_semantics.PhotoImaginalVisualSemanticsTests.test_extension_has_fifty_seven_complete_candidates_and_is_loaded) ... ok
test_generated_index_is_bound_to_every_imaginal_profile (tests.test_photo_imaginal_visual_semantics.PhotoImaginalVisualSemanticsTests.test_generated_index_is_bound_to_every_imaginal_profile) ... ok
test_nine_profiles_have_five_component_groups_and_pixel_gates (tests.test_photo_imaginal_visual_semantics.PhotoImaginalVisualSemanticsTests.test_nine_profiles_have_five_component_groups_and_pixel_gates) ... ok
test_registry_schema_accepts_imaginal_profiles (tests.test_photo_imaginal_visual_semantics.PhotoImaginalVisualSemanticsTests.test_registry_schema_accepts_imaginal_profiles) ... ok
test_research_evidence_is_approved_bound_and_limited (tests.test_photo_imaginal_visual_semantics.PhotoImaginalVisualSemanticsTests.test_research_evidence_is_approved_bound_and_limited) ... ok
test_broad_limit_transcendence_terms_remain_advisory (tests.test_photo_boundary_transition_visual_semantics.PhotoBoundaryTransitionVisualSemanticsTests.test_broad_limit_transcendence_terms_remain_advisory) ... ok
test_cluster_manifest_binds_every_profile_and_candidate_once (tests.test_photo_boundary_transition_visual_semantics.PhotoBoundaryTransitionVisualSemanticsTests.test_cluster_manifest_binds_every_profile_and_candidate_once) ... ok
test_extension_has_six_complete_six_slot_clusters (tests.test_photo_boundary_transition_visual_semantics.PhotoBoundaryTransitionVisualSemanticsTests.test_extension_has_six_complete_six_slot_clusters) ... ok
test_narrow_exact_terms_route_to_exactly_one_new_profile (tests.test_photo_boundary_transition_visual_semantics.PhotoBoundaryTransitionVisualSemanticsTests.test_narrow_exact_terms_route_to_exactly_one_new_profile) ... ok
test_nearest_substitutes_do_not_activate_new_profiles (tests.test_photo_boundary_transition_visual_semantics.PhotoBoundaryTransitionVisualSemanticsTests.test_nearest_substitutes_do_not_activate_new_profiles) ... ok
test_real_generated_index_contains_new_profiles_and_vectors (tests.test_photo_boundary_transition_visual_semantics.PhotoBoundaryTransitionVisualSemanticsTests.test_real_generated_index_contains_new_profiles_and_vectors) ... ok
test_registry_schema_accepts_boundary_transition_profiles (tests.test_photo_boundary_transition_visual_semantics.PhotoBoundaryTransitionVisualSemanticsTests.test_registry_schema_accepts_boundary_transition_profiles) ... ok
test_research_evidence_is_approved_and_contract_bound (tests.test_photo_boundary_transition_visual_semantics.PhotoBoundaryTransitionVisualSemanticsTests.test_research_evidence_is_approved_and_contract_bound) ... ok
test_six_profiles_have_five_component_groups_and_pixel_gates (tests.test_photo_boundary_transition_visual_semantics.PhotoBoundaryTransitionVisualSemanticsTests.test_six_profiles_have_five_component_groups_and_pixel_gates) ... ok
test_candidate_pack_contains_bounded_garment_and_textile_clusters (tests.test_photo_traditional_clothing_semantics.PhotoTraditionalClothingSemanticsTests.test_candidate_pack_contains_bounded_garment_and_textile_clusters) ... ok
test_component_complete_paraphrases_are_bm25f_optional_never_hard (tests.test_photo_traditional_clothing_semantics.PhotoTraditionalClothingSemanticsTests.test_component_complete_paraphrases_are_bm25f_optional_never_hard) ... ok
test_exact_candidate_and_hard_negative_routing_fixture (tests.test_photo_traditional_clothing_semantics.PhotoTraditionalClothingSemanticsTests.test_exact_candidate_and_hard_negative_routing_fixture) ... ok
test_five_render_profiles_have_connected_component_and_gate_contracts (tests.test_photo_traditional_clothing_semantics.PhotoTraditionalClothingSemanticsTests.test_five_render_profiles_have_connected_component_and_gate_contracts) ... ok
test_generic_labels_never_hard_activate_a_named_profile (tests.test_photo_traditional_clothing_semantics.PhotoTraditionalClothingSemanticsTests.test_generic_labels_never_hard_activate_a_named_profile) ... ok
test_new_candidates_do_not_infer_wearer_identity_from_clothing (tests.test_photo_traditional_clothing_semantics.PhotoTraditionalClothingSemanticsTests.test_new_candidates_do_not_infer_wearer_identity_from_clothing) ... ok
test_registry_schema_is_valid_apart_from_generated_index_refresh (tests.test_photo_traditional_clothing_semantics.PhotoTraditionalClothingSemanticsTests.test_registry_schema_is_valid_apart_from_generated_index_refresh) ... ok
test_research_evidence_maps_only_to_existing_candidates_and_profiles (tests.test_photo_traditional_clothing_semantics.PhotoTraditionalClothingSemanticsTests.test_research_evidence_maps_only_to_existing_candidates_and_profiles) ... ok
test_broad_nature_terms_do_not_activate_new_routes (tests.test_photo_natural_environment_semantics.PhotoNaturalEnvironmentSemanticsTests.test_broad_nature_terms_do_not_activate_new_routes) ... ok
test_candidate_only_terms_do_not_force_hard_pixel_contracts (tests.test_photo_natural_environment_semantics.PhotoNaturalEnvironmentSemanticsTests.test_candidate_only_terms_do_not_force_hard_pixel_contracts) ... ok
test_eight_hard_profiles_are_complete_fail_closed_contracts (tests.test_photo_natural_environment_semantics.PhotoNaturalEnvironmentSemanticsTests.test_eight_hard_profiles_are_complete_fail_closed_contracts) ... ok
test_environment_candidates_do_not_own_human_body_or_identity_slots (tests.test_photo_natural_environment_semantics.PhotoNaturalEnvironmentSemanticsTests.test_environment_candidates_do_not_own_human_body_or_identity_slots) ... ok
test_exact_hard_routes_and_paired_confusion_negatives (tests.test_photo_natural_environment_semantics.PhotoNaturalEnvironmentSemanticsTests.test_exact_hard_routes_and_paired_confusion_negatives) ... ok
test_extension_has_75_decomposed_candidates_and_is_runtime_loaded (tests.test_photo_natural_environment_semantics.PhotoNaturalEnvironmentSemanticsTests.test_extension_has_75_decomposed_candidates_and_is_runtime_loaded) ... ok
test_registry_schema_is_valid_before_derived_index_check (tests.test_photo_natural_environment_semantics.PhotoNaturalEnvironmentSemanticsTests.test_registry_schema_is_valid_before_derived_index_check) ... ok
test_research_evidence_is_approved_and_bound_to_current_data (tests.test_photo_natural_environment_semantics.PhotoNaturalEnvironmentSemanticsTests.test_research_evidence_is_approved_and_bound_to_current_data) ... ok
test_full_bundle_detail_cannot_drop_actor_or_relation_for_partial_use (tests.test_photo_composer_view.PhotoComposerViewTests.test_full_bundle_detail_cannot_drop_actor_or_relation_for_partial_use) ... ok
test_overview_exposes_requirements_and_detail_recovers_exact_source (tests.test_photo_composer_view.PhotoComposerViewTests.test_overview_exposes_requirements_and_detail_recovers_exact_source) ... ok
test_pack_and_view_mutations_are_rejected (tests.test_photo_composer_view.PhotoComposerViewTests.test_pack_and_view_mutations_are_rejected) ... ok
test_required_candidate_is_never_deferred (tests.test_photo_composer_view.PhotoComposerViewTests.test_required_candidate_is_never_deferred) ... ok
test_review_sources_preserve_exact_request_and_lock_ownership (tests.test_photo_composer_view.PhotoComposerViewTests.test_review_sources_preserve_exact_request_and_lock_ownership) ... ok
test_selected_candidate_recovers_exact_obligation_and_gates (tests.test_photo_composer_view.PhotoComposerViewTests.test_selected_candidate_recovers_exact_obligation_and_gates) ... ok
test_unknown_candidate_and_legacy_pack_are_rejected (tests.test_photo_composer_view.PhotoComposerViewTests.test_unknown_candidate_and_legacy_pack_are_rejected) ... ok
test_unknown_requirements_and_required_meaning_remain_exact (tests.test_photo_composer_view.PhotoComposerViewTests.test_unknown_requirements_and_required_meaning_remain_exact) ... ok
test_broad_labels_and_single_cues_remain_fail_closed (tests.test_photo_adult_appeal_visual_semantics.PhotoAdultAppealVisualSemanticsTests.test_broad_labels_and_single_cues_remain_fail_closed) ... ok
test_candidate_pack_contains_literal_non_intent_atoms (tests.test_photo_adult_appeal_visual_semantics.PhotoAdultAppealVisualSemanticsTests.test_candidate_pack_contains_literal_non_intent_atoms) ... ok
test_component_language_is_optional_not_hard (tests.test_photo_adult_appeal_visual_semantics.PhotoAdultAppealVisualSemanticsTests.test_component_language_is_optional_not_hard) ... ok
test_exact_composites_activate_only_their_profile (tests.test_photo_adult_appeal_visual_semantics.PhotoAdultAppealVisualSemanticsTests.test_exact_composites_activate_only_their_profile) ... ok
test_exact_profiles_materialize_their_pixel_gate_sets (tests.test_photo_adult_appeal_visual_semantics.PhotoAdultAppealVisualSemanticsTests.test_exact_profiles_materialize_their_pixel_gate_sets) ... ok
test_five_arm_cases_bind_packs_prompts_reference_and_render_evidence (tests.test_photo_adult_appeal_visual_semantics.PhotoAdultAppealVisualSemanticsTests.test_five_arm_cases_bind_packs_prompts_reference_and_render_evidence) ... ok
test_profiles_are_narrow_adult_component_contracts (tests.test_photo_adult_appeal_visual_semantics.PhotoAdultAppealVisualSemanticsTests.test_profiles_are_narrow_adult_component_contracts) ... ok
test_research_evidence_is_approved_and_candidate_bound (tests.test_photo_adult_appeal_visual_semantics.PhotoAdultAppealVisualSemanticsTests.test_research_evidence_is_approved_and_candidate_bound) ... ok
test_broad_or_ambiguous_terms_do_not_force_an_instrument_profile (tests.test_photo_instrument_semantics.PhotoInstrumentSemanticsTests.test_broad_or_ambiguous_terms_do_not_force_an_instrument_profile) ... ok
test_each_profile_has_prop_action_contact_and_pose_candidates (tests.test_photo_instrument_semantics.PhotoInstrumentSemanticsTests.test_each_profile_has_prop_action_contact_and_pose_candidates) ... ok
test_exact_terms_route_only_the_intended_profile (tests.test_photo_instrument_semantics.PhotoInstrumentSemanticsTests.test_exact_terms_route_only_the_intended_profile) ... ok
test_instrument_candidates_exist_with_searchable_fields_and_no_rank (tests.test_photo_instrument_semantics.PhotoInstrumentSemanticsTests.test_instrument_candidates_exist_with_searchable_fields_and_no_rank) ... ok
test_registry_schema_is_valid_after_instrument_profiles (tests.test_photo_instrument_semantics.PhotoInstrumentSemanticsTests.test_registry_schema_is_valid_after_instrument_profiles) ... ok
test_research_evidence_is_approved_and_bound_to_existing_data (tests.test_photo_instrument_semantics.PhotoInstrumentSemanticsTests.test_research_evidence_is_approved_and_bound_to_existing_data) ... ok
test_ten_profiles_have_five_component_groups_and_unique_pixel_gates (tests.test_photo_instrument_semantics.PhotoInstrumentSemanticsTests.test_ten_profiles_have_five_component_groups_and_unique_pixel_gates) ... ok
test_affect_research_shard_is_three_source_per_topic_and_hash_bound (tests.test_photo_affect_visual_semantics.PhotoAffectVisualSemanticsTests.test_affect_research_shard_is_three_source_per_topic_and_hash_bound) ... ok
test_broad_emotion_words_do_not_create_hard_obligations (tests.test_photo_affect_visual_semantics.PhotoAffectVisualSemanticsTests.test_broad_emotion_words_do_not_create_hard_obligations) ... ok
test_exact_composite_terms_harden_but_components_stay_optional (tests.test_photo_affect_visual_semantics.PhotoAffectVisualSemanticsTests.test_exact_composite_terms_harden_but_components_stay_optional) ... ok
test_exact_terms_materialize_candidate_pack_render_gates (tests.test_photo_affect_visual_semantics.PhotoAffectVisualSemanticsTests.test_exact_terms_materialize_candidate_pack_render_gates) ... ok
test_five_arm_pixel_cases_are_seeded_gate_complete_and_consensus_bound (tests.test_photo_affect_visual_semantics.PhotoAffectVisualSemanticsTests.test_five_arm_pixel_cases_are_seeded_gate_complete_and_consensus_bound) ... ok
test_observed_render_substitutes_are_encoded_for_future_packs (tests.test_photo_affect_visual_semantics.PhotoAffectVisualSemanticsTests.test_observed_render_substitutes_are_encoded_for_future_packs) ... ok
test_registry_profiles_are_narrow_context_bound_contracts (tests.test_photo_affect_visual_semantics.PhotoAffectVisualSemanticsTests.test_registry_profiles_are_narrow_context_bound_contracts) ... ok
test_adjacent_concepts_fail_closed (tests.test_photo_death_afterlife_semantics.PhotoDeathAfterlifeSemanticsTests.test_adjacent_concepts_fail_closed) ... ok
test_candidate_pack_spans_subject_action_mechanism_trace_and_review (tests.test_photo_death_afterlife_semantics.PhotoDeathAfterlifeSemanticsTests.test_candidate_pack_spans_subject_action_mechanism_trace_and_review) ... ok
test_exact_visual_terms_route_to_distinct_profiles (tests.test_photo_death_afterlife_semantics.PhotoDeathAfterlifeSemanticsTests.test_exact_visual_terms_route_to_distinct_profiles) ... ok
test_korean_afterlife_guide_and_western_death_do_not_merge (tests.test_photo_death_afterlife_semantics.PhotoDeathAfterlifeSemanticsTests.test_korean_afterlife_guide_and_western_death_do_not_merge) ... ok
test_profiles_encode_relations_and_render_gates (tests.test_photo_death_afterlife_semantics.PhotoDeathAfterlifeSemanticsTests.test_profiles_encode_relations_and_render_gates) ... ok
test_research_evidence_is_approved_and_candidate_bound (tests.test_photo_death_afterlife_semantics.PhotoDeathAfterlifeSemanticsTests.test_research_evidence_is_approved_and_candidate_bound) ... ok
test_grounded_core_activates_only_relevant_owned_slots (tests.test_photo_core_retrieval.PhotoCoreRetrievalTests.test_grounded_core_activates_only_relevant_owned_slots) ... ok
test_inventory_and_source_mutation_fail_recomputation (tests.test_photo_core_retrieval.PhotoCoreRetrievalTests.test_inventory_and_source_mutation_fail_recomputation) ... ok
test_live_corpus_and_indexes_have_no_retired_document_kinds (tests.test_photo_core_retrieval.PhotoCoreRetrievalTests.test_live_corpus_and_indexes_have_no_retired_document_kinds) ... ok
test_no_lexical_hits_produces_no_padding (tests.test_photo_core_retrieval.PhotoCoreRetrievalTests.test_no_lexical_hits_produces_no_padding) ... ok
test_removed_flags_and_data_are_rejected_without_adapters (tests.test_photo_core_retrieval.PhotoCoreRetrievalTests.test_removed_flags_and_data_are_rejected_without_adapters) ... ok
test_candidates_are_original_and_do_not_encode_fixed_identity (tests.test_photo_punk_aesthetic_semantics.PunkAestheticSemanticsTests.test_candidates_are_original_and_do_not_encode_fixed_identity) ... ok
test_contract_freezes_twenty_terms_and_evidence_tiers (tests.test_photo_punk_aesthetic_semantics.PunkAestheticSemanticsTests.test_contract_freezes_twenty_terms_and_evidence_tiers) ... ok
test_every_contract_resolves_to_live_slot_candidates (tests.test_photo_punk_aesthetic_semantics.PunkAestheticSemanticsTests.test_every_contract_resolves_to_live_slot_candidates) ... ok
test_research_ledger_rows_reference_real_candidates (tests.test_photo_punk_aesthetic_semantics.PunkAestheticSemanticsTests.test_research_ledger_rows_reference_real_candidates) ... ok
test_bundles_require_open_dimensions_and_admit_natural_scene_phrases (tests.test_photo_everyday_scene_semantics.EverydaySceneSemanticsTests.test_bundles_require_open_dimensions_and_admit_natural_scene_phrases) ... ok
test_complete_relation_only_activates_hard_profile (tests.test_photo_everyday_scene_semantics.EverydaySceneSemanticsTests.test_complete_relation_only_activates_hard_profile) ... ok
test_generated_indexes_bind_new_data (tests.test_photo_everyday_scene_semantics.EverydaySceneSemanticsTests.test_generated_indexes_bind_new_data) ... ok
test_twenty_research_rows_are_optional_and_bound_to_source (tests.test_photo_everyday_scene_semantics.EverydaySceneSemanticsTests.test_twenty_research_rows_are_optional_and_bound_to_source) ... ok
test_all_five_film_relations_remain_required (tests.test_photo_acetate_distortion_alternative.AcetateDistortionAlternativeTests.test_all_five_film_relations_remain_required) ... ok
test_definite_distortion_branch_has_canonical_binding (tests.test_photo_acetate_distortion_alternative.AcetateDistortionAlternativeTests.test_definite_distortion_branch_has_canonical_binding) ... ok
test_legacy_disjunction_and_delamination_bindings_remain (tests.test_photo_acetate_distortion_alternative.AcetateDistortionAlternativeTests.test_legacy_disjunction_and_delamination_bindings_remain) ... ok
test_unrelated_damage_does_not_supply_image_relation (tests.test_photo_acetate_distortion_alternative.AcetateDistortionAlternativeTests.test_unrelated_damage_does_not_supply_image_relation) ... ok
test_default_instructions_and_evidence_do_not_force_lateral_motion (tests.test_photo_panning_direction_scope.PanningDirectionScopeDataTests.test_default_instructions_and_evidence_do_not_force_lateral_motion) ... ok
test_neutral_and_legacy_lateral_components_remain_compatible (tests.test_photo_panning_direction_scope.PanningDirectionScopeDataTests.test_neutral_and_legacy_lateral_components_remain_compatible) ... ok
test_no_broad_panning_alias_or_gate_relaxation (tests.test_photo_panning_direction_scope.PanningDirectionScopeDataTests.test_no_broad_panning_alias_or_gate_relaxation) ... ok
test_both_profiles_keep_all_four_required_components (tests.test_photo_environment_alternative_consistency.EnvironmentAlternativeConsistencyTests.test_both_profiles_keep_all_four_required_components) ... ok
test_dune_transport_alternative_keeps_connected_geometry (tests.test_photo_environment_alternative_consistency.EnvironmentAlternativeConsistencyTests.test_dune_transport_alternative_keeps_connected_geometry) ... ok
test_wetland_saturation_survives_materialization (tests.test_photo_environment_alternative_consistency.EnvironmentAlternativeConsistencyTests.test_wetland_saturation_survives_materialization) ... ok
test_candidate_ids_form_closed_slot_references (tests.test_photo_role_garment_candidate_expansion.PhotoRoleGarmentCandidateExpansionTests.test_candidate_ids_form_closed_slot_references) ... ok
test_research_rows_cover_sources_candidates_contracts_and_limitations (tests.test_photo_role_garment_candidate_expansion.PhotoRoleGarmentCandidateExpansionTests.test_research_rows_cover_sources_candidates_contracts_and_limitations) ... ok
test_all_four_existing_components_remain_required (tests.test_photo_glacier_surface_alternative.GlacierSurfaceAlternativeTests.test_all_four_existing_components_remain_required) ... ok
test_three_surface_alternatives_materialize_without_losing_connected_geometry (tests.test_photo_glacier_surface_alternative.GlacierSurfaceAlternativeTests.test_three_surface_alternatives_materialize_without_losing_connected_geometry) ... ok

======================================================================
ERROR: test_semantic_evidence_and_sensitive_runtime_labels_fail_closed (tests.test_photo_visual_obligations.PhotoVisualObligationTests.test_semantic_evidence_and_sensitive_runtime_labels_fail_closed)
----------------------------------------------------------------------
Traceback (most recent call last):
  File "/Users/chasoik/Projects/image-prompt/tests/test_photo_visual_obligations.py", line 799, in test_semantic_evidence_and_sensitive_runtime_labels_fail_closed
    candidate = next(row for row in pack["visual_concept_candidates"]["candidates"]
                     if row["opt_in_contract"]["obligation"]["id"] == "composite_overwhelmed_expression")
StopIteration

======================================================================
ERROR: test_prior_twenty_three_edited_rows_are_byte_semantically_preserved (tests.test_photo_scene_data_cleanup.ScenePreservationTests.test_prior_twenty_three_edited_rows_are_byte_semantically_preserved)
----------------------------------------------------------------------
Traceback (most recent call last):
  File "/Users/chasoik/Projects/image-prompt/tests/test_photo_scene_data_cleanup.py", line 125, in test_prior_twenty_three_edited_rows_are_byte_semantically_preserved
    source=generator.load_json(ROOT/'skills/photo-prompt-image-generator/assets/photo_prompt_tags.json')
  File "/Users/chasoik/Projects/image-prompt/skills/photo-prompt-image-generator/scripts/prompt_generator.py", line 1322, in load_json
    data = merge_research_extension(data, extension)
  File "/Users/chasoik/Projects/image-prompt/skills/photo-prompt-image-generator/scripts/prompt_generator.py", line 784, in merge_research_extension
    photo_candidate_semantics.extend_slot_contexts(
    ~~~~~~~~~~~~~~~~~~~~~~~~~~~~~~~~~~~~~~~~~~~~~~^
        slots, extension.get("existing_slot_context_extensions"))
        ^^^^^^^^^^^^^^^^^^^^^^^^^^^^^^^^^^^^^^^^^^^^^^^^^^^^^^^^^
  File "/Users/chasoik/Projects/image-prompt/skills/photo-prompt-image-generator/scripts/photo_candidate_semantics.py", line 88, in extend_slot_contexts
    raise ValueError(f"context extension references unknown entry {slot}.{entry_id}")
ValueError: context extension references unknown entry expression.pv_half_lidded

======================================================================
FAIL: test_frozen_visual_concept_routing_holdout (tests.test_photo_visual_obligations.PhotoVisualObligationTests.test_frozen_visual_concept_routing_holdout) (fixture='visual_obligation_routing_holdout_v1.jsonl', case='holdout_candidate_overwhelmed_face')
----------------------------------------------------------------------
Traceback (most recent call last):
  File "/Users/chasoik/Projects/image-prompt/tests/test_photo_visual_obligations.py", line 176, in assert_routing_fixture_cases
    self.assertEqual(
    ~~~~~~~~~~~~~~~~^
        sorted(concept_matches),
        ^^^^^^^^^^^^^^^^^^^^^^^^
        sorted(case["expected_candidate_profile_ids"]),
        ^^^^^^^^^^^^^^^^^^^^^^^^^^^^^^^^^^^^^^^^^^^^^^^
    )
    ^
AssertionError: Lists differ: [] != ['composite_overwhelmed_expression']

Second list contains 1 additional elements.
First extra element 0:
'composite_overwhelmed_expression'

- []
+ ['composite_overwhelmed_expression']

======================================================================
FAIL: test_registry_and_request_scoped_routing_fixture (tests.test_photo_visual_obligations.PhotoVisualObligationTests.test_registry_and_request_scoped_routing_fixture) (fixture='visual_obligation_routing_v1.jsonl', case='candidate_overwhelmed_components')
----------------------------------------------------------------------
Traceback (most recent call last):
  File "/Users/chasoik/Projects/image-prompt/tests/test_photo_visual_obligations.py", line 176, in assert_routing_fixture_cases
    self.assertEqual(
    ~~~~~~~~~~~~~~~~^
        sorted(concept_matches),
        ^^^^^^^^^^^^^^^^^^^^^^^^
        sorted(case["expected_candidate_profile_ids"]),
        ^^^^^^^^^^^^^^^^^^^^^^^^^^^^^^^^^^^^^^^^^^^^^^^
    )
    ^
AssertionError: Lists differ: [] != ['composite_overwhelmed_expression']

Second list contains 1 additional elements.
First extra element 0:
'composite_overwhelmed_expression'

- []
+ ['composite_overwhelmed_expression']

----------------------------------------------------------------------
Ran 222 tests in 965.122s

FAILED (failures=2, errors=2)
