test_aggregate_validator_does_not_hide_partial_pixel_qualification (tests.test_subculture_illustration_contract_v1.SubcultureIllustrationContractV1Tests.test_aggregate_validator_does_not_hide_partial_pixel_qualification) ... ERROR
test_all_24_frozen_requests_resolve_exact_route_variant_and_sparse_edge (tests.test_subculture_illustration_contract_v1.SubcultureIllustrationContractV1Tests.test_all_24_frozen_requests_resolve_exact_route_variant_and_sparse_edge) ... ok
test_asset_validator_passes_with_frozen_counts (tests.test_subculture_illustration_contract_v1.SubcultureIllustrationContractV1Tests.test_asset_validator_passes_with_frozen_counts) ... ok
test_audit_binding_uses_the_skill_specific_core (tests.test_subculture_illustration_contract_v1.SubcultureIllustrationContractV1Tests.test_audit_binding_uses_the_skill_specific_core) ... ok
test_canonical_pack_id_tamper_is_distinguished_from_composed_failure (tests.test_subculture_illustration_contract_v1.SubcultureIllustrationContractV1Tests.test_canonical_pack_id_tamper_is_distinguished_from_composed_failure) ... ok
test_case01_v2_preflight_is_clean_frozen_and_generation_free (tests.test_subculture_illustration_contract_v1.SubcultureIllustrationContractV1Tests.test_case01_v2_preflight_is_clean_frozen_and_generation_free) ... ok
test_case01_v2_preflight_mutations_fail_closed (tests.test_subculture_illustration_contract_v1.SubcultureIllustrationContractV1Tests.test_case01_v2_preflight_mutations_fail_closed) ... ok
test_case01_v2_successor_cannot_promote_a_failed_carrier (tests.test_subculture_illustration_contract_v1.SubcultureIllustrationContractV1Tests.test_case01_v2_successor_cannot_promote_a_failed_carrier) ... ok
test_case01_v2_successor_preserves_both_failed_roles (tests.test_subculture_illustration_contract_v1.SubcultureIllustrationContractV1Tests.test_case01_v2_successor_preserves_both_failed_roles) ... ok
test_case01_v3_preflight_records_distinct_authorized_carriers (tests.test_subculture_illustration_contract_v1.SubcultureIllustrationContractV1Tests.test_case01_v3_preflight_records_distinct_authorized_carriers) ... ok
test_case01_v3_primary_hash_or_role_mutations_fail_closed (tests.test_subculture_illustration_contract_v1.SubcultureIllustrationContractV1Tests.test_case01_v3_primary_hash_or_role_mutations_fail_closed) ... ok
test_case01_v3_primary_pass_preserves_prior_failures (tests.test_subculture_illustration_contract_v1.SubcultureIllustrationContractV1Tests.test_case01_v3_primary_pass_preserves_prior_failures) ... ok
test_composed_contract_mutations_fail_without_pack_integrity_errors (tests.test_subculture_illustration_contract_v1.SubcultureIllustrationContractV1Tests.test_composed_contract_mutations_fail_without_pack_integrity_errors) ... ok
test_constructed_equal_priority_route_collision_fails_closed (tests.test_subculture_illustration_contract_v1.SubcultureIllustrationContractV1Tests.test_constructed_equal_priority_route_collision_fails_closed) ... ok
test_default_pack_uses_balanced_creativity_without_high_creative_development (tests.test_subculture_illustration_contract_v1.SubcultureIllustrationContractV1Tests.test_default_pack_uses_balanced_creativity_without_high_creative_development) ... ok
test_explicit_creative_intent_keeps_high_creative_development (tests.test_subculture_illustration_contract_v1.SubcultureIllustrationContractV1Tests.test_explicit_creative_intent_keeps_high_creative_development) ... ok
test_format_mismatch_is_a_pack_contract_error (tests.test_subculture_illustration_contract_v1.SubcultureIllustrationContractV1Tests.test_format_mismatch_is_a_pack_contract_error) ... ok
test_generation_retry_policy_includes_three_unchanged_refusal_retries (tests.test_subculture_illustration_contract_v1.SubcultureIllustrationContractV1Tests.test_generation_retry_policy_includes_three_unchanged_refusal_retries) ... ok
test_generation_retry_policy_mutations_fail_closed (tests.test_subculture_illustration_contract_v1.SubcultureIllustrationContractV1Tests.test_generation_retry_policy_mutations_fail_closed) ... ok
test_generic_request_uses_only_family_default (tests.test_subculture_illustration_contract_v1.SubcultureIllustrationContractV1Tests.test_generic_request_uses_only_family_default) ... ok
test_high_creativity_plan_binds_selected_proposal_exactly (tests.test_subculture_illustration_contract_v1.SubcultureIllustrationContractV1Tests.test_high_creativity_plan_binds_selected_proposal_exactly) ... ok
test_legacy_pack_and_composed_contract_remain_supported (tests.test_subculture_illustration_contract_v1.SubcultureIllustrationContractV1Tests.test_legacy_pack_and_composed_contract_remain_supported) ... ok
test_linked_risk_backstop_is_narrow_and_fail_closed (tests.test_subculture_illustration_contract_v1.SubcultureIllustrationContractV1Tests.test_linked_risk_backstop_is_narrow_and_fail_closed) ... ok
test_named_style_guard_distinguishes_subject_from_creator_reference (tests.test_subculture_illustration_contract_v1.SubcultureIllustrationContractV1Tests.test_named_style_guard_distinguishes_subject_from_creator_reference) ... ok
test_one_valid_literal_composed_fixture_passes (tests.test_subculture_illustration_contract_v1.SubcultureIllustrationContractV1Tests.test_one_valid_literal_composed_fixture_passes) ... ok
test_pack_cannot_require_pixel_review_as_a_composed_format_field (tests.test_subculture_illustration_contract_v1.SubcultureIllustrationContractV1Tests.test_pack_cannot_require_pixel_review_as_a_composed_format_field) ... ok
test_post_render_pixel_review_is_not_a_pre_render_format_phrase (tests.test_subculture_illustration_contract_v1.SubcultureIllustrationContractV1Tests.test_post_render_pixel_review_is_not_a_pre_render_format_phrase) ... ok
test_render_review_closes_frozen_views_without_hiding_the_failed_case (tests.test_subculture_illustration_contract_v1.SubcultureIllustrationContractV1Tests.test_render_review_closes_frozen_views_without_hiding_the_failed_case) ... ok
test_risky_primary_requires_a_different_safe_fallback_kind (tests.test_subculture_illustration_contract_v1.SubcultureIllustrationContractV1Tests.test_risky_primary_requires_a_different_safe_fallback_kind) ... ok
test_same_input_is_canonically_deterministic (tests.test_subculture_illustration_contract_v1.SubcultureIllustrationContractV1Tests.test_same_input_is_canonically_deterministic) ... ok
test_second_look_plan_mutations_fail_closed (tests.test_subculture_illustration_contract_v1.SubcultureIllustrationContractV1Tests.test_second_look_plan_mutations_fail_closed) ... ok
test_support_budget_overflow_is_a_pack_contract_error (tests.test_subculture_illustration_contract_v1.SubcultureIllustrationContractV1Tests.test_support_budget_overflow_is_a_pack_contract_error) ... ok
test_v1_and_v2_prompt_qualification_are_separate_and_valid (tests.test_subculture_illustration_contract_v1.SubcultureIllustrationContractV1Tests.test_v1_and_v2_prompt_qualification_are_separate_and_valid) ... ok
test_v2_pack_exposes_closed_second_look_contract (tests.test_subculture_illustration_contract_v1.SubcultureIllustrationContractV1Tests.test_v2_pack_exposes_closed_second_look_contract) ... ok
test_authorial_budget_expands_advisory_ceiling_for_required_evidence (tests.test_photo_authorial_core_v6.PhotoAuthorialCoreV6Tests.test_authorial_budget_expands_advisory_ceiling_for_required_evidence) ... ok
test_authorial_core_and_composed_prompt_use_advisory_and_absolute_budgets (tests.test_photo_authorial_core_v6.PhotoAuthorialCoreV6Tests.test_authorial_core_and_composed_prompt_use_advisory_and_absolute_budgets) ... ok
test_blanket_negative_rewrite_is_rejected_before_core_freeze (tests.test_photo_authorial_core_v6.PhotoAuthorialCoreV6Tests.test_blanket_negative_rewrite_is_rejected_before_core_freeze) ... ok
test_character_response_compiles_only_frozen_generic_structure (tests.test_photo_authorial_core_v6.PhotoAuthorialCoreV6Tests.test_character_response_compiles_only_frozen_generic_structure) ... ok
test_negative_intent_guard_filters_semantic_defaults_and_is_auditable (tests.test_photo_authorial_core_v6.PhotoAuthorialCoreV6Tests.test_negative_intent_guard_filters_semantic_defaults_and_is_auditable) ... ok
test_negative_intent_guard_generator_and_auditor_vocabularies_match (tests.test_photo_authorial_core_v6.PhotoAuthorialCoreV6Tests.test_negative_intent_guard_generator_and_auditor_vocabularies_match) ... ok
test_raw_character_labels_never_create_typed_response (tests.test_photo_authorial_core_v6.PhotoAuthorialCoreV6Tests.test_raw_character_labels_never_create_typed_response) ... ok
test_reality_error_v6_pack_carries_world_invariant_obligation (tests.test_photo_authorial_core_v6.PhotoAuthorialCoreV6Tests.test_reality_error_v6_pack_carries_world_invariant_obligation) ... ok
test_required_assertion_rejects_unfrozen_or_unlocked_evidence (tests.test_photo_authorial_core_v6.PhotoAuthorialCoreV6Tests.test_required_assertion_rejects_unfrozen_or_unlocked_evidence) ... ok
test_required_non_character_assertion_binds_final_prompt_evidence (tests.test_photo_authorial_core_v6.PhotoAuthorialCoreV6Tests.test_required_non_character_assertion_binds_final_prompt_evidence) ... ok
test_retry_lineage_is_hash_bound_and_dimension_disjoint (tests.test_photo_authorial_core_v6.PhotoAuthorialCoreV6Tests.test_retry_lineage_is_hash_bound_and_dimension_disjoint) ... ok
test_retry_preserves_yandere_as_a_hard_visual_obligation (tests.test_photo_authorial_core_v6.PhotoAuthorialCoreV6Tests.test_retry_preserves_yandere_as_a_hard_visual_obligation) ... ok
test_v3_freezes_typed_character_response_evidence (tests.test_photo_authorial_core_v6.PhotoAuthorialCoreV6Tests.test_v3_freezes_typed_character_response_evidence) ... ok
test_v6_character_response_audit_binds_exact_frozen_evidence (tests.test_photo_authorial_core_v6.PhotoAuthorialCoreV6Tests.test_v6_character_response_audit_binds_exact_frozen_evidence) ... ok
test_v6_generation_and_pack_never_call_legacy_raw_moe_router (tests.test_photo_authorial_core_v6.PhotoAuthorialCoreV6Tests.test_v6_generation_and_pack_never_call_legacy_raw_moe_router) ... ok
test_v6_routing_never_calls_legacy_raw_moe_router (tests.test_photo_authorial_core_v6.PhotoAuthorialCoreV6Tests.test_v6_routing_never_calls_legacy_raw_moe_router) ... ok
test_yandere_core_binds_same_target_affection_control_relation (tests.test_photo_authorial_core_v6.PhotoAuthorialCoreV6Tests.test_yandere_core_binds_same_target_affection_control_relation) ... ok
test_yandere_v6_pack_carries_relation_and_visual_obligation (tests.test_photo_authorial_core_v6.PhotoAuthorialCoreV6Tests.test_yandere_v6_pack_carries_relation_and_visual_obligation) ... ok
test_all_components_required_including_owned_junction_and_count (tests.test_photo_religion_iconography_alternatives.ReligionIconographyAlternativesTests.test_all_components_required_including_owned_junction_and_count) ... ok
test_bare_names_and_polysemy_do_not_fix_a_variant (tests.test_photo_religion_iconography_alternatives.ReligionIconographyAlternativesTests.test_bare_names_and_polysemy_do_not_fix_a_variant) ... ok
test_complete_form_requires_request_evidence_and_respects_negation (tests.test_photo_religion_iconography_alternatives.ReligionIconographyAlternativesTests.test_complete_form_requires_request_evidence_and_respects_negation) ... ok
test_existing_candidate_context_preserves_all_prior_owned_fields (tests.test_photo_religion_iconography_alternatives.ReligionIconographyAlternativesTests.test_existing_candidate_context_preserves_all_prior_owned_fields) ... ok
test_existing_heart_owner_remains_feather_specific (tests.test_photo_religion_iconography_alternatives.ReligionIconographyAlternativesTests.test_existing_heart_owner_remains_feather_specific) ... ok
test_frozen_ordinary_portrait_cannot_admit_unrequested_iconography (tests.test_photo_religion_iconography_alternatives.ReligionIconographyAlternativesTests.test_frozen_ordinary_portrait_cannot_admit_unrequested_iconography) ... ok
test_layout_candidates_cannot_declare_anatomy_identity_or_prop_effects (tests.test_photo_religion_iconography_alternatives.ReligionIconographyAlternativesTests.test_layout_candidates_cannot_declare_anatomy_identity_or_prop_effects) ... ok
test_muqarnas_and_griffin_keep_existing_owners (tests.test_photo_religion_iconography_alternatives.ReligionIconographyAlternativesTests.test_muqarnas_and_griffin_keep_existing_owners) ... ok
test_new_korean_component_alternatives_preserve_the_complete_form (tests.test_photo_religion_iconography_alternatives.ReligionIconographyAlternativesTests.test_new_korean_component_alternatives_preserve_the_complete_form) ... ok
test_owned_junction_paraphrases_are_discovered_from_runtime_baseline (tests.test_photo_religion_iconography_alternatives.ReligionIconographyAlternativesTests.test_owned_junction_paraphrases_are_discovered_from_runtime_baseline) ... ok
test_pending_variants_have_no_hard_profile_link (tests.test_photo_religion_iconography_alternatives.ReligionIconographyAlternativesTests.test_pending_variants_have_no_hard_profile_link) ... ok
test_scoped_alternatives_are_optional_discovery_in_an_agent_core (tests.test_photo_religion_iconography_alternatives.ReligionIconographyAlternativesTests.test_scoped_alternatives_are_optional_discovery_in_an_agent_core) ... ok
test_semantic_only_paraphrase_does_not_harden_a_profile (tests.test_photo_religion_iconography_alternatives.ReligionIconographyAlternativesTests.test_semantic_only_paraphrase_does_not_harden_a_profile) ... ok
test_unrelated_even_embedding_close_context_cannot_expose_new_profiles (tests.test_photo_religion_iconography_alternatives.ReligionIconographyAlternativesTests.test_unrelated_even_embedding_close_context_cannot_expose_new_profiles) ... ok
test_all_authored_bundles_compile_and_profile_links_remain_advisory (tests.test_photo_candidate_semantics.PhotoCandidateSemanticsTests.test_all_authored_bundles_compile_and_profile_links_remain_advisory) ... ok
test_canonical_street_link_and_storefront_label_keep_stable_ids (tests.test_photo_candidate_semantics.PhotoCandidateSemanticsTests.test_canonical_street_link_and_storefront_label_keep_stable_ids) ... ok
test_maintenance_prose_is_external_and_hash_bound (tests.test_photo_candidate_semantics.PhotoCandidateSemanticsTests.test_maintenance_prose_is_external_and_hash_bound) ... ok
test_missing_current_semantic_surface_is_rejected (tests.test_photo_candidate_semantics.PhotoCandidateSemanticsTests.test_missing_current_semantic_surface_is_rejected) ... ok
test_missing_member_ineligible_member_internal_conflict_or_locked_scope_hides_bundle (tests.test_photo_candidate_semantics.PhotoCandidateSemanticsTests.test_missing_member_ineligible_member_internal_conflict_or_locked_scope_hides_bundle) ... ok
test_multiword_relations_survive_v6_pack_overview_and_full_details (tests.test_photo_candidate_semantics.PhotoCandidateSemanticsTests.test_multiword_relations_survive_v6_pack_overview_and_full_details) ... ok
test_real_generator_builds_an_adoptable_bundle_with_full_view_and_audit (tests.test_photo_candidate_semantics.PhotoCandidateSemanticsTests.test_real_generator_builds_an_adoptable_bundle_with_full_view_and_audit) ... ok
test_required_extension_loss_fails_before_dictionary_use (tests.test_photo_candidate_semantics.PhotoCandidateSemanticsTests.test_required_extension_loss_fails_before_dictionary_use) ... ok
test_scope_ownership_preserves_distinct_locked_dimensions (tests.test_photo_candidate_semantics.PhotoCandidateSemanticsTests.test_scope_ownership_preserves_distinct_locked_dimensions) ... ok
test_selected_bundle_requires_every_component_and_relation_literal_evidence (tests.test_photo_candidate_semantics.PhotoCandidateSemanticsTests.test_selected_bundle_requires_every_component_and_relation_literal_evidence) ... ok
test_semantic_units_relations_and_canonical_links_reject_malformed_authored_data (tests.test_photo_candidate_semantics.PhotoCandidateSemanticsTests.test_semantic_units_relations_and_canonical_links_reject_malformed_authored_data) ... ok
test_source_contract_or_scope_tampering_fails_even_after_pack_hash_recompute (tests.test_photo_candidate_semantics.PhotoCandidateSemanticsTests.test_source_contract_or_scope_tampering_fails_even_after_pack_hash_recompute) ... ok
test_unknown_runtime_keys_and_missing_or_ambiguous_references_fail (tests.test_photo_candidate_semantics.PhotoCandidateSemanticsTests.test_unknown_runtime_keys_and_missing_or_ambiguous_references_fail) ... ok
test_bilingual_form_requests_activate_but_negation_and_excluded_spans_do_not (tests.test_photo_acting_expression_data.ActingExpressionDataTests.test_bilingual_form_requests_activate_but_negation_and_excluded_spans_do_not) ... ok
test_context_guard_cannot_be_satisfied_by_its_own_candidate_tags (tests.test_photo_acting_expression_data.ActingExpressionDataTests.test_context_guard_cannot_be_satisfied_by_its_own_candidate_tags) ... ok
test_current_v6_exposes_new_candidates_when_expression_is_open (tests.test_photo_acting_expression_data.ActingExpressionDataTests.test_current_v6_exposes_new_candidates_when_expression_is_open) ... ok
test_existing_specific_meanings_and_hand_ownership_are_preserved (tests.test_photo_acting_expression_data.ActingExpressionDataTests.test_existing_specific_meanings_and_hand_ownership_are_preserved) ... ok
test_form_word_in_non_actor_domain_and_broad_affect_never_harden (tests.test_photo_acting_expression_data.ActingExpressionDataTests.test_form_word_in_non_actor_domain_and_broad_affect_never_harden) ... ok
test_held_tears_requires_the_narrow_requested_compound (tests.test_photo_acting_expression_data.ActingExpressionDataTests.test_held_tears_requires_the_narrow_requested_compound) ... ok
test_negative_or_provenance_text_is_not_positive_retrieval_evidence (tests.test_photo_acting_expression_data.ActingExpressionDataTests.test_negative_or_provenance_text_is_not_positive_retrieval_evidence) ... ok
test_new_forms_are_resolved_by_the_real_merged_registry_and_index (tests.test_photo_acting_expression_data.ActingExpressionDataTests.test_new_forms_are_resolved_by_the_real_merged_registry_and_index) ... ok
test_pose_and_gaze_effects_cannot_bypass_property_locks (tests.test_photo_acting_expression_data.ActingExpressionDataTests.test_pose_and_gaze_effects_cannot_bypass_property_locks) ... ok
test_press_tighten_and_mouth_opening_keep_distinct_requirements (tests.test_photo_acting_expression_data.ActingExpressionDataTests.test_press_tighten_and_mouth_opening_keep_distinct_requirements) ... ok
test_runtime_bundles_are_advisory_and_maintenance_records_are_canonically_bound (tests.test_photo_acting_expression_data.ActingExpressionDataTests.test_runtime_bundles_are_advisory_and_maintenance_records_are_canonically_bound) ... ok
test_sultry_weather_does_not_unlock_attraction_or_adult_without_flirtation (tests.test_photo_acting_expression_data.ActingExpressionDataTests.test_sultry_weather_does_not_unlock_attraction_or_adult_without_flirtation) ... ok
test_candidates_are_axis_owned_and_semantically_decomposed (tests.test_photo_womens_summer_trend_visual_semantics.PhotoWomensSummerTrendVisualSemanticsTests.test_candidates_are_axis_owned_and_semantically_decomposed) ... ok
test_confounds_negation_and_adjacent_garments_fail_closed (tests.test_photo_womens_summer_trend_visual_semantics.PhotoWomensSummerTrendVisualSemanticsTests.test_confounds_negation_and_adjacent_garments_fail_closed) ... ok
test_embedding_only_component_paraphrase_remains_optional (tests.test_photo_womens_summer_trend_visual_semantics.PhotoWomensSummerTrendVisualSemanticsTests.test_embedding_only_component_paraphrase_remains_optional) ... ok
test_exact_terms_route_to_one_profile (tests.test_photo_womens_summer_trend_visual_semantics.PhotoWomensSummerTrendVisualSemanticsTests.test_exact_terms_route_to_one_profile) ... ok
test_harem_balloon_capri_terms_remain_distinct (tests.test_photo_womens_summer_trend_visual_semantics.PhotoWomensSummerTrendVisualSemanticsTests.test_harem_balloon_capri_terms_remain_distinct) ... ok
test_profiles_are_complete_five_group_pixel_contracts (tests.test_photo_womens_summer_trend_visual_semantics.PhotoWomensSummerTrendVisualSemanticsTests.test_profiles_are_complete_five_group_pixel_contracts) ... ok
test_registry_bound_payload_contains_exact_lookup_for_profiles (tests.test_photo_womens_summer_trend_visual_semantics.PhotoWomensSummerTrendVisualSemanticsTests.test_registry_bound_payload_contains_exact_lookup_for_profiles) ... ok
test_research_evidence_is_approved_and_candidate_bound (tests.test_photo_womens_summer_trend_visual_semantics.PhotoWomensSummerTrendVisualSemanticsTests.test_research_evidence_is_approved_and_candidate_bound) ... ok
test_research_note_keeps_nonvisual_and_identity_boundaries (tests.test_photo_womens_summer_trend_visual_semantics.PhotoWomensSummerTrendVisualSemanticsTests.test_research_note_keeps_nonvisual_and_identity_boundaries) ... ok
test_three_arm_pixel_cases_bind_profiles_cores_and_reference (tests.test_photo_womens_summer_trend_visual_semantics.PhotoWomensSummerTrendVisualSemanticsTests.test_three_arm_pixel_cases_bind_profiles_cores_and_reference) ... ok
test_age_and_biography_are_not_inferred_from_generic_composition (tests.test_photo_portrait_composition_semantics.PortraitCompositionTests.test_age_and_biography_are_not_inferred_from_generic_composition) ... ok
test_all_component_gates_survive_compilation_and_duplicate_owner_evidence_fails (tests.test_photo_portrait_composition_semantics.PortraitCompositionTests.test_all_component_gates_survive_compilation_and_duplicate_owner_evidence_fails) ... ok
test_bilingual_retrieval_keeps_directed_atomic_relations (tests.test_photo_portrait_composition_semantics.PortraitCompositionTests.test_bilingual_retrieval_keeps_directed_atomic_relations) ... ok
test_bundles_require_every_visible_member_and_open_dimension (tests.test_photo_portrait_composition_semantics.PortraitCompositionTests.test_bundles_require_every_visible_member_and_open_dimension) ... ok
test_camera_direction_owner_and_optical_confusions_do_not_harden (tests.test_photo_portrait_composition_semantics.PortraitCompositionTests.test_camera_direction_owner_and_optical_confusions_do_not_harden) ... ok
test_complete_owner_relation_is_exact_and_partial_or_negated_is_not (tests.test_photo_portrait_composition_semantics.PortraitCompositionTests.test_complete_owner_relation_is_exact_and_partial_or_negated_is_not) ... ok
test_english_negation_of_nonascii_terms_is_shared_and_local (tests.test_photo_portrait_composition_semantics.PortraitCompositionTests.test_english_negation_of_nonascii_terms_is_shared_and_local) ... ok
test_real_generated_indexes_cover_current_source (tests.test_photo_portrait_composition_semantics.PortraitCompositionTests.test_real_generated_indexes_cover_current_source) ... ok
test_reflected_focus_is_visible_and_not_an_unobservable_distance_gate (tests.test_photo_portrait_composition_semantics.PortraitCompositionTests.test_reflected_focus_is_visible_and_not_an_unobservable_distance_gate) ... ok
test_series_trend_and_source_provenance_remain_maintenance_only (tests.test_photo_portrait_composition_semantics.PortraitCompositionTests.test_series_trend_and_source_provenance_remain_maintenance_only) ... ok
test_context_extension_cannot_replace_meaning_scope_or_guards (tests.test_photo_research_integration.ResearchIntegrationTests.test_context_extension_cannot_replace_meaning_scope_or_guards) ... ok
test_every_returned_record_has_one_explicit_integration_decision (tests.test_photo_research_integration.ResearchIntegrationTests.test_every_returned_record_has_one_explicit_integration_decision) ... ok
test_nonvisual_records_and_locked_face_scope_are_not_smuggled_into_adult_route (tests.test_photo_research_integration.ResearchIntegrationTests.test_nonvisual_records_and_locked_face_scope_are_not_smuggled_into_adult_route) ... ok
test_original_artifact_bytes_remain_hash_bound (tests.test_photo_research_integration.ResearchIntegrationTests.test_original_artifact_bytes_remain_hash_bound) ... ok
test_partial_neighbors_do_not_become_false_synonyms (tests.test_photo_research_integration.ResearchIntegrationTests.test_partial_neighbors_do_not_become_false_synonyms) ... ok
test_positive_equivalents_are_searchable_but_context_and_limits_are_not (tests.test_photo_research_integration.ResearchIntegrationTests.test_positive_equivalents_are_searchable_but_context_and_limits_are_not) ... ok
test_reviewed_paraphrases_preserve_candidate_scope_and_are_searchable (tests.test_photo_research_integration.ResearchIntegrationTests.test_reviewed_paraphrases_preserve_candidate_scope_and_are_searchable) ... ok
test_source_ids_are_resolved_within_each_reports_namespace (tests.test_photo_research_integration.ResearchIntegrationTests.test_source_ids_are_resolved_within_each_reports_namespace) ... ok
test_wearing_change_obeys_property_and_action_locks_without_axis_tags (tests.test_photo_research_integration.ResearchIntegrationTests.test_wearing_change_obeys_property_and_action_locks_without_axis_tags) ... ok
test_broad_career_genre_and_nearby_visual_substitutes_do_not_harden (tests.test_photo_model_editorial_semantics.ModelEditorialTests.test_broad_career_genre_and_nearby_visual_substitutes_do_not_harden) ... ok
test_broad_catalog_is_not_a_paraphrase_of_garment_side_depth (tests.test_photo_model_editorial_semantics.ModelEditorialTests.test_broad_catalog_is_not_a_paraphrase_of_garment_side_depth) ... ok
test_bts_context_guards_do_not_leak_into_finished_portraits (tests.test_photo_model_editorial_semantics.ModelEditorialTests.test_bts_context_guards_do_not_leak_into_finished_portraits) ... ok
test_bundles_reject_missing_or_locked_members_and_never_promote_associated_profiles (tests.test_photo_model_editorial_semantics.ModelEditorialTests.test_bundles_reject_missing_or_locked_members_and_never_promote_associated_profiles) ... ok
test_full_owner_relation_only_and_negation (tests.test_photo_model_editorial_semantics.ModelEditorialTests.test_full_owner_relation_only_and_negation) ... ok
test_guarded_nonadult_context_does_not_gain_hard_human_profile (tests.test_photo_model_editorial_semantics.ModelEditorialTests.test_guarded_nonadult_context_does_not_gain_hard_human_profile) ... ok
test_real_indexes_cover_the_new_source (tests.test_photo_model_editorial_semantics.ModelEditorialTests.test_real_indexes_cover_the_new_source) ... ok
test_selected_contract_keeps_every_owner_component_and_rejects_duplicate_evidence (tests.test_photo_model_editorial_semantics.ModelEditorialTests.test_selected_contract_keeps_every_owner_component_and_rejects_duplicate_evidence) ... ok
test_series_layout_and_provenance_stay_outside_single_image_runtime (tests.test_photo_model_editorial_semantics.ModelEditorialTests.test_series_layout_and_provenance_stay_outside_single_image_runtime) ... ok
test_adjacent_and_broad_terms_do_not_force_new_profiles (tests.test_photo_fantasy_visual_semantics.PhotoFantasyVisualSemanticsTests.test_adjacent_and_broad_terms_do_not_force_new_profiles) ... ok
test_candidate_pack_contains_complete_relation_clusters (tests.test_photo_fantasy_visual_semantics.PhotoFantasyVisualSemanticsTests.test_candidate_pack_contains_complete_relation_clusters) ... ok
test_direct_terms_route_to_only_the_intended_new_profile (tests.test_photo_fantasy_visual_semantics.PhotoFantasyVisualSemanticsTests.test_direct_terms_route_to_only_the_intended_new_profile) ... ok
test_griffin_hippogriff_and_wyvern_boundaries_remain_separate (tests.test_photo_fantasy_visual_semantics.PhotoFantasyVisualSemanticsTests.test_griffin_hippogriff_and_wyvern_boundaries_remain_separate) ... ok
test_registry_schema_accepts_fantasy_profiles (tests.test_photo_fantasy_visual_semantics.PhotoFantasyVisualSemanticsTests.test_registry_schema_accepts_fantasy_profiles) ... ok
test_research_evidence_is_approved_bound_and_limited (tests.test_photo_fantasy_visual_semantics.PhotoFantasyVisualSemanticsTests.test_research_evidence_is_approved_bound_and_limited) ... ok
test_twelve_profiles_have_component_evidence_and_pixel_gates (tests.test_photo_fantasy_visual_semantics.PhotoFantasyVisualSemanticsTests.test_twelve_profiles_have_component_evidence_and_pixel_gates) ... ok
test_visual_intent_rejects_underlength_frozen_binding_before_pack (tests.test_photo_fantasy_visual_semantics.PhotoFantasyVisualSemanticsTests.test_visual_intent_rejects_underlength_frozen_binding_before_pack) ... ok
test_wyvern_forelimb_boundary_is_positive_geometry (tests.test_photo_fantasy_visual_semantics.PhotoFantasyVisualSemanticsTests.test_wyvern_forelimb_boundary_is_positive_geometry) ... ok
test_complete_component_proof_is_required_for_semantic_discovery (tests.test_photo_body_morphology_semantics.PhotoBodyMorphologySemanticsTests.test_complete_component_proof_is_required_for_semantic_discovery) ... ok
test_coupled_contact_and_stance_obey_property_locks (tests.test_photo_body_morphology_semantics.PhotoBodyMorphologySemanticsTests.test_coupled_contact_and_stance_obey_property_locks) ... ok
test_embedding_discovery_cannot_promote_body_geometry_to_hard (tests.test_photo_body_morphology_semantics.PhotoBodyMorphologySemanticsTests.test_embedding_discovery_cannot_promote_body_geometry_to_hard) ... ok
test_frozen_visual_priorities_can_find_options_without_inventing_assertions (tests.test_photo_body_morphology_semantics.PhotoBodyMorphologySemanticsTests.test_frozen_visual_priorities_can_find_options_without_inventing_assertions) ... ok
test_local_exact_terms_do_not_replace_global_owners (tests.test_photo_body_morphology_semantics.PhotoBodyMorphologySemanticsTests.test_local_exact_terms_do_not_replace_global_owners) ... ok
test_neutral_anatomical_topology_needs_actual_anatomical_context (tests.test_photo_body_morphology_semantics.PhotoBodyMorphologySemanticsTests.test_neutral_anatomical_topology_needs_actual_anatomical_context) ... ok
test_non_body_words_exclusion_and_adult_scope_fail_closed (tests.test_photo_body_morphology_semantics.PhotoBodyMorphologySemanticsTests.test_non_body_words_exclusion_and_adult_scope_fail_closed) ... ok
test_piloerection_is_not_a_metaphorical_reaction_or_plain_pore_texture (tests.test_photo_body_morphology_semantics.PhotoBodyMorphologySemanticsTests.test_piloerection_is_not_a_metaphorical_reaction_or_plain_pore_texture) ... ok
test_render_gate_ownership_is_not_replaced_by_neighboring_surface (tests.test_photo_body_morphology_semantics.PhotoBodyMorphologySemanticsTests.test_render_gate_ownership_is_not_replaced_by_neighboring_surface) ... ok
test_adjacent_visual_confounds_fail_closed (tests.test_photo_rare_photo_visual_semantics.PhotoRarePhotoVisualSemanticsTests.test_adjacent_visual_confounds_fail_closed) ... ok
test_broad_aliases_expose_multiple_optional_candidate_routes (tests.test_photo_rare_photo_visual_semantics.PhotoRarePhotoVisualSemanticsTests.test_broad_aliases_expose_multiple_optional_candidate_routes) ... ok
test_broad_nonvisual_collection_terms_never_hard_activate (tests.test_photo_rare_photo_visual_semantics.PhotoRarePhotoVisualSemanticsTests.test_broad_nonvisual_collection_terms_never_hard_activate) ... ok
test_generated_indexes_contain_current_profiles_and_candidates (tests.test_photo_rare_photo_visual_semantics.PhotoRarePhotoVisualSemanticsTests.test_generated_indexes_contain_current_profiles_and_candidates) ... ok
test_narrow_exact_terms_route_to_one_profile (tests.test_photo_rare_photo_visual_semantics.PhotoRarePhotoVisualSemanticsTests.test_narrow_exact_terms_route_to_one_profile) ... ok
test_profiles_are_complete_five_group_pixel_contracts (tests.test_photo_rare_photo_visual_semantics.PhotoRarePhotoVisualSemanticsTests.test_profiles_are_complete_five_group_pixel_contracts) ... ok
test_research_note_preserves_nonvisual_and_identity_boundaries (tests.test_photo_rare_photo_visual_semantics.PhotoRarePhotoVisualSemanticsTests.test_research_note_preserves_nonvisual_and_identity_boundaries) ... ok
test_three_arm_fixture_is_frozen_and_reference_bound (tests.test_photo_rare_photo_visual_semantics.PhotoRarePhotoVisualSemanticsTests.test_three_arm_fixture_is_frozen_and_reference_bound) ... ok
test_crochet_translation_does_not_add_open_weave_or_change_english (tests.test_photo_material_data_cleanup.MaterialDataCleanupTests.test_crochet_translation_does_not_add_open_weave_or_change_english) ... ok
test_film_grain_owner_is_the_displayed_photograph (tests.test_photo_material_data_cleanup.MaterialDataCleanupTests.test_film_grain_owner_is_the_displayed_photograph) ... ok
test_inventory_and_queries_are_frozen (tests.test_photo_material_data_cleanup.MaterialDataCleanupTests.test_inventory_and_queries_are_frozen) ... ok
test_material_nouns_and_valid_plinth_terms_remain (tests.test_photo_material_data_cleanup.MaterialDataCleanupTests.test_material_nouns_and_valid_plinth_terms_remain) ... ok
test_noise_owner_retains_dark_wall_tone_localization (tests.test_photo_material_data_cleanup.MaterialDataCleanupTests.test_noise_owner_retains_dark_wall_tone_localization) ... ok
test_only_nine_accepted_fields_change (tests.test_photo_material_data_cleanup.MaterialDataCleanupTests.test_only_nine_accepted_fields_change) ... ok
test_owner_projection_and_all_other_semantics_are_preserved (tests.test_photo_material_data_cleanup.MaterialDataCleanupTests.test_owner_projection_and_all_other_semantics_are_preserved) ... ok
test_twenty_three_retained_rows_preserve_specialization_and_construction (tests.test_photo_material_data_cleanup.MaterialDataCleanupTests.test_twenty_three_retained_rows_preserve_specialization_and_construction) ... ok
test_all_forty_one_retained_rows_remain_identical (tests.test_photo_capture_owner_data_cleanup.CaptureOwnerDataCleanupTests.test_all_forty_one_retained_rows_remain_identical) ... ok
test_disposable_keeps_both_scene_lighting_and_image_grain (tests.test_photo_capture_owner_data_cleanup.CaptureOwnerDataCleanupTests.test_disposable_keeps_both_scene_lighting_and_image_grain) ... ok
test_inventory_queries_and_bound_are_frozen (tests.test_photo_capture_owner_data_cleanup.CaptureOwnerDataCleanupTests.test_inventory_queries_and_bound_are_frozen) ... ok
test_meaningful_model_and_format_shorthand_remains (tests.test_photo_capture_owner_data_cleanup.CaptureOwnerDataCleanupTests.test_meaningful_model_and_format_shorthand_remains) ... ok
test_seven_alias_and_six_owner_changes_match_the_accepted_plan (tests.test_photo_capture_owner_data_cleanup.CaptureOwnerDataCleanupTests.test_seven_alias_and_six_owner_changes_match_the_accepted_plan) ... ok
test_six_owners_match_complete_effect_scope (tests.test_photo_capture_owner_data_cleanup.CaptureOwnerDataCleanupTests.test_six_owners_match_complete_effect_scope) ... ok
test_source_projection_preserves_effect_properties_and_owners (tests.test_photo_capture_owner_data_cleanup.CaptureOwnerDataCleanupTests.test_source_projection_preserves_effect_properties_and_owners) ... ok
test_valid_optical_alternatives_are_not_blanket_normalized (tests.test_photo_capture_owner_data_cleanup.CaptureOwnerDataCleanupTests.test_valid_optical_alternatives_are_not_blanket_normalized) ... ok
test_all_thirty_five_keep_rows_are_preserved (tests.test_photo_texture_data_cleanup.TextureDataCleanupTests.test_all_thirty_five_keep_rows_are_preserved) ... ok
test_broad_keywords_and_specialized_horror_meanings_remain (tests.test_photo_texture_data_cleanup.TextureDataCleanupTests.test_broad_keywords_and_specialized_horror_meanings_remain) ... ok
test_compound_aliases_retain_legitimate_standalone_moire (tests.test_photo_texture_data_cleanup.TextureDataCleanupTests.test_compound_aliases_retain_legitimate_standalone_moire) ... ok
test_frozen_inventory_queries_and_call_bound_are_unchanged (tests.test_photo_texture_data_cleanup.TextureDataCleanupTests.test_frozen_inventory_queries_and_call_bound_are_unchanged) ... ok
test_frozen_proposal_changes_only_nine_baseline_rows (tests.test_photo_texture_data_cleanup.TextureDataCleanupTests.test_frozen_proposal_changes_only_nine_baseline_rows) ... ok
test_glitter_restores_existing_lens_location_only (tests.test_photo_texture_data_cleanup.TextureDataCleanupTests.test_glitter_restores_existing_lens_location_only) ... ok
test_only_eight_alias_arrays_and_one_translation_are_changed (tests.test_photo_texture_data_cleanup.TextureDataCleanupTests.test_only_eight_alias_arrays_and_one_translation_are_changed) ... ok
test_approximate_vector_discovery_stays_optional (tests.test_photo_costume_cosplay_semantics.CostumeCosplaySemanticsTests.test_approximate_vector_discovery_stays_optional) ... ok
test_broad_roles_characters_and_styles_do_not_select_a_relation (tests.test_photo_costume_cosplay_semantics.CostumeCosplaySemanticsTests.test_broad_roles_characters_and_styles_do_not_select_a_relation) ... ok
test_exact_relation_does_not_impose_the_rest_of_a_costume_family (tests.test_photo_costume_cosplay_semantics.CostumeCosplaySemanticsTests.test_exact_relation_does_not_impose_the_rest_of_a_costume_family) ... ok
test_merged_registry_is_valid_and_discovery_examples_are_not_exact_triggers (tests.test_photo_costume_cosplay_semantics.CostumeCosplaySemanticsTests.test_merged_registry_is_valid_and_discovery_examples_are_not_exact_triggers) ... ok
test_negated_relation_and_changed_owner_do_not_reuse_exact_meaning (tests.test_photo_costume_cosplay_semantics.CostumeCosplaySemanticsTests.test_negated_relation_and_changed_owner_do_not_reuse_exact_meaning) ... ok
test_real_candidates_and_joint_bundles_preserve_scope (tests.test_photo_costume_cosplay_semantics.CostumeCosplaySemanticsTests.test_real_candidates_and_joint_bundles_preserve_scope) ... ok
test_source_record_and_generated_indexes_bind_the_actual_runtime_data (tests.test_photo_costume_cosplay_semantics.CostumeCosplaySemanticsTests.test_source_record_and_generated_indexes_bind_the_actual_runtime_data) ... ok
test_authorial_fields_may_disambiguate_but_cannot_hard_activate_profiles (tests.test_photo_prepack_isolation.PhotoPrepackIsolationTests.test_authorial_fields_may_disambiguate_but_cannot_hard_activate_profiles) ... ok
test_core_requires_a_resolved_ambiguity_boundary_and_auditable_web_basis (tests.test_photo_prepack_isolation.PhotoPrepackIsolationTests.test_core_requires_a_resolved_ambiguity_boundary_and_auditable_web_basis) ... ok
test_frozen_core_revision_decisions_are_rejected (tests.test_photo_prepack_isolation.PhotoPrepackIsolationTests.test_frozen_core_revision_decisions_are_rejected) ... ok
test_public_current_flow_resolves_profile_only_after_receiving_a_frozen_core (tests.test_photo_prepack_isolation.PhotoPrepackIsolationTests.test_public_current_flow_resolves_profile_only_after_receiving_a_frozen_core) ... ok
test_skill_procedure_contains_no_registry_keyword_knowledge (tests.test_photo_prepack_isolation.PhotoPrepackIsolationTests.test_skill_procedure_contains_no_registry_keyword_knowledge) ... ok
test_visual_intent_profile_resolution_occurs_without_a_precore_profile_id (tests.test_photo_prepack_isolation.PhotoPrepackIsolationTests.test_visual_intent_profile_resolution_occurs_without_a_precore_profile_id) ... ok
test_changed_input_bytes_are_rejected (tests.test_photo_current_boundary_snapshot.PhotoCurrentBoundarySnapshotTests.test_changed_input_bytes_are_rejected) ... ok
test_changed_negative_contract_is_rejected (tests.test_photo_current_boundary_snapshot.PhotoCurrentBoundarySnapshotTests.test_changed_negative_contract_is_rejected) ... ok
test_changed_seed_or_scene_command_is_rejected (tests.test_photo_current_boundary_snapshot.PhotoCurrentBoundarySnapshotTests.test_changed_seed_or_scene_command_is_rejected) ... ok
test_modified_predecessor_cannot_be_hidden_by_a_new_output_hash (tests.test_photo_current_boundary_snapshot.PhotoCurrentBoundarySnapshotTests.test_modified_predecessor_cannot_be_hidden_by_a_new_output_hash) ... ok
test_recomputed_output_hash_cannot_accept_a_changed_frozen_scene (tests.test_photo_current_boundary_snapshot.PhotoCurrentBoundarySnapshotTests.test_recomputed_output_hash_cannot_accept_a_changed_frozen_scene) ... ok
test_successor_preserves_history_and_the_observed_scene_contract (tests.test_photo_current_boundary_snapshot.PhotoCurrentBoundarySnapshotTests.test_successor_preserves_history_and_the_observed_scene_contract) ... ok
test_all_five_film_relations_remain_required (tests.test_photo_slide_thickness_alternative.SlideThicknessAlternativeTests.test_all_five_film_relations_remain_required) ... ok
test_legacy_disjunction_and_density_bindings_remain (tests.test_photo_slide_thickness_alternative.SlideThicknessAlternativeTests.test_legacy_disjunction_and_density_bindings_remain) ... ok
test_mount_or_screen_thickness_does_not_supply_film_evidence (tests.test_photo_slide_thickness_alternative.SlideThicknessAlternativeTests.test_mount_or_screen_thickness_does_not_supply_film_evidence) ... ok
test_thickness_branch_has_canonical_binding (tests.test_photo_slide_thickness_alternative.SlideThicknessAlternativeTests.test_thickness_branch_has_canonical_binding) ... ok
test_biohybrid_required_components_and_pixel_gates_are_preserved (tests.test_photo_nonhuman_source_alternatives.NonhumanSourceAlternativesTests.test_biohybrid_required_components_and_pixel_gates_are_preserved) ... ok
test_existing_operator_boundaries_and_incomplete_substitutes_remain_distinct (tests.test_photo_nonhuman_source_alternatives.NonhumanSourceAlternativesTests.test_existing_operator_boundaries_and_incomplete_substitutes_remain_distinct) ... ok
test_independent_biohybrid_without_visible_operator_has_ownership_evidence (tests.test_photo_nonhuman_source_alternatives.NonhumanSourceAlternativesTests.test_independent_biohybrid_without_visible_operator_has_ownership_evidence) ... ok
test_summoner_composition_keeps_its_existing_local_consequence_alternatives (tests.test_photo_nonhuman_source_alternatives.NonhumanSourceAlternativesTests.test_summoner_composition_keeps_its_existing_local_consequence_alternatives) ... ok
test_disconnected_route_rejected (tests.test_photo_convoy_route_alternative.ConvoyRouteAlternativeTests.test_disconnected_route_rejected) ... ok
test_five_duties_remain_required (tests.test_photo_convoy_route_alternative.ConvoyRouteAlternativeTests.test_five_duties_remain_required) ... ok
test_generic_and_legacy_routes (tests.test_photo_convoy_route_alternative.ConvoyRouteAlternativeTests.test_generic_and_legacy_routes) ... ok
test_preserve_legacy_and_gate (tests.test_photo_convoy_route_alternative.ConvoyRouteAlternativeTests.test_preserve_legacy_and_gate) ... ok
test_evidence_keeps_front_and_adds_side_at_same_floor (tests.test_photo_wrap_skirt_side_alternative.WrapSkirtSideAlternativeTests.test_evidence_keeps_front_and_adds_side_at_same_floor) ... ok
test_front_neutral_korean_and_explicit_side_variants (tests.test_photo_wrap_skirt_side_alternative.WrapSkirtSideAlternativeTests.test_front_neutral_korean_and_explicit_side_variants) ... ok
test_side_does_not_relax_declared_confounds (tests.test_photo_wrap_skirt_side_alternative.WrapSkirtSideAlternativeTests.test_side_does_not_relax_declared_confounds) ... ok
test_crossbow_gate_keeps_object_integrity_and_conditional_contact (tests.test_photo_prop_conditional_contact.PropConditionalContactTests.test_crossbow_gate_keeps_object_integrity_and_conditional_contact) ... ok
test_five_morphology_components_remain_fail_closed (tests.test_photo_prop_conditional_contact.PropConditionalContactTests.test_five_morphology_components_remain_fail_closed) ... ok
test_halberd_hand_spacing_is_conditional_without_losing_head_geometry (tests.test_photo_prop_conditional_contact.PropConditionalContactTests.test_halberd_hand_spacing_is_conditional_without_losing_head_geometry) ... ok
test_all_five_obligations_remain (tests.test_photo_ghost_ship_gate_alternative.GhostShipGateAlternativeTests.test_all_five_obligations_remain) ... ok
test_bounded_gate_preserves_three_authored_branches (tests.test_photo_ghost_ship_gate_alternative.GhostShipGateAlternativeTests.test_bounded_gate_preserves_three_authored_branches) ... ok
test_material_baseline_is_not_relaxed (tests.test_photo_ghost_ship_gate_alternative.GhostShipGateAlternativeTests.test_material_baseline_is_not_relaxed) ... ok
test_makeup_axes_keep_line_lash_lip_finish_and_lip_placement_ownership_separate (tests.test_makeup_layer_dictionary.MakeupLayerDictionaryTests.test_makeup_axes_keep_line_lash_lip_finish_and_lip_placement_ownership_separate) ... ok
test_makeup_layer_slots_are_human_only_surface_controls (tests.test_makeup_layer_dictionary.MakeupLayerDictionaryTests.test_makeup_layer_slots_are_human_only_surface_controls) ... ok
test_new_makeup_layer_render_terms_are_not_demographic_shortcuts (tests.test_makeup_layer_dictionary.MakeupLayerDictionaryTests.test_new_makeup_layer_render_terms_are_not_demographic_shortcuts) ... ok

======================================================================
ERROR: test_aggregate_validator_does_not_hide_partial_pixel_qualification (tests.test_subculture_illustration_contract_v1.SubcultureIllustrationContractV1Tests.test_aggregate_validator_does_not_hide_partial_pixel_qualification)
----------------------------------------------------------------------
Traceback (most recent call last):
  File "/Users/chasoik/Projects/image-prompt/tests/test_subculture_illustration_contract_v1.py", line 504, in test_aggregate_validator_does_not_hide_partial_pixel_qualification
    summary = validate_all(ASSET_ROOT)
  File "/Users/chasoik/Projects/image-prompt/skills/subculture-illustration-image-generator/scripts/validate_illustration_assets.py", line 11561, in validate_all
    photo_regression = validate_photo_regression_baseline(root)
  File "/Users/chasoik/Projects/image-prompt/skills/subculture-illustration-image-generator/scripts/validate_illustration_assets.py", line 6483, in validate_photo_regression_baseline
    _require(
    ~~~~~~~~^
        digest == baseline.get("sha256"),
        ^^^^^^^^^^^^^^^^^^^^^^^^^^^^^^^^^
        "current photo baseline candidate-pack bytes drift",
        ^^^^^^^^^^^^^^^^^^^^^^^^^^^^^^^^^^^^^^^^^^^^^^^^^^^^
    )
    ^
  File "/Users/chasoik/Projects/image-prompt/skills/subculture-illustration-image-generator/scripts/validate_illustration_assets.py", line 1280, in _require
    raise ValidationFailure(message)
validate_illustration_assets.ValidationFailure: current photo baseline candidate-pack bytes drift

----------------------------------------------------------------------
Ran 221 tests in 592.797s

FAILED (errors=1)
