test_alternative_query_does_not_copy_agent_outfit_and_exclusions_stay_negative (tests.test_photo_contextual_appeal.ContextualAppealTests.test_alternative_query_does_not_copy_agent_outfit_and_exclusions_stay_negative) ... ok
test_axis_inventory_has_catalog_and_exact_detail_lookup_outside_creative_sample (tests.test_photo_contextual_appeal.ContextualAppealTests.test_axis_inventory_has_catalog_and_exact_detail_lookup_outside_creative_sample) ... ok
test_context_limits_are_not_positive_search_text (tests.test_photo_contextual_appeal.ContextualAppealTests.test_context_limits_are_not_positive_search_text) ... ok
test_embedding_runtime_uses_one_query_per_call_and_binds_all_active_lanes (tests.test_photo_contextual_appeal.ContextualAppealTests.test_embedding_runtime_uses_one_query_per_call_and_binds_all_active_lanes) ... ok
test_partial_locks_preserve_whole_garment_and_admit_real_detail (tests.test_photo_contextual_appeal.ContextualAppealTests.test_partial_locks_preserve_whole_garment_and_admit_real_detail) ... ok
test_review_requires_context_and_comparison_but_allows_rejection_and_uncertainty (tests.test_photo_contextual_appeal.ContextualAppealTests.test_review_requires_context_and_comparison_but_allows_rejection_and_uncertainty) ... ok
test_role_and_setting_effects_require_explicit_open_scope (tests.test_photo_contextual_appeal.ContextualAppealTests.test_role_and_setting_effects_require_explicit_open_scope) ... ok
test_runtime_reports_semantic_use_only_for_matching_queries_and_vectors (tests.test_photo_contextual_appeal.ContextualAppealTests.test_runtime_reports_semantic_use_only_for_matching_queries_and_vectors) ... ok
test_scene_preference_breaks_equal_generic_hits_without_claiming_applicability (tests.test_photo_contextual_appeal.ContextualAppealTests.test_scene_preference_breaks_equal_generic_hits_without_claiming_applicability) ... ok
test_short_relation_queries_keep_request_action_without_agent_outfit_or_control_syntax (tests.test_photo_contextual_appeal.ContextualAppealTests.test_short_relation_queries_keep_request_action_without_agent_outfit_or_control_syntax) ... ok
test_source_order_does_not_choose_prefix (tests.test_photo_contextual_appeal.ContextualAppealTests.test_source_order_does_not_choose_prefix) ... ok
test_unsatisfied_hard_facet_guard_is_not_relaxed_by_corpus_search (tests.test_photo_contextual_appeal.ContextualAppealTests.test_unsatisfied_hard_facet_guard_is_not_relaxed_by_corpus_search) ... ok
test_untagged_candidates_at_level_one_ignore_old_inventory_and_thresholds (tests.test_photo_contextual_appeal.ContextualAppealTests.test_untagged_candidates_at_level_one_ignore_old_inventory_and_thresholds) ... ok
test_all_and_exclusion_require_explicit_supported_final_evidence (tests.test_photo_contextual_appeal.FinalCandidateContextTests.test_all_and_exclusion_require_explicit_supported_final_evidence) ... ok
test_derived_quality_guards_keep_source_and_any_semantics (tests.test_photo_contextual_appeal.FinalCandidateContextTests.test_derived_quality_guards_keep_source_and_any_semantics) ... ok
test_machine_tag_and_pending_context_cannot_certify_adoption (tests.test_photo_contextual_appeal.FinalCandidateContextTests.test_machine_tag_and_pending_context_cannot_certify_adoption) ... ok
test_new_context_respects_dimension_and_property_locks (tests.test_photo_contextual_appeal.FinalCandidateContextTests.test_new_context_respects_dimension_and_property_locks) ... ok
test_new_final_context_can_support_adoption_without_initial_tags (tests.test_photo_contextual_appeal.FinalCandidateContextTests.test_new_final_context_can_support_adoption_without_initial_tags) ... ok
test_primary_requirement_uses_new_open_context_but_not_an_unopened_relation (tests.test_photo_contextual_appeal.FinalCandidateContextTests.test_primary_requirement_uses_new_open_context_but_not_an_unopened_relation) ... ok
test_rehashed_missing_condition_and_missing_current_contract_fail (tests.test_photo_contextual_appeal.FinalCandidateContextTests.test_rehashed_missing_condition_and_missing_current_contract_fail) ... ok
test_retained_context_must_be_literal_in_both_baseline_and_final (tests.test_photo_contextual_appeal.FinalCandidateContextTests.test_retained_context_must_be_literal_in_both_baseline_and_final) ... ok
test_sampled_and_canonical_paths_keep_original_metadata (tests.test_photo_contextual_appeal.FinalCandidateContextTests.test_sampled_and_canonical_paths_keep_original_metadata) ... ok
test_search_scope_and_final_conditions_are_distinct (tests.test_photo_contextual_appeal.FinalCandidateContextTests.test_search_scope_and_final_conditions_are_distinct) ... ok
test_short_real_scene_phrases_are_supported (tests.test_photo_contextual_appeal.FinalCandidateContextTests.test_short_real_scene_phrases_are_supported) ... ok
test_authored_components_derive_every_evidence_gate_and_group (tests.test_photo_data_semantic_corrections.PhotoDataSemanticCorrectionsTests.test_authored_components_derive_every_evidence_gate_and_group) ... ok
test_bare_menhera_label_does_not_claim_the_project_interpretation (tests.test_photo_data_semantic_corrections.PhotoDataSemanticCorrectionsTests.test_bare_menhera_label_does_not_claim_the_project_interpretation) ... ok
test_body_area_product_and_incidental_detail_stay_advisory (tests.test_photo_data_semantic_corrections.PhotoDataSemanticCorrectionsTests.test_body_area_product_and_incidental_detail_stay_advisory) ... ok
test_claim_limits_do_not_enter_positive_retrieval (tests.test_photo_data_semantic_corrections.PhotoDataSemanticCorrectionsTests.test_claim_limits_do_not_enter_positive_retrieval) ... ok
test_closed_eyes_omit_only_clamshell_catchlight_evidence (tests.test_photo_data_semantic_corrections.PhotoDataSemanticCorrectionsTests.test_closed_eyes_omit_only_clamshell_catchlight_evidence) ... ok
test_compiled_evidence_stays_literal_and_missing_invariants_fail_audit (tests.test_photo_data_semantic_corrections.PhotoDataSemanticCorrectionsTests.test_compiled_evidence_stays_literal_and_missing_invariants_fail_audit) ... ok
test_diopter_gate_checks_visible_continuity_not_production_history (tests.test_photo_data_semantic_corrections.PhotoDataSemanticCorrectionsTests.test_diopter_gate_checks_visible_continuity_not_production_history) ... ok
test_every_professional_role_separates_rest_from_operational_action (tests.test_photo_data_semantic_corrections.PhotoDataSemanticCorrectionsTests.test_every_professional_role_separates_rest_from_operational_action) ... ok
test_explicit_body_area_salience_stays_hard_in_three_languages (tests.test_photo_data_semantic_corrections.PhotoDataSemanticCorrectionsTests.test_explicit_body_area_salience_stays_hard_in_three_languages) ... ok
test_explicit_catchlight_request_is_not_silently_dropped (tests.test_photo_data_semantic_corrections.PhotoDataSemanticCorrectionsTests.test_explicit_catchlight_request_is_not_silently_dropped) ... ok
test_explicit_operational_roles_keep_hard_causal_contract (tests.test_photo_data_semantic_corrections.PhotoDataSemanticCorrectionsTests.test_explicit_operational_roles_keep_hard_causal_contract) ... ok
test_freely_authored_duty_does_not_relabel_the_user_role (tests.test_photo_data_semantic_corrections.PhotoDataSemanticCorrectionsTests.test_freely_authored_duty_does_not_relabel_the_user_role) ... ok
test_invalid_authored_component_and_activation_are_rejected (tests.test_photo_data_semantic_corrections.PhotoDataSemanticCorrectionsTests.test_invalid_authored_component_and_activation_are_rejected) ... ok
test_negated_duty_cannot_support_hard_activation (tests.test_photo_data_semantic_corrections.PhotoDataSemanticCorrectionsTests.test_negated_duty_cannot_support_hard_activation) ... ok
test_negated_visibility_and_catchlight_phrases_do_not_change_obligations (tests.test_photo_data_semantic_corrections.PhotoDataSemanticCorrectionsTests.test_negated_visibility_and_catchlight_phrases_do_not_change_obligations) ... ok
test_nursing_uniform_and_yandere_relation_do_not_request_patient_care (tests.test_photo_data_semantic_corrections.PhotoDataSemanticCorrectionsTests.test_nursing_uniform_and_yandere_relation_do_not_request_patient_care) ... ok
test_related_exact_match_survives_the_compatibility_candidate_path (tests.test_photo_data_semantic_corrections.PhotoDataSemanticCorrectionsTests.test_related_exact_match_survives_the_compatibility_candidate_path) ... ok
test_rembrandt_preserves_geometry_for_both_camera_orientations (tests.test_photo_data_semantic_corrections.PhotoDataSemanticCorrectionsTests.test_rembrandt_preserves_geometry_for_both_camera_orientations) ... ok
test_role_identity_is_advisory_without_requested_duty (tests.test_photo_data_semantic_corrections.PhotoDataSemanticCorrectionsTests.test_role_identity_is_advisory_without_requested_duty) ... ok
test_telephoto_uses_narrow_field_of_view (tests.test_photo_data_semantic_corrections.PhotoDataSemanticCorrectionsTests.test_telephoto_uses_narrow_field_of_view) ... ok
test_yandere_retains_same_target_action_and_consequence_without_scene_recipe (tests.test_photo_data_semantic_corrections.PhotoDataSemanticCorrectionsTests.test_yandere_retains_same_target_action_and_consequence_without_scene_recipe) ... ok
test_all_contract_effects_keep_occurrence_local_polarity_in_four_locales (tests.test_universal_scene_directional_substitution.DirectionalSubstitutionPolarityTests.test_all_contract_effects_keep_occurrence_local_polarity_in_four_locales) ... ok
test_asset_freezes_exact_locale_marker_directions (tests.test_universal_scene_directional_substitution.DirectionalSubstitutionPolarityTests.test_asset_freezes_exact_locale_marker_directions) ... ok
test_c14_c21_concrete_value_anchors_survive_generic_role_negation (tests.test_universal_scene_directional_substitution.DirectionalSubstitutionPolarityTests.test_c14_c21_concrete_value_anchors_survive_generic_role_negation) ... ok
test_contract_groups_may_span_owned_phrases_but_not_external_records (tests.test_universal_scene_directional_substitution.DirectionalSubstitutionPolarityTests.test_contract_groups_may_span_owned_phrases_but_not_external_records) ... ok
test_coordinated_negative_lists_do_not_hide_independent_reassertions (tests.test_universal_scene_directional_substitution.DirectionalSubstitutionPolarityTests.test_coordinated_negative_lists_do_not_hide_independent_reassertions) ... ok
test_en_ja_zh_contrast_truth_table_and_unsafe_inverse (tests.test_universal_scene_directional_substitution.DirectionalSubstitutionPolarityTests.test_en_ja_zh_contrast_truth_table_and_unsafe_inverse) ... ok
test_raw_cjk_matching_does_not_promote_unrelated_compounds (tests.test_universal_scene_directional_substitution.DirectionalSubstitutionPolarityTests.test_raw_cjk_matching_does_not_promote_unrelated_compounds) ... ok
test_reviewed_korean_anchor_stems_keep_local_predicate_scope (tests.test_universal_scene_directional_substitution.DirectionalSubstitutionPolarityTests.test_reviewed_korean_anchor_stems_keep_local_predicate_scope) ... ok
test_creativity_invariant_trace_is_exactly_band_independent (tests.test_universal_scene_directional_substitution.OwnerLocalBridgeIdTests.test_creativity_invariant_trace_is_exactly_band_independent) ... ok
test_forged_invariant_partition_and_hash_fail_replay (tests.test_universal_scene_directional_substitution.OwnerLocalBridgeIdTests.test_forged_invariant_partition_and_hash_fail_replay) ... ok
test_forged_postselection_guard_and_hash_fail_replay (tests.test_universal_scene_directional_substitution.OwnerLocalBridgeIdTests.test_forged_postselection_guard_and_hash_fail_replay) ... ok
test_protected_bridge_pixels_keep_owner_local_ids_across_creativity (tests.test_universal_scene_directional_substitution.OwnerLocalBridgeIdTests.test_protected_bridge_pixels_keep_owner_local_ids_across_creativity) ... ok
test_runtime_selected_roles_require_exact_bidirectional_sources (tests.test_universal_scene_directional_substitution.OwnerLocalBridgeIdTests.test_runtime_selected_roles_require_exact_bidirectional_sources) ... ok
test_apple_payload_matches_frozen_positive_control (tests.test_universal_scene_directional_substitution.SemanticFamilyPayloadTests.test_apple_payload_matches_frozen_positive_control) ... ok
test_raw_claim_reduction_sums_exclusive_and_maxes_shared (tests.test_universal_scene_directional_substitution.SemanticFamilyPayloadTests.test_raw_claim_reduction_sums_exclusive_and_maxes_shared) ... ok
test_adult_woman_context_is_allowing_not_blocking (tests.test_photo_visual_profile_retrieval.PhotoVisualProfileRetrievalTests.test_adult_woman_context_is_allowing_not_blocking) ... ok
test_bm25f_and_embedding_fuse_without_promoting_to_hard (tests.test_photo_visual_profile_retrieval.PhotoVisualProfileRetrievalTests.test_bm25f_and_embedding_fuse_without_promoting_to_hard) ... ok
test_bm25f_only_paraphrase_is_optional_and_cannot_create_an_obligation (tests.test_photo_visual_profile_retrieval.PhotoVisualProfileRetrievalTests.test_bm25f_only_paraphrase_is_optional_and_cannot_create_an_obligation) ... ok
test_commercial_defense_glossary_honors_alignment_override_and_negation (tests.test_photo_visual_profile_retrieval.PhotoVisualProfileRetrievalTests.test_commercial_defense_glossary_honors_alignment_override_and_negation) ... ok
test_composition_relation_embedding_lane_remains_optional (tests.test_photo_visual_profile_retrieval.PhotoVisualProfileRetrievalTests.test_composition_relation_embedding_lane_remains_optional) ... ok
test_embedding_score_is_positive_context_proof_but_shared_negatives_still_win (tests.test_photo_visual_profile_retrieval.PhotoVisualProfileRetrievalTests.test_embedding_score_is_positive_context_proof_but_shared_negatives_still_win) ... ok
test_exact_hit_stays_hard_while_negation_and_user_definition_cannot_resurrect (tests.test_photo_visual_profile_retrieval.PhotoVisualProfileRetrievalTests.test_exact_hit_stays_hard_while_negation_and_user_definition_cannot_resurrect) ... ok
test_hybrid_paraphrase_projects_optional_candidate_from_one_resolution (tests.test_photo_visual_profile_retrieval.PhotoVisualProfileRetrievalTests.test_hybrid_paraphrase_projects_optional_candidate_from_one_resolution) ... ok
test_index_is_registry_bound_and_separates_exact_from_semantic_text (tests.test_photo_visual_profile_retrieval.PhotoVisualProfileRetrievalTests.test_index_is_registry_bound_and_separates_exact_from_semantic_text) ... ok
test_new_profile_embedding_paraphrases_remain_optional_only (tests.test_photo_visual_profile_retrieval.PhotoVisualProfileRetrievalTests.test_new_profile_embedding_paraphrases_remain_optional_only) ... ok
test_relation_profile_requires_component_evidence_for_semantic_discovery (tests.test_photo_visual_profile_retrieval.PhotoVisualProfileRetrievalTests.test_relation_profile_requires_component_evidence_for_semantic_discovery) ... ok
test_role_and_garment_exact_terms_require_their_visual_context (tests.test_photo_visual_profile_retrieval.PhotoVisualProfileRetrievalTests.test_role_and_garment_exact_terms_require_their_visual_context) ... ok
test_sensitive_contained_affect_term_requires_visual_character_context (tests.test_photo_visual_profile_retrieval.PhotoVisualProfileRetrievalTests.test_sensitive_contained_affect_term_requires_visual_character_context) ... ok
test_bm25f_paraphrases_remain_advisory (tests.test_photo_neutral_expression_alternatives.PhotoNeutralExpressionAlternativesTests.test_bm25f_paraphrases_remain_advisory) ... ok
test_broad_labels_and_material_polysemy_are_not_promoted_to_exact (tests.test_photo_neutral_expression_alternatives.PhotoNeutralExpressionAlternativesTests.test_broad_labels_and_material_polysemy_are_not_promoted_to_exact) ... ok
test_complete_region_and_owner_proof_cannot_be_replaced_by_one_component (tests.test_photo_neutral_expression_alternatives.PhotoNeutralExpressionAlternativesTests.test_complete_region_and_owner_proof_cannot_be_replaced_by_one_component) ... ok
test_component_alternatives_keep_anatomical_boundaries_and_common_owner (tests.test_photo_neutral_expression_alternatives.PhotoNeutralExpressionAlternativesTests.test_component_alternatives_keep_anatomical_boundaries_and_common_owner) ... ok
test_equivalent_extension_preserves_existing_labels_effects_and_guards (tests.test_photo_neutral_expression_alternatives.PhotoNeutralExpressionAlternativesTests.test_equivalent_extension_preserves_existing_labels_effects_and_guards) ... ok
test_exact_negation_and_advisory_source_do_not_create_requester_duties (tests.test_photo_neutral_expression_alternatives.PhotoNeutralExpressionAlternativesTests.test_exact_negation_and_advisory_source_do_not_create_requester_duties) ... ok
test_interpretation_limits_do_not_pollute_positive_retrieval (tests.test_photo_neutral_expression_alternatives.PhotoNeutralExpressionAlternativesTests.test_interpretation_limits_do_not_pollute_positive_retrieval) ... ok
test_moral_corruption_does_not_request_bodily_transformation_through_full_core (tests.test_photo_neutral_expression_alternatives.PhotoNeutralExpressionAlternativesTests.test_moral_corruption_does_not_request_bodily_transformation_through_full_core) ... ok
test_narrow_current_expression_needs_a_face_and_is_not_static_lip_volume (tests.test_photo_neutral_expression_alternatives.PhotoNeutralExpressionAlternativesTests.test_narrow_current_expression_needs_a_face_and_is_not_static_lip_volume) ... ok
test_regional_candidates_cannot_evade_partial_body_property_locks (tests.test_photo_neutral_expression_alternatives.PhotoNeutralExpressionAlternativesTests.test_regional_candidates_cannot_evade_partial_body_property_locks) ... ok
test_regional_volume_does_not_force_a_whole_body_build_or_curve (tests.test_photo_neutral_expression_alternatives.PhotoNeutralExpressionAlternativesTests.test_regional_volume_does_not_force_a_whole_body_build_or_curve) ... ok
test_structure_and_action_have_independent_carriers (tests.test_photo_neutral_expression_alternatives.PhotoNeutralExpressionAlternativesTests.test_structure_and_action_have_independent_carriers) ... ok
test_adjacent_visual_confounds_fail_closed (tests.test_photo_korean_emotional_visual_semantics.PhotoKoreanEmotionalVisualSemanticsTests.test_adjacent_visual_confounds_fail_closed) ... ok
test_bm25f_routes_researched_shorthand_to_expected_candidates (tests.test_photo_korean_emotional_visual_semantics.PhotoKoreanEmotionalVisualSemanticsTests.test_bm25f_routes_researched_shorthand_to_expected_candidates) ... ok
test_broad_or_metadata_terms_never_hard_activate (tests.test_photo_korean_emotional_visual_semantics.PhotoKoreanEmotionalVisualSemanticsTests.test_broad_or_metadata_terms_never_hard_activate) ... ok
test_candidate_aliases_and_nonvisual_boundaries_are_encoded (tests.test_photo_korean_emotional_visual_semantics.PhotoKoreanEmotionalVisualSemanticsTests.test_candidate_aliases_and_nonvisual_boundaries_are_encoded) ... ok
test_definition_only_profiles_hide_labels_at_runtime (tests.test_photo_korean_emotional_visual_semantics.PhotoKoreanEmotionalVisualSemanticsTests.test_definition_only_profiles_hide_labels_at_runtime) ... ok
test_generated_indexes_contain_current_profiles_and_candidates (tests.test_photo_korean_emotional_visual_semantics.PhotoKoreanEmotionalVisualSemanticsTests.test_generated_indexes_contain_current_profiles_and_candidates) ... ok
test_narrow_exact_terms_route_to_expected_profiles (tests.test_photo_korean_emotional_visual_semantics.PhotoKoreanEmotionalVisualSemanticsTests.test_narrow_exact_terms_route_to_expected_profiles) ... ok
test_profiles_are_complete_four_or_five_group_pixel_contracts (tests.test_photo_korean_emotional_visual_semantics.PhotoKoreanEmotionalVisualSemanticsTests.test_profiles_are_complete_four_or_five_group_pixel_contracts) ... ok
test_research_evidence_is_approved_source_and_candidate_bound (tests.test_photo_korean_emotional_visual_semantics.PhotoKoreanEmotionalVisualSemanticsTests.test_research_evidence_is_approved_source_and_candidate_bound) ... ok
test_research_note_preserves_semantic_and_identity_boundaries (tests.test_photo_korean_emotional_visual_semantics.PhotoKoreanEmotionalVisualSemanticsTests.test_research_note_preserves_semantic_and_identity_boundaries) ... ok
test_three_arm_fixture_is_frozen_independent_and_reference_bound (tests.test_photo_korean_emotional_visual_semantics.PhotoKoreanEmotionalVisualSemanticsTests.test_three_arm_fixture_is_frozen_independent_and_reference_bound) ... ok
test_acceptance_binds_catalog_benefit_and_all_adverse_evidence (tests.test_photo_shelf_return_korean_state_data_cleanup.ShelfReturnKoreanStateDataCleanupTests.test_acceptance_binds_catalog_benefit_and_all_adverse_evidence) ... ok
test_complete_raw_extension_changes_only_the_one_korean_state (tests.test_photo_shelf_return_korean_state_data_cleanup.ShelfReturnKoreanStateDataCleanupTests.test_complete_raw_extension_changes_only_the_one_korean_state) ... ok
test_frozen_inventory_probes_and_bounded_cost (tests.test_photo_shelf_return_korean_state_data_cleanup.ShelfReturnKoreanStateDataCleanupTests.test_frozen_inventory_probes_and_bounded_cost) ... ok
test_historical_merged_state_and_current_eleven_keeps_are_exact (tests.test_photo_shelf_return_korean_state_data_cleanup.ShelfReturnKoreanStateDataCleanupTests.test_historical_merged_state_and_current_eleven_keeps_are_exact) ... ok
test_historical_v6_full_pack_detail_and_overview_preserve_genuine_adult_context (tests.test_photo_shelf_return_korean_state_data_cleanup.ShelfReturnKoreanStateDataCleanupTests.test_historical_v6_full_pack_detail_and_overview_preserve_genuine_adult_context) ... ok
test_korean_field_projection_changes_only_the_local_aftermath (tests.test_photo_shelf_return_korean_state_data_cleanup.ShelfReturnKoreanStateDataCleanupTests.test_korean_field_projection_changes_only_the_local_aftermath) ... ok
test_maintenance_revision_preserves_experiment_and_original_record (tests.test_photo_shelf_return_korean_state_data_cleanup.ShelfReturnKoreanStateDataCleanupTests.test_maintenance_revision_preserves_experiment_and_original_record) ... ok
test_previous_published_aliases_and_reef_unit_remain_exact (tests.test_photo_shelf_return_korean_state_data_cleanup.ShelfReturnKoreanStateDataCleanupTests.test_previous_published_aliases_and_reef_unit_remain_exact) ... ok
test_returned_item_owns_its_restored_position_without_global_stock_rule (tests.test_photo_shelf_return_korean_state_data_cleanup.ShelfReturnKoreanStateDataCleanupTests.test_returned_item_owns_its_restored_position_without_global_stock_rule) ... ok
test_scout_and_reviewer_state_contrasts_remain_frozen (tests.test_photo_shelf_return_korean_state_data_cleanup.ShelfReturnKoreanStateDataCleanupTests.test_scout_and_reviewer_state_contrasts_remain_frozen) ... ok
test_broad_performance_and_marketing_terms_do_not_create_hard_profiles (tests.test_photo_womens_activewear_visual_semantics.PhotoWomensActivewearVisualSemanticsTests.test_broad_performance_and_marketing_terms_do_not_create_hard_profiles) ... ok
test_candidates_are_single_slot_owned_and_semantically_decomposed (tests.test_photo_womens_activewear_visual_semantics.PhotoWomensActivewearVisualSemanticsTests.test_candidates_are_single_slot_owned_and_semantically_decomposed) ... ok
test_confounds_fail_closed (tests.test_photo_womens_activewear_visual_semantics.PhotoWomensActivewearVisualSemanticsTests.test_confounds_fail_closed) ... ok
test_embedding_only_component_paraphrase_remains_optional (tests.test_photo_womens_activewear_visual_semantics.PhotoWomensActivewearVisualSemanticsTests.test_embedding_only_component_paraphrase_remains_optional) ... ok
test_exact_terms_route_to_one_profile (tests.test_photo_womens_activewear_visual_semantics.PhotoWomensActivewearVisualSemanticsTests.test_exact_terms_route_to_one_profile) ... ok
test_five_arm_cases_bind_profile_gates_and_reference (tests.test_photo_womens_activewear_visual_semantics.PhotoWomensActivewearVisualSemanticsTests.test_five_arm_cases_bind_profile_gates_and_reference) ... ok
test_profiles_are_complete_five_group_pixel_contracts (tests.test_photo_womens_activewear_visual_semantics.PhotoWomensActivewearVisualSemanticsTests.test_profiles_are_complete_five_group_pixel_contracts) ... ok
test_registry_index_contains_all_exact_terms_after_rebuild (tests.test_photo_womens_activewear_visual_semantics.PhotoWomensActivewearVisualSemanticsTests.test_registry_index_contains_all_exact_terms_after_rebuild) ... ok
test_research_evidence_is_approved_and_candidate_bound (tests.test_photo_womens_activewear_visual_semantics.PhotoWomensActivewearVisualSemanticsTests.test_research_evidence_is_approved_and_candidate_bound) ... ok
test_body_proportion_component_does_not_repeat_crop_alias (tests.test_photo_next_slot_data_cleanup.NextSlotDataCleanupTests.test_body_proportion_component_does_not_repeat_crop_alias) ... ok
test_contact_and_noncontact_owners_stay_distinct (tests.test_photo_next_slot_data_cleanup.NextSlotDataCleanupTests.test_contact_and_noncontact_owners_stay_distinct) ... ok
test_coordinated_gaze_search_keeps_target_not_inferences (tests.test_photo_next_slot_data_cleanup.NextSlotDataCleanupTests.test_coordinated_gaze_search_keeps_target_not_inferences) ... ok
test_explicit_covered_pose_variants_remain_covered (tests.test_photo_next_slot_data_cleanup.NextSlotDataCleanupTests.test_explicit_covered_pose_variants_remain_covered) ... ok
test_expression_aliases_name_complete_expressions (tests.test_photo_next_slot_data_cleanup.NextSlotDataCleanupTests.test_expression_aliases_name_complete_expressions) ... ok
test_material_alias_and_construction_search_avoid_substitutes (tests.test_photo_next_slot_data_cleanup.NextSlotDataCleanupTests.test_material_alias_and_construction_search_avoid_substitutes) ... ok
test_neutral_pose_search_matches_its_authored_label (tests.test_photo_next_slot_data_cleanup.NextSlotDataCleanupTests.test_neutral_pose_search_matches_its_authored_label) ... ok
test_optical_variants_keep_effects_without_false_aliases (tests.test_photo_next_slot_data_cleanup.NextSlotDataCleanupTests.test_optical_variants_keep_effects_without_false_aliases) ... ok
test_pose_counterexamples_are_not_positive_search_terms (tests.test_photo_next_slot_data_cleanup.NextSlotDataCleanupTests.test_pose_counterexamples_are_not_positive_search_terms) ... ok
test_broad_legend_terms_remain_advisory (tests.test_photo_legend_visual_semantics.PhotoLegendVisualSemanticsTests.test_broad_legend_terms_remain_advisory) ... ok
test_cluster_manifest_binds_profiles_candidates_and_advisory_row (tests.test_photo_legend_visual_semantics.PhotoLegendVisualSemanticsTests.test_cluster_manifest_binds_profiles_candidates_and_advisory_row) ... ok
test_extension_has_eight_complete_six_slot_clusters (tests.test_photo_legend_visual_semantics.PhotoLegendVisualSemanticsTests.test_extension_has_eight_complete_six_slot_clusters) ... ok
test_narrow_exact_terms_route_to_exactly_one_new_profile (tests.test_photo_legend_visual_semantics.PhotoLegendVisualSemanticsTests.test_narrow_exact_terms_route_to_exactly_one_new_profile) ... ok
test_nearest_substitutes_do_not_activate_new_profiles (tests.test_photo_legend_visual_semantics.PhotoLegendVisualSemanticsTests.test_nearest_substitutes_do_not_activate_new_profiles) ... ok
test_real_generated_index_contains_new_profiles_and_vectors (tests.test_photo_legend_visual_semantics.PhotoLegendVisualSemanticsTests.test_real_generated_index_contains_new_profiles_and_vectors) ... ok
test_registry_schema_accepts_legend_profiles (tests.test_photo_legend_visual_semantics.PhotoLegendVisualSemanticsTests.test_registry_schema_accepts_legend_profiles) ... ok
test_research_evidence_is_approved_and_contract_bound (tests.test_photo_legend_visual_semantics.PhotoLegendVisualSemanticsTests.test_research_evidence_is_approved_and_contract_bound) ... ok
test_six_new_profiles_have_five_components_fields_and_pixel_gates (tests.test_photo_legend_visual_semantics.PhotoLegendVisualSemanticsTests.test_six_new_profiles_have_five_components_fields_and_pixel_gates) ... ok
test_legacy_concept_mode_has_no_adapter (tests.test_photo_current_boundary.PhotoCurrentBoundaryTests.test_legacy_concept_mode_has_no_adapter) ... ok
test_normal_generation_requires_complete_current_inputs (tests.test_photo_current_boundary.PhotoCurrentBoundaryTests.test_normal_generation_requires_complete_current_inputs) ... ok
test_old_cli_options_are_unknown (tests.test_photo_current_boundary.PhotoCurrentBoundaryTests.test_old_cli_options_are_unknown) ... ok
test_old_core_and_intent_lock_versions_are_rejected (tests.test_photo_current_boundary.PhotoCurrentBoundaryTests.test_old_core_and_intent_lock_versions_are_rejected) ... ok
test_only_current_view_and_manifest_versions_are_supported (tests.test_photo_current_boundary.PhotoCurrentBoundaryTests.test_only_current_view_and_manifest_versions_are_supported) ... ok
test_only_shards_are_completed_indexes_but_checkpoints_resume (tests.test_photo_current_boundary.PhotoCurrentBoundaryTests.test_only_shards_are_completed_indexes_but_checkpoints_resume) ... ok
test_removed_pack_versions_fail_before_generation (tests.test_photo_current_boundary.PhotoCurrentBoundaryTests.test_removed_pack_versions_fail_before_generation) ... ok
test_sampler_api_is_removed (tests.test_photo_current_boundary.PhotoCurrentBoundaryTests.test_sampler_api_is_removed) ... ok
test_sampler_diagnostics_are_not_public_packs (tests.test_photo_current_boundary.PhotoCurrentBoundaryTests.test_sampler_diagnostics_are_not_public_packs) ... ok
test_adjacent_and_generic_terms_do_not_force_the_six_profiles (tests.test_photo_weapon_visual_semantics.PhotoWeaponVisualSemanticsTests.test_adjacent_and_generic_terms_do_not_force_the_six_profiles) ... ok
test_candidate_pack_contains_bounded_action_and_prop_pairs (tests.test_photo_weapon_visual_semantics.PhotoWeaponVisualSemanticsTests.test_candidate_pack_contains_bounded_action_and_prop_pairs) ... ok
test_exact_prop_aliases_do_not_collapse_adjacent_weapon_classes (tests.test_photo_weapon_visual_semantics.PhotoWeaponVisualSemanticsTests.test_exact_prop_aliases_do_not_collapse_adjacent_weapon_classes) ... ok
test_exact_terms_route_to_only_the_intended_weapon_profile (tests.test_photo_weapon_visual_semantics.PhotoWeaponVisualSemanticsTests.test_exact_terms_route_to_only_the_intended_weapon_profile) ... ok
test_profiles_describe_external_morphology_without_state_claims (tests.test_photo_weapon_visual_semantics.PhotoWeaponVisualSemanticsTests.test_profiles_describe_external_morphology_without_state_claims) ... ok
test_registry_schema_is_valid_after_weapon_profiles (tests.test_photo_weapon_visual_semantics.PhotoWeaponVisualSemanticsTests.test_registry_schema_is_valid_after_weapon_profiles) ... ok
test_research_evidence_is_approved_source_bound_and_limited (tests.test_photo_weapon_visual_semantics.PhotoWeaponVisualSemanticsTests.test_research_evidence_is_approved_source_bound_and_limited) ... ok
test_six_profiles_have_complete_component_evidence_and_pixel_gates (tests.test_photo_weapon_visual_semantics.PhotoWeaponVisualSemanticsTests.test_six_profiles_have_complete_component_evidence_and_pixel_gates) ... ok
test_deferred_gear_and_hand_labels_are_exact_baseline (tests.test_photo_occupation_korean_label_data_cleanup.OccupationKoreanLabelDataCleanupTests.test_deferred_gear_and_hand_labels_are_exact_baseline) ... ok
test_english_localization_and_semantic_description_remain_exact (tests.test_photo_occupation_korean_label_data_cleanup.OccupationKoreanLabelDataCleanupTests.test_english_localization_and_semantic_description_remain_exact) ... ok
test_five_rows_and_twenty_bilingual_probes_are_frozen (tests.test_photo_occupation_korean_label_data_cleanup.OccupationKoreanLabelDataCleanupTests.test_five_rows_and_twenty_bilingual_probes_are_frozen) ... ok
test_harbor_dawn_is_precise_and_other_two_labels_stay_baseline (tests.test_photo_occupation_korean_label_data_cleanup.OccupationKoreanLabelDataCleanupTests.test_harbor_dawn_is_precise_and_other_two_labels_stay_baseline) ... ok
test_human_applicability_and_original_weights_stay_exact (tests.test_photo_occupation_korean_label_data_cleanup.OccupationKoreanLabelDataCleanupTests.test_human_applicability_and_original_weights_stay_exact) ... ok
test_intermediate_projection_adds_korean_terms_without_losing_baseline_terms (tests.test_photo_occupation_korean_label_data_cleanup.OccupationKoreanLabelDataCleanupTests.test_intermediate_projection_adds_korean_terms_without_losing_baseline_terms) ... ok
test_korean_positives_do_not_copy_the_complete_new_label (tests.test_photo_occupation_korean_label_data_cleanup.OccupationKoreanLabelDataCleanupTests.test_korean_positives_do_not_copy_the_complete_new_label) ... ok
test_only_korean_labels_change (tests.test_photo_occupation_korean_label_data_cleanup.OccupationKoreanLabelDataCleanupTests.test_only_korean_labels_change) ... ok
test_all_eighteen_profiles_are_complete_strict_contracts (tests.test_photo_era_visual_semantics.PhotoEraVisualSemanticsTests.test_all_eighteen_profiles_are_complete_strict_contracts) ... ok
test_bilingual_narrow_exact_terms_have_single_profile_owners (tests.test_photo_era_visual_semantics.PhotoEraVisualSemanticsTests.test_bilingual_narrow_exact_terms_have_single_profile_owners) ... ok
test_generated_indexes_include_profiles_and_all_candidate_atoms (tests.test_photo_era_visual_semantics.PhotoEraVisualSemanticsTests.test_generated_indexes_include_profiles_and_all_candidate_atoms) ... ok
test_runtime_resolver_preserves_representative_exact_ownership (tests.test_photo_era_visual_semantics.PhotoEraVisualSemanticsTests.test_runtime_resolver_preserves_representative_exact_ownership) ... ok
test_sepia_is_a_treatment_candidate_without_an_age_claim (tests.test_photo_era_visual_semantics.PhotoEraVisualSemanticsTests.test_sepia_is_a_treatment_candidate_without_an_age_claim) ... ok
test_seventy_one_research_regressions_keep_hard_optional_boundary (tests.test_photo_era_visual_semantics.PhotoEraVisualSemanticsTests.test_seventy_one_research_regressions_keep_hard_optional_boundary) ... ok
test_sixty_candidate_atoms_and_twenty_three_families_resolve (tests.test_photo_era_visual_semantics.PhotoEraVisualSemanticsTests.test_sixty_candidate_atoms_and_twenty_three_families_resolve) ... ok
test_three_arm_fixture_is_reference_bound_and_partial_is_fail (tests.test_photo_era_visual_semantics.PhotoEraVisualSemanticsTests.test_three_arm_fixture_is_reference_bound_and_partial_is_fail) ... ok
test_candidate_pack_separates_landmarks_contours_pose_and_composition (tests.test_photo_body_aesthetic_semantics.PhotoBodyAestheticSemanticsTests.test_candidate_pack_separates_landmarks_contours_pose_and_composition) ... ok
test_exact_terms_route_and_ambiguous_shorthand_fails_closed (tests.test_photo_body_aesthetic_semantics.PhotoBodyAestheticSemanticsTests.test_exact_terms_route_and_ambiguous_shorthand_fails_closed) ... ok
test_pixel_cases_cover_global_regional_and_local_visual_scales (tests.test_photo_body_aesthetic_semantics.PhotoBodyAestheticSemanticsTests.test_pixel_cases_cover_global_regional_and_local_visual_scales) ... ok
test_research_evidence_is_approved_and_candidate_bound (tests.test_photo_body_aesthetic_semantics.PhotoBodyAestheticSemanticsTests.test_research_evidence_is_approved_and_candidate_bound) ... ok
test_research_profiles_are_componentized_and_registered (tests.test_photo_body_aesthetic_semantics.PhotoBodyAestheticSemanticsTests.test_research_profiles_are_componentized_and_registered) ... ok
test_selected_pixel_cases_are_registry_bound_and_fail_closed (tests.test_photo_body_aesthetic_semantics.PhotoBodyAestheticSemanticsTests.test_selected_pixel_cases_are_registry_bound_and_fail_closed) ... ok
test_thigh_gap_uses_closed_straight_stance_and_neutral_inference (tests.test_photo_body_aesthetic_semantics.PhotoBodyAestheticSemanticsTests.test_thigh_gap_uses_closed_straight_stance_and_neutral_inference) ... ok
test_waving_and_serpentine_lines_keep_distinct_visual_owners (tests.test_photo_body_aesthetic_semantics.PhotoBodyAestheticSemanticsTests.test_waving_and_serpentine_lines_keep_distinct_visual_owners) ... ok
test_all_nine_keeps_and_every_existing_target_field_are_exact (tests.test_photo_jurisdiction_record_unit_data_cleanup.JurisdictionRecordUnitDataCleanupTests.test_all_nine_keeps_and_every_existing_target_field_are_exact) ... ok
test_coexisting_display_is_not_a_low_rank_or_global_exclusion (tests.test_photo_jurisdiction_record_unit_data_cleanup.JurisdictionRecordUnitDataCleanupTests.test_coexisting_display_is_not_a_low_rank_or_global_exclusion) ... ok
test_current_public_projection_and_detail_restore_the_full_contrast (tests.test_photo_jurisdiction_record_unit_data_cleanup.JurisdictionRecordUnitDataCleanupTests.test_current_public_projection_and_detail_restore_the_full_contrast) ... ok
test_frozen_inventory_queries_and_attempt_cap (tests.test_photo_jurisdiction_record_unit_data_cleanup.JurisdictionRecordUnitDataCleanupTests.test_frozen_inventory_queries_and_attempt_cap) ... ok
test_long_original_sentence_is_intact_not_reworded_or_split (tests.test_photo_jurisdiction_record_unit_data_cleanup.JurisdictionRecordUnitDataCleanupTests.test_long_original_sentence_is_intact_not_reworded_or_split) ... ok
test_punk_long_labels_keep_existing_authored_keyword_units_and_bundles (tests.test_photo_jurisdiction_record_unit_data_cleanup.JurisdictionRecordUnitDataCleanupTests.test_punk_long_labels_keep_existing_authored_keyword_units_and_bundles) ... ok
test_raw_extension_changes_only_one_new_verbatim_unit (tests.test_photo_jurisdiction_record_unit_data_cleanup.JurisdictionRecordUnitDataCleanupTests.test_raw_extension_changes_only_one_new_verbatim_unit) ... ok
test_authorial_core_text_is_the_actual_retrieval_query_and_changes_candidates (tests.test_photo_authorial_core.PhotoAuthorialCoreTests.test_authorial_core_text_is_the_actual_retrieval_query_and_changes_candidates) ... ok
test_clarification_is_stable_while_creativity_widens_seeded_augmentation (tests.test_photo_authorial_core.PhotoAuthorialCoreTests.test_clarification_is_stable_while_creativity_widens_seeded_augmentation) ... ok
test_contextual_term_meanings_materialize_without_one_fixed_story (tests.test_photo_authorial_core.PhotoAuthorialCoreTests.test_contextual_term_meanings_materialize_without_one_fixed_story) ... ok
test_current_composition_audit_binds_core_and_rejects_copying (tests.test_photo_authorial_core.PhotoAuthorialCoreTests.test_current_composition_audit_binds_core_and_rejects_copying) ... ok
test_general_core_is_prepack_hash_bound_and_unbound_generation_is_rejected (tests.test_photo_authorial_core.PhotoAuthorialCoreTests.test_general_core_is_prepack_hash_bound_and_unbound_generation_is_rejected) ... ok
test_request_envelope_and_intent_lock_fail_closed_for_arbitrary_topics (tests.test_photo_authorial_core.PhotoAuthorialCoreTests.test_request_envelope_and_intent_lock_fail_closed_for_arbitrary_topics) ... ok
test_sensitive_label_leak_fails_semantic_clarification_audit (tests.test_photo_authorial_core.PhotoAuthorialCoreTests.test_sensitive_label_leak_fails_semantic_clarification_audit) ... ok
test_changed_bm25f_policy_is_rejected (tests.test_photo_loading.PhotoLoadingTests.test_changed_bm25f_policy_is_rejected) ... ok
test_changed_source_is_rejected_even_with_an_updated_dictionary_hash (tests.test_photo_loading.PhotoLoadingTests.test_changed_source_is_rejected_even_with_an_updated_dictionary_hash) ... ok
test_public_bm25f_projection_keeps_independent_nested_copies (tests.test_photo_loading.PhotoLoadingTests.test_public_bm25f_projection_keeps_independent_nested_copies) ... ok
test_semantic_validation_preserves_both_inputs (tests.test_photo_loading.PhotoLoadingTests.test_semantic_validation_preserves_both_inputs) ... ok
test_successful_validation_does_not_hide_later_corpus_corruption (tests.test_photo_loading.PhotoLoadingTests.test_successful_validation_does_not_hide_later_corpus_corruption) ... ok
test_visual_validation_is_read_only_and_rejects_later_corruption (tests.test_photo_loading.PhotoLoadingTests.test_visual_validation_is_read_only_and_rejects_later_corruption) ... ok
test_affirmative_excluded_relations_remain_blocked (tests.test_photo_lighting_composition_boundary_data.LightingCompositionBoundaryDataTests.test_affirmative_excluded_relations_remain_blocked) ... ok
test_authored_complete_contexts_do_not_self_exclude (tests.test_photo_lighting_composition_boundary_data.LightingCompositionBoundaryDataTests.test_authored_complete_contexts_do_not_self_exclude) ... ok
test_boundary_evidence_anchor_meets_unchanged_minimum (tests.test_photo_lighting_composition_boundary_data.LightingCompositionBoundaryDataTests.test_boundary_evidence_anchor_meets_unchanged_minimum) ... ok
test_complete_lighting_paraphrases_remain_discoverable (tests.test_photo_lighting_composition_boundary_data.LightingCompositionBoundaryDataTests.test_complete_lighting_paraphrases_remain_discoverable) ... ok
test_one_generic_lighting_component_is_not_a_complete_paraphrase (tests.test_photo_lighting_composition_boundary_data.LightingCompositionBoundaryDataTests.test_one_generic_lighting_component_is_not_a_complete_paraphrase) ... ok
test_all_authored_english_component_bundles_avoid_self_exclusion (tests.test_photo_remaining_boundary_data.RemainingBoundaryDataTests.test_all_authored_english_component_bundles_avoid_self_exclusion) ... ok
test_declared_exclusions_still_reject_complete_contexts (tests.test_photo_remaining_boundary_data.RemainingBoundaryDataTests.test_declared_exclusions_still_reject_complete_contexts) ... ok
test_mirror_occlusion_and_head_turn_remain_alternatives (tests.test_photo_remaining_boundary_data.RemainingBoundaryDataTests.test_mirror_occlusion_and_head_turn_remain_alternatives) ... ok
test_repaired_full_bundles_preserve_available_languages (tests.test_photo_remaining_boundary_data.RemainingBoundaryDataTests.test_repaired_full_bundles_preserve_available_languages) ... ok
test_android_factory_candidate_no_longer_owns_plain_clone_tag (tests.test_photo_humanlike_semantics.PhotoHumanlikeSemanticTests.test_android_factory_candidate_no_longer_owns_plain_clone_tag) ... ok
test_five_arm_pixel_cases_bind_exact_registry_gates (tests.test_photo_humanlike_semantics.PhotoHumanlikeSemanticTests.test_five_arm_pixel_cases_bind_exact_registry_gates) ... ok
test_five_profiles_have_independent_obligation_and_gate_ownership (tests.test_photo_humanlike_semantics.PhotoHumanlikeSemanticTests.test_five_profiles_have_independent_obligation_and_gate_ownership) ... ok
test_routing_pairs_keep_exact_profiles_hard_and_components_advisory (tests.test_photo_humanlike_semantics.PhotoHumanlikeSemanticTests.test_routing_pairs_keep_exact_profiles_hard_and_components_advisory) ... ok
test_changing_only_the_initial_direction_does_not_change_requester_duties (tests.test_photo_authorial_direction_scope.PhotoAuthorialDirectionScopeTests.test_changing_only_the_initial_direction_does_not_change_requester_duties) ... ok
test_clarification_allows_open_staging_change_without_demoting_meaning (tests.test_photo_authorial_direction_scope.PhotoAuthorialDirectionScopeTests.test_clarification_allows_open_staging_change_without_demoting_meaning) ... ok
test_mixed_direction_cannot_be_promoted_into_required_clarification (tests.test_photo_authorial_direction_scope.PhotoAuthorialDirectionScopeTests.test_mixed_direction_cannot_be_promoted_into_required_clarification) ... ok
test_required_projection_contains_meaning_not_incidental_direction (tests.test_photo_authorial_direction_scope.PhotoAuthorialDirectionScopeTests.test_required_projection_contains_meaning_not_incidental_direction) ... ok
test_current_lineage_mutation_fails_before_any_replay (tests.test_photo_religion_iconography_boundary_history.ReligionIconographyBoundaryHistoryTests.test_current_lineage_mutation_fails_before_any_replay) ... ok
test_parallel_local_observation_tampering_is_rejected_before_replay (tests.test_photo_religion_iconography_boundary_history.ReligionIconographyBoundaryHistoryTests.test_parallel_local_observation_tampering_is_rejected_before_replay) ... ok
test_prior_photo_observations_are_byte_immutable (tests.test_photo_religion_iconography_boundary_history.ReligionIconographyBoundaryHistoryTests.test_prior_photo_observations_are_byte_immutable) ... ok
test_existing_complete_components_and_missing_groups (tests.test_photo_leading_line_gate_alternatives.LeadingLineGateAlternativesTests.test_existing_complete_components_and_missing_groups) ... ok
test_render_gate_keeps_existing_origin_alternative (tests.test_photo_leading_line_gate_alternatives.LeadingLineGateAlternativesTests.test_render_gate_keeps_existing_origin_alternative) ... ok
test_render_gate_keeps_existing_rhythmic_alternative (tests.test_photo_leading_line_gate_alternatives.LeadingLineGateAlternativesTests.test_render_gate_keeps_existing_rhythmic_alternative) ... ok
test_new_candidate_ids_exist_in_the_expected_slots (tests.test_photo_concept_candidate_expansion.PhotoConceptCandidateExpansionTests.test_new_candidate_ids_exist_in_the_expected_slots) ... ok
test_research_rows_are_approved_and_reference_real_candidates (tests.test_photo_concept_candidate_expansion.PhotoConceptCandidateExpansionTests.test_research_rows_are_approved_and_reference_real_candidates) ... ok
test_semantic_index_ranks_new_keyword_families_in_owned_slots (tests.test_photo_concept_candidate_expansion.PhotoConceptCandidateExpansionTests.test_semantic_index_ranks_new_keyword_families_in_owned_slots) ... ok

----------------------------------------------------------------------
Ran 220 tests in 793.554s

OK
