test_all_29_direct_selections_compile_and_audit (tests.test_subculture_illustration_moe_elements.SubcultureIllustrationMoeElementTests.test_all_29_direct_selections_compile_and_audit) ... ok
test_inventory_is_exact_34_origin_articles_to_29_elements (tests.test_subculture_illustration_moe_elements.SubcultureIllustrationMoeElementTests.test_inventory_is_exact_34_origin_articles_to_29_elements) ... ok
test_all_29_neutral_requests_choose_canonical_research_candidates (tests.test_subculture_illustration_moe_elements.SubcultureIllustrationMoeGrammarV2Tests.test_all_29_neutral_requests_choose_canonical_research_candidates) ... ok
test_all_29_preferences_select_the_expected_material_variant (tests.test_subculture_illustration_moe_elements.SubcultureIllustrationMoeGrammarV2Tests.test_all_29_preferences_select_the_expected_material_variant) ... ok
test_compiled_grammar_is_reproducible_and_research_rich (tests.test_subculture_illustration_moe_elements.SubcultureIllustrationMoeGrammarV2Tests.test_compiled_grammar_is_reproducible_and_research_rich) ... ok
test_complete_reviewed_aliases_are_explicit_inputs_not_concept_scans (tests.test_subculture_illustration_moe_elements.SubcultureIllustrationMoeGrammarV2Tests.test_complete_reviewed_aliases_are_explicit_inputs_not_concept_scans) ... ok
test_conflicts_and_representation_limits_fail_closed (tests.test_subculture_illustration_moe_elements.SubcultureIllustrationMoeGrammarV2Tests.test_conflicts_and_representation_limits_fail_closed) ... ok
test_creative_cue_changes_development_not_stored_creativity (tests.test_subculture_illustration_moe_elements.SubcultureIllustrationMoeGrammarV2Tests.test_creative_cue_changes_development_not_stored_creativity) ... ok
test_existing_safety_retry_and_photo_baseline_assets_are_byte_stable (tests.test_subculture_illustration_moe_elements.SubcultureIllustrationMoeGrammarV2Tests.test_existing_safety_retry_and_photo_baseline_assets_are_byte_stable) ... ok
test_prompt_and_plan_mutations_are_rejected (tests.test_subculture_illustration_moe_elements.SubcultureIllustrationMoeGrammarV2Tests.test_prompt_and_plan_mutations_are_rejected) ... ok
test_six_cross_element_cases_use_one_global_primary_and_two_supports (tests.test_subculture_illustration_moe_elements.SubcultureIllustrationMoeGrammarV2Tests.test_six_cross_element_cases_use_one_global_primary_and_two_supports) ... ok
test_six_representative_combinations (tests.test_subculture_illustration_moe_elements.SubcultureIllustrationMoeGrammarV2Tests.test_six_representative_combinations) ... ok
test_twelve_prompt_evidence_comparisons_are_bound_to_current_grammar (tests.test_subculture_illustration_moe_elements.SubcultureIllustrationMoeGrammarV2Tests.test_twelve_prompt_evidence_comparisons_are_bound_to_current_grammar) ... ok
test_unrequested_elements_and_sparse_evidence_mutations_fail_closed (tests.test_subculture_illustration_moe_elements.SubcultureIllustrationMoeGrammarV2Tests.test_unrequested_elements_and_sparse_evidence_mutations_fail_closed) ... ok
test_all_neutral_and_preference_requests_bind_and_audit_meaning (tests.test_subculture_illustration_moe_elements.SubcultureIllustrationMoeGrammarV3Tests.test_all_neutral_and_preference_requests_bind_and_audit_meaning) ... ok
test_safe_analogue_and_medium_capability_cannot_be_overclaimed (tests.test_subculture_illustration_moe_elements.SubcultureIllustrationMoeGrammarV3Tests.test_safe_analogue_and_medium_capability_cannot_be_overclaimed) ... ok
test_sensitive_label_component_and_contract_mutations_fail_closed (tests.test_subculture_illustration_moe_elements.SubcultureIllustrationMoeGrammarV3Tests.test_sensitive_label_component_and_contract_mutations_fail_closed) ... ok
test_v3_compile_is_reproducible_and_all_meanings_are_normalized (tests.test_subculture_illustration_moe_elements.SubcultureIllustrationMoeGrammarV3Tests.test_v3_compile_is_reproducible_and_all_meanings_are_normalized) ... ok
test_v3_qualification_is_bound_to_current_assets (tests.test_subculture_illustration_moe_elements.SubcultureIllustrationMoeGrammarV3Tests.test_v3_qualification_is_bound_to_current_assets) ... ok
test_alias_relations_activate_or_reject_without_silent_substitution (tests.test_subculture_illustration_moe_elements.SubcultureIllustrationMoeGrammarV4Tests.test_alias_relations_activate_or_reject_without_silent_substitution) ... ok
test_all_29_canonical_elements_emit_and_audit_visual_evidence (tests.test_subculture_illustration_moe_elements.SubcultureIllustrationMoeGrammarV4Tests.test_all_29_canonical_elements_emit_and_audit_visual_evidence) ... ok
test_negative_confound_is_pixel_review_not_a_lexical_ban (tests.test_subculture_illustration_moe_elements.SubcultureIllustrationMoeGrammarV4Tests.test_negative_confound_is_pixel_review_not_a_lexical_ban) ... ok
test_sensitive_label_is_omitted_while_visual_geometry_stays_exact (tests.test_subculture_illustration_moe_elements.SubcultureIllustrationMoeGrammarV4Tests.test_sensitive_label_is_omitted_while_visual_geometry_stays_exact) ... ok
test_six_multi_element_cases_share_visual_mode_and_sparse_budget (tests.test_subculture_illustration_moe_elements.SubcultureIllustrationMoeGrammarV4Tests.test_six_multi_element_cases_share_visual_mode_and_sparse_budget) ... ok
test_v4_qualification_covers_all_canonical_and_alias_contracts (tests.test_subculture_illustration_moe_elements.SubcultureIllustrationMoeGrammarV4Tests.test_v4_qualification_covers_all_canonical_and_alias_contracts) ... ok
test_variant_alias_forces_one_lineage_without_cross_variant_mixing (tests.test_subculture_illustration_moe_elements.SubcultureIllustrationMoeGrammarV4Tests.test_variant_alias_forces_one_lineage_without_cross_variant_mixing) ... ok
test_visual_assets_and_v4_grammar_are_reproducible_and_complete (tests.test_subculture_illustration_moe_elements.SubcultureIllustrationMoeGrammarV4Tests.test_visual_assets_and_v4_grammar_are_reproducible_and_complete) ... ok
test_visual_phrase_contract_and_medium_mutations_fail_closed (tests.test_subculture_illustration_moe_elements.SubcultureIllustrationMoeGrammarV4Tests.test_visual_phrase_contract_and_medium_mutations_fail_closed) ... ok
test_added_keyword_variants_remain_semantically_separate (tests.test_subculture_illustration_moe_elements.SubcultureIllustrationMoeGrammarV5Tests.test_added_keyword_variants_remain_semantically_separate) ... ok
test_added_related_terms_fail_closed (tests.test_subculture_illustration_moe_elements.SubcultureIllustrationMoeGrammarV5Tests.test_added_related_terms_fail_closed) ... ok
test_additions_manifest_and_qualification_are_reproducible (tests.test_subculture_illustration_moe_elements.SubcultureIllustrationMoeGrammarV5Tests.test_additions_manifest_and_qualification_are_reproducible) ... ok
test_all_seven_requested_keywords_bind_and_audit (tests.test_subculture_illustration_moe_elements.SubcultureIllustrationMoeGrammarV5Tests.test_all_seven_requested_keywords_bind_and_audit) ... ok
test_ambiguous_cat_pose_and_related_terms_fail_closed (tests.test_subculture_illustration_moe_elements.SubcultureIllustrationMoeGrammarV5Tests.test_ambiguous_cat_pose_and_related_terms_fail_closed) ... ok
test_non_equivalent_archetypes_do_not_silently_activate_each_other (tests.test_subculture_illustration_moe_elements.SubcultureIllustrationMoeGrammarV5Tests.test_non_equivalent_archetypes_do_not_silently_activate_each_other) ... ok
test_ntr_variants_separate_viewpoint_and_prior_relationship (tests.test_subculture_illustration_moe_elements.SubcultureIllustrationMoeGrammarV5Tests.test_ntr_variants_separate_viewpoint_and_prior_relationship) ... ok
test_sensitive_runtime_labels_are_omitted_but_geometry_remains (tests.test_subculture_illustration_moe_elements.SubcultureIllustrationMoeGrammarV5Tests.test_sensitive_runtime_labels_are_omitted_but_geometry_remains) ... ok
test_ten_added_visual_keywords_bind_and_audit (tests.test_subculture_illustration_moe_elements.SubcultureIllustrationMoeGrammarV5Tests.test_ten_added_visual_keywords_bind_and_audit) ... ok
test_visual_addition_hash_mutation_fails_even_after_pack_rehash (tests.test_subculture_illustration_moe_elements.SubcultureIllustrationMoeGrammarV5Tests.test_visual_addition_hash_mutation_fails_even_after_pack_rehash) ... ok
test_empty_or_guarded_slots_do_not_receive_a_quota (tests.test_photo_retrieval_runtime_improvement.PhotoRetrievalAdmissionTests.test_empty_or_guarded_slots_do_not_receive_a_quota) ... ok
test_late_supported_slots_get_admission_without_increasing_budget (tests.test_photo_retrieval_runtime_improvement.PhotoRetrievalAdmissionTests.test_late_supported_slots_get_admission_without_increasing_budget) ... ok
test_multiple_discovered_options_survive_without_starving_supported_slots (tests.test_photo_retrieval_runtime_improvement.PhotoRetrievalAdmissionTests.test_multiple_discovered_options_survive_without_starving_supported_slots) ... ok
test_source_iteration_order_does_not_change_admission (tests.test_photo_retrieval_runtime_improvement.PhotoRetrievalAdmissionTests.test_source_iteration_order_does_not_change_admission) ... ok
test_background_source_and_other_carrier_do_not_establish_subject_light_direction (tests.test_photo_retrieval_runtime_improvement.PhotoRetrievalOwnerQueryTests.test_background_source_and_other_carrier_do_not_establish_subject_light_direction) ... ok
test_direction_queries_carry_owner_evidence_without_unrelated_scene_prose (tests.test_photo_retrieval_runtime_improvement.PhotoRetrievalOwnerQueryTests.test_direction_queries_carry_owner_evidence_without_unrelated_scene_prose) ... ok
test_excluded_owner_phrase_cannot_create_a_positive_slot_query (tests.test_photo_retrieval_runtime_improvement.PhotoRetrievalOwnerQueryTests.test_excluded_owner_phrase_cannot_create_a_positive_slot_query) ... ok
test_focus_property_is_not_camera_direction_evidence (tests.test_photo_retrieval_runtime_improvement.PhotoRetrievalOwnerQueryTests.test_focus_property_is_not_camera_direction_evidence) ... ok
test_frozen_property_arm_retrieves_existing_upward_and_backlight_coverage (tests.test_photo_retrieval_runtime_improvement.PhotoRetrievalOwnerQueryTests.test_frozen_property_arm_retrieves_existing_upward_and_backlight_coverage) ... ok
test_new_upward_scene_survives_broad_focal_intersection (tests.test_photo_retrieval_runtime_improvement.PhotoRetrievalOwnerQueryTests.test_new_upward_scene_survives_broad_focal_intersection) ... ok
test_missing_and_empty_effects_do_not_claim_partial_lock_compatibility (tests.test_photo_retrieval_runtime_improvement.PhotoRetrievalPropertyEligibilityTests.test_missing_and_empty_effects_do_not_claim_partial_lock_compatibility) ... ok
test_no_property_lock_preserves_legacy_eligibility (tests.test_photo_retrieval_runtime_improvement.PhotoRetrievalPropertyEligibilityTests.test_no_property_lock_preserves_legacy_eligibility) ... ok
test_selection_audit_rechecks_unknown_source_scope_even_if_annotation_is_forged (tests.test_photo_retrieval_runtime_improvement.PhotoRetrievalPropertyEligibilityTests.test_selection_audit_rechecks_unknown_source_scope_even_if_annotation_is_forged) ... ok
test_coarse_nonhuman_context_does_not_establish_object (tests.test_photo_retrieval_runtime_improvement.PhotoRetrievalSubjectHandoffTests.test_coarse_nonhuman_context_does_not_establish_object) ... ok
test_invalid_or_conflicting_types_fail_normalization_and_independent_audit (tests.test_photo_retrieval_runtime_improvement.PhotoRetrievalSubjectHandoffTests.test_invalid_or_conflicting_types_fail_normalization_and_independent_audit) ... ok
test_type_cannot_override_human_or_no_people_context (tests.test_photo_retrieval_runtime_improvement.PhotoRetrievalSubjectHandoffTests.test_type_cannot_override_human_or_no_people_context) ... ok
test_typed_categories_preserve_the_surface_slot_boundary_before_ranking (tests.test_photo_retrieval_runtime_improvement.PhotoRetrievalSubjectHandoffTests.test_typed_categories_preserve_the_surface_slot_boundary_before_ranking) ... ok
test_advisory_discovery_adds_no_requester_duty_and_obeys_closed_and_partial_locks (tests.test_photo_editing_effects_semantics.PhotoEditingEffectsSemanticsTests.test_advisory_discovery_adds_no_requester_duty_and_obeys_closed_and_partial_locks) ... ok
test_all_reference_rows_have_reviewed_dispositions_and_no_metadata_aesthetic (tests.test_photo_editing_effects_semantics.PhotoEditingEffectsSemanticsTests.test_all_reference_rows_have_reviewed_dispositions_and_no_metadata_aesthetic) ... ok
test_all_simultaneous_bundle_units_have_their_own_required_component (tests.test_photo_editing_effects_semantics.PhotoEditingEffectsSemanticsTests.test_all_simultaneous_bundle_units_have_their_own_required_component) ... ok
test_coexisting_effects_remain_applicable_but_substitution_only_is_rejected (tests.test_photo_editing_effects_semantics.PhotoEditingEffectsSemanticsTests.test_coexisting_effects_remain_applicable_but_substitution_only_is_rejected) ... ok
test_declared_owners_preserve_legacy_compounds_and_add_atomic_effects (tests.test_photo_editing_effects_semantics.PhotoEditingEffectsSemanticsTests.test_declared_owners_preserve_legacy_compounds_and_add_atomic_effects) ... ok
test_discovery_configuration_rejects_unbounded_or_unscoped_source_opt_in (tests.test_photo_editing_effects_semantics.PhotoEditingEffectsSemanticsTests.test_discovery_configuration_rejects_unbounded_or_unscoped_source_opt_in) ... ok
test_focused_profile_matches_remain_optional_until_separate_opt_in (tests.test_photo_editing_effects_semantics.PhotoEditingEffectsSemanticsTests.test_focused_profile_matches_remain_optional_until_separate_opt_in) ... ok
test_forged_selected_property_effects_fail_source_recomputed_audit (tests.test_photo_editing_effects_semantics.PhotoEditingEffectsSemanticsTests.test_forged_selected_property_effects_fail_source_recomputed_audit) ... ok
test_frozen_three_arm_effects_remain_retrievable_after_core_freeze (tests.test_photo_editing_effects_semantics.PhotoEditingEffectsSemanticsTests.test_frozen_three_arm_effects_remain_retrievable_after_core_freeze) ... ok
test_malformed_property_declarations_fail_before_candidate_use (tests.test_photo_editing_effects_semantics.PhotoEditingEffectsSemanticsTests.test_malformed_property_declarations_fail_before_candidate_use) ... ok
test_partial_lock_blocks_both_visible_and_joint_bundle_admission (tests.test_photo_editing_effects_semantics.PhotoEditingEffectsSemanticsTests.test_partial_lock_blocks_both_visible_and_joint_bundle_admission) ... ok
test_profile_components_are_single_source_all_of_native_gates (tests.test_photo_editing_effects_semantics.PhotoEditingEffectsSemanticsTests.test_profile_components_are_single_source_all_of_native_gates) ... ok
test_retrieval_cannot_bypass_declared_context_guards (tests.test_photo_editing_effects_semantics.PhotoEditingEffectsSemanticsTests.test_retrieval_cannot_bypass_declared_context_guards) ... ok
test_source_property_effects_survive_pack_and_cannot_bypass_partial_color_lock (tests.test_photo_editing_effects_semantics.PhotoEditingEffectsSemanticsTests.test_source_property_effects_survive_pack_and_cannot_bypass_partial_color_lock) ... ok
test_broad_and_ambiguous_labels_never_impose_specific_forms (tests.test_photo_y2k_visual_semantics.PhotoY2KVisualSemanticsTests.test_broad_and_ambiguous_labels_never_impose_specific_forms) ... ok
test_bundle_requires_every_member_and_every_open_dimension (tests.test_photo_y2k_visual_semantics.PhotoY2KVisualSemanticsTests.test_bundle_requires_every_member_and_every_open_dimension) ... ok
test_clothing_proportions_preserve_anatomy (tests.test_photo_y2k_visual_semantics.PhotoY2KVisualSemanticsTests.test_clothing_proportions_preserve_anatomy) ... ok
test_complete_forms_activate_and_excluded_forms_do_not (tests.test_photo_y2k_visual_semantics.PhotoY2KVisualSemanticsTests.test_complete_forms_activate_and_excluded_forms_do_not) ... ok
test_garment_materials_do_not_weaken_nonhuman_material_slot (tests.test_photo_y2k_visual_semantics.PhotoY2KVisualSemanticsTests.test_garment_materials_do_not_weaken_nonhuman_material_slot) ... ok
test_generated_indexes_include_every_new_contract_with_current_source_hashes (tests.test_photo_y2k_visual_semantics.PhotoY2KVisualSemanticsTests.test_generated_indexes_include_every_new_contract_with_current_source_hashes) ... ok
test_generated_lexical_index_exposes_owner_and_modifier_candidates (tests.test_photo_y2k_visual_semantics.PhotoY2KVisualSemanticsTests.test_generated_lexical_index_exposes_owner_and_modifier_candidates) ... ok
test_hinge_alone_does_not_require_screen_and_keys (tests.test_photo_y2k_visual_semantics.PhotoY2KVisualSemanticsTests.test_hinge_alone_does_not_require_screen_and_keys) ... ok
test_owner_gates_are_complete_and_maintenance_is_external (tests.test_photo_y2k_visual_semantics.PhotoY2KVisualSemanticsTests.test_owner_gates_are_complete_and_maintenance_is_external) ... ok
test_owner_specific_palette_cannot_mutate_ornaments_under_color_permission_only (tests.test_photo_y2k_visual_semantics.PhotoY2KVisualSemanticsTests.test_owner_specific_palette_cannot_mutate_ornaments_under_color_permission_only) ... ok
test_unknown_prop_scope_stays_ineligible_and_bound_device_scope_is_explicit (tests.test_photo_y2k_visual_semantics.PhotoY2KVisualSemanticsTests.test_unknown_prop_scope_stays_ineligible_and_bound_device_scope_is_explicit) ... ok
test_wrong_owner_and_surface_substitutes_are_separate_meanings (tests.test_photo_y2k_visual_semantics.PhotoY2KVisualSemanticsTests.test_wrong_owner_and_surface_substitutes_are_separate_meanings) ... ok
test_broad_slanga_genres_and_single_cues_remain_nonhard (tests.test_photo_suggestive_editorial_visual_semantics.PhotoSuggestiveEditorialVisualSemanticsTests.test_broad_slanga_genres_and_single_cues_remain_nonhard) ... ok
test_candidate_atoms_are_reachable (tests.test_photo_suggestive_editorial_visual_semantics.PhotoSuggestiveEditorialVisualSemanticsTests.test_candidate_atoms_are_reachable) ... ok
test_controlled_reveal_requires_target_causality_salience_and_necessity (tests.test_photo_suggestive_editorial_visual_semantics.PhotoSuggestiveEditorialVisualSemanticsTests.test_controlled_reveal_requires_target_causality_salience_and_necessity) ... ok
test_figure_coverage_requires_primary_nonredundant_carrier (tests.test_photo_suggestive_editorial_visual_semantics.PhotoSuggestiveEditorialVisualSemanticsTests.test_figure_coverage_requires_primary_nonredundant_carrier) ... ok
test_generated_indexes_include_new_profiles_and_candidates (tests.test_photo_suggestive_editorial_visual_semantics.PhotoSuggestiveEditorialVisualSemanticsTests.test_generated_indexes_include_new_profiles_and_candidates) ... ok
test_historical_evidence_is_approved_and_remaining_candidates_are_bound (tests.test_photo_suggestive_editorial_visual_semantics.PhotoSuggestiveEditorialVisualSemanticsTests.test_historical_evidence_is_approved_and_remaining_candidates_are_bound) ... ok
test_narrow_exact_terms_route_to_one_expected_profile (tests.test_photo_suggestive_editorial_visual_semantics.PhotoSuggestiveEditorialVisualSemanticsTests.test_narrow_exact_terms_route_to_one_expected_profile) ... ok
test_profiles_are_complete_definition_only_pixel_contracts (tests.test_photo_suggestive_editorial_visual_semantics.PhotoSuggestiveEditorialVisualSemanticsTests.test_profiles_are_complete_definition_only_pixel_contracts) ... ok
test_research_note_records_reference_and_evidence_boundaries (tests.test_photo_suggestive_editorial_visual_semantics.PhotoSuggestiveEditorialVisualSemanticsTests.test_research_note_records_reference_and_evidence_boundaries) ... ok
test_skill_fail_closes_uncovered_focal_meaning (tests.test_photo_suggestive_editorial_visual_semantics.PhotoSuggestiveEditorialVisualSemanticsTests.test_skill_fail_closes_uncovered_focal_meaning) ... ok
test_three_arm_fixture_is_hash_bound_when_present (tests.test_photo_suggestive_editorial_visual_semantics.PhotoSuggestiveEditorialVisualSemanticsTests.test_three_arm_fixture_is_hash_bound_when_present) ... ok
test_broad_vocabulary_remains_advisory (tests.test_photo_violence_crime_visual_semantics.PhotoViolenceCrimeVisualSemanticsTests.test_broad_vocabulary_remains_advisory) ... ok
test_cluster_manifest_binds_every_profile_and_candidate_once (tests.test_photo_violence_crime_visual_semantics.PhotoViolenceCrimeVisualSemanticsTests.test_cluster_manifest_binds_every_profile_and_candidate_once) ... ok
test_direct_contextual_terms_route_only_to_intended_new_profile (tests.test_photo_violence_crime_visual_semantics.PhotoViolenceCrimeVisualSemanticsTests.test_direct_contextual_terms_route_only_to_intended_new_profile) ... ok
test_extension_adds_no_separate_safety_contract_or_slot (tests.test_photo_violence_crime_visual_semantics.PhotoViolenceCrimeVisualSemanticsTests.test_extension_adds_no_separate_safety_contract_or_slot) ... ok
test_extension_has_eleven_complete_six_slot_clusters (tests.test_photo_violence_crime_visual_semantics.PhotoViolenceCrimeVisualSemanticsTests.test_extension_has_eleven_complete_six_slot_clusters) ... ok
test_nearest_substitutes_do_not_activate_new_profiles (tests.test_photo_violence_crime_visual_semantics.PhotoViolenceCrimeVisualSemanticsTests.test_nearest_substitutes_do_not_activate_new_profiles) ... ok
test_real_generated_index_contains_new_profiles_and_vectors (tests.test_photo_violence_crime_visual_semantics.PhotoViolenceCrimeVisualSemanticsTests.test_real_generated_index_contains_new_profiles_and_vectors) ... ok
test_registry_schema_accepts_violence_crime_profiles (tests.test_photo_violence_crime_visual_semantics.PhotoViolenceCrimeVisualSemanticsTests.test_registry_schema_accepts_violence_crime_profiles) ... ok
test_research_evidence_is_approved_and_contract_bound (tests.test_photo_violence_crime_visual_semantics.PhotoViolenceCrimeVisualSemanticsTests.test_research_evidence_is_approved_and_contract_bound) ... ok
test_twenty_profiles_have_relation_evidence_and_pixel_gates (tests.test_photo_violence_crime_visual_semantics.PhotoViolenceCrimeVisualSemanticsTests.test_twenty_profiles_have_relation_evidence_and_pixel_gates) ... ok
test_bm25f_surfaces_each_complete_lighting_cluster_near_the_top (tests.test_photo_lighting_visual_semantics.PhotoLightingVisualSemanticsTests.test_bm25f_surfaces_each_complete_lighting_cluster_near_the_top) ... ok
test_complete_component_description_is_optional_not_hard (tests.test_photo_lighting_visual_semantics.PhotoLightingVisualSemanticsTests.test_complete_component_description_is_optional_not_hard) ... ok
test_equipment_and_measurement_metadata_do_not_hard_activate (tests.test_photo_lighting_visual_semantics.PhotoLightingVisualSemanticsTests.test_equipment_and_measurement_metadata_do_not_hard_activate) ... ok
test_generated_semantic_index_contains_every_lighting_candidate (tests.test_photo_lighting_visual_semantics.PhotoLightingVisualSemanticsTests.test_generated_semantic_index_contains_every_lighting_candidate) ... ok
test_generated_visual_index_contains_every_lighting_profile (tests.test_photo_lighting_visual_semantics.PhotoLightingVisualSemanticsTests.test_generated_visual_index_contains_every_lighting_profile) ... ok
test_narrow_exact_terms_route_to_one_profile (tests.test_photo_lighting_visual_semantics.PhotoLightingVisualSemanticsTests.test_narrow_exact_terms_route_to_one_profile) ... ok
test_negation_and_adjacent_substitutes_fail_closed (tests.test_photo_lighting_visual_semantics.PhotoLightingVisualSemanticsTests.test_negation_and_adjacent_substitutes_fail_closed) ... ok
test_three_arm_cases_are_frozen_profile_distinct_and_reference_bound (tests.test_photo_lighting_visual_semantics.PhotoLightingVisualSemanticsTests.test_three_arm_cases_are_frozen_profile_distinct_and_reference_bound) ... ok
test_twelve_candidate_clusters_merge_as_eighty_four_candidates (tests.test_photo_lighting_visual_semantics.PhotoLightingVisualSemanticsTests.test_twelve_candidate_clusters_merge_as_eighty_four_candidates) ... ok
test_twenty_two_profiles_are_complete_pixel_contracts (tests.test_photo_lighting_visual_semantics.PhotoLightingVisualSemanticsTests.test_twenty_two_profiles_are_complete_pixel_contracts) ... ok
test_acceptance_binds_the_tradeoff_and_retains_adverse_results (tests.test_photo_reef_explicit_unit_data_cleanup.ReefExplicitUnitDataCleanupTests.test_acceptance_binds_the_tradeoff_and_retains_adverse_results) ... ok
test_all_original_queries_and_comparator_cache_remain_exact (tests.test_photo_reef_explicit_unit_data_cleanup.ReefExplicitUnitDataCleanupTests.test_all_original_queries_and_comparator_cache_remain_exact) ... ok
test_ebb_is_coexistence_and_direction_probes_are_not_exclusion_guards (tests.test_photo_reef_explicit_unit_data_cleanup.ReefExplicitUnitDataCleanupTests.test_ebb_is_coexistence_and_direction_probes_are_not_exclusion_guards) ... ok
test_exact_old_labels_and_explicit_unit_are_not_tuned_to_results (tests.test_photo_reef_explicit_unit_data_cleanup.ReefExplicitUnitDataCleanupTests.test_exact_old_labels_and_explicit_unit_are_not_tuned_to_results) ... ok
test_frozen_separate_proposal_queries_and_cost_bound (tests.test_photo_reef_explicit_unit_data_cleanup.ReefExplicitUnitDataCleanupTests.test_frozen_separate_proposal_queries_and_cost_bound) ... ok
test_historical_merged_delta_and_current_sixteen_controls_are_exact (tests.test_photo_reef_explicit_unit_data_cleanup.ReefExplicitUnitDataCleanupTests.test_historical_merged_delta_and_current_sixteen_controls_are_exact) ... ok
test_historical_raw_delta_and_current_reef_fields_are_exact (tests.test_photo_reef_explicit_unit_data_cleanup.ReefExplicitUnitDataCleanupTests.test_historical_raw_delta_and_current_reef_fields_are_exact) ... ok
test_original_trial_stays_deferred_and_portability_preserves_values (tests.test_photo_reef_explicit_unit_data_cleanup.ReefExplicitUnitDataCleanupTests.test_original_trial_stays_deferred_and_portability_preserves_values) ... ok
test_semantic_surfaces_keep_the_frozen_full_process (tests.test_photo_reef_explicit_unit_data_cleanup.ReefExplicitUnitDataCleanupTests.test_semantic_surfaces_keep_the_frozen_full_process) ... ok
test_absent_activity_allows_traces_without_changing_scope_or_guards (tests.test_photo_liminal_active_use_korean_data_cleanup.LiminalActiveUseKoreanDataCleanupTests.test_absent_activity_allows_traces_without_changing_scope_or_guards) ... ok
test_acceptance_binds_gains_costs_and_immutable_recovery_history (tests.test_photo_liminal_active_use_korean_data_cleanup.LiminalActiveUseKoreanDataCleanupTests.test_acceptance_binds_gains_costs_and_immutable_recovery_history) ... ok
test_archived_korean_catalog_changes_one_line_and_current_text_preserves_it (tests.test_photo_liminal_active_use_korean_data_cleanup.LiminalActiveUseKoreanDataCleanupTests.test_archived_korean_catalog_changes_one_line_and_current_text_preserves_it) ... ok
test_complete_merged_state_and_twenty_one_keeps_remain_exact (tests.test_photo_liminal_active_use_korean_data_cleanup.LiminalActiveUseKoreanDataCleanupTests.test_complete_merged_state_and_twenty_one_keeps_remain_exact) ... ERROR
test_complete_raw_source_changes_only_ko_and_predeclared_reference (tests.test_photo_liminal_active_use_korean_data_cleanup.LiminalActiveUseKoreanDataCleanupTests.test_complete_raw_source_changes_only_ko_and_predeclared_reference) ... ok
test_frozen_source_inventory_queries_and_bounded_workload (tests.test_photo_liminal_active_use_korean_data_cleanup.LiminalActiveUseKoreanDataCleanupTests.test_frozen_source_inventory_queries_and_bounded_workload) ... ok
test_historical_provenance_is_preserved_and_current_source_is_bound (tests.test_photo_liminal_active_use_korean_data_cleanup.LiminalActiveUseKoreanDataCleanupTests.test_historical_provenance_is_preserved_and_current_source_is_bound) ... ok
test_historical_v6_preservation_and_current_candidate_projection (tests.test_photo_liminal_active_use_korean_data_cleanup.LiminalActiveUseKoreanDataCleanupTests.test_historical_v6_preservation_and_current_candidate_projection) ... ok
test_independent_queries_and_same_slot_controls_stay_exact (tests.test_photo_liminal_active_use_korean_data_cleanup.LiminalActiveUseKoreanDataCleanupTests.test_independent_queries_and_same_slot_controls_stay_exact) ... ok
test_bm25f_surfaces_each_new_relation_candidate (tests.test_photo_emotional_place_visual_semantics.PhotoEmotionalPlaceVisualSemanticsTests.test_bm25f_surfaces_each_new_relation_candidate) ... ok
test_broad_place_and_mood_terms_remain_candidate_only (tests.test_photo_emotional_place_visual_semantics.PhotoEmotionalPlaceVisualSemanticsTests.test_broad_place_and_mood_terms_remain_candidate_only) ... ok
test_excluded_substitutes_fail_closed (tests.test_photo_emotional_place_visual_semantics.PhotoEmotionalPlaceVisualSemanticsTests.test_excluded_substitutes_fail_closed) ... ok
test_extension_merges_twenty_one_relation_candidates (tests.test_photo_emotional_place_visual_semantics.PhotoEmotionalPlaceVisualSemanticsTests.test_extension_merges_twenty_one_relation_candidates) ... ok
test_generated_semantic_index_contains_every_extension_candidate (tests.test_photo_emotional_place_visual_semantics.PhotoEmotionalPlaceVisualSemanticsTests.test_generated_semantic_index_contains_every_extension_candidate) ... ok
test_generated_visual_index_contains_every_profile_and_exact_term (tests.test_photo_emotional_place_visual_semantics.PhotoEmotionalPlaceVisualSemanticsTests.test_generated_visual_index_contains_every_profile_and_exact_term) ... ok
test_narrow_exact_terms_route_to_one_profile (tests.test_photo_emotional_place_visual_semantics.PhotoEmotionalPlaceVisualSemanticsTests.test_narrow_exact_terms_route_to_one_profile) ... ok
test_ten_profiles_are_complete_five_group_pixel_contracts (tests.test_photo_emotional_place_visual_semantics.PhotoEmotionalPlaceVisualSemanticsTests.test_ten_profiles_are_complete_five_group_pixel_contracts) ... ok
test_three_arm_cases_are_frozen_distinct_and_reference_bound (tests.test_photo_emotional_place_visual_semantics.PhotoEmotionalPlaceVisualSemanticsTests.test_three_arm_cases_are_frozen_distinct_and_reference_bound) ... ok
test_alias_field_outranks_incidental_support_cue (tests.test_photo_bm25f_retrieval.PhotoBm25fRetrievalTests.test_alias_field_outranks_incidental_support_cue) ... ok
test_allowed_ids_are_ranked_as_the_same_corpus_subset (tests.test_photo_bm25f_retrieval.PhotoBm25fRetrievalTests.test_allowed_ids_are_ranked_as_the_same_corpus_subset) ... ok
test_cjk_segmentation_preserves_longest_matches_and_unmatched_gaps (tests.test_photo_bm25f_retrieval.PhotoBm25fRetrievalTests.test_cjk_segmentation_preserves_longest_matches_and_unmatched_gaps) ... ok
test_index_validation_detects_stale_authored_fields (tests.test_photo_bm25f_retrieval.PhotoBm25fRetrievalTests.test_index_validation_detects_stale_authored_fields) ... ok
test_japanese_compounds_use_longest_first_authored_lexicon (tests.test_photo_bm25f_retrieval.PhotoBm25fRetrievalTests.test_japanese_compounds_use_longest_first_authored_lexicon) ... ok
test_korean_boundaries_do_not_turn_appearance_into_moe (tests.test_photo_bm25f_retrieval.PhotoBm25fRetrievalTests.test_korean_boundaries_do_not_turn_appearance_into_moe) ... ok
test_rank_and_rrf_ties_are_deterministic (tests.test_photo_bm25f_retrieval.PhotoBm25fRetrievalTests.test_rank_and_rrf_ties_are_deterministic) ... ok
test_reused_lexicon_tracks_changed_content (tests.test_photo_bm25f_retrieval.PhotoBm25fRetrievalTests.test_reused_lexicon_tracks_changed_content) ... ok
test_validation_is_read_only_and_rejects_a_later_index_edit (tests.test_photo_bm25f_retrieval.PhotoBm25fRetrievalTests.test_validation_is_read_only_and_rejects_a_later_index_edit) ... ok
test_acceptance_binds_name_gain_score_costs_and_target_absence (tests.test_photo_protostar_korean_alias_data_cleanup.ProtostarKoreanAliasDataCleanupTests.test_acceptance_binds_name_gain_score_costs_and_target_absence) ... ok
test_complete_raw_space_extension_has_only_one_qualified_alias_append (tests.test_photo_protostar_korean_alias_data_cleanup.ProtostarKoreanAliasDataCleanupTests.test_complete_raw_space_extension_has_only_one_qualified_alias_append) ... ok
test_existing_name_and_disk_outflow_specialization_are_unchanged (tests.test_photo_protostar_korean_alias_data_cleanup.ProtostarKoreanAliasDataCleanupTests.test_existing_name_and_disk_outflow_specialization_are_unchanged) ... ok
test_frozen_inventory_probes_and_bounded_cost (tests.test_photo_protostar_korean_alias_data_cleanup.ProtostarKoreanAliasDataCleanupTests.test_frozen_inventory_probes_and_bounded_cost) ... ok
test_historical_merged_state_and_current_nineteen_keeps_are_exact (tests.test_photo_protostar_korean_alias_data_cleanup.ProtostarKoreanAliasDataCleanupTests.test_historical_merged_state_and_current_nineteen_keeps_are_exact) ... ok
test_historical_other_merged_rows_and_current_natural_rows_are_exact (tests.test_photo_protostar_korean_alias_data_cleanup.ProtostarKoreanAliasDataCleanupTests.test_historical_other_merged_rows_and_current_natural_rows_are_exact) ... ok
test_historical_v6_full_pack_detail_and_overview_preserve_genuine_subject_context (tests.test_photo_protostar_korean_alias_data_cleanup.ProtostarKoreanAliasDataCleanupTests.test_historical_v6_full_pack_detail_and_overview_preserve_genuine_subject_context) ... ok
test_independent_probes_names_and_controls_are_existing_subjects (tests.test_photo_protostar_korean_alias_data_cleanup.ProtostarKoreanAliasDataCleanupTests.test_independent_probes_names_and_controls_are_existing_subjects) ... ok
test_candidate_pack_covers_each_independent_makeup_axis (tests.test_photo_makeup_visual_semantics.PhotoMakeupVisualSemanticsTests.test_candidate_pack_covers_each_independent_makeup_axis) ... ok
test_definition_only_profiles_hide_ambiguous_or_value_loaded_labels (tests.test_photo_makeup_visual_semantics.PhotoMakeupVisualSemanticsTests.test_definition_only_profiles_hide_ambiguous_or_value_loaded_labels) ... ok
test_embedding_only_component_paraphrase_remains_optional (tests.test_photo_makeup_visual_semantics.PhotoMakeupVisualSemanticsTests.test_embedding_only_component_paraphrase_remains_optional) ... ok
test_exact_terms_route_and_confusers_or_negations_fail_closed (tests.test_photo_makeup_visual_semantics.PhotoMakeupVisualSemanticsTests.test_exact_terms_route_and_confusers_or_negations_fail_closed) ... ok
test_generated_index_is_registry_bound_for_every_makeup_profile (tests.test_photo_makeup_visual_semantics.PhotoMakeupVisualSemanticsTests.test_generated_index_is_registry_bound_for_every_makeup_profile) ... ok
test_makeup_profiles_are_component_and_pixel_contracts (tests.test_photo_makeup_visual_semantics.PhotoMakeupVisualSemanticsTests.test_makeup_profiles_are_component_and_pixel_contracts) ... ok
test_research_evidence_is_approved_source_bound_and_candidate_bound (tests.test_photo_makeup_visual_semantics.PhotoMakeupVisualSemanticsTests.test_research_evidence_is_approved_source_bound_and_candidate_bound) ... ok
test_runtime_semantics_do_not_encode_demographic_or_beauty_values (tests.test_photo_makeup_visual_semantics.PhotoMakeupVisualSemanticsTests.test_runtime_semantics_do_not_encode_demographic_or_beauty_values) ... ok
test_adjacent_visual_substitutes_fail_closed (tests.test_photo_capture_elements_visual_semantics.PhotoCaptureElementsVisualSemanticsTests.test_adjacent_visual_substitutes_fail_closed) ... ok
test_broad_equipment_and_look_labels_never_force_hard_profiles (tests.test_photo_capture_elements_visual_semantics.PhotoCaptureElementsVisualSemanticsTests.test_broad_equipment_and_look_labels_never_force_hard_profiles) ... ok
test_generated_index_is_current_and_contains_every_profile (tests.test_photo_capture_elements_visual_semantics.PhotoCaptureElementsVisualSemanticsTests.test_generated_index_is_current_and_contains_every_profile) ... ok
test_narrow_exact_terms_route_to_one_profile (tests.test_photo_capture_elements_visual_semantics.PhotoCaptureElementsVisualSemanticsTests.test_narrow_exact_terms_route_to_one_profile) ... ok
test_profiles_are_complete_five_group_pixel_contracts (tests.test_photo_capture_elements_visual_semantics.PhotoCaptureElementsVisualSemanticsTests.test_profiles_are_complete_five_group_pixel_contracts) ... ok
test_research_note_preserves_metadata_and_evidence_boundaries (tests.test_photo_capture_elements_visual_semantics.PhotoCaptureElementsVisualSemanticsTests.test_research_note_preserves_metadata_and_evidence_boundaries) ... ok
test_semantic_panning_paraphrase_projects_optional_candidate_only (tests.test_photo_capture_elements_visual_semantics.PhotoCaptureElementsVisualSemanticsTests.test_semantic_panning_paraphrase_projects_optional_candidate_only) ... ok
test_three_arm_render_fixture_is_hash_bound_and_fail_closed (tests.test_photo_capture_elements_visual_semantics.PhotoCaptureElementsVisualSemanticsTests.test_three_arm_render_fixture_is_hash_bound_and_fail_closed) ... ok
test_advisory_candidates_cover_research_topics_without_negative_footer (tests.test_photo_reactorprompt_visual_relations.PhotoReactorPromptVisualRelationsTests.test_advisory_candidates_cover_research_topics_without_negative_footer) ... ok
test_broad_or_confounded_terms_remain_non_hard (tests.test_photo_reactorprompt_visual_relations.PhotoReactorPromptVisualRelationsTests.test_broad_or_confounded_terms_remain_non_hard) ... ok
test_exact_terms_activate_only_narrow_profiles (tests.test_photo_reactorprompt_visual_relations.PhotoReactorPromptVisualRelationsTests.test_exact_terms_activate_only_narrow_profiles) ... ok
test_generated_indexes_include_profiles_and_candidates (tests.test_photo_reactorprompt_visual_relations.PhotoReactorPromptVisualRelationsTests.test_generated_indexes_include_profiles_and_candidates) ... ok
test_profile_projection_carries_relation_metadata_into_candidate_pack (tests.test_photo_reactorprompt_visual_relations.PhotoReactorPromptVisualRelationsTests.test_profile_projection_carries_relation_metadata_into_candidate_pack) ... ok
test_three_arm_fixture_preserves_independence_and_all_of_gates (tests.test_photo_reactorprompt_visual_relations.PhotoReactorPromptVisualRelationsTests.test_three_arm_fixture_preserves_independence_and_all_of_gates) ... ok
test_three_request_scoped_profiles_have_typed_relation_contracts (tests.test_photo_reactorprompt_visual_relations.PhotoReactorPromptVisualRelationsTests.test_three_request_scoped_profiles_have_typed_relation_contracts) ... ok
test_authored_sources_and_generated_indexes_bind_every_registered_variant (tests.test_photo_clothing_terminology_semantics.ClothingTerminologySemanticsTests.test_authored_sources_and_generated_indexes_bind_every_registered_variant) ... ok
test_component_supported_embedding_discovery_is_optional (tests.test_photo_clothing_terminology_semantics.ClothingTerminologySemanticsTests.test_component_supported_embedding_discovery_is_optional) ... ok
test_homonyms_family_labels_negation_and_owner_changes_do_not_harden (tests.test_photo_clothing_terminology_semantics.ClothingTerminologySemanticsTests.test_homonyms_family_labels_negation_and_owner_changes_do_not_harden) ... ok
test_joint_bundles_are_optional_complete_and_scope_guarded (tests.test_photo_clothing_terminology_semantics.ClothingTerminologySemanticsTests.test_joint_bundles_are_optional_complete_and_scope_guarded) ... ok
test_registry_validator_accepts_scoped_discovery_and_rejects_unbounded_fields (tests.test_photo_clothing_terminology_semantics.ClothingTerminologySemanticsTests.test_registry_validator_accepts_scoped_discovery_and_rejects_unbounded_fields) ... ok
test_scope_has_no_body_geometry_or_provenance_only_promotion (tests.test_photo_clothing_terminology_semantics.ClothingTerminologySemanticsTests.test_scope_has_no_body_geometry_or_provenance_only_promotion) ... ok
test_visible_variant_activates_in_english_and_korean_without_alternative (tests.test_photo_clothing_terminology_semantics.ClothingTerminologySemanticsTests.test_visible_variant_activates_in_english_and_korean_without_alternative) ... ok
test_bundle_scopes_and_missing_members (tests.test_photo_palace_fortification_semantics.PalaceFortificationTests.test_bundle_scopes_and_missing_members) ... ok
test_complete_relations_without_person_and_component_omission (tests.test_photo_palace_fortification_semantics.PalaceFortificationTests.test_complete_relations_without_person_and_component_omission) ... ok
test_gate_and_bridge_are_distinct_and_can_coexist (tests.test_photo_palace_fortification_semantics.PalaceFortificationTests.test_gate_and_bridge_are_distinct_and_can_coexist) ... ok
test_homonyms_negation_and_broad_style_do_not_impose_geometry (tests.test_photo_palace_fortification_semantics.PalaceFortificationTests.test_homonyms_negation_and_broad_style_do_not_impose_geometry) ... ok
test_provenance_does_not_enter_runtime_candidate_fields (tests.test_photo_palace_fortification_semantics.PalaceFortificationTests.test_provenance_does_not_enter_runtime_candidate_fields) ... ok
test_retrieval_never_hardens_an_advisory_interpretation (tests.test_photo_palace_fortification_semantics.PalaceFortificationTests.test_retrieval_never_hardens_an_advisory_interpretation) ... ok
test_neutral_component_matches_require_opt_in (tests.test_photo_semantic_guidance_data.PhotoSemanticGuidanceDataTests.test_neutral_component_matches_require_opt_in) ... ok
test_neutral_relation_evidence_must_remain_literal_in_composed_prompt (tests.test_photo_semantic_guidance_data.PhotoSemanticGuidanceDataTests.test_neutral_relation_evidence_must_remain_literal_in_composed_prompt) ... ok
test_neutral_relations_accept_complete_structure_and_reject_substitution (tests.test_photo_semantic_guidance_data.PhotoSemanticGuidanceDataTests.test_neutral_relations_accept_complete_structure_and_reject_substitution) ... ok
test_sheer_requires_every_textile_light_and_layer_field (tests.test_photo_semantic_guidance_data.PhotoSemanticGuidanceDataTests.test_sheer_requires_every_textile_light_and_layer_field) ... ok
test_sheer_underlying_surface_choices_are_valid_but_not_interchangeable_after_freezing (tests.test_photo_semantic_guidance_data.PhotoSemanticGuidanceDataTests.test_sheer_underlying_surface_choices_are_valid_but_not_interchangeable_after_freezing) ... ok
test_cat_eared_human_core_does_not_route_to_animal_subject (tests.test_photo_slot_query_fusion.PhotoSlotQueryFusionTests.test_cat_eared_human_core_does_not_route_to_animal_subject) ... ok
test_focus_queries_use_relevant_frozen_fields_and_redact_exclusions (tests.test_photo_slot_query_fusion.PhotoSlotQueryFusionTests.test_focus_queries_use_relevant_frozen_fields_and_redact_exclusions) ... ok
test_guarded_action_lookup_recovers_focus_without_inherited_choices (tests.test_photo_slot_query_fusion.PhotoSlotQueryFusionTests.test_guarded_action_lookup_recovers_focus_without_inherited_choices) ... ok
test_subject_lookup_keeps_typed_human_and_adult_style_guards (tests.test_photo_slot_query_fusion.PhotoSlotQueryFusionTests.test_subject_lookup_keeps_typed_human_and_adult_style_guards) ... ok
test_all_researched_visual_rows_are_optional_candidates (tests.test_photo_photorealism_elements_semantics.PhotorealismElementsTests.test_all_researched_visual_rows_are_optional_candidates) ... ok
test_bundles_require_all_members_and_open_dimensions (tests.test_photo_photorealism_elements_semantics.PhotorealismElementsTests.test_bundles_require_all_members_and_open_dimensions) ... ok
test_exact_complete_relation_hardens_but_label_or_fragment_does_not (tests.test_photo_photorealism_elements_semantics.PhotorealismElementsTests.test_exact_complete_relation_hardens_but_label_or_fragment_does_not) ... ok
test_generated_indexes_bind_sources (tests.test_photo_photorealism_elements_semantics.PhotorealismElementsTests.test_generated_indexes_bind_sources) ... ok
test_audit_covers_fifty_eight_published_rows_and_not_the_deferred_trial (tests.test_photo_data_cleanup_public_surfaces.DataCleanupPublicSurfaceTests.test_audit_covers_fifty_eight_published_rows_and_not_the_deferred_trial) ... ok
test_crochet_source_korean_label_preserves_english_final_unit (tests.test_photo_data_cleanup_public_surfaces.DataCleanupPublicSurfaceTests.test_crochet_source_korean_label_preserves_english_final_unit) ... ok
test_harbor_source_korean_label_does_not_imply_final_korean_units (tests.test_photo_data_cleanup_public_surfaces.DataCleanupPublicSurfaceTests.test_harbor_source_korean_label_does_not_imply_final_korean_units) ... ok
test_jpeg_repaired_owner_survives_final_semantic_overlay (tests.test_photo_data_cleanup_public_surfaces.DataCleanupPublicSurfaceTests.test_jpeg_repaired_owner_survives_final_semantic_overlay) ... ok
test_frozen_photo_baseline_is_historical_and_not_a_current_adapter (tests.test_subculture_illustration_photo_boundary.SubcultureIllustrationPhotoBoundaryTests.test_frozen_photo_baseline_is_historical_and_not_a_current_adapter) ... ok
test_illustration_introduction_did_not_modify_photo_runtime (tests.test_subculture_illustration_photo_boundary.SubcultureIllustrationPhotoBoundaryTests.test_illustration_introduction_did_not_modify_photo_runtime) ... ok
test_illustration_modules_do_not_import_photo_runtime (tests.test_subculture_illustration_photo_boundary.SubcultureIllustrationPhotoBoundaryTests.test_illustration_modules_do_not_import_photo_runtime) ... ok
test_complete_glossy_and_diffuse_component_variants (tests.test_photo_receiver_material_response.ReceiverMaterialResponseTests.test_complete_glossy_and_diffuse_component_variants) ... ok
test_receiver_evidence_and_gates_preserve_material (tests.test_photo_receiver_material_response.ReceiverMaterialResponseTests.test_receiver_evidence_and_gates_preserve_material) ... ok
test_single_relation_is_not_a_complete_paraphrase (tests.test_photo_receiver_material_response.ReceiverMaterialResponseTests.test_single_relation_is_not_a_complete_paraphrase) ... ok
test_material_evidence_retains_original_anchors_and_floor (tests.test_photo_kebaya_material_alternative.KebayaMaterialAlternativeTests.test_material_evidence_retains_original_anchors_and_floor) ... ok
test_plain_and_embroidered_material_preserve_required_components (tests.test_photo_kebaya_material_alternative.KebayaMaterialAlternativeTests.test_plain_and_embroidered_material_preserve_required_components) ... ok
test_plain_cloth_does_not_override_exclusions (tests.test_photo_kebaya_material_alternative.KebayaMaterialAlternativeTests.test_plain_cloth_does_not_override_exclusions) ... ok
test_gate_and_composition_allow_original_anchor_alternative (tests.test_photo_aurora_anchor_alternative.AuroraAnchorAlternativeTests.test_gate_and_composition_allow_original_anchor_alternative) ... ok
test_old_label_preserved_new_label_additive (tests.test_photo_aurora_anchor_alternative.AuroraAnchorAlternativeTests.test_old_label_preserved_new_label_additive) ... ok
test_strict_morphology_retained (tests.test_photo_aurora_anchor_alternative.AuroraAnchorAlternativeTests.test_strict_morphology_retained) ... ok

======================================================================
ERROR: test_complete_merged_state_and_twenty_one_keeps_remain_exact (tests.test_photo_liminal_active_use_korean_data_cleanup.LiminalActiveUseKoreanDataCleanupTests.test_complete_merged_state_and_twenty_one_keeps_remain_exact)
----------------------------------------------------------------------
Traceback (most recent call last):
  File "/Users/chasoik/Projects/image-prompt/tests/test_photo_liminal_active_use_korean_data_cleanup.py", line 91, in test_complete_merged_state_and_twenty_one_keeps_remain_exact
    historical_current = common.g.load_json(ASSETS / 'photo_prompt_tags.json')
  File "/Users/chasoik/Projects/image-prompt/skills/photo-prompt-image-generator/scripts/prompt_generator.py", line 1322, in load_json
    data = merge_research_extension(data, extension)
  File "/Users/chasoik/Projects/image-prompt/skills/photo-prompt-image-generator/scripts/prompt_generator.py", line 784, in merge_research_extension
    photo_candidate_semantics.extend_slot_contexts(
    ~~~~~~~~~~~~~~~~~~~~~~~~~~~~~~~~~~~~~~~~~~~~~~^
        slots, extension.get("existing_slot_context_extensions"))
        ^^^^^^^^^^^^^^^^^^^^^^^^^^^^^^^^^^^^^^^^^^^^^^^^^^^^^^^^^
  File "/Users/chasoik/Projects/image-prompt/skills/photo-prompt-image-generator/scripts/photo_candidate_semantics.py", line 88, in extend_slot_contexts
    raise ValueError(f"context extension references unknown entry {slot}.{entry_id}")
ValueError: context extension references unknown entry expression.pv_half_lidded

----------------------------------------------------------------------
Ran 221 tests in 603.230s

FAILED (errors=1)
