test_all_14_historical_fixed_roles_reject_authority_and_value_mutations (tests.test_subculture_illustration_universal_scene_v3.UniversalSceneCurrentOracleV2Tests.test_all_14_historical_fixed_roles_reject_authority_and_value_mutations) ... ok
test_crosswalk_guards_closed_outcomes_and_tone_carriers_are_typed (tests.test_subculture_illustration_universal_scene_v3.UniversalSceneCurrentOracleV2Tests.test_crosswalk_guards_closed_outcomes_and_tone_carriers_are_typed) ... ok
test_current_contract_scope_binding_and_relative_pointer_mutations_reject (tests.test_subculture_illustration_universal_scene_v3.UniversalSceneCurrentOracleV2Tests.test_current_contract_scope_binding_and_relative_pointer_mutations_reject) ... ok
test_current_contract_v2_is_literal_partitioned_and_case12_is_actor_scoped (tests.test_subculture_illustration_universal_scene_v3.UniversalSceneCurrentOracleV2Tests.test_current_contract_v2_is_literal_partitioned_and_case12_is_actor_scoped) ... ok
test_current_oracle_exact_projection_lineage_and_mapping_totals (tests.test_subculture_illustration_universal_scene_v3.UniversalSceneCurrentOracleV2Tests.test_current_oracle_exact_projection_lineage_and_mapping_totals) ... ok
test_descriptive_baseline_cannot_override_module_or_manifest_authority (tests.test_subculture_illustration_universal_scene_v3.UniversalSceneCurrentOracleV2Tests.test_descriptive_baseline_cannot_override_module_or_manifest_authority) ... ok
test_production_runtime_cannot_load_holdout_or_branch_on_case_id (tests.test_subculture_illustration_universal_scene_v3.UniversalSceneCurrentOracleV2Tests.test_production_runtime_cannot_load_holdout_or_branch_on_case_id) ... ok
test_projection_lineage_revision_mapping_and_closed_bridge_mutations_reject (tests.test_subculture_illustration_universal_scene_v3.UniversalSceneCurrentOracleV2Tests.test_projection_lineage_revision_mapping_and_closed_bridge_mutations_reject) ... ok
test_raw_source_current_crosswalk_manifest_and_v1_baseline_hashes_fail_closed (tests.test_subculture_illustration_universal_scene_v3.UniversalSceneCurrentOracleV2Tests.test_raw_source_current_crosswalk_manifest_and_v1_baseline_hashes_fail_closed) ... ok
test_asset_ref_predicate_topic_and_pair_mutations_fail_closed (tests.test_subculture_illustration_universal_scene_v3.UniversalSceneDataContractTests.test_asset_ref_predicate_topic_and_pair_mutations_fail_closed) ... ok
test_executable_assets_cover_topics_and_all_typed_refs (tests.test_subculture_illustration_universal_scene_v3.UniversalSceneDataContractTests.test_executable_assets_cover_topics_and_all_typed_refs) ... ok
test_existing_render_manifests_keep_historical_failure_labels (tests.test_subculture_illustration_universal_scene_v3.UniversalSceneDataContractTests.test_existing_render_manifests_keep_historical_failure_labels) ... ERROR
test_fixed_prop_eligibility_uses_only_the_generic_carrier (tests.test_subculture_illustration_universal_scene_v3.UniversalSceneDataContractTests.test_fixed_prop_eligibility_uses_only_the_generic_carrier) ... ok
test_frozen_trace_source_authorities_fail_closed (tests.test_subculture_illustration_universal_scene_v3.UniversalSceneDataContractTests.test_frozen_trace_source_authorities_fail_closed) ... ok
test_literal_visual_realization_profiles_are_exact_and_fail_closed (tests.test_subculture_illustration_universal_scene_v3.UniversalSceneDataContractTests.test_literal_visual_realization_profiles_are_exact_and_fail_closed) ... ok
test_pre_universal_v2_and_cli_baseline_hashes_fail_closed (tests.test_subculture_illustration_universal_scene_v3.UniversalSceneDataContractTests.test_pre_universal_v2_and_cli_baseline_hashes_fail_closed) ... ok
test_quiet_theme_source_is_independently_zero_displacement (tests.test_subculture_illustration_universal_scene_v3.UniversalSceneDataContractTests.test_quiet_theme_source_is_independently_zero_displacement) ... ok
test_research_counts_provenance_and_all_six_raw_shard_hashes (tests.test_subculture_illustration_universal_scene_v3.UniversalSceneDataContractTests.test_research_counts_provenance_and_all_six_raw_shard_hashes) ... ok
test_scene_contracts_are_literal_hash_bound_and_cover_all_topics (tests.test_subculture_illustration_universal_scene_v3.UniversalSceneDataContractTests.test_scene_contracts_are_literal_hash_bound_and_cover_all_topics) ... ok
test_semantic_effect_registry_is_independently_empty_for_all_126_sources (tests.test_subculture_illustration_universal_scene_v3.UniversalSceneDataContractTests.test_semantic_effect_registry_is_independently_empty_for_all_126_sources) ... ok
setUpClass (tests.test_subculture_illustration_universal_scene_v3.UniversalSceneRuntimeContractTests) ... ERROR
test_actor_dependent_surveillance_is_preserved (tests.test_photo_slot_data_cleanup.PhotoSlotDataCleanupTests.test_actor_dependent_surveillance_is_preserved) ... ok
test_camera_height_metaphor_does_not_require_child_subject (tests.test_photo_slot_data_cleanup.PhotoSlotDataCleanupTests.test_camera_height_metaphor_does_not_require_child_subject) ... ok
test_clean_observation_uses_positive_search_expression (tests.test_photo_slot_data_cleanup.PhotoSlotDataCleanupTests.test_clean_observation_uses_positive_search_expression) ... ok
test_closing_cleanup_only_says_visitors_have_left (tests.test_photo_slot_data_cleanup.PhotoSlotDataCleanupTests.test_closing_cleanup_only_says_visitors_have_left) ... ok
test_contrast_context_and_overhead_snapshot_remain (tests.test_photo_slot_data_cleanup.PhotoSlotDataCleanupTests.test_contrast_context_and_overhead_snapshot_remain) ... ok
test_crowd_gap_korean_keeps_subject_owner_generic (tests.test_photo_slot_data_cleanup.PhotoSlotDataCleanupTests.test_crowd_gap_korean_keeps_subject_owner_generic) ... ok
test_crowd_premise_does_not_become_main_subject_guard (tests.test_photo_slot_data_cleanup.PhotoSlotDataCleanupTests.test_crowd_premise_does_not_become_main_subject_guard) ... ok
test_eye_level_component_retains_height_not_parent_crop (tests.test_photo_slot_data_cleanup.PhotoSlotDataCleanupTests.test_eye_level_component_retains_height_not_parent_crop) ... ok
test_full_frame_component_does_not_claim_pose_only_aliases (tests.test_photo_slot_data_cleanup.PhotoSlotDataCleanupTests.test_full_frame_component_does_not_claim_pose_only_aliases) ... ok
test_generic_mirror_does_not_assert_gaze (tests.test_photo_slot_data_cleanup.PhotoSlotDataCleanupTests.test_generic_mirror_does_not_assert_gaze) ... ok
test_generic_worklight_keeps_explicit_robot_family_support (tests.test_photo_slot_data_cleanup.PhotoSlotDataCleanupTests.test_generic_worklight_keeps_explicit_robot_family_support) ... ok
test_lighting_removed_counterexamples_do_not_trigger_exclusion_predicate (tests.test_photo_slot_data_cleanup.PhotoSlotDataCleanupTests.test_lighting_removed_counterexamples_do_not_trigger_exclusion_predicate) ... ok
test_low_angle_component_does_not_repeat_unrelated_crop_alias (tests.test_photo_slot_data_cleanup.PhotoSlotDataCleanupTests.test_low_angle_component_does_not_repeat_unrelated_crop_alias) ... ok
test_monitor_rectangle_is_not_bedroom_only (tests.test_photo_slot_data_cleanup.PhotoSlotDataCleanupTests.test_monitor_rectangle_is_not_bedroom_only) ... ok
test_repair_pit_korean_output_preserves_subject_type (tests.test_photo_slot_data_cleanup.PhotoSlotDataCleanupTests.test_repair_pit_korean_output_preserves_subject_type) ... ok
test_reviewed_lighting_counterexamples_are_not_search_synonyms (tests.test_photo_slot_data_cleanup.PhotoSlotDataCleanupTests.test_reviewed_lighting_counterexamples_are_not_search_synonyms) ... ok
test_adopted_candidate_requires_its_complete_effect_in_the_brief (tests.test_photo_adult_appeal_scope.PhotoAdultAppealScopeTests.test_adopted_candidate_requires_its_complete_effect_in_the_brief) ... ok
test_composed_audit_rejects_locked_and_undeclared_effects (tests.test_photo_adult_appeal_scope.PhotoAdultAppealScopeTests.test_composed_audit_rejects_locked_and_undeclared_effects) ... ok
test_dimension_policy_rejects_unknown_source_and_dimension (tests.test_photo_adult_appeal_scope.PhotoAdultAppealScopeTests.test_dimension_policy_rejects_unknown_source_and_dimension) ... ok
test_exact_runtime_accepts_the_scoped_composition (tests.test_photo_adult_appeal_scope.PhotoAdultAppealScopeTests.test_exact_runtime_accepts_the_scoped_composition) ... ok
test_exhausted_current_scope_disables_axes_without_losing_requested_strengths (tests.test_photo_adult_appeal_scope.PhotoAdultAppealScopeTests.test_exhausted_current_scope_disables_axes_without_losing_requested_strengths) ... ok
test_explicit_opt_out_remains_off (tests.test_photo_adult_appeal_scope.PhotoAdultAppealScopeTests.test_explicit_opt_out_remains_off) ... ok
test_full_audit_requires_final_context_for_an_ordinary_candidate (tests.test_photo_adult_appeal_scope.PhotoAdultAppealScopeTests.test_full_audit_requires_final_context_for_an_ordinary_candidate) ... ok
test_full_composed_audit_accepts_unlocked_pose_and_material (tests.test_photo_adult_appeal_scope.PhotoAdultAppealScopeTests.test_full_composed_audit_accepts_unlocked_pose_and_material) ... ok
test_inventory_override_cannot_erase_an_entry_declared_effect (tests.test_photo_adult_appeal_scope.PhotoAdultAppealScopeTests.test_inventory_override_cannot_erase_an_entry_declared_effect) ... ok
test_locked_garment_excludes_whole_conflicting_candidates (tests.test_photo_adult_appeal_scope.PhotoAdultAppealScopeTests.test_locked_garment_excludes_whole_conflicting_candidates) ... ok
test_locked_style_and_flash_preserve_both_requested_intensities (tests.test_photo_adult_appeal_scope.PhotoAdultAppealScopeTests.test_locked_style_and_flash_preserve_both_requested_intensities) ... ok
test_missing_current_dimension_scope_is_rejected (tests.test_photo_adult_appeal_scope.PhotoAdultAppealScopeTests.test_missing_current_dimension_scope_is_rejected) ... ok
test_sampled_adult_candidate_uses_same_scope_but_other_candidates_do_not (tests.test_photo_adult_appeal_scope.PhotoAdultAppealScopeTests.test_sampled_adult_candidate_uses_same_scope_but_other_candidates_do_not) ... ok
test_scope_and_candidate_tampering_fail (tests.test_photo_adult_appeal_scope.PhotoAdultAppealScopeTests.test_scope_and_candidate_tampering_fail) ... ok
test_added_projection_preserves_initial_profiles_candidates_and_source_links (tests.test_photo_portrait_fashion_exposure.PortraitFashionExposureTests.test_added_projection_preserves_initial_profiles_candidates_and_source_links) ... ok
test_appended_labels_do_not_imply_exposure_fit_anatomy_or_viewpoint (tests.test_photo_portrait_fashion_exposure.PortraitFashionExposureTests.test_appended_labels_do_not_imply_exposure_fit_anatomy_or_viewpoint) ... ok
test_broad_labels_and_adjacent_substitutes_do_not_create_hard_geometry (tests.test_photo_portrait_fashion_exposure.PortraitFashionExposureTests.test_broad_labels_and_adjacent_substitutes_do_not_create_hard_geometry) ... ok
test_bundles_are_joint_optional_and_respect_all_locked_dimensions (tests.test_photo_portrait_fashion_exposure.PortraitFashionExposureTests.test_bundles_are_joint_optional_and_respect_all_locked_dimensions) ... ok
test_candidate_eligibility_requires_an_adult_human_context (tests.test_photo_portrait_fashion_exposure.PortraitFashionExposureTests.test_candidate_eligibility_requires_an_adult_human_context) ... ok
test_complete_relation_has_authority_but_fragments_negation_and_nonadult_do_not (tests.test_photo_portrait_fashion_exposure.PortraitFashionExposureTests.test_complete_relation_has_authority_but_fragments_negation_and_nonadult_do_not) ... ok
test_each_selected_profile_retains_every_component_and_gate (tests.test_photo_portrait_fashion_exposure.PortraitFashionExposureTests.test_each_selected_profile_retains_every_component_and_gate) ... ok
test_embedding_discovery_is_advisory_even_for_a_required_query (tests.test_photo_portrait_fashion_exposure.PortraitFashionExposureTests.test_embedding_discovery_is_advisory_even_for_a_required_query) ... ok
test_real_generated_indexes_bind_sources_and_every_candidate (tests.test_photo_portrait_fashion_exposure.PortraitFashionExposureTests.test_real_generated_indexes_bind_sources_and_every_candidate) ... ok
test_research_sources_and_proposals_do_not_leak_into_runtime (tests.test_photo_portrait_fashion_exposure.PortraitFashionExposureTests.test_research_sources_and_proposals_do_not_leak_into_runtime) ... ok
test_thigh_skin_band_does_not_change_the_existing_negative_space_profile (tests.test_photo_portrait_fashion_exposure.PortraitFashionExposureTests.test_thigh_skin_band_does_not_change_the_existing_negative_space_profile) ... ok
test_unrelated_homonyms_are_filtered_even_with_an_adult_context (tests.test_photo_portrait_fashion_exposure.PortraitFashionExposureTests.test_unrelated_homonyms_are_filtered_even_with_an_adult_context) ... ok
test_broad_space_terms_remain_advisory (tests.test_photo_space_visual_semantics.PhotoSpaceVisualSemanticsTests.test_broad_space_terms_remain_advisory) ... ok
test_cluster_manifest_binds_seven_hard_and_one_candidate_only_route (tests.test_photo_space_visual_semantics.PhotoSpaceVisualSemanticsTests.test_cluster_manifest_binds_seven_hard_and_one_candidate_only_route) ... ok
test_direct_terms_route_to_only_the_intended_new_profile (tests.test_photo_space_visual_semantics.PhotoSpaceVisualSemanticsTests.test_direct_terms_route_to_only_the_intended_new_profile) ... ok
test_embedding_only_space_paraphrases_remain_optional_in_fake_vector_seam (tests.test_photo_space_visual_semantics.PhotoSpaceVisualSemanticsTests.test_embedding_only_space_paraphrases_remain_optional_in_fake_vector_seam) ... ok
test_extension_has_eight_complete_six_slot_clusters (tests.test_photo_space_visual_semantics.PhotoSpaceVisualSemanticsTests.test_extension_has_eight_complete_six_slot_clusters) ... ok
test_nearest_visual_substitutes_do_not_activate_space_profiles (tests.test_photo_space_visual_semantics.PhotoSpaceVisualSemanticsTests.test_nearest_visual_substitutes_do_not_activate_space_profiles) ... ok
test_real_generated_index_contains_all_space_profiles_and_vectors (tests.test_photo_space_visual_semantics.PhotoSpaceVisualSemanticsTests.test_real_generated_index_contains_all_space_profiles_and_vectors) ... ok
test_registry_schema_accepts_space_profiles (tests.test_photo_space_visual_semantics.PhotoSpaceVisualSemanticsTests.test_registry_schema_accepts_space_profiles) ... ok
test_representation_modes_keep_observation_and_concept_claims_separate (tests.test_photo_space_visual_semantics.PhotoSpaceVisualSemanticsTests.test_representation_modes_keep_observation_and_concept_claims_separate) ... ok
test_research_evidence_is_approved_and_contract_bound (tests.test_photo_space_visual_semantics.PhotoSpaceVisualSemanticsTests.test_research_evidence_is_approved_and_contract_bound) ... ok
test_sixteen_profiles_have_component_evidence_and_pixel_gates (tests.test_photo_space_visual_semantics.PhotoSpaceVisualSemanticsTests.test_sixteen_profiles_have_component_evidence_and_pixel_gates) ... ok
test_existing_layer_preconditions_survive_normal_semantic_projection (tests.test_photo_tactile_reality_semantics.PhotoTactileRealitySemanticsTests.test_existing_layer_preconditions_survive_normal_semantic_projection) ... ok
test_independent_and_adjacent_negatives_cannot_activate_even_with_perfect_vector (tests.test_photo_tactile_reality_semantics.PhotoTactileRealitySemanticsTests.test_independent_and_adjacent_negatives_cannot_activate_even_with_perfect_vector) ... ok
test_independent_positive_components_admit_only_optional_discovery (tests.test_photo_tactile_reality_semantics.PhotoTactileRealitySemanticsTests.test_independent_positive_components_admit_only_optional_discovery) ... ok
test_operation_bundles_do_not_bypass_locked_action_or_material (tests.test_photo_tactile_reality_semantics.PhotoTactileRealitySemanticsTests.test_operation_bundles_do_not_bypass_locked_action_or_material) ... ok
test_precise_exact_labels_are_hard_but_broad_operation_labels_are_not (tests.test_photo_tactile_reality_semantics.PhotoTactileRealitySemanticsTests.test_precise_exact_labels_are_hard_but_broad_operation_labels_are_not) ... ok
test_provenance_is_separate_hash_bound_and_sources_resolve (tests.test_photo_tactile_reality_semantics.PhotoTactileRealitySemanticsTests.test_provenance_is_separate_hash_bound_and_sources_resolve) ... ok
test_real_indexes_include_changed_text_in_the_right_vector_space (tests.test_photo_tactile_reality_semantics.PhotoTactileRealitySemanticsTests.test_real_indexes_include_changed_text_in_the_right_vector_space) ... ok
test_registered_ten_candidates_and_four_distinct_optional_bundles (tests.test_photo_tactile_reality_semantics.PhotoTactileRealitySemanticsTests.test_registered_ten_candidates_and_four_distinct_optional_bundles) ... ok
test_reviewer_authored_multilingual_component_checks (tests.test_photo_tactile_reality_semantics.PhotoTactileRealitySemanticsTests.test_reviewer_authored_multilingual_component_checks) ... ok
test_unrelated_ordinary_objects_do_not_suppress_a_real_environment_target (tests.test_photo_tactile_reality_semantics.PhotoTactileRealitySemanticsTests.test_unrelated_ordinary_objects_do_not_suppress_a_real_environment_target) ... ok
test_candidate_pack_contains_neutral_event_components (tests.test_photo_wuxia_visual_semantics.PhotoWuxiaVisualSemanticsTests.test_candidate_pack_contains_neutral_event_components) ... ok
test_generated_semantic_index_contains_every_new_candidate (tests.test_photo_wuxia_visual_semantics.PhotoWuxiaVisualSemanticsTests.test_generated_semantic_index_contains_every_new_candidate) ... ok
test_genre_social_and_adjacent_terms_do_not_force_scene_profiles (tests.test_photo_wuxia_visual_semantics.PhotoWuxiaVisualSemanticsTests.test_genre_social_and_adjacent_terms_do_not_force_scene_profiles) ... ok
test_narrow_scene_terms_route_to_only_the_intended_profile (tests.test_photo_wuxia_visual_semantics.PhotoWuxiaVisualSemanticsTests.test_narrow_scene_terms_route_to_only_the_intended_profile) ... ok
test_registry_schema_is_valid_after_wuxia_profiles (tests.test_photo_wuxia_visual_semantics.PhotoWuxiaVisualSemanticsTests.test_registry_schema_is_valid_after_wuxia_profiles) ... ok
test_research_evidence_is_approved_source_bound_and_limited (tests.test_photo_wuxia_visual_semantics.PhotoWuxiaVisualSemanticsTests.test_research_evidence_is_approved_source_bound_and_limited) ... ok
test_six_profiles_have_complete_component_evidence_and_pixel_gates (tests.test_photo_wuxia_visual_semantics.PhotoWuxiaVisualSemanticsTests.test_six_profiles_have_complete_component_evidence_and_pixel_gates) ... ok
test_wuxia_and_xianxia_legacy_candidates_are_not_synonyms (tests.test_photo_wuxia_visual_semantics.PhotoWuxiaVisualSemanticsTests.test_wuxia_and_xianxia_legacy_candidates_are_not_synonyms) ... ok
test_xia_relation_is_not_inferred_from_appearance_or_identity (tests.test_photo_wuxia_visual_semantics.PhotoWuxiaVisualSemanticsTests.test_xia_relation_is_not_inferred_from_appearance_or_identity) ... ok
test_compression_owner_keeps_explicit_context_and_local_edges (tests.test_photo_photorealism_owner_data_cleanup.PhotorealismOwnerDataCleanupTests.test_compression_owner_keeps_explicit_context_and_local_edges) ... ok
test_current_source_binding_is_versioned_without_rewriting_original (tests.test_photo_photorealism_owner_data_cleanup.PhotorealismOwnerDataCleanupTests.test_current_source_binding_is_versioned_without_rewriting_original) ... ok
test_deferred_film_owner_keeps_original_two_layer_conditions (tests.test_photo_photorealism_owner_data_cleanup.PhotorealismOwnerDataCleanupTests.test_deferred_film_owner_keeps_original_two_layer_conditions) ... ok
test_deferred_noise_owner_keeps_original_conditions (tests.test_photo_photorealism_owner_data_cleanup.PhotorealismOwnerDataCleanupTests.test_deferred_noise_owner_keeps_original_conditions) ... ok
test_eighteen_keeps_and_all_non_owner_fields_are_exact (tests.test_photo_photorealism_owner_data_cleanup.PhotorealismOwnerDataCleanupTests.test_eighteen_keeps_and_all_non_owner_fields_are_exact) ... ok
test_historical_rubric_inputs_remain_unexecuted_exploratory_records (tests.test_photo_photorealism_owner_data_cleanup.PhotorealismOwnerDataCleanupTests.test_historical_rubric_inputs_remain_unexecuted_exploratory_records) ... ok
test_inventory_and_primary_diagnostics_are_frozen (tests.test_photo_photorealism_owner_data_cleanup.PhotorealismOwnerDataCleanupTests.test_inventory_and_primary_diagnostics_are_frozen) ... ok
test_physical_print_and_mixed_surveillance_camcorder_scopes_stay_exact (tests.test_photo_photorealism_owner_data_cleanup.PhotorealismOwnerDataCleanupTests.test_physical_print_and_mixed_surveillance_camcorder_scopes_stay_exact) ... ok
test_runtime_relation_projection_preserves_each_complete_component (tests.test_photo_photorealism_owner_data_cleanup.PhotorealismOwnerDataCleanupTests.test_runtime_relation_projection_preserves_each_complete_component) ... ok
test_cheek_triangle_is_local_beneath_its_eye (tests.test_photo_lighting_color_owner_data_cleanup.LightingColorOwnerDataCleanupTests.test_cheek_triangle_is_local_beneath_its_eye) ... ok
test_compatible_operator_bounce_and_historical_provenance_are_preserved (tests.test_photo_lighting_color_owner_data_cleanup.LightingColorOwnerDataCleanupTests.test_compatible_operator_bounce_and_historical_provenance_are_preserved) ... ok
test_five_proposals_change_only_relation_objects (tests.test_photo_lighting_color_owner_data_cleanup.LightingColorOwnerDataCleanupTests.test_five_proposals_change_only_relation_objects) ... ok
test_inventory_and_queries_are_frozen (tests.test_photo_lighting_color_owner_data_cleanup.LightingColorOwnerDataCleanupTests.test_inventory_and_queries_are_frozen) ... ok
test_projection_and_declared_effects_remain_exact (tests.test_photo_lighting_color_owner_data_cleanup.LightingColorOwnerDataCleanupTests.test_projection_and_declared_effects_remain_exact) ... ok
test_red_splash_owner_preserves_colored_object_and_achromatic_remainder (tests.test_photo_lighting_color_owner_data_cleanup.LightingColorOwnerDataCleanupTests.test_red_splash_owner_preserves_colored_object_and_achromatic_remainder) ... ok
test_silhouette_includes_dark_interior_outline_and_bright_background (tests.test_photo_lighting_color_owner_data_cleanup.LightingColorOwnerDataCleanupTests.test_silhouette_includes_dark_interior_outline_and_bright_background) ... ok
test_split_tone_owners_are_brightness_regions (tests.test_photo_lighting_color_owner_data_cleanup.LightingColorOwnerDataCleanupTests.test_split_tone_owners_are_brightness_regions) ... ok
test_thirty_five_kept_rows_remain_exact (tests.test_photo_lighting_color_owner_data_cleanup.LightingColorOwnerDataCleanupTests.test_thirty_five_kept_rows_remain_exact) ... ok
test_broad_desire_trait_clinical_and_lineage_terms_stay_advisory (tests.test_photo_desire_visual_semantics.PhotoDesireVisualSemanticsTests.test_broad_desire_trait_clinical_and_lineage_terms_stay_advisory) ... ok
test_cluster_manifest_binds_every_profile_and_candidate_once (tests.test_photo_desire_visual_semantics.PhotoDesireVisualSemanticsTests.test_cluster_manifest_binds_every_profile_and_candidate_once) ... ok
test_configured_generated_index_contains_new_profiles_and_vectors (tests.test_photo_desire_visual_semantics.PhotoDesireVisualSemanticsTests.test_configured_generated_index_contains_new_profiles_and_vectors) ... ok
test_extension_has_nine_complete_six_candidate_clusters (tests.test_photo_desire_visual_semantics.PhotoDesireVisualSemanticsTests.test_extension_has_nine_complete_six_candidate_clusters) ... ok
test_narrow_exact_terms_route_to_exactly_one_new_profile (tests.test_photo_desire_visual_semantics.PhotoDesireVisualSemanticsTests.test_narrow_exact_terms_route_to_exactly_one_new_profile) ... ok
test_nearest_substitutes_do_not_activate_new_profiles (tests.test_photo_desire_visual_semantics.PhotoDesireVisualSemanticsTests.test_nearest_substitutes_do_not_activate_new_profiles) ... ok
test_nine_profiles_have_five_component_groups_and_pixel_gates (tests.test_photo_desire_visual_semantics.PhotoDesireVisualSemanticsTests.test_nine_profiles_have_five_component_groups_and_pixel_gates) ... ok
test_registry_schema_accepts_desire_profiles (tests.test_photo_desire_visual_semantics.PhotoDesireVisualSemanticsTests.test_registry_schema_accepts_desire_profiles) ... ok
test_research_evidence_is_approved_and_contract_bound (tests.test_photo_desire_visual_semantics.PhotoDesireVisualSemanticsTests.test_research_evidence_is_approved_and_contract_bound) ... ok
test_candidates_are_axis_owned_and_semantically_decomposed (tests.test_photo_womens_casualwear_visual_semantics.PhotoWomensCasualwearVisualSemanticsTests.test_candidates_are_axis_owned_and_semantically_decomposed) ... ok
test_confounds_and_non_garment_homonyms_fail_closed (tests.test_photo_womens_casualwear_visual_semantics.PhotoWomensCasualwearVisualSemanticsTests.test_confounds_and_non_garment_homonyms_fail_closed) ... ok
test_embedding_only_component_paraphrase_remains_optional (tests.test_photo_womens_casualwear_visual_semantics.PhotoWomensCasualwearVisualSemanticsTests.test_embedding_only_component_paraphrase_remains_optional) ... ok
test_exact_terms_route_to_one_profile (tests.test_photo_womens_casualwear_visual_semantics.PhotoWomensCasualwearVisualSemanticsTests.test_exact_terms_route_to_one_profile) ... ok
test_five_arm_pixel_cases_bind_all_profile_gates_and_reference (tests.test_photo_womens_casualwear_visual_semantics.PhotoWomensCasualwearVisualSemanticsTests.test_five_arm_pixel_cases_bind_all_profile_gates_and_reference) ... ok
test_profiles_are_complete_five_group_pixel_contracts (tests.test_photo_womens_casualwear_visual_semantics.PhotoWomensCasualwearVisualSemanticsTests.test_profiles_are_complete_five_group_pixel_contracts) ... ok
test_registry_bound_payload_contains_exact_lookup_for_all_profiles (tests.test_photo_womens_casualwear_visual_semantics.PhotoWomensCasualwearVisualSemanticsTests.test_registry_bound_payload_contains_exact_lookup_for_all_profiles) ... ok
test_research_evidence_is_approved_and_candidate_bound (tests.test_photo_womens_casualwear_visual_semantics.PhotoWomensCasualwearVisualSemanticsTests.test_research_evidence_is_approved_and_candidate_bound) ... ok
test_negation_and_bare_homonyms_do_not_activate_new_pose_profiles (tests.test_photo_pose_vocabulary_semantics.PhotoPoseVocabularySemanticsTests.test_negation_and_bare_homonyms_do_not_activate_new_pose_profiles) ... ok
test_partner_contacts_require_grounded_partner_context_and_bundle_links_are_optional (tests.test_photo_pose_vocabulary_semantics.PhotoPoseVocabularySemanticsTests.test_partner_contacts_require_grounded_partner_context_and_bundle_links_are_optional) ... ok
test_profile_components_bind_every_gate_and_require_visible_complete_relations (tests.test_photo_pose_vocabulary_semantics.PhotoPoseVocabularySemanticsTests.test_profile_components_bind_every_gate_and_require_visible_complete_relations) ... ok
test_promotions_have_traceable_dispositions_and_unreviewed_terms_stay_out (tests.test_photo_pose_vocabulary_semantics.PhotoPoseVocabularySemanticsTests.test_promotions_have_traceable_dispositions_and_unreviewed_terms_stay_out) ... ok
test_property_scope_cannot_change_a_locked_hand_configuration_or_reference_appearance (tests.test_photo_pose_vocabulary_semantics.PhotoPoseVocabularySemanticsTests.test_property_scope_cannot_change_a_locked_hand_configuration_or_reference_appearance) ... ok
test_real_core_retrieval_exposes_the_matching_geometry_and_is_recomputable (tests.test_photo_pose_vocabulary_semantics.PhotoPoseVocabularySemanticsTests.test_real_core_retrieval_exposes_the_matching_geometry_and_is_recomputable) ... ok
test_reuse_appends_context_without_changing_existing_meaning_or_guards (tests.test_photo_pose_vocabulary_semantics.PhotoPoseVocabularySemanticsTests.test_reuse_appends_context_without_changing_existing_meaning_or_guards) ... ERROR
test_seated_crossing_and_kneeling_variants_do_not_share_hard_meaning (tests.test_photo_pose_vocabulary_semantics.PhotoPoseVocabularySemanticsTests.test_seated_crossing_and_kneeling_variants_do_not_share_hard_meaning) ... ok
test_acceptance_binds_lexical_gain_dense_cost_and_all_attempts (tests.test_photo_krummholz_korean_alias_data_cleanup.KrummholzKoreanAliasDataCleanupTests.test_acceptance_binds_lexical_gain_dense_cost_and_all_attempts) ... ok
test_bare_names_and_independent_probe_texts_remain_frozen (tests.test_photo_krummholz_korean_alias_data_cleanup.KrummholzKoreanAliasDataCleanupTests.test_bare_names_and_independent_probe_texts_remain_frozen) ... ok
test_complete_raw_extension_has_only_one_alias_append (tests.test_photo_krummholz_korean_alias_data_cleanup.KrummholzKoreanAliasDataCleanupTests.test_complete_raw_extension_has_only_one_alias_append) ... ok
test_current_semantic_surface_preserves_frozen_krummholz_meaning (tests.test_photo_krummholz_korean_alias_data_cleanup.KrummholzKoreanAliasDataCleanupTests.test_current_semantic_surface_preserves_frozen_krummholz_meaning) ... ok
test_exact_frozen_scope_queries_and_budget (tests.test_photo_krummholz_korean_alias_data_cleanup.KrummholzKoreanAliasDataCleanupTests.test_exact_frozen_scope_queries_and_budget) ... ok
test_historical_merged_state_and_current_ten_keeps_are_exact (tests.test_photo_krummholz_korean_alias_data_cleanup.KrummholzKoreanAliasDataCleanupTests.test_historical_merged_state_and_current_ten_keeps_are_exact) ... ok
test_previous_reef_correction_and_all_other_source_rows_remain_intact (tests.test_photo_krummholz_korean_alias_data_cleanup.KrummholzKoreanAliasDataCleanupTests.test_previous_reef_correction_and_all_other_source_rows_remain_intact) ... ok
test_specialization_existing_names_and_every_other_field_are_preserved (tests.test_photo_krummholz_korean_alias_data_cleanup.KrummholzKoreanAliasDataCleanupTests.test_specialization_existing_names_and_every_other_field_are_preserved) ... ok
test_adult_constraint_receives_bound_context_even_when_valid_axes_are_inactive (tests.test_photo_bound_context_surfaces.BoundContextSurfaceTests.test_adult_constraint_receives_bound_context_even_when_valid_axes_are_inactive) ... ok
test_adult_entrypoint_rejects_invalid_snapshots_even_with_inactive_axes (tests.test_photo_bound_context_surfaces.BoundContextSurfaceTests.test_adult_entrypoint_rejects_invalid_snapshots_even_with_inactive_axes) ... ok
test_auditor_bundle_recomputation_rejects_invalid_snapshot (tests.test_photo_bound_context_surfaces.BoundContextSurfaceTests.test_auditor_bundle_recomputation_rejects_invalid_snapshot) ... ok
test_auditor_rejects_rebound_human_bundle_in_bound_no_people_pack (tests.test_photo_bound_context_surfaces.BoundContextSurfaceTests.test_auditor_rejects_rebound_human_bundle_in_bound_no_people_pack) ... ok
test_bundle_entrypoint_rejects_malformed_stale_and_wrong_request_snapshots (tests.test_photo_bound_context_surfaces.BoundContextSurfaceTests.test_bundle_entrypoint_rejects_malformed_stale_and_wrong_request_snapshots) ... ok
test_real_auditor_recomputes_both_bound_bundle_surfaces_without_an_auditor_patch (tests.test_photo_bound_context_surfaces.BoundContextSurfaceTests.test_real_auditor_recomputes_both_bound_bundle_surfaces_without_an_auditor_patch) ... ok
test_real_catalog_human_bundle_is_eligible_false_control_but_blocked_by_bound_true (tests.test_photo_bound_context_surfaces.BoundContextSurfaceTests.test_real_catalog_human_bundle_is_eligible_false_control_but_blocked_by_bound_true) ... ok
test_synthetic_neutral_bundle_is_preserved_while_human_peer_is_blocked (tests.test_photo_bound_context_surfaces.BoundContextSurfaceTests.test_synthetic_neutral_bundle_is_preserved_while_human_peer_is_blocked) ... ok
test_exact_terms_activate_and_negations_or_confusers_fail_closed (tests.test_photo_makeup_reference_balance.PhotoMakeupReferenceBalanceTests.test_exact_terms_activate_and_negations_or_confusers_fail_closed) ... ok
test_five_frozen_cores_are_distinct_and_share_only_the_makeup_contract (tests.test_photo_makeup_reference_balance.PhotoMakeupReferenceBalanceTests.test_five_frozen_cores_are_distinct_and_share_only_the_makeup_contract) ... ok
test_generated_index_is_registry_bound_for_new_profile (tests.test_photo_makeup_reference_balance.PhotoMakeupReferenceBalanceTests.test_generated_index_is_registry_bound_for_new_profile) ... ok
test_independent_makeup_axes_retain_reference_candidates (tests.test_photo_makeup_reference_balance.PhotoMakeupReferenceBalanceTests.test_independent_makeup_axes_retain_reference_candidates) ... ok
test_profile_is_an_eight_component_fail_closed_pixel_contract (tests.test_photo_makeup_reference_balance.PhotoMakeupReferenceBalanceTests.test_profile_is_an_eight_component_fail_closed_pixel_contract) ... ok
test_semantics_do_not_encode_demographic_or_value_inference (tests.test_photo_makeup_reference_balance.PhotoMakeupReferenceBalanceTests.test_semantics_do_not_encode_demographic_or_value_inference) ... ok
test_source_observation_is_hash_bound_and_identity_independent (tests.test_photo_makeup_reference_balance.PhotoMakeupReferenceBalanceTests.test_source_observation_is_hash_bound_and_identity_independent) ... ok
test_complete_audited_composition_is_required (tests.test_photo_character_render_review.PhotoCharacterRenderReviewTests.test_complete_audited_composition_is_required) ... ok
test_missing_extra_partial_or_unsubstantiated_gates_fail_closed (tests.test_photo_character_render_review.PhotoCharacterRenderReviewTests.test_missing_extra_partial_or_unsubstantiated_gates_fail_closed) ... ok
test_missing_typed_contract_is_detected_from_frozen_required_assertion (tests.test_photo_character_render_review.PhotoCharacterRenderReviewTests.test_missing_typed_contract_is_detected_from_frozen_required_assertion) ... ok
test_rehashed_gate_deletion_duplication_or_rebinding_cannot_shrink_duties (tests.test_photo_character_render_review.PhotoCharacterRenderReviewTests.test_rehashed_gate_deletion_duplication_or_rebinding_cannot_shrink_duties) ... ok
test_review_hash_and_image_bytes_remain_bound (tests.test_photo_character_render_review.PhotoCharacterRenderReviewTests.test_review_hash_and_image_bytes_remain_bound) ... ok
test_typed_only_review_requires_all_nine_gates_without_promoting_preference (tests.test_photo_character_render_review.PhotoCharacterRenderReviewTests.test_typed_only_review_requires_all_nine_gates_without_promoting_preference) ... ok
test_visual_obligations_and_only_selected_optional_gates_join_typed_gates (tests.test_photo_character_render_review.PhotoCharacterRenderReviewTests.test_visual_obligations_and_only_selected_optional_gates_join_typed_gates) ... ok
test_broad_labels_do_not_establish_relations (tests.test_photo_opening_era_semantics.OpeningEraTests.test_broad_labels_do_not_establish_relations) ... ok
test_candidates_available_in_merged_public_data (tests.test_photo_opening_era_semantics.OpeningEraTests.test_candidates_available_in_merged_public_data) ... ok
test_complete_relations_and_partial_boundaries (tests.test_photo_opening_era_semantics.OpeningEraTests.test_complete_relations_and_partial_boundaries) ... ok
test_embedding_paraphrase_hits_remain_optional (tests.test_photo_opening_era_semantics.OpeningEraTests.test_embedding_paraphrase_hits_remain_optional) ... ok
test_maintenance_hash_and_index_coverage (tests.test_photo_opening_era_semantics.OpeningEraTests.test_maintenance_hash_and_index_coverage) ... ok
test_optional_bundle_scope_and_missing_member_fail_closed (tests.test_photo_opening_era_semantics.OpeningEraTests.test_optional_bundle_scope_and_missing_member_fail_closed) ... ok
test_candidate_relation_direction_is_visible_to_both_search_lanes (tests.test_photo_positive_retrieval.PositiveVisualRetrievalTests.test_candidate_relation_direction_is_visible_to_both_search_lanes) ... ok
test_control_and_boundary_mutations_cannot_change_positive_documents (tests.test_photo_positive_retrieval.PositiveVisualRetrievalTests.test_control_and_boundary_mutations_cannot_change_positive_documents) ... ok
test_exact_names_keep_their_separate_authority_lane (tests.test_photo_positive_retrieval.PositiveVisualRetrievalTests.test_exact_names_keep_their_separate_authority_lane) ... ok
test_negative_form_meaning_and_multilingual_relations_are_retained (tests.test_photo_positive_retrieval.PositiveVisualRetrievalTests.test_negative_form_meaning_and_multilingual_relations_are_retained) ... ok
test_positive_meaning_mutation_changes_both_retrieval_lanes (tests.test_photo_positive_retrieval.PositiveVisualRetrievalTests.test_positive_meaning_mutation_changes_both_retrieval_lanes) ... ok
test_both_actor_paths_keep_all_five_required_relations (tests.test_photo_single_allocator_recovery.SingleAllocatorRecoveryTests.test_both_actor_paths_keep_all_five_required_relations) ... ok
test_instruction_and_gate_preserve_the_one_or_existing_group_scope (tests.test_photo_single_allocator_recovery.SingleAllocatorRecoveryTests.test_instruction_and_gate_preserve_the_one_or_existing_group_scope) ... ok
test_legacy_group_binding_remains_accepted (tests.test_photo_single_allocator_recovery.SingleAllocatorRecoveryTests.test_legacy_group_binding_remains_accepted) ... ok
test_single_allocator_alternative_has_a_canonical_binding (tests.test_photo_single_allocator_recovery.SingleAllocatorRecoveryTests.test_single_allocator_alternative_has_a_canonical_binding) ... ok
test_existing_component_alternative_is_accepted_without_rewording (tests.test_photo_liminal_maintained_alternative.LiminalMaintainedAlternativeTests.test_existing_component_alternative_is_accepted_without_rewording) ... ok
test_five_required_groups_and_render_gates_are_preserved (tests.test_photo_liminal_maintained_alternative.LiminalMaintainedAlternativeTests.test_five_required_groups_and_render_gates_are_preserved) ... ok
test_old_all_cue_conjunction_remains_accepted (tests.test_photo_liminal_maintained_alternative.LiminalMaintainedAlternativeTests.test_old_all_cue_conjunction_remains_accepted) ... ok
test_unsupported_maintained_evidence_and_explicit_exclusions_remain_rejected (tests.test_photo_liminal_maintained_alternative.LiminalMaintainedAlternativeTests.test_unsupported_maintained_evidence_and_explicit_exclusions_remain_rejected) ... ok
test_complete_languages_and_missing_groups (tests.test_photo_capture_physics_alternatives.CapturePhysicsAlternativesTests.test_complete_languages_and_missing_groups) ... ok
test_partial_motion_examples_do_not_bypass_components (tests.test_photo_capture_physics_alternatives.CapturePhysicsAlternativesTests.test_partial_motion_examples_do_not_bypass_components) ... ok
test_rolling_legacy_combined_motion_anchors_remain (tests.test_photo_capture_physics_alternatives.CapturePhysicsAlternativesTests.test_rolling_legacy_combined_motion_anchors_remain) ... ok
test_split_band_and_transition_are_alternatives (tests.test_photo_capture_physics_alternatives.CapturePhysicsAlternativesTests.test_split_band_and_transition_are_alternatives) ... ok
test_contact_and_noncontact_keep_all_five_required_components (tests.test_photo_wet_hair_weight_alternative.WetHairWeightAlternativeTests.test_contact_and_noncontact_keep_all_five_required_components) ... ok
test_evidence_floor_and_original_contact_anchors_stay (tests.test_photo_wet_hair_weight_alternative.WetHairWeightAlternativeTests.test_evidence_floor_and_original_contact_anchors_stay) ... ok
test_generic_gravity_gloss_or_gel_does_not_replace_moisture_weight (tests.test_photo_wet_hair_weight_alternative.WetHairWeightAlternativeTests.test_generic_gravity_gloss_or_gel_does_not_replace_moisture_weight) ... ok
test_evidence_retains_original_floor_and_alternatives (tests.test_photo_overhead_hand_alternative.OverheadHandAlternativeTests.test_evidence_retains_original_floor_and_alternatives) ... ok
test_gate_and_instruction_allow_current_definition (tests.test_photo_overhead_hand_alternative.OverheadHandAlternativeTests.test_gate_and_instruction_allow_current_definition) ... ok
test_prop_and_hand_languages_remain_complete (tests.test_photo_overhead_hand_alternative.OverheadHandAlternativeTests.test_prop_and_hand_languages_remain_complete) ... ok
test_adjacent_senses_remain_excluded (tests.test_photo_dress_positive_paraphrase.DressPositiveParaphraseTests.test_adjacent_senses_remain_excluded) ... ok
test_detailed_positive_example_matches_its_own_context (tests.test_photo_dress_positive_paraphrase.DressPositiveParaphraseTests.test_detailed_positive_example_matches_its_own_context) ... ok
test_seams_panels_closure_and_drape_remain_explicit (tests.test_photo_dress_positive_paraphrase.DressPositiveParaphraseTests.test_seams_panels_closure_and_drape_remain_explicit) ... ok
test_shared_wind_pose_preserves_support_as_a_hand_role (tests.test_photo_instrument_hand_roles.InstrumentHandRoleDataTests.test_shared_wind_pose_preserves_support_as_a_hand_role) ... ok
test_trumpet_public_action_preserves_handedness (tests.test_photo_instrument_hand_roles.InstrumentHandRoleDataTests.test_trumpet_public_action_preserves_handedness) ... ok

======================================================================
ERROR: test_existing_render_manifests_keep_historical_failure_labels (tests.test_subculture_illustration_universal_scene_v3.UniversalSceneDataContractTests.test_existing_render_manifests_keep_historical_failure_labels)
----------------------------------------------------------------------
Traceback (most recent call last):
  File "/Users/chasoik/Projects/image-prompt/tests/test_subculture_illustration_universal_scene_v3.py", line 1712, in test_existing_render_manifests_keep_historical_failure_labels
    result = validate_all(str(ASSET_ROOT), verify_local_images=False)
  File "/Users/chasoik/Projects/image-prompt/skills/subculture-illustration-image-generator/scripts/validate_illustration_assets.py", line 11561, in validate_all
    photo_regression = validate_photo_regression_baseline(root)
  File "/Users/chasoik/Projects/image-prompt/skills/subculture-illustration-image-generator/scripts/validate_illustration_assets.py", line 6483, in validate_photo_regression_baseline
    _require(
    ~~~~~~~~^
        digest == baseline.get("sha256"),
        ^^^^^^^^^^^^^^^^^^^^^^^^^^^^^^^^^
        "current photo baseline candidate-pack bytes drift",
        ^^^^^^^^^^^^^^^^^^^^^^^^^^^^^^^^^^^^^^^^^^^^^^^^^^^^
    )
    ^
  File "/Users/chasoik/Projects/image-prompt/skills/subculture-illustration-image-generator/scripts/validate_illustration_assets.py", line 1280, in _require
    raise ValidationFailure(message)
validate_illustration_assets.ValidationFailure: current photo baseline candidate-pack bytes drift

======================================================================
ERROR: setUpClass (tests.test_subculture_illustration_universal_scene_v3.UniversalSceneRuntimeContractTests)
----------------------------------------------------------------------
Traceback (most recent call last):
  File "/Users/chasoik/Projects/image-prompt/tests/test_subculture_illustration_universal_scene_v3.py", line 3367, in setUpClass
    cls.holdouts = validate_universal_scene_holdouts(ASSET_ROOT, cls.research)
                   ~~~~~~~~~~~~~~~~~~~~~~~~~~~~~~~~~^^^^^^^^^^^^^^^^^^^^^^^^^^
  File "/Users/chasoik/Projects/image-prompt/skills/subculture-illustration-image-generator/scripts/validate_illustration_assets.py", line 6244, in validate_universal_scene_holdouts
    current_oracle_v2 = validate_universal_scene_current_oracle_v2(asset_dir)
  File "/Users/chasoik/Projects/image-prompt/skills/subculture-illustration-image-generator/scripts/validate_illustration_assets.py", line 4489, in validate_universal_scene_current_oracle_v2
    _require(
    ~~~~~~~~^
        baseline.get("validator_contract")
        ^^^^^^^^^^^^^^^^^^^^^^^^^^^^^^^^^^
    ...<5 lines>...
        "universal v2 baseline validator binding drift",
        ^^^^^^^^^^^^^^^^^^^^^^^^^^^^^^^^^^^^^^^^^^^^^^^^
    )
    ^
  File "/Users/chasoik/Projects/image-prompt/skills/subculture-illustration-image-generator/scripts/validate_illustration_assets.py", line 1280, in _require
    raise ValidationFailure(message)
validate_illustration_assets.ValidationFailure: universal v2 baseline validator binding drift

======================================================================
ERROR: test_reuse_appends_context_without_changing_existing_meaning_or_guards (tests.test_photo_pose_vocabulary_semantics.PhotoPoseVocabularySemanticsTests.test_reuse_appends_context_without_changing_existing_meaning_or_guards)
----------------------------------------------------------------------
Traceback (most recent call last):
  File "/Users/chasoik/Projects/image-prompt/tests/test_photo_pose_vocabulary_semantics.py", line 79, in test_reuse_appends_context_without_changing_existing_meaning_or_guards
    before = generator.load_json(ASSETS / "photo_prompt_tags.json")
  File "/Users/chasoik/Projects/image-prompt/skills/photo-prompt-image-generator/scripts/prompt_generator.py", line 1322, in load_json
    data = merge_research_extension(data, extension)
  File "/Users/chasoik/Projects/image-prompt/skills/photo-prompt-image-generator/scripts/prompt_generator.py", line 784, in merge_research_extension
    photo_candidate_semantics.extend_slot_contexts(
    ~~~~~~~~~~~~~~~~~~~~~~~~~~~~~~~~~~~~~~~~~~~~~~^
        slots, extension.get("existing_slot_context_extensions"))
        ^^^^^^^^^^^^^^^^^^^^^^^^^^^^^^^^^^^^^^^^^^^^^^^^^^^^^^^^^
  File "/Users/chasoik/Projects/image-prompt/skills/photo-prompt-image-generator/scripts/photo_candidate_semantics.py", line 88, in extend_slot_contexts
    raise ValueError(f"context extension references unknown entry {slot}.{entry_id}")
ValueError: context extension references unknown entry expression.pv_half_lidded

----------------------------------------------------------------------
Ran 199 tests in 744.704s

FAILED (errors=3)
