test_both_source_surfaces_declare_nape_and_preserve_original_effect (tests.test_photo_nape_effect_scope.PhotoNapeEffectScopeTests.test_both_source_surfaces_declare_nape_and_preserve_original_effect) ... 
  test_both_source_surfaces_declare_nape_and_preserve_original_effect (tests.test_photo_nape_effect_scope.PhotoNapeEffectScopeTests.test_both_source_surfaces_declare_nape_and_preserve_original_effect) (profile='sca_h15') ... FAIL
  test_both_source_surfaces_declare_nape_and_preserve_original_effect (tests.test_photo_nape_effect_scope.PhotoNapeEffectScopeTests.test_both_source_surfaces_declare_nape_and_preserve_original_effect) (profile='sca_h16') ... FAIL
test_nape_parent_and_declared_leaf_are_protected (tests.test_photo_nape_effect_scope.PhotoNapeEffectScopeTests.test_nape_parent_and_declared_leaf_are_protected) ... 
  test_nape_parent_and_declared_leaf_are_protected (tests.test_photo_nape_effect_scope.PhotoNapeEffectScopeTests.test_nape_parent_and_declared_leaf_are_protected) (profile='sca_h15', path='hair.style.nape') ... FAIL
  test_nape_parent_and_declared_leaf_are_protected (tests.test_photo_nape_effect_scope.PhotoNapeEffectScopeTests.test_nape_parent_and_declared_leaf_are_protected) (profile='sca_h15', path='hair.style.nape.layer_length') ... FAIL
  test_nape_parent_and_declared_leaf_are_protected (tests.test_photo_nape_effect_scope.PhotoNapeEffectScopeTests.test_nape_parent_and_declared_leaf_are_protected) (profile='sca_h16', path='hair.style.nape') ... FAIL
  test_nape_parent_and_declared_leaf_are_protected (tests.test_photo_nape_effect_scope.PhotoNapeEffectScopeTests.test_nape_parent_and_declared_leaf_are_protected) (profile='sca_h16', path='hair.style.nape.undercut_length') ... FAIL
test_matching_sources_append_opacity_preserving_family_owner_and_carrier (tests.test_photo_textile_opacity_effect_scope.PhotoTextileOpacityEffectScopeTests.test_matching_sources_append_opacity_preserving_family_owner_and_carrier) ... 
  test_matching_sources_append_opacity_preserving_family_owner_and_carrier (tests.test_photo_textile_opacity_effect_scope.PhotoTextileOpacityEffectScopeTests.test_matching_sources_append_opacity_preserving_family_owner_and_carrier) (candidate='clt_ct091_v1') ... FAIL
  test_matching_sources_append_opacity_preserving_family_owner_and_carrier (tests.test_photo_textile_opacity_effect_scope.PhotoTextileOpacityEffectScopeTests.test_matching_sources_append_opacity_preserving_family_owner_and_carrier) (candidate='clt_ct091_v2') ... FAIL
test_canonical_opacity_and_ancestor_locks_reject (tests.test_photo_textile_opacity_effect_scope.PhotoTextileOpacityEffectScopeTests.test_canonical_opacity_and_ancestor_locks_reject) ... 
  test_canonical_opacity_and_ancestor_locks_reject (tests.test_photo_textile_opacity_effect_scope.PhotoTextileOpacityEffectScopeTests.test_canonical_opacity_and_ancestor_locks_reject) (candidate='clt_ct091_v1', path='wardrobe.surface.sheer_opacity') ... FAIL
  test_canonical_opacity_and_ancestor_locks_reject (tests.test_photo_textile_opacity_effect_scope.PhotoTextileOpacityEffectScopeTests.test_canonical_opacity_and_ancestor_locks_reject) (candidate='clt_ct091_v2', path='wardrobe.surface.sheer_opacity') ... FAIL
test_all_previous_profiles_keep_meaning_activation_effects_and_native_gates (tests.test_photo_character_appearance_100.CharacterAppearance100Tests.test_all_previous_profiles_keep_meaning_activation_effects_and_native_gates) ... 
  test_all_previous_profiles_keep_meaning_activation_effects_and_native_gates (tests.test_photo_character_appearance_100.CharacterAppearance100Tests.test_all_previous_profiles_keep_meaning_activation_effects_and_native_gates) (profile='pf_portcullis') ... FAIL
  test_all_previous_profiles_keep_meaning_activation_effects_and_native_gates (tests.test_photo_character_appearance_100.CharacterAppearance100Tests.test_all_previous_profiles_keep_meaning_activation_effects_and_native_gates) (profile='pf_window_seat') ... FAIL
  test_all_previous_profiles_keep_meaning_activation_effects_and_native_gates (tests.test_photo_character_appearance_100.CharacterAppearance100Tests.test_all_previous_profiles_keep_meaning_activation_effects_and_native_gates) (profile='pf_rib_vault_chapel') ... FAIL
  test_all_previous_profiles_keep_meaning_activation_effects_and_native_gates (tests.test_photo_character_appearance_100.CharacterAppearance100Tests.test_all_previous_profiles_keep_meaning_activation_effects_and_native_gates) (profile='pf_double_helix') ... FAIL
  test_all_previous_profiles_keep_meaning_activation_effects_and_native_gates (tests.test_photo_character_appearance_100.CharacterAppearance100Tests.test_all_previous_profiles_keep_meaning_activation_effects_and_native_gates) (profile='pf_venetian_arcade') ... FAIL
  test_all_previous_profiles_keep_meaning_activation_effects_and_native_gates (tests.test_photo_character_appearance_100.CharacterAppearance100Tests.test_all_previous_profiles_keep_meaning_activation_effects_and_native_gates) (profile='pf_roofless_ruin') ... FAIL
test_complete_merged_state_and_twenty_one_keeps_remain_exact (tests.test_photo_liminal_active_use_korean_data_cleanup.LiminalActiveUseKoreanDataCleanupTests.test_complete_merged_state_and_twenty_one_keeps_remain_exact) ... FAIL
test_registered_version_replay_and_all_legacy_artifacts_are_unchanged (tests.test_photo_nape_metadata_boundary_history.NapeMetadataBoundaryHistoryTests.test_registered_version_replay_and_all_legacy_artifacts_are_unchanged) ... ERROR

======================================================================
ERROR: test_registered_version_replay_and_all_legacy_artifacts_are_unchanged (tests.test_photo_nape_metadata_boundary_history.NapeMetadataBoundaryHistoryTests.test_registered_version_replay_and_all_legacy_artifacts_are_unchanged)
----------------------------------------------------------------------
Traceback (most recent call last):
  File "/Users/chasoik/Projects/image-prompt/tests/test_photo_nape_metadata_boundary_history.py", line 42, in setUp
    self.historical_source_hashes = dict(self.baseline['metadata_only_transition']['source_files'])
                                         ~~~~~~~~~~~~~^^^^^^^^^^^^^^^^^^^^^^^^^^^^
KeyError: 'metadata_only_transition'

======================================================================
FAIL: test_both_source_surfaces_declare_nape_and_preserve_original_effect (tests.test_photo_nape_effect_scope.PhotoNapeEffectScopeTests.test_both_source_surfaces_declare_nape_and_preserve_original_effect) (profile='sca_h15')
----------------------------------------------------------------------
Traceback (most recent call last):
  File "/Users/chasoik/Projects/image-prompt/tests/test_photo_nape_effect_scope.py", line 37, in test_both_source_surfaces_declare_nape_and_preserve_original_effect
    self.assertIn({'dimension': 'appearance', 'target': 'main_subject', 'property': path}, effects)
    ~~~~~~~~~~~~~^^^^^^^^^^^^^^^^^^^^^^^^^^^^^^^^^^^^^^^^^^^^^^^^^^^^^^^^^^^^^^^^^^^^^^^^^^^^^^^^^^
AssertionError: {'dimension': 'appearance', 'target': 'main_subject', 'property': 'hair.style.nape.layer_length'} not found in [{'dimension': 'appearance', 'target': 'main_subject', 'property': 'hair.style.layers.crown_nape_length'}]

======================================================================
FAIL: test_both_source_surfaces_declare_nape_and_preserve_original_effect (tests.test_photo_nape_effect_scope.PhotoNapeEffectScopeTests.test_both_source_surfaces_declare_nape_and_preserve_original_effect) (profile='sca_h16')
----------------------------------------------------------------------
Traceback (most recent call last):
  File "/Users/chasoik/Projects/image-prompt/tests/test_photo_nape_effect_scope.py", line 37, in test_both_source_surfaces_declare_nape_and_preserve_original_effect
    self.assertIn({'dimension': 'appearance', 'target': 'main_subject', 'property': path}, effects)
    ~~~~~~~~~~~~~^^^^^^^^^^^^^^^^^^^^^^^^^^^^^^^^^^^^^^^^^^^^^^^^^^^^^^^^^^^^^^^^^^^^^^^^^^^^^^^^^^
AssertionError: {'dimension': 'appearance', 'target': 'main_subject', 'property': 'hair.style.nape.undercut_length'} not found in [{'dimension': 'appearance', 'target': 'main_subject', 'property': 'hair.style.side.undercut_length'}]

======================================================================
FAIL: test_nape_parent_and_declared_leaf_are_protected (tests.test_photo_nape_effect_scope.PhotoNapeEffectScopeTests.test_nape_parent_and_declared_leaf_are_protected) (profile='sca_h15', path='hair.style.nape')
----------------------------------------------------------------------
Traceback (most recent call last):
  File "/Users/chasoik/Projects/image-prompt/tests/test_photo_nape_effect_scope.py", line 45, in test_nape_parent_and_declared_leaf_are_protected
    self.assertFalse(contracts.property_effects_allowed(self.lock(path), e['affected_dimensions'], e['affected_properties']))
    ~~~~~~~~~~~~~~~~^^^^^^^^^^^^^^^^^^^^^^^^^^^^^^^^^^^^^^^^^^^^^^^^^^^^^^^^^^^^^^^^^^^^^^^^^^^^^^^^^^^^^^^^^^^^^^^^^^^^^^^^^
AssertionError: True is not false

======================================================================
FAIL: test_nape_parent_and_declared_leaf_are_protected (tests.test_photo_nape_effect_scope.PhotoNapeEffectScopeTests.test_nape_parent_and_declared_leaf_are_protected) (profile='sca_h15', path='hair.style.nape.layer_length')
----------------------------------------------------------------------
Traceback (most recent call last):
  File "/Users/chasoik/Projects/image-prompt/tests/test_photo_nape_effect_scope.py", line 45, in test_nape_parent_and_declared_leaf_are_protected
    self.assertFalse(contracts.property_effects_allowed(self.lock(path), e['affected_dimensions'], e['affected_properties']))
    ~~~~~~~~~~~~~~~~^^^^^^^^^^^^^^^^^^^^^^^^^^^^^^^^^^^^^^^^^^^^^^^^^^^^^^^^^^^^^^^^^^^^^^^^^^^^^^^^^^^^^^^^^^^^^^^^^^^^^^^^^
AssertionError: True is not false

======================================================================
FAIL: test_nape_parent_and_declared_leaf_are_protected (tests.test_photo_nape_effect_scope.PhotoNapeEffectScopeTests.test_nape_parent_and_declared_leaf_are_protected) (profile='sca_h16', path='hair.style.nape')
----------------------------------------------------------------------
Traceback (most recent call last):
  File "/Users/chasoik/Projects/image-prompt/tests/test_photo_nape_effect_scope.py", line 45, in test_nape_parent_and_declared_leaf_are_protected
    self.assertFalse(contracts.property_effects_allowed(self.lock(path), e['affected_dimensions'], e['affected_properties']))
    ~~~~~~~~~~~~~~~~^^^^^^^^^^^^^^^^^^^^^^^^^^^^^^^^^^^^^^^^^^^^^^^^^^^^^^^^^^^^^^^^^^^^^^^^^^^^^^^^^^^^^^^^^^^^^^^^^^^^^^^^^
AssertionError: True is not false

======================================================================
FAIL: test_nape_parent_and_declared_leaf_are_protected (tests.test_photo_nape_effect_scope.PhotoNapeEffectScopeTests.test_nape_parent_and_declared_leaf_are_protected) (profile='sca_h16', path='hair.style.nape.undercut_length')
----------------------------------------------------------------------
Traceback (most recent call last):
  File "/Users/chasoik/Projects/image-prompt/tests/test_photo_nape_effect_scope.py", line 45, in test_nape_parent_and_declared_leaf_are_protected
    self.assertFalse(contracts.property_effects_allowed(self.lock(path), e['affected_dimensions'], e['affected_properties']))
    ~~~~~~~~~~~~~~~~^^^^^^^^^^^^^^^^^^^^^^^^^^^^^^^^^^^^^^^^^^^^^^^^^^^^^^^^^^^^^^^^^^^^^^^^^^^^^^^^^^^^^^^^^^^^^^^^^^^^^^^^^
AssertionError: True is not false

======================================================================
FAIL: test_matching_sources_append_opacity_preserving_family_owner_and_carrier (tests.test_photo_textile_opacity_effect_scope.PhotoTextileOpacityEffectScopeTests.test_matching_sources_append_opacity_preserving_family_owner_and_carrier) (candidate='clt_ct091_v1')
----------------------------------------------------------------------
Traceback (most recent call last):
  File "/Users/chasoik/Projects/image-prompt/tests/test_photo_textile_opacity_effect_scope.py", line 41, in test_matching_sources_append_opacity_preserving_family_owner_and_carrier
    self.assertEqual(row['affected_properties'], expected)
    ~~~~~~~~~~~~~~~~^^^^^^^^^^^^^^^^^^^^^^^^^^^^^^^^^^^^^^
AssertionError: Lists differ: [{'di[100 chars]eta'}] != [{'di[100 chars]eta'}, {'dimension': 'appearance', 'target': '[56 chars]ty'}]

Second list contains 1 additional elements.
First extra element 1:
{'dimension': 'appearance', 'target': 'main_subject', 'property': 'wardrobe.surface.sheer_opacity'}

  [{'dimension': 'appearance',
    'property': 'wardrobe.surface.chiffon_organza_taffeta',
+   'target': 'main_subject'},
+  {'dimension': 'appearance',
+   'property': 'wardrobe.surface.sheer_opacity',
    'target': 'main_subject'}]

======================================================================
FAIL: test_matching_sources_append_opacity_preserving_family_owner_and_carrier (tests.test_photo_textile_opacity_effect_scope.PhotoTextileOpacityEffectScopeTests.test_matching_sources_append_opacity_preserving_family_owner_and_carrier) (candidate='clt_ct091_v2')
----------------------------------------------------------------------
Traceback (most recent call last):
  File "/Users/chasoik/Projects/image-prompt/tests/test_photo_textile_opacity_effect_scope.py", line 41, in test_matching_sources_append_opacity_preserving_family_owner_and_carrier
    self.assertEqual(row['affected_properties'], expected)
    ~~~~~~~~~~~~~~~~^^^^^^^^^^^^^^^^^^^^^^^^^^^^^^^^^^^^^^
AssertionError: Lists differ: [{'di[100 chars]eta'}] != [{'di[100 chars]eta'}, {'dimension': 'appearance', 'target': '[56 chars]ty'}]

Second list contains 1 additional elements.
First extra element 1:
{'dimension': 'appearance', 'target': 'main_subject', 'property': 'wardrobe.surface.sheer_opacity'}

  [{'dimension': 'appearance',
    'property': 'wardrobe.surface.chiffon_organza_taffeta',
+   'target': 'main_subject'},
+  {'dimension': 'appearance',
+   'property': 'wardrobe.surface.sheer_opacity',
    'target': 'main_subject'}]

======================================================================
FAIL: test_canonical_opacity_and_ancestor_locks_reject (tests.test_photo_textile_opacity_effect_scope.PhotoTextileOpacityEffectScopeTests.test_canonical_opacity_and_ancestor_locks_reject) (candidate='clt_ct091_v1', path='wardrobe.surface.sheer_opacity')
----------------------------------------------------------------------
Traceback (most recent call last):
  File "/Users/chasoik/Projects/image-prompt/tests/test_photo_textile_opacity_effect_scope.py", line 48, in test_canonical_opacity_and_ancestor_locks_reject
    self.assertFalse(self.allowed(cid, path))
    ~~~~~~~~~~~~~~~~^^^^^^^^^^^^^^^^^^^^^^^^^
AssertionError: True is not false

======================================================================
FAIL: test_canonical_opacity_and_ancestor_locks_reject (tests.test_photo_textile_opacity_effect_scope.PhotoTextileOpacityEffectScopeTests.test_canonical_opacity_and_ancestor_locks_reject) (candidate='clt_ct091_v2', path='wardrobe.surface.sheer_opacity')
----------------------------------------------------------------------
Traceback (most recent call last):
  File "/Users/chasoik/Projects/image-prompt/tests/test_photo_textile_opacity_effect_scope.py", line 48, in test_canonical_opacity_and_ancestor_locks_reject
    self.assertFalse(self.allowed(cid, path))
    ~~~~~~~~~~~~~~~~^^^^^^^^^^^^^^^^^^^^^^^^^
AssertionError: True is not false

======================================================================
FAIL: test_all_previous_profiles_keep_meaning_activation_effects_and_native_gates (tests.test_photo_character_appearance_100.CharacterAppearance100Tests.test_all_previous_profiles_keep_meaning_activation_effects_and_native_gates) (profile='pf_portcullis')
----------------------------------------------------------------------
Traceback (most recent call last):
  File "/Users/chasoik/Projects/image-prompt/tests/test_photo_character_appearance_100.py", line 72, in test_all_previous_profiles_keep_meaning_activation_effects_and_native_gates
    self.assertEqual(p[field],q[field])
    ~~~~~~~~~~~~~~~~^^^^^^^^^^^^^^^^^^^
AssertionError: {'exa[205 chars]물린다; 문짝 회전이 아닌 상하 이동 구조가 읽힌다'], 'requires_adul[71 chars]True} != {'exa[205 chars]물린다; 격자가 그 수직 홈을 따라 부분적으로 내려와 있다'], 'requires_[75 chars]True}
Diff is 744 characters long. Set self.maxDiff to None to see it.

======================================================================
FAIL: test_all_previous_profiles_keep_meaning_activation_effects_and_native_gates (tests.test_photo_character_appearance_100.CharacterAppearance100Tests.test_all_previous_profiles_keep_meaning_activation_effects_and_native_gates) (profile='pf_window_seat')
----------------------------------------------------------------------
Traceback (most recent call last):
  File "/Users/chasoik/Projects/image-prompt/tests/test_photo_character_appearance_100.py", line 72, in test_all_previous_profiles_keep_meaning_activation_effects_and_native_gates
    self.assertEqual(p[field],q[field])
    ~~~~~~~~~~~~~~~~^^^^^^^^^^^^^^^^^^^
AssertionError: {'exa[175 chars]e', '좌석이 벽 깊이 안에 들어간다; 창 측벽과 바깥 개구부가 연결된다; 가구 [108 chars]True} != {'exa[175 chars]e', '붙박이 좌석이 조적 벽의 창 오목부 깊이 안에 자리한다; 창 측벽이 그 좌[153 chars]True}
  {'exact_terms': ['a built-in seat occupies the depth of the masonry recess; '
                   'the side reveals connect the seat space to the outer window; '
                   'the outer opening sits beyond the seat plane',
-                  '좌석이 벽 깊이 안에 들어간다; 창 측벽과 바깥 개구부가 연결된다; 가구 하나를 창 앞에 둔 장면과 '
-                  '구별된다'],
+                  '붙박이 좌석이 조적 벽의 창 오목부 깊이 안에 자리한다; 창 측벽이 그 좌석 공간을 바깥 창과 연결한다; '
+                  '바깥 개구부는 좌석 면보다 바깥쪽에 놓이며 가구 하나를 창 앞에 둔 장면과 구별된다'],
   'requires_adult_character': False,
   'semantic_discovery_requires_component_evidence': True}

======================================================================
FAIL: test_all_previous_profiles_keep_meaning_activation_effects_and_native_gates (tests.test_photo_character_appearance_100.CharacterAppearance100Tests.test_all_previous_profiles_keep_meaning_activation_effects_and_native_gates) (profile='pf_rib_vault_chapel')
----------------------------------------------------------------------
Traceback (most recent call last):
  File "/Users/chasoik/Projects/image-prompt/tests/test_photo_character_appearance_100.py", line 72, in test_all_previous_profiles_keep_meaning_activation_effects_and_native_gates
    self.assertEqual(p[field],q[field])
    ~~~~~~~~~~~~~~~~^^^^^^^^^^^^^^^^^^^
AssertionError: {'exa[166 chars]d', '천장 리브가 교차한다; 리브가 벽측 지지부와 연속된다; 공간 끝의 예배 영[96 chars]True} != {'exa[166 chars]d', '예배당 천장에 걸쳐 돌 리브가 교차한다; 리브가 상단이 뾰족한 개구부 옆의[122 chars]True}
  {'exact_terms': ['stone ribs intersect across the chapel ceiling; the ribs '
                   'continue toward supports beside pointed openings; a distinct '
                   'worship area occupies the chapel end',
-                  '천장 리브가 교차한다; 리브가 벽측 지지부와 연속된다; 공간 끝의 예배 영역이 구분된다'],
+                  '예배당 천장에 걸쳐 돌 리브가 교차한다; 리브가 상단이 뾰족한 개구부 옆의 벽측 지지부와 연속된다; 예배당 '
+                  '끝의 예배 영역이 구분된다'],
   'requires_adult_character': False,
   'semantic_discovery_requires_component_evidence': True}

======================================================================
FAIL: test_all_previous_profiles_keep_meaning_activation_effects_and_native_gates (tests.test_photo_character_appearance_100.CharacterAppearance100Tests.test_all_previous_profiles_keep_meaning_activation_effects_and_native_gates) (profile='pf_double_helix')
----------------------------------------------------------------------
Traceback (most recent call last):
  File "/Users/chasoik/Projects/image-prompt/tests/test_photo_character_appearance_100.py", line 72, in test_all_previous_profiles_keep_meaning_activation_effects_and_native_gates
    self.assertEqual(p[field],q[field])
    ~~~~~~~~~~~~~~~~^^^^^^^^^^^^^^^^^^^
AssertionError: {'exa[175 chars]h', '두 개의 계단 경로가 추적된다; 공유 중심부가 비어 보인다; 두 경로가 중[111 chars]True} != {'exa[175 chars]h', '서로 다른 두 나선형 계단 구간이 하나의 중심부 둘레를 감아 돈다; 두 계[178 chars]True}
Diff is 667 characters long. Set self.maxDiff to None to see it.

======================================================================
FAIL: test_all_previous_profiles_keep_meaning_activation_effects_and_native_gates (tests.test_photo_character_appearance_100.CharacterAppearance100Tests.test_all_previous_profiles_keep_meaning_activation_effects_and_native_gates) (profile='pf_venetian_arcade')
----------------------------------------------------------------------
Traceback (most recent call last):
  File "/Users/chasoik/Projects/image-prompt/tests/test_photo_character_appearance_100.py", line 72, in test_all_previous_profiles_keep_meaning_activation_effects_and_native_gates
    self.assertEqual(p[field],q[field])
    ~~~~~~~~~~~~~~~~^^^^^^^^^^^^^^^^^^^
AssertionError: {'exa[168 chars]이드가 보인다; 위층 개구 리듬이 아래층과 구별된다; 상부 벽체가 갤러리 위에 실제[95 chars]True} != {'exa[168 chars]이드가 보이며 물가를 향한다; 그 위층에 아래 아케이드보다 더 섬세한 투각형 갤러리[144 chars]True}
Diff is 680 characters long. Set self.maxDiff to None to see it.

======================================================================
FAIL: test_all_previous_profiles_keep_meaning_activation_effects_and_native_gates (tests.test_photo_character_appearance_100.CharacterAppearance100Tests.test_all_previous_profiles_keep_meaning_activation_effects_and_native_gates) (profile='pf_roofless_ruin')
----------------------------------------------------------------------
Traceback (most recent call last):
  File "/Users/chasoik/Projects/image-prompt/tests/test_photo_character_appearance_100.py", line 72, in test_all_previous_profiles_keep_meaning_activation_effects_and_native_gates
    self.assertEqual(p[field],q[field])
    ~~~~~~~~~~~~~~~~^^^^^^^^^^^^^^^^^^^
AssertionError: {'exa[218 chars]이 없어 방 안에서 하늘이 보인다; 남은 벽·창·바닥이 이전 실내를 이룬다; 파손이[112 chars]True} != {'exa[218 chars]이 없어 옛 방 안에서 그 방 위의 열린 하늘이 보인다; 남아 있는 벽과 창 개구부[176 chars]True}
Diff is 774 characters long. Set self.maxDiff to None to see it.

======================================================================
FAIL: test_complete_merged_state_and_twenty_one_keeps_remain_exact (tests.test_photo_liminal_active_use_korean_data_cleanup.LiminalActiveUseKoreanDataCleanupTests.test_complete_merged_state_and_twenty_one_keeps_remain_exact)
----------------------------------------------------------------------
Traceback (most recent call last):
  File "/Users/chasoik/Projects/image-prompt/tests/test_photo_liminal_active_use_korean_data_cleanup.py", line 180, in test_complete_merged_state_and_twenty_one_keeps_remain_exact
    self.assertEqual(row['affected_properties'], item['after'])
    ~~~~~~~~~~~~~~~~^^^^^^^^^^^^^^^^^^^^^^^^^^^^^^^^^^^^^^^^^^^
AssertionError: Lists differ: [{'di[100 chars]eta'}] != [{'di[100 chars]eta'}, {'dimension': 'appearance', 'target': '[56 chars]ty'}]

Second list contains 1 additional elements.
First extra element 1:
{'dimension': 'appearance', 'target': 'main_subject', 'property': 'wardrobe.surface.sheer_opacity'}

  [{'dimension': 'appearance',
    'property': 'wardrobe.surface.chiffon_organza_taffeta',
+   'target': 'main_subject'},
+  {'dimension': 'appearance',
+   'property': 'wardrobe.surface.sheer_opacity',
    'target': 'main_subject'}]

----------------------------------------------------------------------
Ran 7 tests in 3.028s

FAILED (failures=17, errors=1)
Diagnostic replay completed: 7 tests, 17 subtest failures, 1 errors; no source files changed.
