...........E..............................E...............................................FFFFFF.............................................................................................................EEEEEEEEEEEEEE......FF..FF.................................
======================================================================
ERROR: test_existing_render_manifests_keep_historical_failure_labels (tests.test_subculture_illustration_universal_scene_v3.UniversalSceneDataContractTests.test_existing_render_manifests_keep_historical_failure_labels)
----------------------------------------------------------------------
Traceback (most recent call last):
  File "/Users/chasoik/Projects/image-prompt/tests/test_subculture_illustration_universal_scene_v3.py", line 1712, in test_existing_render_manifests_keep_historical_failure_labels
    result = validate_all(str(ASSET_ROOT), verify_local_images=False)
  File "/Users/chasoik/Projects/image-prompt/skills/subculture-illustration-image-generator/scripts/validate_illustration_assets.py", line 11936, in validate_all
    photo_regression = validate_photo_regression_baseline(root)
  File "/Users/chasoik/Projects/image-prompt/skills/subculture-illustration-image-generator/scripts/validate_illustration_assets.py", line 6748, in validate_photo_regression_baseline
    _require(
    ~~~~~~~~^
        successor.get("schema") == f"photo_regression_baseline/v{successor_version}"
        ^^^^^^^^^^^^^^^^^^^^^^^^^^^^^^^^^^^^^^^^^^^^^^^^^^^^^^^^^^^^^^^^^^^^^^^^^^^^
    ...<5 lines>...
        "current photo successor lineage mismatch",
        ^^^^^^^^^^^^^^^^^^^^^^^^^^^^^^^^^^^^^^^^^^^
    )
    ^
  File "/Users/chasoik/Projects/image-prompt/skills/subculture-illustration-image-generator/scripts/validate_illustration_assets.py", line 1280, in _require
    raise ValidationFailure(message)
validate_illustration_assets.ValidationFailure: current photo successor lineage mismatch

======================================================================
ERROR: test_v1_v2_exact_replay_and_photo_baseline_remain_immutable (tests.test_subculture_illustration_universal_scene_v3.UniversalSceneRuntimeContractTests.test_v1_v2_exact_replay_and_photo_baseline_remain_immutable)
----------------------------------------------------------------------
Traceback (most recent call last):
  File "/Users/chasoik/Projects/image-prompt/tests/test_subculture_illustration_universal_scene_v3.py", line 4697, in test_v1_v2_exact_replay_and_photo_baseline_remain_immutable
    photo = validate_photo_regression_baseline(ASSET_ROOT)
  File "/Users/chasoik/Projects/image-prompt/skills/subculture-illustration-image-generator/scripts/validate_illustration_assets.py", line 6748, in validate_photo_regression_baseline
    _require(
    ~~~~~~~~^
        successor.get("schema") == f"photo_regression_baseline/v{successor_version}"
        ^^^^^^^^^^^^^^^^^^^^^^^^^^^^^^^^^^^^^^^^^^^^^^^^^^^^^^^^^^^^^^^^^^^^^^^^^^^^
    ...<5 lines>...
        "current photo successor lineage mismatch",
        ^^^^^^^^^^^^^^^^^^^^^^^^^^^^^^^^^^^^^^^^^^^
    )
    ^
  File "/Users/chasoik/Projects/image-prompt/skills/subculture-illustration-image-generator/scripts/validate_illustration_assets.py", line 1280, in _require
    raise ValidationFailure(message)
validate_illustration_assets.ValidationFailure: current photo successor lineage mismatch

======================================================================
ERROR: test_changed_predecessor_manifest_or_archival_pack_is_rejected (tests.test_photo_latest_metadata_boundary_history.LatestMetadataBoundaryHistoryTests.test_changed_predecessor_manifest_or_archival_pack_is_rejected)
----------------------------------------------------------------------
Traceback (most recent call last):
  File "/Users/chasoik/Projects/image-prompt/tests/test_photo_nape_metadata_boundary_history.py", line 42, in setUp
    self.historical_source_hashes = dict(self.baseline['metadata_only_transition']['source_files'])
                                         ~~~~~~~~~~~~~^^^^^^^^^^^^^^^^^^^^^^^^^^^^
KeyError: 'metadata_only_transition'

======================================================================
ERROR: test_explicit_v9_is_still_strict_against_current_data (tests.test_photo_latest_metadata_boundary_history.LatestMetadataBoundaryHistoryTests.test_explicit_v9_is_still_strict_against_current_data)
----------------------------------------------------------------------
Traceback (most recent call last):
  File "/Users/chasoik/Projects/image-prompt/tests/test_photo_nape_metadata_boundary_history.py", line 42, in setUp
    self.historical_source_hashes = dict(self.baseline['metadata_only_transition']['source_files'])
                                         ~~~~~~~~~~~~~^^^^^^^^^^^^^^^^^^^^^^^^^^^^
KeyError: 'metadata_only_transition'

======================================================================
ERROR: test_extra_semantic_candidate_order_negative_and_privacy_changes_fail (tests.test_photo_latest_metadata_boundary_history.LatestMetadataBoundaryHistoryTests.test_extra_semantic_candidate_order_negative_and_privacy_changes_fail)
----------------------------------------------------------------------
Traceback (most recent call last):
  File "/Users/chasoik/Projects/image-prompt/tests/test_photo_nape_metadata_boundary_history.py", line 42, in setUp
    self.historical_source_hashes = dict(self.baseline['metadata_only_transition']['source_files'])
                                         ~~~~~~~~~~~~~^^^^^^^^^^^^^^^^^^^^^^^^^^^^
KeyError: 'metadata_only_transition'

======================================================================
ERROR: test_metadata_delta_must_have_exactly_four_changed_fields (tests.test_photo_latest_metadata_boundary_history.LatestMetadataBoundaryHistoryTests.test_metadata_delta_must_have_exactly_four_changed_fields)
----------------------------------------------------------------------
Traceback (most recent call last):
  File "/Users/chasoik/Projects/image-prompt/tests/test_photo_nape_metadata_boundary_history.py", line 42, in setUp
    self.historical_source_hashes = dict(self.baseline['metadata_only_transition']['source_files'])
                                         ~~~~~~~~~~~~~^^^^^^^^^^^^^^^^^^^^^^^^^^^^
KeyError: 'metadata_only_transition'

======================================================================
ERROR: test_recomputed_output_checksum_cannot_rebaseline_a_changed_candidate (tests.test_photo_latest_metadata_boundary_history.LatestMetadataBoundaryHistoryTests.test_recomputed_output_checksum_cannot_rebaseline_a_changed_candidate)
----------------------------------------------------------------------
Traceback (most recent call last):
  File "/Users/chasoik/Projects/image-prompt/tests/test_photo_nape_metadata_boundary_history.py", line 42, in setUp
    self.historical_source_hashes = dict(self.baseline['metadata_only_transition']['source_files'])
                                         ~~~~~~~~~~~~~^^^^^^^^^^^^^^^^^^^^^^^^^^^^
KeyError: 'metadata_only_transition'

======================================================================
ERROR: test_registered_version_replay_and_all_legacy_artifacts_are_unchanged (tests.test_photo_latest_metadata_boundary_history.LatestMetadataBoundaryHistoryTests.test_registered_version_replay_and_all_legacy_artifacts_are_unchanged)
----------------------------------------------------------------------
Traceback (most recent call last):
  File "/Users/chasoik/Projects/image-prompt/tests/test_photo_nape_metadata_boundary_history.py", line 42, in setUp
    self.historical_source_hashes = dict(self.baseline['metadata_only_transition']['source_files'])
                                         ~~~~~~~~~~~~~^^^^^^^^^^^^^^^^^^^^^^^^^^^^
KeyError: 'metadata_only_transition'

======================================================================
ERROR: test_wrong_data_commit_source_hash_or_comparison_provenance_is_rejected (tests.test_photo_latest_metadata_boundary_history.LatestMetadataBoundaryHistoryTests.test_wrong_data_commit_source_hash_or_comparison_provenance_is_rejected)
----------------------------------------------------------------------
Traceback (most recent call last):
  File "/Users/chasoik/Projects/image-prompt/tests/test_photo_nape_metadata_boundary_history.py", line 42, in setUp
    self.historical_source_hashes = dict(self.baseline['metadata_only_transition']['source_files'])
                                         ~~~~~~~~~~~~~^^^^^^^^^^^^^^^^^^^^^^^^^^^^
KeyError: 'metadata_only_transition'

======================================================================
ERROR: test_changed_predecessor_manifest_or_archival_pack_is_rejected (tests.test_photo_vocaloid_metadata_boundary_history.VocaloidMetadataBoundaryHistoryTests.test_changed_predecessor_manifest_or_archival_pack_is_rejected)
----------------------------------------------------------------------
Traceback (most recent call last):
  File "/Users/chasoik/Projects/image-prompt/tests/test_photo_nape_metadata_boundary_history.py", line 42, in setUp
    self.historical_source_hashes = dict(self.baseline['metadata_only_transition']['source_files'])
                                         ~~~~~~~~~~~~~^^^^^^^^^^^^^^^^^^^^^^^^^^^^
KeyError: 'metadata_only_transition'

======================================================================
ERROR: test_explicit_v9_is_still_strict_against_current_data (tests.test_photo_vocaloid_metadata_boundary_history.VocaloidMetadataBoundaryHistoryTests.test_explicit_v9_is_still_strict_against_current_data)
----------------------------------------------------------------------
Traceback (most recent call last):
  File "/Users/chasoik/Projects/image-prompt/tests/test_photo_nape_metadata_boundary_history.py", line 42, in setUp
    self.historical_source_hashes = dict(self.baseline['metadata_only_transition']['source_files'])
                                         ~~~~~~~~~~~~~^^^^^^^^^^^^^^^^^^^^^^^^^^^^
KeyError: 'metadata_only_transition'

======================================================================
ERROR: test_extra_semantic_candidate_order_negative_and_privacy_changes_fail (tests.test_photo_vocaloid_metadata_boundary_history.VocaloidMetadataBoundaryHistoryTests.test_extra_semantic_candidate_order_negative_and_privacy_changes_fail)
----------------------------------------------------------------------
Traceback (most recent call last):
  File "/Users/chasoik/Projects/image-prompt/tests/test_photo_nape_metadata_boundary_history.py", line 42, in setUp
    self.historical_source_hashes = dict(self.baseline['metadata_only_transition']['source_files'])
                                         ~~~~~~~~~~~~~^^^^^^^^^^^^^^^^^^^^^^^^^^^^
KeyError: 'metadata_only_transition'

======================================================================
ERROR: test_metadata_delta_must_have_exactly_four_changed_fields (tests.test_photo_vocaloid_metadata_boundary_history.VocaloidMetadataBoundaryHistoryTests.test_metadata_delta_must_have_exactly_four_changed_fields)
----------------------------------------------------------------------
Traceback (most recent call last):
  File "/Users/chasoik/Projects/image-prompt/tests/test_photo_nape_metadata_boundary_history.py", line 42, in setUp
    self.historical_source_hashes = dict(self.baseline['metadata_only_transition']['source_files'])
                                         ~~~~~~~~~~~~~^^^^^^^^^^^^^^^^^^^^^^^^^^^^
KeyError: 'metadata_only_transition'

======================================================================
ERROR: test_recomputed_output_checksum_cannot_rebaseline_a_changed_candidate (tests.test_photo_vocaloid_metadata_boundary_history.VocaloidMetadataBoundaryHistoryTests.test_recomputed_output_checksum_cannot_rebaseline_a_changed_candidate)
----------------------------------------------------------------------
Traceback (most recent call last):
  File "/Users/chasoik/Projects/image-prompt/tests/test_photo_nape_metadata_boundary_history.py", line 42, in setUp
    self.historical_source_hashes = dict(self.baseline['metadata_only_transition']['source_files'])
                                         ~~~~~~~~~~~~~^^^^^^^^^^^^^^^^^^^^^^^^^^^^
KeyError: 'metadata_only_transition'

======================================================================
ERROR: test_registered_version_replay_and_all_legacy_artifacts_are_unchanged (tests.test_photo_vocaloid_metadata_boundary_history.VocaloidMetadataBoundaryHistoryTests.test_registered_version_replay_and_all_legacy_artifacts_are_unchanged)
----------------------------------------------------------------------
Traceback (most recent call last):
  File "/Users/chasoik/Projects/image-prompt/tests/test_photo_nape_metadata_boundary_history.py", line 42, in setUp
    self.historical_source_hashes = dict(self.baseline['metadata_only_transition']['source_files'])
                                         ~~~~~~~~~~~~~^^^^^^^^^^^^^^^^^^^^^^^^^^^^
KeyError: 'metadata_only_transition'

======================================================================
ERROR: test_wrong_data_commit_source_hash_or_comparison_provenance_is_rejected (tests.test_photo_vocaloid_metadata_boundary_history.VocaloidMetadataBoundaryHistoryTests.test_wrong_data_commit_source_hash_or_comparison_provenance_is_rejected)
----------------------------------------------------------------------
Traceback (most recent call last):
  File "/Users/chasoik/Projects/image-prompt/tests/test_photo_nape_metadata_boundary_history.py", line 42, in setUp
    self.historical_source_hashes = dict(self.baseline['metadata_only_transition']['source_files'])
                                         ~~~~~~~~~~~~~^^^^^^^^^^^^^^^^^^^^^^^^^^^^
KeyError: 'metadata_only_transition'

======================================================================
FAIL: test_all_previous_profiles_keep_meaning_activation_effects_and_native_gates (tests.test_photo_character_appearance_100.CharacterAppearance100Tests.test_all_previous_profiles_keep_meaning_activation_effects_and_native_gates) (profile='pf_portcullis')
----------------------------------------------------------------------
Traceback (most recent call last):
  File "/Users/chasoik/Projects/image-prompt/tests/test_photo_character_appearance_100.py", line 72, in test_all_previous_profiles_keep_meaning_activation_effects_and_native_gates
    self.assertEqual(p[field],q[field])
    ~~~~~~~~~~~~~~~~^^^^^^^^^^^^^^^^^^^
AssertionError: {'exa[205 chars]물린다; 문짝 회전이 아닌 상하 이동 구조가 읽힌다'], 'requires_adul[71 chars]True} != {'exa[205 chars]물린다; 격자가 그 수직 홈을 따라 부분적으로 내려와 있다'], 'requires_[75 chars]True}
Diff is 744 characters long. Set self.maxDiff to None to see it.

======================================================================
FAIL: test_all_previous_profiles_keep_meaning_activation_effects_and_native_gates (tests.test_photo_character_appearance_100.CharacterAppearance100Tests.test_all_previous_profiles_keep_meaning_activation_effects_and_native_gates) (profile='pf_window_seat')
----------------------------------------------------------------------
Traceback (most recent call last):
  File "/Users/chasoik/Projects/image-prompt/tests/test_photo_character_appearance_100.py", line 72, in test_all_previous_profiles_keep_meaning_activation_effects_and_native_gates
    self.assertEqual(p[field],q[field])
    ~~~~~~~~~~~~~~~~^^^^^^^^^^^^^^^^^^^
AssertionError: {'exa[175 chars]e', '좌석이 벽 깊이 안에 들어간다; 창 측벽과 바깥 개구부가 연결된다; 가구 [108 chars]True} != {'exa[175 chars]e', '붙박이 좌석이 조적 벽의 창 오목부 깊이 안에 자리한다; 창 측벽이 그 좌[153 chars]True}
  {'exact_terms': ['a built-in seat occupies the depth of the masonry recess; '
                   'the side reveals connect the seat space to the outer window; '
                   'the outer opening sits beyond the seat plane',
-                  '좌석이 벽 깊이 안에 들어간다; 창 측벽과 바깥 개구부가 연결된다; 가구 하나를 창 앞에 둔 장면과 '
-                  '구별된다'],
+                  '붙박이 좌석이 조적 벽의 창 오목부 깊이 안에 자리한다; 창 측벽이 그 좌석 공간을 바깥 창과 연결한다; '
+                  '바깥 개구부는 좌석 면보다 바깥쪽에 놓이며 가구 하나를 창 앞에 둔 장면과 구별된다'],
   'requires_adult_character': False,
   'semantic_discovery_requires_component_evidence': True}

======================================================================
FAIL: test_all_previous_profiles_keep_meaning_activation_effects_and_native_gates (tests.test_photo_character_appearance_100.CharacterAppearance100Tests.test_all_previous_profiles_keep_meaning_activation_effects_and_native_gates) (profile='pf_rib_vault_chapel')
----------------------------------------------------------------------
Traceback (most recent call last):
  File "/Users/chasoik/Projects/image-prompt/tests/test_photo_character_appearance_100.py", line 72, in test_all_previous_profiles_keep_meaning_activation_effects_and_native_gates
    self.assertEqual(p[field],q[field])
    ~~~~~~~~~~~~~~~~^^^^^^^^^^^^^^^^^^^
AssertionError: {'exa[166 chars]d', '천장 리브가 교차한다; 리브가 벽측 지지부와 연속된다; 공간 끝의 예배 영[96 chars]True} != {'exa[166 chars]d', '예배당 천장에 걸쳐 돌 리브가 교차한다; 리브가 상단이 뾰족한 개구부 옆의[122 chars]True}
  {'exact_terms': ['stone ribs intersect across the chapel ceiling; the ribs '
                   'continue toward supports beside pointed openings; a distinct '
                   'worship area occupies the chapel end',
-                  '천장 리브가 교차한다; 리브가 벽측 지지부와 연속된다; 공간 끝의 예배 영역이 구분된다'],
+                  '예배당 천장에 걸쳐 돌 리브가 교차한다; 리브가 상단이 뾰족한 개구부 옆의 벽측 지지부와 연속된다; 예배당 '
+                  '끝의 예배 영역이 구분된다'],
   'requires_adult_character': False,
   'semantic_discovery_requires_component_evidence': True}

======================================================================
FAIL: test_all_previous_profiles_keep_meaning_activation_effects_and_native_gates (tests.test_photo_character_appearance_100.CharacterAppearance100Tests.test_all_previous_profiles_keep_meaning_activation_effects_and_native_gates) (profile='pf_double_helix')
----------------------------------------------------------------------
Traceback (most recent call last):
  File "/Users/chasoik/Projects/image-prompt/tests/test_photo_character_appearance_100.py", line 72, in test_all_previous_profiles_keep_meaning_activation_effects_and_native_gates
    self.assertEqual(p[field],q[field])
    ~~~~~~~~~~~~~~~~^^^^^^^^^^^^^^^^^^^
AssertionError: {'exa[175 chars]h', '두 개의 계단 경로가 추적된다; 공유 중심부가 비어 보인다; 두 경로가 중[111 chars]True} != {'exa[175 chars]h', '서로 다른 두 나선형 계단 구간이 하나의 중심부 둘레를 감아 돈다; 두 계[178 chars]True}
Diff is 667 characters long. Set self.maxDiff to None to see it.

======================================================================
FAIL: test_all_previous_profiles_keep_meaning_activation_effects_and_native_gates (tests.test_photo_character_appearance_100.CharacterAppearance100Tests.test_all_previous_profiles_keep_meaning_activation_effects_and_native_gates) (profile='pf_venetian_arcade')
----------------------------------------------------------------------
Traceback (most recent call last):
  File "/Users/chasoik/Projects/image-prompt/tests/test_photo_character_appearance_100.py", line 72, in test_all_previous_profiles_keep_meaning_activation_effects_and_native_gates
    self.assertEqual(p[field],q[field])
    ~~~~~~~~~~~~~~~~^^^^^^^^^^^^^^^^^^^
AssertionError: {'exa[168 chars]이드가 보인다; 위층 개구 리듬이 아래층과 구별된다; 상부 벽체가 갤러리 위에 실제[95 chars]True} != {'exa[168 chars]이드가 보이며 물가를 향한다; 그 위층에 아래 아케이드보다 더 섬세한 투각형 갤러리[144 chars]True}
Diff is 680 characters long. Set self.maxDiff to None to see it.

======================================================================
FAIL: test_all_previous_profiles_keep_meaning_activation_effects_and_native_gates (tests.test_photo_character_appearance_100.CharacterAppearance100Tests.test_all_previous_profiles_keep_meaning_activation_effects_and_native_gates) (profile='pf_roofless_ruin')
----------------------------------------------------------------------
Traceback (most recent call last):
  File "/Users/chasoik/Projects/image-prompt/tests/test_photo_character_appearance_100.py", line 72, in test_all_previous_profiles_keep_meaning_activation_effects_and_native_gates
    self.assertEqual(p[field],q[field])
    ~~~~~~~~~~~~~~~~^^^^^^^^^^^^^^^^^^^
AssertionError: {'exa[218 chars]이 없어 방 안에서 하늘이 보인다; 남은 벽·창·바닥이 이전 실내를 이룬다; 파손이[112 chars]True} != {'exa[218 chars]이 없어 옛 방 안에서 그 방 위의 열린 하늘이 보인다; 남아 있는 벽과 창 개구부[176 chars]True}
Diff is 774 characters long. Set self.maxDiff to None to see it.

======================================================================
FAIL: test_canonical_opacity_and_ancestor_locks_reject (tests.test_photo_textile_opacity_effect_scope.PhotoTextileOpacityEffectScopeTests.test_canonical_opacity_and_ancestor_locks_reject) (candidate='clt_ct091_v1', path='wardrobe.surface.sheer_opacity')
----------------------------------------------------------------------
Traceback (most recent call last):
  File "/Users/chasoik/Projects/image-prompt/tests/test_photo_textile_opacity_effect_scope.py", line 48, in test_canonical_opacity_and_ancestor_locks_reject
    self.assertFalse(self.allowed(cid, path))
    ~~~~~~~~~~~~~~~~^^^^^^^^^^^^^^^^^^^^^^^^^
AssertionError: True is not false

======================================================================
FAIL: test_canonical_opacity_and_ancestor_locks_reject (tests.test_photo_textile_opacity_effect_scope.PhotoTextileOpacityEffectScopeTests.test_canonical_opacity_and_ancestor_locks_reject) (candidate='clt_ct091_v2', path='wardrobe.surface.sheer_opacity')
----------------------------------------------------------------------
Traceback (most recent call last):
  File "/Users/chasoik/Projects/image-prompt/tests/test_photo_textile_opacity_effect_scope.py", line 48, in test_canonical_opacity_and_ancestor_locks_reject
    self.assertFalse(self.allowed(cid, path))
    ~~~~~~~~~~~~~~~~^^^^^^^^^^^^^^^^^^^^^^^^^
AssertionError: True is not false

======================================================================
FAIL: test_matching_sources_append_opacity_preserving_family_owner_and_carrier (tests.test_photo_textile_opacity_effect_scope.PhotoTextileOpacityEffectScopeTests.test_matching_sources_append_opacity_preserving_family_owner_and_carrier) (candidate='clt_ct091_v1')
----------------------------------------------------------------------
Traceback (most recent call last):
  File "/Users/chasoik/Projects/image-prompt/tests/test_photo_textile_opacity_effect_scope.py", line 41, in test_matching_sources_append_opacity_preserving_family_owner_and_carrier
    self.assertEqual(row['affected_properties'], expected)
    ~~~~~~~~~~~~~~~~^^^^^^^^^^^^^^^^^^^^^^^^^^^^^^^^^^^^^^
AssertionError: Lists differ: [{'di[100 chars]eta'}] != [{'di[100 chars]eta'}, {'dimension': 'appearance', 'target': '[56 chars]ty'}]

Second list contains 1 additional elements.
First extra element 1:
{'dimension': 'appearance', 'target': 'main_subject', 'property': 'wardrobe.surface.sheer_opacity'}

  [{'dimension': 'appearance',
    'property': 'wardrobe.surface.chiffon_organza_taffeta',
+   'target': 'main_subject'},
+  {'dimension': 'appearance',
+   'property': 'wardrobe.surface.sheer_opacity',
    'target': 'main_subject'}]

======================================================================
FAIL: test_matching_sources_append_opacity_preserving_family_owner_and_carrier (tests.test_photo_textile_opacity_effect_scope.PhotoTextileOpacityEffectScopeTests.test_matching_sources_append_opacity_preserving_family_owner_and_carrier) (candidate='clt_ct091_v2')
----------------------------------------------------------------------
Traceback (most recent call last):
  File "/Users/chasoik/Projects/image-prompt/tests/test_photo_textile_opacity_effect_scope.py", line 41, in test_matching_sources_append_opacity_preserving_family_owner_and_carrier
    self.assertEqual(row['affected_properties'], expected)
    ~~~~~~~~~~~~~~~~^^^^^^^^^^^^^^^^^^^^^^^^^^^^^^^^^^^^^^
AssertionError: Lists differ: [{'di[100 chars]eta'}] != [{'di[100 chars]eta'}, {'dimension': 'appearance', 'target': '[56 chars]ty'}]

Second list contains 1 additional elements.
First extra element 1:
{'dimension': 'appearance', 'target': 'main_subject', 'property': 'wardrobe.surface.sheer_opacity'}

  [{'dimension': 'appearance',
    'property': 'wardrobe.surface.chiffon_organza_taffeta',
+   'target': 'main_subject'},
+  {'dimension': 'appearance',
+   'property': 'wardrobe.surface.sheer_opacity',
    'target': 'main_subject'}]

----------------------------------------------------------------------
Ran 257 tests in 1314.986s

FAILED (failures=10, errors=16)
