..........................F.....
======================================================================
FAIL: test_complete_merged_state_and_twenty_one_keeps_remain_exact (tests.test_photo_liminal_active_use_korean_data_cleanup.LiminalActiveUseKoreanDataCleanupTests.test_complete_merged_state_and_twenty_one_keeps_remain_exact)
----------------------------------------------------------------------
Traceback (most recent call last):
  File "/Users/chasoik/Projects/image-prompt/tests/test_photo_liminal_active_use_korean_data_cleanup.py", line 180, in test_complete_merged_state_and_twenty_one_keeps_remain_exact
    self.assertEqual(row['affected_properties'], item['after'])
    ~~~~~~~~~~~~~~~~^^^^^^^^^^^^^^^^^^^^^^^^^^^^^^^^^^^^^^^^^^^
AssertionError: Lists differ: [{'di[100 chars]eta'}] != [{'di[100 chars]eta'}, {'dimension': 'appearance', 'target': '[56 chars]ty'}]

Second list contains 1 additional elements.
First extra element 1:
{'dimension': 'appearance', 'target': 'main_subject', 'property': 'wardrobe.surface.sheer_opacity'}

  [{'dimension': 'appearance',
    'property': 'wardrobe.surface.chiffon_organza_taffeta',
+   'target': 'main_subject'},
+  {'dimension': 'appearance',
+   'property': 'wardrobe.surface.sheer_opacity',
    'target': 'main_subject'}]

----------------------------------------------------------------------
Ran 32 tests in 143.516s

FAILED (failures=1)
