test_makeup_axes_keep_line_lash_lip_finish_and_lip_placement_ownership_separate (tests.test_makeup_layer_dictionary.MakeupLayerDictionaryTests.test_makeup_axes_keep_line_lash_lip_finish_and_lip_placement_ownership_separate) ... ok
test_bilingual_form_requests_activate_but_negation_and_excluded_spans_do_not (tests.test_photo_acting_expression_data.ActingExpressionDataTests.test_bilingual_form_requests_activate_but_negation_and_excluded_spans_do_not) ... ok
test_negative_or_provenance_text_is_not_positive_retrieval_evidence (tests.test_photo_acting_expression_data.ActingExpressionDataTests.test_negative_or_provenance_text_is_not_positive_retrieval_evidence) ... ok
test_press_tighten_and_mouth_opening_keep_distinct_requirements (tests.test_photo_acting_expression_data.ActingExpressionDataTests.test_press_tighten_and_mouth_opening_keep_distinct_requirements) ... ok
test_dimension_policy_rejects_unknown_source_and_dimension (tests.test_photo_adult_appeal_scope.PhotoAdultAppealScopeTests.test_dimension_policy_rejects_unknown_source_and_dimension) ... ok
test_exhausted_current_scope_disables_axes_without_losing_requested_strengths (tests.test_photo_adult_appeal_scope.PhotoAdultAppealScopeTests.test_exhausted_current_scope_disables_axes_without_losing_requested_strengths) ... ok
test_affect_research_shard_is_three_source_per_topic_and_hash_bound (tests.test_photo_affect_visual_semantics.PhotoAffectVisualSemanticsTests.test_affect_research_shard_is_three_source_per_topic_and_hash_bound) ... ok
test_broad_emotion_words_do_not_create_hard_obligations (tests.test_photo_affect_visual_semantics.PhotoAffectVisualSemanticsTests.test_broad_emotion_words_do_not_create_hard_obligations) ... ok
test_contextual_term_meanings_materialize_without_one_fixed_story (tests.test_photo_authorial_core.PhotoAuthorialCoreTests.test_contextual_term_meanings_materialize_without_one_fixed_story) ... ok
test_character_response_compiles_only_frozen_generic_structure (tests.test_photo_authorial_core_v6.PhotoAuthorialCoreV6Tests.test_character_response_compiles_only_frozen_generic_structure) ... ok
test_v6_generation_and_pack_never_call_legacy_raw_moe_router (tests.test_photo_authorial_core_v6.PhotoAuthorialCoreV6Tests.test_v6_generation_and_pack_never_call_legacy_raw_moe_router) ... ok
test_yandere_core_binds_same_target_affection_control_relation (tests.test_photo_authorial_core_v6.PhotoAuthorialCoreV6Tests.test_yandere_core_binds_same_target_affection_control_relation) ... ok
test_clarification_allows_open_staging_change_without_demoting_meaning (tests.test_photo_authorial_direction_scope.PhotoAuthorialDirectionScopeTests.test_clarification_allows_open_staging_change_without_demoting_meaning) ... ok
test_obsolete_pack_and_core_versions_are_rejected (tests.test_photo_authorship_policy.PhotoAuthorshipPolicyTests.test_obsolete_pack_and_core_versions_are_rejected) ... ok
test_cjk_segmentation_preserves_longest_matches_and_unmatched_gaps (tests.test_photo_bm25f_retrieval.PhotoBm25fRetrievalTests.test_cjk_segmentation_preserves_longest_matches_and_unmatched_gaps) ... ok
test_thigh_gap_uses_closed_straight_stance_and_neutral_inference (tests.test_photo_body_aesthetic_semantics.PhotoBodyAestheticSemanticsTests.test_thigh_gap_uses_closed_straight_stance_and_neutral_inference) ... ok
test_ambiguous_bare_labels_and_non_body_homonyms_fail_closed (tests.test_photo_body_shape_semantics.PhotoBodyShapeSemanticsTests.test_ambiguous_bare_labels_and_non_body_homonyms_fail_closed) ... ok
test_exact_body_terms_route_to_one_profile (tests.test_photo_body_shape_semantics.PhotoBodyShapeSemanticsTests.test_exact_body_terms_route_to_one_profile) ... ok
test_research_evidence_is_approved_and_candidate_bound (tests.test_photo_body_shape_semantics.PhotoBodyShapeSemanticsTests.test_research_evidence_is_approved_and_candidate_bound) ... ok
test_adult_entrypoint_rejects_invalid_snapshots_even_with_inactive_axes (tests.test_photo_bound_context_surfaces.BoundContextSurfaceTests.test_adult_entrypoint_rejects_invalid_snapshots_even_with_inactive_axes) ... ok
test_auditor_bundle_recomputation_rejects_invalid_snapshot (tests.test_photo_bound_context_surfaces.BoundContextSurfaceTests.test_auditor_bundle_recomputation_rejects_invalid_snapshot) ... ok
test_extension_has_six_complete_six_slot_clusters (tests.test_photo_boundary_transition_visual_semantics.PhotoBoundaryTransitionVisualSemanticsTests.test_extension_has_six_complete_six_slot_clusters) ... ok
test_real_generated_index_contains_new_profiles_and_vectors (tests.test_photo_boundary_transition_visual_semantics.PhotoBoundaryTransitionVisualSemanticsTests.test_real_generated_index_contains_new_profiles_and_vectors) ... ok
test_research_evidence_is_approved_and_contract_bound (tests.test_photo_boundary_transition_visual_semantics.PhotoBoundaryTransitionVisualSemanticsTests.test_research_evidence_is_approved_and_contract_bound) ... ok
test_a_new_object_actor_cannot_supply_camera_direction (tests.test_photo_camera_owned_clauses.CameraOwnedClauseTests.test_a_new_object_actor_cannot_supply_camera_direction) ... ok
test_excluded_clause_is_not_reused_as_a_redacted_positive_fragment (tests.test_photo_camera_owned_clauses.CameraOwnedClauseTests.test_excluded_clause_is_not_reused_as_a_redacted_positive_fragment) ... ok
test_prepatch_holdout_bytes_and_literal_projection (tests.test_photo_camera_owned_clauses.CameraOwnedClauseTests.test_prepatch_holdout_bytes_and_literal_projection) ... ok
test_unresolved_multiple_camera_ownership_fails_closed (tests.test_photo_camera_owned_clauses.CameraOwnedClauseTests.test_unresolved_multiple_camera_ownership_fails_closed) ... ok
test_cli_rejects_missing_declared_camera_evidence_before_loading_candidate_data (tests.test_photo_camera_owned_clauses.NewCameraAuthoringChecks.test_cli_rejects_missing_declared_camera_evidence_before_loading_candidate_data) ... ok
test_scope_ownership_preserves_distinct_locked_dimensions (tests.test_photo_candidate_semantics.PhotoCandidateSemanticsTests.test_scope_ownership_preserves_distinct_locked_dimensions) ... ok
test_boundary_anchor_meets_its_existing_evidence_minimum (tests.test_photo_capture_boundary_data.CaptureBoundaryDataTests.test_boundary_anchor_meets_its_existing_evidence_minimum) ... ok
test_meaningful_model_and_format_shorthand_remains (tests.test_photo_capture_owner_data_cleanup.CaptureOwnerDataCleanupTests.test_meaningful_model_and_format_shorthand_remains) ... ok
test_missing_typed_contract_is_detected_from_frozen_required_assertion (tests.test_photo_character_render_review.PhotoCharacterRenderReviewTests.test_missing_typed_contract_is_detected_from_frozen_required_assertion) ... ok
test_visual_obligations_and_only_selected_optional_gates_join_typed_gates (tests.test_photo_character_render_review.PhotoCharacterRenderReviewTests.test_visual_obligations_and_only_selected_optional_gates_join_typed_gates) ... ok
test_kuudere_profile_keeps_composure_and_same_target_care_together (tests.test_photo_character_response_concepts.PhotoCharacterResponseConceptTests.test_kuudere_profile_keeps_composure_and_same_target_care_together) ... ok
test_profile_defines_abstract_meaning_without_scene_geometry (tests.test_photo_character_response_concepts.PhotoCharacterResponseConceptTests.test_profile_defines_abstract_meaning_without_scene_geometry) ... ok
test_yandere_atomic_support_excludes_horror_and_invisible_shortcuts (tests.test_photo_character_response_concepts.PhotoCharacterResponseConceptTests.test_yandere_atomic_support_excludes_horror_and_invisible_shortcuts) ... ok
test_homonyms_family_labels_negation_and_owner_changes_do_not_harden (tests.test_photo_clothing_terminology_semantics.ClothingTerminologySemanticsTests.test_homonyms_family_labels_negation_and_owner_changes_do_not_harden) ... ok
test_full_bundle_detail_cannot_drop_actor_or_relation_for_partial_use (tests.test_photo_composer_view.PhotoComposerViewTests.test_full_bundle_detail_cannot_drop_actor_or_relation_for_partial_use) ... ok
test_required_candidate_is_never_deferred (tests.test_photo_composer_view.PhotoComposerViewTests.test_required_candidate_is_never_deferred) ... ok
test_research_rows_are_approved_and_reference_real_candidates (tests.test_photo_concept_candidate_expansion.PhotoConceptCandidateExpansionTests.test_research_rows_are_approved_and_reference_real_candidates) ... ok
test_alternative_query_does_not_copy_agent_outfit_and_exclusions_stay_negative (tests.test_photo_contextual_appeal.ContextualAppealTests.test_alternative_query_does_not_copy_agent_outfit_and_exclusions_stay_negative) ... ok
test_source_order_does_not_choose_prefix (tests.test_photo_contextual_appeal.ContextualAppealTests.test_source_order_does_not_choose_prefix) ... ok
test_derived_quality_guards_keep_source_and_any_semantics (tests.test_photo_contextual_appeal.FinalCandidateContextTests.test_derived_quality_guards_keep_source_and_any_semantics) ... ok
test_primary_requirement_uses_new_open_context_but_not_an_unopened_relation (tests.test_photo_contextual_appeal.FinalCandidateContextTests.test_primary_requirement_uses_new_open_context_but_not_an_unopened_relation) ... ok
test_rehashed_missing_condition_and_missing_current_contract_fail (tests.test_photo_contextual_appeal.FinalCandidateContextTests.test_rehashed_missing_condition_and_missing_current_contract_fail) ... ok
test_short_real_scene_phrases_are_supported (tests.test_photo_contextual_appeal.FinalCandidateContextTests.test_short_real_scene_phrases_are_supported) ... ok
test_invalid_numeric_values_are_not_truncated_to_valid_integers (tests.test_photo_control_assignment_punctuation.PhotoControlAssignmentPunctuationTests.test_invalid_numeric_values_are_not_truncated_to_valid_integers) ... ok
test_config_only_span_needs_no_visual_anchor_and_survives_audit (tests.test_photo_control_span_ownership.ControlSpanOwnershipTests.test_config_only_span_needs_no_visual_anchor_and_survives_audit) ... ok
test_source_record_and_generated_indexes_bind_the_actual_runtime_data (tests.test_photo_costume_cosplay_semantics.CostumeCosplaySemanticsTests.test_source_record_and_generated_indexes_bind_the_actual_runtime_data) ... ok
test_old_cli_options_are_unknown (tests.test_photo_current_boundary.PhotoCurrentBoundaryTests.test_old_cli_options_are_unknown) ... ok
test_sampler_diagnostics_are_not_public_packs (tests.test_photo_current_boundary.PhotoCurrentBoundaryTests.test_sampler_diagnostics_are_not_public_packs) ... ok
test_every_professional_role_separates_rest_from_operational_action (tests.test_photo_data_semantic_corrections.PhotoDataSemanticCorrectionsTests.test_every_professional_role_separates_rest_from_operational_action) ... ok
test_nine_profiles_have_five_component_groups_and_pixel_gates (tests.test_photo_desire_visual_semantics.PhotoDesireVisualSemanticsTests.test_nine_profiles_have_five_component_groups_and_pixel_gates) ... ok
test_declared_owners_preserve_legacy_compounds_and_add_atomic_effects (tests.test_photo_editing_effects_semantics.PhotoEditingEffectsSemanticsTests.test_declared_owners_preserve_legacy_compounds_and_add_atomic_effects) ... ok
test_source_property_effects_survive_pack_and_cannot_bypass_partial_color_lock (tests.test_photo_editing_effects_semantics.PhotoEditingEffectsSemanticsTests.test_source_property_effects_survive_pack_and_cannot_bypass_partial_color_lock) ... ok
test_material_baseline_check_cannot_be_suppressed_after_composition (tests.test_photo_embodiment.EmbodimentContractTests.test_material_baseline_check_cannot_be_suppressed_after_composition) ... ok
test_requested_unusual_structure_is_retained_with_grounded_evidence (tests.test_photo_embodiment.EmbodimentContractTests.test_requested_unusual_structure_is_retained_with_grounded_evidence) ... ok
test_bm25f_surfaces_each_new_relation_candidate (tests.test_photo_emotional_place_visual_semantics.PhotoEmotionalPlaceVisualSemanticsTests.test_bm25f_surfaces_each_new_relation_candidate) ... ok
test_generated_indexes_include_profiles_and_all_candidate_atoms (tests.test_photo_era_visual_semantics.PhotoEraVisualSemanticsTests.test_generated_indexes_include_profiles_and_all_candidate_atoms) ... ok
test_seventy_one_research_regressions_keep_hard_optional_boundary (tests.test_photo_era_visual_semantics.PhotoEraVisualSemanticsTests.test_seventy_one_research_regressions_keep_hard_optional_boundary) ... ok
test_three_arm_fixture_is_reference_bound_and_partial_is_fail (tests.test_photo_era_visual_semantics.PhotoEraVisualSemanticsTests.test_three_arm_fixture_is_reference_bound_and_partial_is_fail) ... ok
test_non_face_homonyms_bare_letters_and_single_cues_fail_closed (tests.test_photo_face_shape_semantics.PhotoFaceShapeSemanticsTests.test_non_face_homonyms_bare_letters_and_single_cues_fail_closed) ... ok
test_profiles_are_complete_relational_pixel_contracts (tests.test_photo_face_shape_semantics.PhotoFaceShapeSemanticsTests.test_profiles_are_complete_relational_pixel_contracts) ... ok
test_profiles_do_not_encode_fixed_numeric_face_ideals (tests.test_photo_face_shape_semantics.PhotoFaceShapeSemanticsTests.test_profiles_do_not_encode_fixed_numeric_face_ideals) ... ok
test_all_five_obligations_remain (tests.test_photo_ghost_ship_gate_alternative.GhostShipGateAlternativeTests.test_all_five_obligations_remain) ... ok
test_cultural_lineage_does_not_force_person_origin (tests.test_photo_hair_visual_semantics.PhotoHairVisualSemanticsTests.test_cultural_lineage_does_not_force_person_origin) ... ok
test_bm25f_retrieval_surfaces_each_complete_cluster_near_the_top (tests.test_photo_harem_visual_semantics.PhotoHaremVisualSemanticsTests.test_bm25f_retrieval_surfaces_each_complete_cluster_near_the_top) ... ok
test_broad_polysemous_and_adjacent_terms_never_force_new_profiles (tests.test_photo_harem_visual_semantics.PhotoHaremVisualSemanticsTests.test_broad_polysemous_and_adjacent_terms_never_force_new_profiles) ... ok
test_every_candidate_is_merged_source_bound_and_fail_closed (tests.test_photo_harem_visual_semantics.PhotoHaremVisualSemanticsTests.test_every_candidate_is_merged_source_bound_and_fail_closed) ... ok
test_existing_harem_trouser_profile_remains_the_only_exact_owner (tests.test_photo_harem_visual_semantics.PhotoHaremVisualSemanticsTests.test_existing_harem_trouser_profile_remains_the_only_exact_owner) ... ok
test_embedding_only_discovery_does_not_impose_a_variant (tests.test_photo_historical_womenswear_semantics.HistoricalWomenswearTests.test_embedding_only_discovery_does_not_impose_a_variant) ... ok
test_long_http_error_retains_full_bytes_and_structured_fields (tests.test_photo_image_attempt_evidence.ApiErrorEvidenceTests.test_long_http_error_retains_full_bytes_and_structured_fields) ... ok
test_schema_keeps_error_fields_bound_and_supported_fidelities_in_sync (tests.test_photo_image_attempt_evidence.EvidenceBindingTests.test_schema_keeps_error_fields_bound_and_supported_fidelities_in_sync) ... ok
test_broad_advisory_and_neighbor_terms_do_not_force_new_profiles (tests.test_photo_imaginal_visual_semantics.PhotoImaginalVisualSemanticsTests.test_broad_advisory_and_neighbor_terms_do_not_force_new_profiles) ... ok
test_embedding_only_paraphrase_remains_optional (tests.test_photo_imaginal_visual_semantics.PhotoImaginalVisualSemanticsTests.test_embedding_only_paraphrase_remains_optional) ... ok
test_generated_index_is_bound_to_every_imaginal_profile (tests.test_photo_imaginal_visual_semantics.PhotoImaginalVisualSemanticsTests.test_generated_index_is_bound_to_every_imaginal_profile) ... ok
test_registry_schema_accepts_imaginal_profiles (tests.test_photo_imaginal_visual_semantics.PhotoImaginalVisualSemanticsTests.test_registry_schema_accepts_imaginal_profiles) ... ok
test_surreal_levels_are_not_probabilistic_or_adult_eligibility_controls (tests.test_photo_initial_creative_controls.CreativeControlResolverTests.test_surreal_levels_are_not_probabilistic_or_adult_eligibility_controls) ... ok
test_changed_snapshot_or_missing_binding_fails (tests.test_photo_initial_creative_controls.InitialDirectionIntegrationTests.test_changed_snapshot_or_missing_binding_fails) ... ok
test_historical_axis_scope_is_rejected (tests.test_photo_initial_creative_controls.InitialDirectionIntegrationTests.test_historical_axis_scope_is_rejected) ... ok
test_punk_long_labels_keep_existing_authored_keyword_units_and_bundles (tests.test_photo_jurisdiction_record_unit_data_cleanup.JurisdictionRecordUnitDataCleanupTests.test_punk_long_labels_keep_existing_authored_keyword_units_and_bundles) ... ok
test_adjacent_visual_confounds_fail_closed (tests.test_photo_korean_emotional_visual_semantics.PhotoKoreanEmotionalVisualSemanticsTests.test_adjacent_visual_confounds_fail_closed) ... ok
test_bm25f_routes_researched_shorthand_to_expected_candidates (tests.test_photo_korean_emotional_visual_semantics.PhotoKoreanEmotionalVisualSemanticsTests.test_bm25f_routes_researched_shorthand_to_expected_candidates) ... ok
test_declared_lattice_has_complete_canonical_evidence (tests.test_photo_lattice_shadow_alternative.LatticeShadowAlternativeTests.test_declared_lattice_has_complete_canonical_evidence) ... ok
test_existing_complete_components_and_missing_groups (tests.test_photo_leading_line_gate_alternatives.LeadingLineGateAlternativesTests.test_existing_complete_components_and_missing_groups) ... ok
test_broad_legend_terms_remain_advisory (tests.test_photo_legend_visual_semantics.PhotoLegendVisualSemanticsTests.test_broad_legend_terms_remain_advisory) ... ok
test_research_evidence_is_approved_and_contract_bound (tests.test_photo_legend_visual_semantics.PhotoLegendVisualSemanticsTests.test_research_evidence_is_approved_and_contract_bound) ... ok
test_five_proposals_change_only_relation_objects (tests.test_photo_lighting_color_owner_data_cleanup.LightingColorOwnerDataCleanupTests.test_five_proposals_change_only_relation_objects) ... ok
test_three_arm_cases_are_frozen_profile_distinct_and_reference_bound (tests.test_photo_lighting_visual_semantics.PhotoLightingVisualSemanticsTests.test_three_arm_cases_are_frozen_profile_distinct_and_reference_bound) ... ok
test_historical_v6_preservation_and_current_candidate_projection (tests.test_photo_liminal_active_use_korean_data_cleanup.LiminalActiveUseKoreanDataCleanupTests.test_historical_v6_preservation_and_current_candidate_projection) ... ok
test_semantics_do_not_encode_demographic_or_value_inference (tests.test_photo_makeup_reference_balance.PhotoMakeupReferenceBalanceTests.test_semantics_do_not_encode_demographic_or_value_inference) ... ok
test_source_observation_is_hash_bound_and_identity_independent (tests.test_photo_makeup_reference_balance.PhotoMakeupReferenceBalanceTests.test_source_observation_is_hash_bound_and_identity_independent) ... ok
test_embedding_only_component_paraphrase_remains_optional (tests.test_photo_makeup_visual_semantics.PhotoMakeupVisualSemanticsTests.test_embedding_only_component_paraphrase_remains_optional) ... ok
test_exact_terms_route_and_confusers_or_negations_fail_closed (tests.test_photo_makeup_visual_semantics.PhotoMakeupVisualSemanticsTests.test_exact_terms_route_and_confusers_or_negations_fail_closed) ... ok
test_crochet_translation_does_not_add_open_weave_or_change_english (tests.test_photo_material_data_cleanup.MaterialDataCleanupTests.test_crochet_translation_does_not_add_open_weave_or_change_english) ... ok
test_real_indexes_cover_the_new_source (tests.test_photo_model_editorial_semantics.ModelEditorialTests.test_real_indexes_cover_the_new_source) ... ok
test_camera_sweep_radial_and_rotational_owners_are_distinct (tests.test_photo_motion_artifact_owner_data_cleanup.MotionArtifactOwnerDataCleanupTests.test_camera_sweep_radial_and_rotational_owners_are_distinct) ... ok
test_extension_has_sixty_complete_candidates_and_is_runtime_loaded (tests.test_photo_mythology_visual_semantics.PhotoMythologyVisualSemanticsTests.test_extension_has_sixty_complete_candidates_and_is_runtime_loaded) ... ok
test_current_public_projection_preserves_accepted_provenance_binding (tests.test_photo_narrative_unit_data_cleanup.NarrativeUnitDataCleanupTests.test_current_public_projection_preserves_accepted_provenance_binding) ... ok
test_moral_corruption_does_not_request_bodily_transformation_through_full_core (tests.test_photo_neutral_expression_alternatives.PhotoNeutralExpressionAlternativesTests.test_moral_corruption_does_not_request_bodily_transformation_through_full_core) ... ok
test_regional_candidates_cannot_evade_partial_body_property_locks (tests.test_photo_neutral_expression_alternatives.PhotoNeutralExpressionAlternativesTests.test_regional_candidates_cannot_evade_partial_body_property_locks) ... ok
test_pose_counterexamples_are_not_positive_search_terms (tests.test_photo_next_slot_data_cleanup.NextSlotDataCleanupTests.test_pose_counterexamples_are_not_positive_search_terms) ... ok
test_biohybrid_required_components_and_pixel_gates_are_preserved (tests.test_photo_nonhuman_source_alternatives.NonhumanSourceAlternativesTests.test_biohybrid_required_components_and_pixel_gates_are_preserved) ... ok
test_existing_operator_boundaries_and_incomplete_substitutes_remain_distinct (tests.test_photo_nonhuman_source_alternatives.NonhumanSourceAlternativesTests.test_existing_operator_boundaries_and_incomplete_substitutes_remain_distinct) ... ok
test_bow_orientation_and_population_are_scene_owned (tests.test_photo_object_morphology_ownership.ObjectMorphologyOwnershipTests.test_bow_orientation_and_population_are_scene_owned) ... ok
test_deferred_gear_and_hand_labels_are_exact_baseline (tests.test_photo_occupation_korean_label_data_cleanup.OccupationKoreanLabelDataCleanupTests.test_deferred_gear_and_hand_labels_are_exact_baseline) ... ok
test_complete_relations_and_partial_boundaries (tests.test_photo_opening_era_semantics.OpeningEraTests.test_complete_relations_and_partial_boundaries) ... ok
test_maintenance_hash_and_index_coverage (tests.test_photo_opening_era_semantics.OpeningEraTests.test_maintenance_hash_and_index_coverage) ... ok
test_eighteen_keeps_and_all_non_owner_fields_are_exact (tests.test_photo_photorealism_owner_data_cleanup.PhotorealismOwnerDataCleanupTests.test_eighteen_keeps_and_all_non_owner_fields_are_exact) ... ok
test_bilingual_retrieval_keeps_directed_atomic_relations (tests.test_photo_portrait_composition_semantics.PortraitCompositionTests.test_bilingual_retrieval_keeps_directed_atomic_relations) ... ok
test_added_projection_preserves_initial_profiles_candidates_and_source_links (tests.test_photo_portrait_fashion_exposure.PortraitFashionExposureTests.test_added_projection_preserves_initial_profiles_candidates_and_source_links) ... ok
test_unrelated_homonyms_are_filtered_even_with_an_adult_context (tests.test_photo_portrait_fashion_exposure.PortraitFashionExposureTests.test_unrelated_homonyms_are_filtered_even_with_an_adult_context) ... ok
test_real_core_retrieval_exposes_the_matching_geometry_and_is_recomputable (tests.test_photo_pose_vocabulary_semantics.PhotoPoseVocabularySemanticsTests.test_real_core_retrieval_exposes_the_matching_geometry_and_is_recomputable) ... ok
test_reuse_appends_context_without_changing_existing_meaning_or_guards (tests.test_photo_pose_vocabulary_semantics.PhotoPoseVocabularySemanticsTests.test_reuse_appends_context_without_changing_existing_meaning_or_guards) ... ok
test_generated_semantic_index_contains_every_candidate (tests.test_photo_poverty_visual_semantics.PhotoPovertyVisualSemanticsTests.test_generated_semantic_index_contains_every_candidate) ... ok
test_generated_visual_index_contains_profiles_and_exact_terms (tests.test_photo_poverty_visual_semantics.PhotoPovertyVisualSemanticsTests.test_generated_visual_index_contains_profiles_and_exact_terms) ... ok
test_research_routing_cases_preserve_exact_broad_and_negative_boundaries (tests.test_photo_poverty_visual_semantics.PhotoPovertyVisualSemanticsTests.test_research_routing_cases_preserve_exact_broad_and_negative_boundaries) ... ok
test_catalog_is_not_an_index_input (tests.test_photo_precore_feature_selection.PhotoPrecoreFeatureSelectionTests.test_catalog_is_not_an_index_input) ... ok
test_rejects_complete_agent_action_at_each_required_evidence_boundary (tests.test_photo_precore_feature_selection.PhotoPrecoreFeatureSelectionTests.test_rejects_complete_agent_action_at_each_required_evidence_boundary) ... ok
test_core_requires_a_resolved_ambiguity_boundary_and_auditable_web_basis (tests.test_photo_prepack_isolation.PhotoPrepackIsolationTests.test_core_requires_a_resolved_ambiguity_boundary_and_auditable_web_basis) ... ok
test_historical_v6_full_pack_detail_and_overview_preserve_genuine_subject_context (tests.test_photo_protostar_korean_alias_data_cleanup.ProtostarKoreanAliasDataCleanupTests.test_historical_v6_full_pack_detail_and_overview_preserve_genuine_subject_context) ... ok
test_independent_probes_names_and_controls_are_existing_subjects (tests.test_photo_protostar_korean_alias_data_cleanup.ProtostarKoreanAliasDataCleanupTests.test_independent_probes_names_and_controls_are_existing_subjects) ... ok
test_contract_freezes_twenty_terms_and_evidence_tiers (tests.test_photo_punk_aesthetic_semantics.PunkAestheticSemanticsTests.test_contract_freezes_twenty_terms_and_evidence_tiers) ... ok
test_broad_aliases_expose_multiple_optional_candidate_routes (tests.test_photo_rare_photo_visual_semantics.PhotoRarePhotoVisualSemanticsTests.test_broad_aliases_expose_multiple_optional_candidate_routes) ... ok
test_three_arm_fixture_is_frozen_and_reference_bound (tests.test_photo_rare_photo_visual_semantics.PhotoRarePhotoVisualSemanticsTests.test_three_arm_fixture_is_frozen_and_reference_bound) ... ok
test_each_selected_profile_has_all_owner_components_and_invalid_evidence_is_rejected (tests.test_photo_realistic_background_semantics.RealisticBackgroundTests.test_each_selected_profile_has_all_owner_components_and_invalid_evidence_is_rejected) ... ok
test_real_indexes_bind_every_new_candidate_and_profile (tests.test_photo_realistic_background_semantics.RealisticBackgroundTests.test_real_indexes_bind_every_new_candidate_and_profile) ... ok
test_realism_labels_and_clean_dry_low_noise_requests_do_not_create_hard_duties (tests.test_photo_realistic_background_semantics.RealisticBackgroundTests.test_realism_labels_and_clean_dry_low_noise_requests_do_not_create_hard_duties) ... ok
test_acceptance_binds_the_tradeoff_and_retains_adverse_results (tests.test_photo_reef_explicit_unit_data_cleanup.ReefExplicitUnitDataCleanupTests.test_acceptance_binds_the_tradeoff_and_retains_adverse_results) ... ok
test_historical_raw_delta_and_current_reef_fields_are_exact (tests.test_photo_reef_explicit_unit_data_cleanup.ReefExplicitUnitDataCleanupTests.test_historical_raw_delta_and_current_reef_fields_are_exact) ... ok
test_current_lineage_mutation_fails_before_any_replay (tests.test_photo_religion_iconography_boundary_history.ReligionIconographyBoundaryHistoryTests.test_current_lineage_mutation_fails_before_any_replay) ... ok
test_parallel_local_observation_tampering_is_rejected_before_replay (tests.test_photo_religion_iconography_boundary_history.ReligionIconographyBoundaryHistoryTests.test_parallel_local_observation_tampering_is_rejected_before_replay) ... ok
test_prior_photo_observations_are_byte_immutable (tests.test_photo_religion_iconography_boundary_history.ReligionIconographyBoundaryHistoryTests.test_prior_photo_observations_are_byte_immutable) ... ok
test_lineage_requires_locked_action_and_one_assertion_owning_both_phrases (tests.test_photo_render_repair.PhotoRenderRepairTests.test_lineage_requires_locked_action_and_one_assertion_owning_both_phrases) ... ok
test_render_review_requires_exact_major_gate_set_and_image_hash (tests.test_photo_render_repair.PhotoRenderRepairTests.test_render_review_requires_exact_major_gate_set_and_image_hash) ... ok
test_reviewed_paraphrases_preserve_candidate_scope_and_are_searchable (tests.test_photo_research_integration.ResearchIntegrationTests.test_reviewed_paraphrases_preserve_candidate_scope_and_are_searchable) ... ok
test_wearing_change_obeys_property_and_action_locks_without_axis_tags (tests.test_photo_research_integration.ResearchIntegrationTests.test_wearing_change_obeys_property_and_action_locks_without_axis_tags) ... ok
test_multiple_discovered_options_survive_without_starving_supported_slots (tests.test_photo_retrieval_runtime_improvement.PhotoRetrievalAdmissionTests.test_multiple_discovered_options_survive_without_starving_supported_slots) ... ok
test_excluded_owner_phrase_cannot_create_a_positive_slot_query (tests.test_photo_retrieval_runtime_improvement.PhotoRetrievalOwnerQueryTests.test_excluded_owner_phrase_cannot_create_a_positive_slot_query) ... ok
test_frozen_property_arm_retrieves_existing_upward_and_backlight_coverage (tests.test_photo_retrieval_runtime_improvement.PhotoRetrievalOwnerQueryTests.test_frozen_property_arm_retrieves_existing_upward_and_backlight_coverage) ... ok
test_no_property_lock_preserves_legacy_eligibility (tests.test_photo_retrieval_runtime_improvement.PhotoRetrievalPropertyEligibilityTests.test_no_property_lock_preserves_legacy_eligibility) ... ok
test_type_cannot_override_human_or_no_people_context (tests.test_photo_retrieval_runtime_improvement.PhotoRetrievalSubjectHandoffTests.test_type_cannot_override_human_or_no_people_context) ... ok
test_coffee_gesture_is_preserved_in_both_languages (tests.test_photo_scene_data_cleanup.ScenePropCleanupTests.test_coffee_gesture_is_preserved_in_both_languages) ... ok
test_neutral_component_matches_require_opt_in (tests.test_photo_semantic_guidance_data.PhotoSemanticGuidanceDataTests.test_neutral_component_matches_require_opt_in) ... ok
test_neutral_relations_accept_complete_structure_and_reject_substitution (tests.test_photo_semantic_guidance_data.PhotoSemanticGuidanceDataTests.test_neutral_relations_accept_complete_structure_and_reject_substitution) ... ok
test_semantic_index_builder_loads_project_env_file (tests.test_photo_semantic_index.PhotoSemanticIndexTests.test_semantic_index_builder_loads_project_env_file) ... ok
test_complete_raw_extension_changes_only_the_one_korean_state (tests.test_photo_shelf_return_korean_state_data_cleanup.ShelfReturnKoreanStateDataCleanupTests.test_complete_raw_extension_changes_only_the_one_korean_state) ... ok
test_korean_field_projection_changes_only_the_local_aftermath (tests.test_photo_shelf_return_korean_state_data_cleanup.ShelfReturnKoreanStateDataCleanupTests.test_korean_field_projection_changes_only_the_local_aftermath) ... ok
test_instruction_and_gate_preserve_the_one_or_existing_group_scope (tests.test_photo_single_allocator_recovery.SingleAllocatorRecoveryTests.test_instruction_and_gate_preserve_the_one_or_existing_group_scope) ... ok
test_single_allocator_alternative_has_a_canonical_binding (tests.test_photo_single_allocator_recovery.SingleAllocatorRecoveryTests.test_single_allocator_alternative_has_a_canonical_binding) ... ok
test_composite_variants_are_not_forced_into_small_o_blush_fatigue (tests.test_photo_slang_visual_alternatives.PhotoSlangVisualAlternativesTests.test_composite_variants_are_not_forced_into_small_o_blush_fatigue) ... ok
test_generic_mirror_does_not_assert_gaze (tests.test_photo_slot_data_cleanup.PhotoSlotDataCleanupTests.test_generic_mirror_does_not_assert_gaze) ... ok
test_generic_worklight_keeps_explicit_robot_family_support (tests.test_photo_slot_data_cleanup.PhotoSlotDataCleanupTests.test_generic_worklight_keeps_explicit_robot_family_support) ... ok
test_broad_space_terms_remain_advisory (tests.test_photo_space_visual_semantics.PhotoSpaceVisualSemanticsTests.test_broad_space_terms_remain_advisory) ... ok
test_extension_has_eight_complete_six_slot_clusters (tests.test_photo_space_visual_semantics.PhotoSpaceVisualSemanticsTests.test_extension_has_eight_complete_six_slot_clusters) ... ok
test_parent_property_locks_and_carrier_aliases_are_preserved (tests.test_photo_subculture_appearance_alternatives.PhotoSubcultureAppearanceAlternativesTests.test_parent_property_locks_and_carrier_aliases_are_preserved) ... ok
test_independent_and_adjacent_negatives_cannot_activate_even_with_perfect_vector (tests.test_photo_tactile_reality_semantics.PhotoTactileRealitySemanticsTests.test_independent_and_adjacent_negatives_cannot_activate_even_with_perfect_vector) ... ok
test_registered_ten_candidates_and_four_distinct_optional_bundles (tests.test_photo_tactile_reality_semantics.PhotoTactileRealitySemanticsTests.test_registered_ten_candidates_and_four_distinct_optional_bundles) ... ok
test_registry_schema_is_valid_apart_from_generated_index_refresh (tests.test_photo_traditional_clothing_semantics.PhotoTraditionalClothingSemanticsTests.test_registry_schema_is_valid_apart_from_generated_index_refresh) ... ok
test_composed_prompt_must_bind_every_distinct_visual_duty (tests.test_photo_visual_obligations.PhotoVisualObligationTests.test_composed_prompt_must_bind_every_distinct_visual_duty) ... ok
test_composition_candidates_have_semantic_text_and_confusion_conflicts (tests.test_photo_visual_obligations.PhotoVisualObligationTests.test_composition_candidates_have_semantic_text_and_confusion_conflicts) ... ok
test_glitch_and_reality_error_require_prompt_independent_authored_legibility (tests.test_photo_visual_obligations.PhotoVisualObligationTests.test_glitch_and_reality_error_require_prompt_independent_authored_legibility) ... ok
test_prepack_visual_intent_is_hash_bound_and_source_grounded (tests.test_photo_visual_obligations.PhotoVisualObligationTests.test_prepack_visual_intent_is_hash_bound_and_source_grounded) ... ok
test_scoped_composite_requires_explicit_expression_freedom (tests.test_photo_visual_obligations.PhotoVisualObligationTests.test_scoped_composite_requires_explicit_expression_freedom) ... ok
test_selected_visual_concept_binds_runtime_and_render_review (tests.test_photo_visual_obligations.PhotoVisualObligationTests.test_selected_visual_concept_binds_runtime_and_render_review) ... ok
test_semantic_evidence_and_sensitive_runtime_labels_fail_closed (tests.test_photo_visual_obligations.PhotoVisualObligationTests.test_semantic_evidence_and_sensitive_runtime_labels_fail_closed) ... ok
test_visual_only_render_review_uses_effective_visual_gate_contract (tests.test_photo_visual_obligations.PhotoVisualObligationTests.test_visual_only_render_review_uses_effective_visual_gate_contract) ... ok
test_commercial_defense_glossary_honors_alignment_override_and_negation (tests.test_photo_visual_profile_retrieval.PhotoVisualProfileRetrievalTests.test_commercial_defense_glossary_honors_alignment_override_and_negation) ... ok
test_contact_and_noncontact_keep_all_five_required_components (tests.test_photo_wet_hair_weight_alternative.WetHairWeightAlternativeTests.test_contact_and_noncontact_keep_all_five_required_components) ... ok
test_embedding_only_component_paraphrase_remains_optional (tests.test_photo_womens_casualwear_visual_semantics.PhotoWomensCasualwearVisualSemanticsTests.test_embedding_only_component_paraphrase_remains_optional) ... ok
test_eight_hard_profiles_have_component_contracts_and_five_pixel_gates (tests.test_photo_womens_professional_uniform_visual_semantics.WomensProfessionalUniformVisualSemanticsTests.test_eight_hard_profiles_have_component_contracts_and_five_pixel_gates) ... ok
test_generic_gendered_uniform_and_costume_terms_do_not_force_profiles (tests.test_photo_womens_professional_uniform_visual_semantics.WomensProfessionalUniformVisualSemanticsTests.test_generic_gendered_uniform_and_costume_terms_do_not_force_profiles) ... ok
test_candidates_are_axis_owned_and_semantically_decomposed (tests.test_photo_womens_summer_trend_visual_semantics.PhotoWomensSummerTrendVisualSemanticsTests.test_candidates_are_axis_owned_and_semantically_decomposed) ... ok
test_genre_social_and_adjacent_terms_do_not_force_scene_profiles (tests.test_photo_wuxia_visual_semantics.PhotoWuxiaVisualSemanticsTests.test_genre_social_and_adjacent_terms_do_not_force_scene_profiles) ... ok
test_research_evidence_is_approved_source_bound_and_limited (tests.test_photo_wuxia_visual_semantics.PhotoWuxiaVisualSemanticsTests.test_research_evidence_is_approved_source_bound_and_limited) ... ok
test_wuxia_and_xianxia_legacy_candidates_are_not_synonyms (tests.test_photo_wuxia_visual_semantics.PhotoWuxiaVisualSemanticsTests.test_wuxia_and_xianxia_legacy_candidates_are_not_synonyms) ... ok
test_audit_binding_uses_the_skill_specific_core (tests.test_subculture_illustration_contract_v1.SubcultureIllustrationContractV1Tests.test_audit_binding_uses_the_skill_specific_core) ... ok
test_canonical_pack_id_tamper_is_distinguished_from_composed_failure (tests.test_subculture_illustration_contract_v1.SubcultureIllustrationContractV1Tests.test_canonical_pack_id_tamper_is_distinguished_from_composed_failure) ... ok
test_case01_v2_successor_preserves_both_failed_roles (tests.test_subculture_illustration_contract_v1.SubcultureIllustrationContractV1Tests.test_case01_v2_successor_preserves_both_failed_roles) ... ok
test_generation_retry_policy_mutations_fail_closed (tests.test_subculture_illustration_contract_v1.SubcultureIllustrationContractV1Tests.test_generation_retry_policy_mutations_fail_closed) ... ok
test_descriptive_baseline_cannot_override_module_or_manifest_authority (tests.test_subculture_illustration_universal_scene_v3.UniversalSceneCurrentOracleV2Tests.test_descriptive_baseline_cannot_override_module_or_manifest_authority) ... ok
test_fixed_prop_eligibility_uses_only_the_generic_carrier (tests.test_subculture_illustration_universal_scene_v3.UniversalSceneDataContractTests.test_fixed_prop_eligibility_uses_only_the_generic_carrier) ... ok
test_pre_universal_v2_and_cli_baseline_hashes_fail_closed (tests.test_subculture_illustration_universal_scene_v3.UniversalSceneDataContractTests.test_pre_universal_v2_and_cli_baseline_hashes_fail_closed) ... ok
test_quiet_theme_source_is_independently_zero_displacement (tests.test_subculture_illustration_universal_scene_v3.UniversalSceneDataContractTests.test_quiet_theme_source_is_independently_zero_displacement) ... ok
test_all_24_packs_satisfy_reviewed_bridge_obligations_and_additive_bands (tests.test_subculture_illustration_universal_scene_v3.UniversalSceneRuntimeContractTests.test_all_24_packs_satisfy_reviewed_bridge_obligations_and_additive_bands) ... ok
test_apple_hammer_machine_gun_preserve_roles_with_increasing_load (tests.test_subculture_illustration_universal_scene_v3.UniversalSceneRuntimeContractTests.test_apple_hammer_machine_gun_preserve_roles_with_increasing_load) ... ok
test_human_nonhuman_faceless_limbless_four_arm_and_no_prop_resources (tests.test_subculture_illustration_universal_scene_v3.UniversalSceneRuntimeContractTests.test_human_nonhuman_faceless_limbless_four_arm_and_no_prop_resources) ... ok
test_pack_mutations_reject_core_orphan_remote_closed_and_resources (tests.test_subculture_illustration_universal_scene_v3.UniversalSceneRuntimeContractTests.test_pack_mutations_reject_core_orphan_remote_closed_and_resources) ... ok
test_prior_exposure_ids_are_unique_recorded_and_replayed (tests.test_subculture_illustration_universal_scene_v3.UniversalSceneRuntimeContractTests.test_prior_exposure_ids_are_unique_recorded_and_replayed) ... ok
test_c14_c21_concrete_value_anchors_survive_generic_role_negation (tests.test_universal_scene_directional_substitution.DirectionalSubstitutionPolarityTests.test_c14_c21_concrete_value_anchors_survive_generic_role_negation) ... ok
test_coordinated_negative_lists_do_not_hide_independent_reassertions (tests.test_universal_scene_directional_substitution.DirectionalSubstitutionPolarityTests.test_coordinated_negative_lists_do_not_hide_independent_reassertions) ... ok
test_raw_cjk_matching_does_not_promote_unrelated_compounds (tests.test_universal_scene_directional_substitution.DirectionalSubstitutionPolarityTests.test_raw_cjk_matching_does_not_promote_unrelated_compounds) ... ok

----------------------------------------------------------------------
Ran 193 tests in 1068.191s

OK
