test_explicit_opt_out_remains_off (tests.test_photo_adult_appeal_scope.PhotoAdultAppealScopeTests.test_explicit_opt_out_remains_off) ... ok
test_full_audit_requires_final_context_for_an_ordinary_candidate (tests.test_photo_adult_appeal_scope.PhotoAdultAppealScopeTests.test_full_audit_requires_final_context_for_an_ordinary_candidate) ... ok
test_inventory_override_cannot_erase_an_entry_declared_effect (tests.test_photo_adult_appeal_scope.PhotoAdultAppealScopeTests.test_inventory_override_cannot_erase_an_entry_declared_effect) ... ok
test_missing_current_dimension_scope_is_rejected (tests.test_photo_adult_appeal_scope.PhotoAdultAppealScopeTests.test_missing_current_dimension_scope_is_rejected) ... ok
test_five_arm_pixel_cases_are_seeded_gate_complete_and_consensus_bound (tests.test_photo_affect_visual_semantics.PhotoAffectVisualSemanticsTests.test_five_arm_pixel_cases_are_seeded_gate_complete_and_consensus_bound) ... ok
test_authorial_core_and_composed_prompt_use_advisory_and_absolute_budgets (tests.test_photo_authorial_core_v6.PhotoAuthorialCoreV6Tests.test_authorial_core_and_composed_prompt_use_advisory_and_absolute_budgets) ... ok
test_required_non_character_assertion_binds_final_prompt_evidence (tests.test_photo_authorial_core_v6.PhotoAuthorialCoreV6Tests.test_required_non_character_assertion_binds_final_prompt_evidence) ... ok
test_yandere_v6_pack_carries_relation_and_visual_obligation (tests.test_photo_authorial_core_v6.PhotoAuthorialCoreV6Tests.test_yandere_v6_pack_carries_relation_and_visual_obligation) ... ok
test_changing_only_the_initial_direction_does_not_change_requester_duties (tests.test_photo_authorial_direction_scope.PhotoAuthorialDirectionScopeTests.test_changing_only_the_initial_direction_does_not_change_requester_duties) ... ok
test_closed_dimensions_and_missing_anchor_still_fail (tests.test_photo_authorship_policy.PhotoAuthorshipPolicyTests.test_closed_dimensions_and_missing_anchor_still_fail) ... ok
test_shared_canonical_bytes_and_vocabulary_are_unchanged (tests.test_photo_authorship_policy.PhotoAuthorshipPolicyTests.test_shared_canonical_bytes_and_vocabulary_are_unchanged) ... ok
test_alias_field_outranks_incidental_support_cue (tests.test_photo_bm25f_retrieval.PhotoBm25fRetrievalTests.test_alias_field_outranks_incidental_support_cue) ... ok
test_research_profiles_are_componentized_and_registered (tests.test_photo_body_aesthetic_semantics.PhotoBodyAestheticSemanticsTests.test_research_profiles_are_componentized_and_registered) ... ok
test_regional_and_global_terms_are_not_equivalent (tests.test_photo_body_shape_semantics.PhotoBodyShapeSemanticsTests.test_regional_and_global_terms_are_not_equivalent) ... ok
test_height_alone_cannot_establish_upward_direction (tests.test_photo_camera_owned_clauses.CameraOwnedClauseTests.test_height_alone_cannot_establish_upward_direction) ... ok
test_query_uses_only_the_owned_clause_and_keeps_frozen_core (tests.test_photo_camera_owned_clauses.CameraOwnedClauseTests.test_query_uses_only_the_owned_clause_and_keeps_frozen_core) ... ok
test_required_extension_loss_fails_before_dictionary_use (tests.test_photo_candidate_semantics.PhotoCandidateSemanticsTests.test_required_extension_loss_fails_before_dictionary_use) ... ok
test_source_contract_or_scope_tampering_fails_even_after_pack_hash_recompute (tests.test_photo_candidate_semantics.PhotoCandidateSemanticsTests.test_source_contract_or_scope_tampering_fails_even_after_pack_hash_recompute) ... ok
test_affirmative_exclusions_still_block_complete_components (tests.test_photo_capture_boundary_data.CaptureBoundaryDataTests.test_affirmative_exclusions_still_block_complete_components) ... ok
test_valid_optical_alternatives_are_not_blanket_normalized (tests.test_photo_capture_owner_data_cleanup.CaptureOwnerDataCleanupTests.test_valid_optical_alternatives_are_not_blanket_normalized) ... ok
test_complete_languages_and_missing_groups (tests.test_photo_capture_physics_alternatives.CapturePhysicsAlternativesTests.test_complete_languages_and_missing_groups) ... ok
test_new_profile_uses_the_same_schema_without_code_changes (tests.test_photo_character_response_concepts.PhotoCharacterResponseConceptTests.test_new_profile_uses_the_same_schema_without_code_changes) ... ok
test_profile_consistency_is_data_driven_and_requester_first (tests.test_photo_character_response_concepts.PhotoCharacterResponseConceptTests.test_profile_consistency_is_data_driven_and_requester_first) ... ok
test_broad_names_and_confounds_never_harden (tests.test_photo_color_relations.ColorRelationsTests.test_broad_names_and_confounds_never_harden) ... ok
test_selected_components_and_native_thumbnail_gates_compile_together (tests.test_photo_color_relations.ColorRelationsTests.test_selected_components_and_native_thumbnail_gates_compile_together) ... ok
test_partial_locks_preserve_whole_garment_and_admit_real_detail (tests.test_photo_contextual_appeal.ContextualAppealTests.test_partial_locks_preserve_whole_garment_and_admit_real_detail) ... ok
test_runtime_reports_semantic_use_only_for_matching_queries_and_vectors (tests.test_photo_contextual_appeal.ContextualAppealTests.test_runtime_reports_semantic_use_only_for_matching_queries_and_vectors) ... ok
test_machine_tag_and_pending_context_cannot_certify_adoption (tests.test_photo_contextual_appeal.FinalCandidateContextTests.test_machine_tag_and_pending_context_cannot_certify_adoption) ... ok
test_sentence_period_is_not_part_of_a_control_value (tests.test_photo_control_assignment_punctuation.PhotoControlAssignmentPunctuationTests.test_sentence_period_is_not_part_of_a_control_value) ... ok
test_brief_uses_effective_levels_and_previous_names_are_not_aliases (tests.test_photo_control_span_ownership.ControlSpanOwnershipTests.test_brief_uses_effective_levels_and_previous_names_are_not_aliases) ... ok
test_control_spans_survive_pack_composition_and_retrieval_hash_audit (tests.test_photo_control_span_ownership.ControlSpanOwnershipTests.test_control_spans_survive_pack_composition_and_retrieval_hash_audit) ... ok
test_mixed_span_keeps_each_visual_fragment_and_explicit_property (tests.test_photo_control_span_ownership.ControlSpanOwnershipTests.test_mixed_span_keeps_each_visual_fragment_and_explicit_property) ... ok
test_quoted_image_text_is_not_configuration_or_removed_from_search (tests.test_photo_control_span_ownership.ControlSpanOwnershipTests.test_quoted_image_text_is_not_configuration_or_removed_from_search) ... ok
test_inventory_and_source_mutation_fail_recomputation (tests.test_photo_core_retrieval.PhotoCoreRetrievalTests.test_inventory_and_source_mutation_fail_recomputation) ... ok
test_live_corpus_and_indexes_have_no_retired_document_kinds (tests.test_photo_core_retrieval.PhotoCoreRetrievalTests.test_live_corpus_and_indexes_have_no_retired_document_kinds) ... ok
test_real_candidates_and_joint_bundles_preserve_scope (tests.test_photo_costume_cosplay_semantics.CostumeCosplaySemanticsTests.test_real_candidates_and_joint_bundles_preserve_scope) ... ok
test_old_core_and_intent_lock_versions_are_rejected (tests.test_photo_current_boundary.PhotoCurrentBoundaryTests.test_old_core_and_intent_lock_versions_are_rejected) ... ok
test_only_shards_are_completed_indexes_but_checkpoints_resume (tests.test_photo_current_boundary.PhotoCurrentBoundaryTests.test_only_shards_are_completed_indexes_but_checkpoints_resume) ... ok
test_body_area_product_and_incidental_detail_stay_advisory (tests.test_photo_data_semantic_corrections.PhotoDataSemanticCorrectionsTests.test_body_area_product_and_incidental_detail_stay_advisory) ... ok
test_claim_limits_do_not_enter_positive_retrieval (tests.test_photo_data_semantic_corrections.PhotoDataSemanticCorrectionsTests.test_claim_limits_do_not_enter_positive_retrieval) ... ok
test_related_exact_match_survives_the_compatibility_candidate_path (tests.test_photo_data_semantic_corrections.PhotoDataSemanticCorrectionsTests.test_related_exact_match_survives_the_compatibility_candidate_path) ... ok
test_role_identity_is_advisory_without_requested_duty (tests.test_photo_data_semantic_corrections.PhotoDataSemanticCorrectionsTests.test_role_identity_is_advisory_without_requested_duty) ... ok
test_telephoto_uses_narrow_field_of_view (tests.test_photo_data_semantic_corrections.PhotoDataSemanticCorrectionsTests.test_telephoto_uses_narrow_field_of_view) ... ok
test_all_reference_rows_have_reviewed_dispositions_and_no_metadata_aesthetic (tests.test_photo_editing_effects_semantics.PhotoEditingEffectsSemanticsTests.test_all_reference_rows_have_reviewed_dispositions_and_no_metadata_aesthetic) ... ok
test_all_simultaneous_bundle_units_have_their_own_required_component (tests.test_photo_editing_effects_semantics.PhotoEditingEffectsSemanticsTests.test_all_simultaneous_bundle_units_have_their_own_required_component) ... ok
test_discovery_configuration_rejects_unbounded_or_unscoped_source_opt_in (tests.test_photo_editing_effects_semantics.PhotoEditingEffectsSemanticsTests.test_discovery_configuration_rejects_unbounded_or_unscoped_source_opt_in) ... ok
test_partial_lock_blocks_both_visible_and_joint_bundle_admission (tests.test_photo_editing_effects_semantics.PhotoEditingEffectsSemanticsTests.test_partial_lock_blocks_both_visible_and_joint_bundle_admission) ... ok
test_body_action_cannot_omit_checks_or_mark_everything_inapplicable (tests.test_photo_embodiment.EmbodimentContractTests.test_body_action_cannot_omit_checks_or_mark_everything_inapplicable) ... ok
test_final_review_cannot_downgrade_material_action (tests.test_photo_embodiment.EmbodimentContractTests.test_final_review_cannot_downgrade_material_action) ... ok
test_generated_semantic_index_contains_every_extension_candidate (tests.test_photo_emotional_place_visual_semantics.PhotoEmotionalPlaceVisualSemanticsTests.test_generated_semantic_index_contains_every_extension_candidate) ... ok
test_twelve_profiles_have_component_evidence_and_pixel_gates (tests.test_photo_fantasy_visual_semantics.PhotoFantasyVisualSemanticsTests.test_twelve_profiles_have_component_evidence_and_pixel_gates) ... ok
test_bounded_gate_preserves_three_authored_branches (tests.test_photo_ghost_ship_gate_alternative.GhostShipGateAlternativeTests.test_bounded_gate_preserves_three_authored_branches) ... ok
test_candidates_are_axis_owned_and_semantically_decomposed (tests.test_photo_hair_visual_semantics.PhotoHairVisualSemanticsTests.test_candidates_are_axis_owned_and_semantically_decomposed) ... ok
test_homonyms_and_single_component_cues_fail_closed (tests.test_photo_hair_visual_semantics.PhotoHairVisualSemanticsTests.test_homonyms_and_single_component_cues_fail_closed) ... ok
test_profiles_are_complete_five_group_pixel_contracts (tests.test_photo_hair_visual_semantics.PhotoHairVisualSemanticsTests.test_profiles_are_complete_five_group_pixel_contracts) ... ok
test_research_evidence_is_approved_and_candidate_bound (tests.test_photo_hair_visual_semantics.PhotoHairVisualSemanticsTests.test_research_evidence_is_approved_and_candidate_bound) ... ok
test_generated_indexes_contain_all_profiles_and_candidates (tests.test_photo_harem_visual_semantics.PhotoHaremVisualSemanticsTests.test_generated_indexes_contain_all_profiles_and_candidates) ... ok
test_real_merged_entries_and_optional_scope_guards (tests.test_photo_historical_womenswear_semantics.HistoricalWomenswearTests.test_real_merged_entries_and_optional_scope_guards) ... ok
test_android_factory_candidate_no_longer_owns_plain_clone_tag (tests.test_photo_humanlike_semantics.PhotoHumanlikeSemanticTests.test_android_factory_candidate_no_longer_owns_plain_clone_tag) ... ok
test_five_profiles_have_independent_obligation_and_gate_ownership (tests.test_photo_humanlike_semantics.PhotoHumanlikeSemanticTests.test_five_profiles_have_independent_obligation_and_gate_ownership) ... ok
test_body_read_failure_records_unavailable_fidelity (tests.test_photo_image_attempt_evidence.ApiErrorEvidenceTests.test_body_read_failure_records_unavailable_fidelity) ... ok
test_nine_profiles_have_five_component_groups_and_pixel_gates (tests.test_photo_imaginal_visual_semantics.PhotoImaginalVisualSemanticsTests.test_nine_profiles_have_five_component_groups_and_pixel_gates) ... ok
test_creativity_levels_preserve_values_and_selected_meanings (tests.test_photo_initial_creative_controls.CreativeControlResolverTests.test_creativity_levels_preserve_values_and_selected_meanings) ... ok
test_surreal_is_frozen_and_validation_uses_embedded_definitions (tests.test_photo_initial_creative_controls.CreativeControlResolverTests.test_surreal_is_frozen_and_validation_uses_embedded_definitions) ... ok
test_whole_garment_candidates_do_not_bypass_partial_property_locks (tests.test_photo_initial_creative_controls.InitialDirectionIntegrationTests.test_whole_garment_candidates_do_not_bypass_partial_property_locks) ... ok
test_broad_or_ambiguous_terms_do_not_force_an_instrument_profile (tests.test_photo_instrument_semantics.PhotoInstrumentSemanticsTests.test_broad_or_ambiguous_terms_do_not_force_an_instrument_profile) ... ok
test_ten_profiles_have_five_component_groups_and_unique_pixel_gates (tests.test_photo_instrument_semantics.PhotoInstrumentSemanticsTests.test_ten_profiles_have_five_component_groups_and_unique_pixel_gates) ... ok
test_coexisting_display_is_not_a_low_rank_or_global_exclusion (tests.test_photo_jurisdiction_record_unit_data_cleanup.JurisdictionRecordUnitDataCleanupTests.test_coexisting_display_is_not_a_low_rank_or_global_exclusion) ... ok
test_narrow_exact_terms_route_to_expected_profiles (tests.test_photo_korean_emotional_visual_semantics.PhotoKoreanEmotionalVisualSemanticsTests.test_narrow_exact_terms_route_to_expected_profiles) ... ok
test_acceptance_binds_lexical_gain_dense_cost_and_all_attempts (tests.test_photo_krummholz_korean_alias_data_cleanup.KrummholzKoreanAliasDataCleanupTests.test_acceptance_binds_lexical_gain_dense_cost_and_all_attempts) ... ok
test_english_and_korean_lattice_components_are_reachable (tests.test_photo_lattice_shadow_alternative.LatticeShadowAlternativeTests.test_english_and_korean_lattice_components_are_reachable) ... ok
test_inventory_and_queries_are_frozen (tests.test_photo_lighting_color_owner_data_cleanup.LightingColorOwnerDataCleanupTests.test_inventory_and_queries_are_frozen) ... ok
test_split_tone_owners_are_brightness_regions (tests.test_photo_lighting_color_owner_data_cleanup.LightingColorOwnerDataCleanupTests.test_split_tone_owners_are_brightness_regions) ... ok
test_bm25f_surfaces_each_complete_lighting_cluster_near_the_top (tests.test_photo_lighting_visual_semantics.PhotoLightingVisualSemanticsTests.test_bm25f_surfaces_each_complete_lighting_cluster_near_the_top) ... ok
test_absent_activity_allows_traces_without_changing_scope_or_guards (tests.test_photo_liminal_active_use_korean_data_cleanup.LiminalActiveUseKoreanDataCleanupTests.test_absent_activity_allows_traces_without_changing_scope_or_guards) ... ok
test_exact_visual_routes_and_paired_negatives (tests.test_photo_luxury_semantics.PhotoLuxurySemanticsTests.test_exact_visual_routes_and_paired_negatives) ... ok
test_luxury_candidates_never_own_identity_body_or_real_brand_slots (tests.test_photo_luxury_semantics.PhotoLuxurySemanticsTests.test_luxury_candidates_never_own_identity_body_or_real_brand_slots) ... ok
test_generated_index_is_registry_bound_for_new_profile (tests.test_photo_makeup_reference_balance.PhotoMakeupReferenceBalanceTests.test_generated_index_is_registry_bound_for_new_profile) ... ok
test_definition_only_profiles_hide_ambiguous_or_value_loaded_labels (tests.test_photo_makeup_visual_semantics.PhotoMakeupVisualSemanticsTests.test_definition_only_profiles_hide_ambiguous_or_value_loaded_labels) ... ok
test_subject_and_light_motion_retain_stationary_references (tests.test_photo_motion_artifact_owner_data_cleanup.MotionArtifactOwnerDataCleanupTests.test_subject_and_light_motion_retain_stationary_references) ... ok
test_registry_schema_accepts_mythology_profiles (tests.test_photo_mythology_visual_semantics.PhotoMythologyVisualSemanticsTests.test_registry_schema_accepts_mythology_profiles) ... ok
test_research_evidence_is_approved_bound_and_culturally_limited (tests.test_photo_mythology_visual_semantics.PhotoMythologyVisualSemanticsTests.test_research_evidence_is_approved_bound_and_culturally_limited) ... ok
test_coexistence_is_preserved_without_global_exclusion (tests.test_photo_narrative_unit_data_cleanup.NarrativeUnitDataCleanupTests.test_coexistence_is_preserved_without_global_exclusion) ... ok
test_broad_nature_terms_do_not_activate_new_routes (tests.test_photo_natural_environment_semantics.PhotoNaturalEnvironmentSemanticsTests.test_broad_nature_terms_do_not_activate_new_routes) ... ok
test_broad_labels_and_material_polysemy_are_not_promoted_to_exact (tests.test_photo_neutral_expression_alternatives.PhotoNeutralExpressionAlternativesTests.test_broad_labels_and_material_polysemy_are_not_promoted_to_exact) ... ok
test_complete_region_and_owner_proof_cannot_be_replaced_by_one_component (tests.test_photo_neutral_expression_alternatives.PhotoNeutralExpressionAlternativesTests.test_complete_region_and_owner_proof_cannot_be_replaced_by_one_component) ... ok
test_component_alternatives_keep_anatomical_boundaries_and_common_owner (tests.test_photo_neutral_expression_alternatives.PhotoNeutralExpressionAlternativesTests.test_component_alternatives_keep_anatomical_boundaries_and_common_owner) ... ok
test_neutral_pose_search_matches_its_authored_label (tests.test_photo_next_slot_data_cleanup.NextSlotDataCleanupTests.test_neutral_pose_search_matches_its_authored_label) ... ok
test_intermediate_projection_adds_korean_terms_without_losing_baseline_terms (tests.test_photo_occupation_korean_label_data_cleanup.OccupationKoreanLabelDataCleanupTests.test_intermediate_projection_adds_korean_terms_without_losing_baseline_terms) ... ok
test_evidence_retains_original_floor_and_alternatives (tests.test_photo_overhead_hand_alternative.OverheadHandAlternativeTests.test_evidence_retains_original_floor_and_alternatives) ... ok
test_complete_relations_without_person_and_component_omission (tests.test_photo_palace_fortification_semantics.PalaceFortificationTests.test_complete_relations_without_person_and_component_omission) ... ok
test_english_negation_of_nonascii_terms_is_shared_and_local (tests.test_photo_portrait_composition_semantics.PortraitCompositionTests.test_english_negation_of_nonascii_terms_is_shared_and_local) ... ok
test_complete_relation_has_authority_but_fragments_negation_and_nonadult_do_not (tests.test_photo_portrait_fashion_exposure.PortraitFashionExposureTests.test_complete_relation_has_authority_but_fragments_negation_and_nonadult_do_not) ... ok
test_profile_components_bind_every_gate_and_require_visible_complete_relations (tests.test_photo_pose_vocabulary_semantics.PhotoPoseVocabularySemanticsTests.test_profile_components_bind_every_gate_and_require_visible_complete_relations) ... ok
test_promotions_have_traceable_dispositions_and_unreviewed_terms_stay_out (tests.test_photo_pose_vocabulary_semantics.PhotoPoseVocabularySemanticsTests.test_promotions_have_traceable_dispositions_and_unreviewed_terms_stay_out) ... ok
test_p1_digital_and_specialist_bundles_remain_outside_runtime (tests.test_photo_poverty_visual_semantics.PhotoPovertyVisualSemanticsTests.test_p1_digital_and_specialist_bundles_remain_outside_runtime) ... ok
test_three_arm_pixel_cases_are_hash_bound_independent_and_fail_closed (tests.test_photo_poverty_visual_semantics.PhotoPovertyVisualSemanticsTests.test_three_arm_pixel_cases_are_hash_bound_independent_and_fail_closed) ... ok
test_ascii_word_boundaries_prevent_hand_from_matching_handmade (tests.test_photo_precore_feature_selection.PhotoPrecoreFeatureSelectionTests.test_ascii_word_boundaries_prevent_hand_from_matching_handmade) ... ok
test_cli_accepts_records_without_echoing_source_examples (tests.test_photo_precore_feature_selection.PhotoPrecoreFeatureSelectionTests.test_cli_accepts_records_without_echoing_source_examples) ... ok
test_public_current_flow_resolves_profile_only_after_receiving_a_frozen_core (tests.test_photo_prepack_isolation.PhotoPrepackIsolationTests.test_public_current_flow_resolves_profile_only_after_receiving_a_frozen_core) ... ok
test_skill_procedure_contains_no_registry_keyword_knowledge (tests.test_photo_prepack_isolation.PhotoPrepackIsolationTests.test_skill_procedure_contains_no_registry_keyword_knowledge) ... ok
test_crossbow_gate_keeps_object_integrity_and_conditional_contact (tests.test_photo_prop_conditional_contact.PropConditionalContactTests.test_crossbow_gate_keeps_object_integrity_and_conditional_contact) ... ok
test_acceptance_binds_name_gain_score_costs_and_target_absence (tests.test_photo_protostar_korean_alias_data_cleanup.ProtostarKoreanAliasDataCleanupTests.test_acceptance_binds_name_gain_score_costs_and_target_absence) ... ok
test_narrow_exact_terms_route_to_one_profile (tests.test_photo_rare_photo_visual_semantics.PhotoRarePhotoVisualSemanticsTests.test_narrow_exact_terms_route_to_one_profile) ... ok
test_generated_indexes_include_profiles_and_candidates (tests.test_photo_reactorprompt_visual_relations.PhotoReactorPromptVisualRelationsTests.test_generated_indexes_include_profiles_and_candidates) ... ok
test_three_arm_fixture_preserves_independence_and_all_of_gates (tests.test_photo_reactorprompt_visual_relations.PhotoReactorPromptVisualRelationsTests.test_three_arm_fixture_preserves_independence_and_all_of_gates) ... ok
test_receiver_evidence_and_gates_preserve_material (tests.test_photo_receiver_material_response.ReceiverMaterialResponseTests.test_receiver_evidence_and_gates_preserve_material) ... ok
test_all_original_queries_and_comparator_cache_remain_exact (tests.test_photo_reef_explicit_unit_data_cleanup.ReefExplicitUnitDataCleanupTests.test_all_original_queries_and_comparator_cache_remain_exact) ... ok
test_all_authored_english_component_bundles_avoid_self_exclusion (tests.test_photo_remaining_boundary_data.RemainingBoundaryDataTests.test_all_authored_english_component_bundles_avoid_self_exclusion) ... ok
test_positive_equivalents_are_searchable_but_context_and_limits_are_not (tests.test_photo_research_integration.ResearchIntegrationTests.test_positive_equivalents_are_searchable_but_context_and_limits_are_not) ... ok
test_new_upward_scene_survives_broad_focal_intersection (tests.test_photo_retrieval_runtime_improvement.PhotoRetrievalOwnerQueryTests.test_new_upward_scene_survives_broad_focal_intersection) ... ok
test_typed_categories_preserve_the_surface_slot_boundary_before_ranking (tests.test_photo_retrieval_runtime_improvement.PhotoRetrievalSubjectHandoffTests.test_typed_categories_preserve_the_surface_slot_boundary_before_ranking) ... ok
test_switchboard_keeps_real_connections_and_half_plugged_state (tests.test_photo_scene_data_cleanup.SceneLocationCleanupTests.test_switchboard_keeps_real_connections_and_half_plugged_state) ... ok
test_sheer_underlying_surface_choices_are_valid_but_not_interchangeable_after_freezing (tests.test_photo_semantic_guidance_data.PhotoSemanticGuidanceDataTests.test_sheer_underlying_surface_choices_are_valid_but_not_interchangeable_after_freezing) ... ok
test_frozen_inventory_probes_and_bounded_cost (tests.test_photo_shelf_return_korean_state_data_cleanup.ShelfReturnKoreanStateDataCleanupTests.test_frozen_inventory_probes_and_bounded_cost) ... ok
test_historical_merged_state_and_current_eleven_keeps_are_exact (tests.test_photo_shelf_return_korean_state_data_cleanup.ShelfReturnKoreanStateDataCleanupTests.test_historical_merged_state_and_current_eleven_keeps_are_exact) ... ok
test_closing_cleanup_only_says_visitors_have_left (tests.test_photo_slot_data_cleanup.PhotoSlotDataCleanupTests.test_closing_cleanup_only_says_visitors_have_left) ... ok
test_contrast_context_and_overhead_snapshot_remain (tests.test_photo_slot_data_cleanup.PhotoSlotDataCleanupTests.test_contrast_context_and_overhead_snapshot_remain) ... ok
test_low_angle_component_does_not_repeat_unrelated_crop_alias (tests.test_photo_slot_data_cleanup.PhotoSlotDataCleanupTests.test_low_angle_component_does_not_repeat_unrelated_crop_alias) ... ok
test_subject_lookup_keeps_typed_human_and_adult_style_guards (tests.test_photo_slot_query_fusion.PhotoSlotQueryFusionTests.test_subject_lookup_keeps_typed_human_and_adult_style_guards) ... ok
test_embedding_only_space_paraphrases_remain_optional_in_fake_vector_seam (tests.test_photo_space_visual_semantics.PhotoSpaceVisualSemanticsTests.test_embedding_only_space_paraphrases_remain_optional_in_fake_vector_seam) ... ok
test_registry_schema_accepts_space_profiles (tests.test_photo_space_visual_semantics.PhotoSpaceVisualSemanticsTests.test_registry_schema_accepts_space_profiles) ... ok
test_representation_modes_keep_observation_and_concept_claims_separate (tests.test_photo_space_visual_semantics.PhotoSpaceVisualSemanticsTests.test_representation_modes_keep_observation_and_concept_claims_separate) ... ok
test_existing_owners_keep_activation_effects_and_gate_meaning (tests.test_photo_subculture_appearance_alternatives.PhotoSubcultureAppearanceAlternativesTests.test_existing_owners_keep_activation_effects_and_gate_meaning) ... ok
test_historical_evidence_is_approved_and_remaining_candidates_are_bound (tests.test_photo_suggestive_editorial_visual_semantics.PhotoSuggestiveEditorialVisualSemanticsTests.test_historical_evidence_is_approved_and_remaining_candidates_are_bound) ... ok
test_broad_labels_and_unrelated_contexts_do_not_harden (tests.test_photo_swimwear_semantics.SwimwearSemanticsTests.test_broad_labels_and_unrelated_contexts_do_not_harden) ... ok
test_provenance_is_separate_hash_bound_and_sources_resolve (tests.test_photo_tactile_reality_semantics.PhotoTactileRealitySemanticsTests.test_provenance_is_separate_hash_bound_and_sources_resolve) ... ok
test_all_thirty_five_keep_rows_are_preserved (tests.test_photo_texture_data_cleanup.TextureDataCleanupTests.test_all_thirty_five_keep_rows_are_preserved) ... ok
test_frozen_inventory_queries_and_call_bound_are_unchanged (tests.test_photo_texture_data_cleanup.TextureDataCleanupTests.test_frozen_inventory_queries_and_call_bound_are_unchanged) ... ok
test_frozen_proposal_changes_only_nine_baseline_rows (tests.test_photo_texture_data_cleanup.TextureDataCleanupTests.test_frozen_proposal_changes_only_nine_baseline_rows) ... ok
test_glitter_restores_existing_lens_location_only (tests.test_photo_texture_data_cleanup.TextureDataCleanupTests.test_glitter_restores_existing_lens_location_only) ... ok
test_component_complete_paraphrases_are_bm25f_optional_never_hard (tests.test_photo_traditional_clothing_semantics.PhotoTraditionalClothingSemanticsTests.test_component_complete_paraphrases_are_bm25f_optional_never_hard) ... ok
test_extension_adds_no_separate_safety_contract_or_slot (tests.test_photo_violence_crime_visual_semantics.PhotoViolenceCrimeVisualSemanticsTests.test_extension_adds_no_separate_safety_contract_or_slot) ... ok
test_real_generated_index_contains_new_profiles_and_vectors (tests.test_photo_violence_crime_visual_semantics.PhotoViolenceCrimeVisualSemanticsTests.test_real_generated_index_contains_new_profiles_and_vectors) ... ok
test_research_evidence_is_approved_and_contract_bound (tests.test_photo_violence_crime_visual_semantics.PhotoViolenceCrimeVisualSemanticsTests.test_research_evidence_is_approved_and_contract_bound) ... ok
test_composition_relation_profiles_are_complete_and_exact_terms_route_hard (tests.test_photo_visual_obligations.PhotoVisualObligationTests.test_composition_relation_profiles_are_complete_and_exact_terms_route_hard) ... ok
test_named_challenge_materializes_prompt_and_render_obligations (tests.test_photo_visual_obligations.PhotoVisualObligationTests.test_named_challenge_materializes_prompt_and_render_obligations) ... ok
test_project_glossary_alias_cannot_own_multiple_profiles (tests.test_photo_visual_obligations.PhotoVisualObligationTests.test_project_glossary_alias_cannot_own_multiple_profiles) ... ok
test_yandere_profile_requires_affection_control_relation_not_role_prop (tests.test_photo_visual_obligations.PhotoVisualObligationTests.test_yandere_profile_requires_affection_control_relation_not_role_prop) ... ok
test_adult_woman_context_is_allowing_not_blocking (tests.test_photo_visual_profile_retrieval.PhotoVisualProfileRetrievalTests.test_adult_woman_context_is_allowing_not_blocking) ... ok
test_exact_hit_stays_hard_while_negation_and_user_definition_cannot_resurrect (tests.test_photo_visual_profile_retrieval.PhotoVisualProfileRetrievalTests.test_exact_hit_stays_hard_while_negation_and_user_definition_cannot_resurrect) ... ok
test_new_profile_embedding_paraphrases_remain_optional_only (tests.test_photo_visual_profile_retrieval.PhotoVisualProfileRetrievalTests.test_new_profile_embedding_paraphrases_remain_optional_only) ... ok
test_candidate_pack_contains_bounded_action_and_prop_pairs (tests.test_photo_weapon_visual_semantics.PhotoWeaponVisualSemanticsTests.test_candidate_pack_contains_bounded_action_and_prop_pairs) ... ok
test_exact_prop_aliases_do_not_collapse_adjacent_weapon_classes (tests.test_photo_weapon_visual_semantics.PhotoWeaponVisualSemanticsTests.test_exact_prop_aliases_do_not_collapse_adjacent_weapon_classes) ... ok
test_registry_schema_is_valid_after_weapon_profiles (tests.test_photo_weapon_visual_semantics.PhotoWeaponVisualSemanticsTests.test_registry_schema_is_valid_after_weapon_profiles) ... ok
test_embedding_only_component_paraphrase_remains_optional (tests.test_photo_womens_activewear_visual_semantics.PhotoWomensActivewearVisualSemanticsTests.test_embedding_only_component_paraphrase_remains_optional) ... ok
test_candidates_are_axis_owned_and_semantically_decomposed (tests.test_photo_womens_casualwear_visual_semantics.PhotoWomensCasualwearVisualSemanticsTests.test_candidates_are_axis_owned_and_semantically_decomposed) ... ok
test_exact_terms_route_to_one_profile (tests.test_photo_womens_summer_trend_visual_semantics.PhotoWomensSummerTrendVisualSemanticsTests.test_exact_terms_route_to_one_profile) ... ok
test_xia_relation_is_not_inferred_from_appearance_or_identity (tests.test_photo_wuxia_visual_semantics.PhotoWuxiaVisualSemanticsTests.test_xia_relation_is_not_inferred_from_appearance_or_identity) ... ok
test_broad_and_ambiguous_labels_never_impose_specific_forms (tests.test_photo_y2k_visual_semantics.PhotoY2KVisualSemanticsTests.test_broad_and_ambiguous_labels_never_impose_specific_forms) ... ok
test_garment_materials_do_not_weaken_nonhuman_material_slot (tests.test_photo_y2k_visual_semantics.PhotoY2KVisualSemanticsTests.test_garment_materials_do_not_weaken_nonhuman_material_slot) ... ok
test_hinge_alone_does_not_require_screen_and_keys (tests.test_photo_y2k_visual_semantics.PhotoY2KVisualSemanticsTests.test_hinge_alone_does_not_require_screen_and_keys) ... ok
test_explicit_creative_intent_keeps_high_creative_development (tests.test_subculture_illustration_contract_v1.SubcultureIllustrationContractV1Tests.test_explicit_creative_intent_keeps_high_creative_development) ... ok
test_generic_request_uses_only_family_default (tests.test_subculture_illustration_contract_v1.SubcultureIllustrationContractV1Tests.test_generic_request_uses_only_family_default) ... ok
test_one_valid_literal_composed_fixture_passes (tests.test_subculture_illustration_contract_v1.SubcultureIllustrationContractV1Tests.test_one_valid_literal_composed_fixture_passes) ... ok
test_render_review_closes_frozen_views_without_hiding_the_failed_case (tests.test_subculture_illustration_contract_v1.SubcultureIllustrationContractV1Tests.test_render_review_closes_frozen_views_without_hiding_the_failed_case) ... ok
test_inventory_is_exact_34_origin_articles_to_29_elements (tests.test_subculture_illustration_moe_elements.SubcultureIllustrationMoeElementTests.test_inventory_is_exact_34_origin_articles_to_29_elements) ... ok
test_six_cross_element_cases_use_one_global_primary_and_two_supports (tests.test_subculture_illustration_moe_elements.SubcultureIllustrationMoeGrammarV2Tests.test_six_cross_element_cases_use_one_global_primary_and_two_supports) ... ok
test_safe_analogue_and_medium_capability_cannot_be_overclaimed (tests.test_subculture_illustration_moe_elements.SubcultureIllustrationMoeGrammarV3Tests.test_safe_analogue_and_medium_capability_cannot_be_overclaimed) ... ok
test_v3_qualification_is_bound_to_current_assets (tests.test_subculture_illustration_moe_elements.SubcultureIllustrationMoeGrammarV3Tests.test_v3_qualification_is_bound_to_current_assets) ... ok
test_all_29_canonical_elements_emit_and_audit_visual_evidence (tests.test_subculture_illustration_moe_elements.SubcultureIllustrationMoeGrammarV4Tests.test_all_29_canonical_elements_emit_and_audit_visual_evidence) ... ok
test_six_multi_element_cases_share_visual_mode_and_sparse_budget (tests.test_subculture_illustration_moe_elements.SubcultureIllustrationMoeGrammarV4Tests.test_six_multi_element_cases_share_visual_mode_and_sparse_budget) ... ok
test_variant_alias_forces_one_lineage_without_cross_variant_mixing (tests.test_subculture_illustration_moe_elements.SubcultureIllustrationMoeGrammarV4Tests.test_variant_alias_forces_one_lineage_without_cross_variant_mixing) ... ok
test_ambiguous_cat_pose_and_related_terms_fail_closed (tests.test_subculture_illustration_moe_elements.SubcultureIllustrationMoeGrammarV5Tests.test_ambiguous_cat_pose_and_related_terms_fail_closed) ... ok
test_all_24_v3_packs_are_exactly_deterministic_and_integrity_clean (tests.test_subculture_illustration_universal_scene_v3.UniversalSceneRuntimeContractTests.test_all_24_v3_packs_are_exactly_deterministic_and_integrity_clean) ... ok
test_same_core_creativity_changes_distribution_not_identity_or_hard_gates (tests.test_subculture_illustration_universal_scene_v3.UniversalSceneRuntimeContractTests.test_same_core_creativity_changes_distribution_not_identity_or_hard_gates) ... ok
test_all_contract_effects_keep_occurrence_local_polarity_in_four_locales (tests.test_universal_scene_directional_substitution.DirectionalSubstitutionPolarityTests.test_all_contract_effects_keep_occurrence_local_polarity_in_four_locales) ... ok
test_contract_groups_may_span_owned_phrases_but_not_external_records (tests.test_universal_scene_directional_substitution.DirectionalSubstitutionPolarityTests.test_contract_groups_may_span_owned_phrases_but_not_external_records) ... ok
test_protected_bridge_pixels_keep_owner_local_ids_across_creativity (tests.test_universal_scene_directional_substitution.OwnerLocalBridgeIdTests.test_protected_bridge_pixels_keep_owner_local_ids_across_creativity) ... ok

----------------------------------------------------------------------
Ran 169 tests in 785.521s

OK
