test_definite_distortion_branch_has_canonical_binding (tests.test_photo_acetate_distortion_alternative.AcetateDistortionAlternativeTests.test_definite_distortion_branch_has_canonical_binding) ... ok
test_nine_effect_owner_relations_match_candidate_scope (tests.test_photo_action_context_effects_cleanup.ActionContextEffectsCleanupTests.test_nine_effect_owner_relations_match_candidate_scope) ... ok
test_prior_thirty_seven_published_source_rows_are_preserved (tests.test_photo_action_context_effects_cleanup.ActionContextEffectsCleanupTests.test_prior_thirty_seven_published_source_rows_are_preserved) ... ok
test_full_composed_audit_accepts_unlocked_pose_and_material (tests.test_photo_adult_appeal_scope.PhotoAdultAppealScopeTests.test_full_composed_audit_accepts_unlocked_pose_and_material) ... ok
test_observed_render_substitutes_are_encoded_for_future_packs (tests.test_photo_affect_visual_semantics.PhotoAffectVisualSemanticsTests.test_observed_render_substitutes_are_encoded_for_future_packs) ... ok
test_registry_profiles_are_narrow_context_bound_contracts (tests.test_photo_affect_visual_semantics.PhotoAffectVisualSemanticsTests.test_registry_profiles_are_narrow_context_bound_contracts) ... ok
test_general_core_is_prepack_hash_bound_and_unbound_generation_is_rejected (tests.test_photo_authorial_core.PhotoAuthorialCoreTests.test_general_core_is_prepack_hash_bound_and_unbound_generation_is_rejected) ... ok
test_reality_error_v6_pack_carries_world_invariant_obligation (tests.test_photo_authorial_core_v6.PhotoAuthorialCoreV6Tests.test_reality_error_v6_pack_carries_world_invariant_obligation) ... ok
test_required_assertion_rejects_unfrozen_or_unlocked_evidence (tests.test_photo_authorial_core_v6.PhotoAuthorialCoreV6Tests.test_required_assertion_rejects_unfrozen_or_unlocked_evidence) ... ok
test_japanese_compounds_use_longest_first_authored_lexicon (tests.test_photo_bm25f_retrieval.PhotoBm25fRetrievalTests.test_japanese_compounds_use_longest_first_authored_lexicon) ... ok
test_nearest_substitutes_do_not_activate_new_profiles (tests.test_photo_boundary_transition_visual_semantics.PhotoBoundaryTransitionVisualSemanticsTests.test_nearest_substitutes_do_not_activate_new_profiles) ... ok
test_explicit_owner_has_priority_over_a_legacy_baseline_clause (tests.test_photo_camera_owned_clauses.CameraOwnedClauseTests.test_explicit_owner_has_priority_over_a_legacy_baseline_clause) ... ok
test_passive_camera_action_is_literal_and_does_not_supply_height (tests.test_photo_camera_owned_clauses.CameraOwnedClauseTests.test_passive_camera_action_is_literal_and_does_not_supply_height) ... ok
test_missing_current_semantic_surface_is_rejected (tests.test_photo_candidate_semantics.PhotoCandidateSemanticsTests.test_missing_current_semantic_surface_is_rejected) ... ok
test_unknown_runtime_keys_and_missing_or_ambiguous_references_fail (tests.test_photo_candidate_semantics.PhotoCandidateSemanticsTests.test_unknown_runtime_keys_and_missing_or_ambiguous_references_fail) ... ok
test_adjacent_visual_substitutes_fail_closed (tests.test_photo_capture_elements_visual_semantics.PhotoCaptureElementsVisualSemanticsTests.test_adjacent_visual_substitutes_fail_closed) ... ok
test_inventory_queries_and_bound_are_frozen (tests.test_photo_capture_owner_data_cleanup.CaptureOwnerDataCleanupTests.test_inventory_queries_and_bound_are_frozen) ... ok
test_source_projection_preserves_effect_properties_and_owners (tests.test_photo_capture_owner_data_cleanup.CaptureOwnerDataCleanupTests.test_source_projection_preserves_effect_properties_and_owners) ... ok
test_actual_generated_index_contains_profile_and_confounders (tests.test_photo_character_response_concepts.PhotoCharacterResponseConceptTests.test_actual_generated_index_contains_profile_and_confounders) ... ok
test_conflicting_or_requester_superseded_profiles_cannot_link_behavior (tests.test_photo_character_response_concepts.PhotoCharacterResponseConceptTests.test_conflicting_or_requester_superseded_profiles_cannot_link_behavior) ... ok
test_authored_sources_and_generated_indexes_bind_every_registered_variant (tests.test_photo_clothing_terminology_semantics.ClothingTerminologySemanticsTests.test_authored_sources_and_generated_indexes_bind_every_registered_variant) ... ok
test_component_supported_embedding_discovery_is_optional (tests.test_photo_clothing_terminology_semantics.ClothingTerminologySemanticsTests.test_component_supported_embedding_discovery_is_optional) ... ok
test_visible_variant_activates_in_english_and_korean_without_alternative (tests.test_photo_clothing_terminology_semantics.ClothingTerminologySemanticsTests.test_visible_variant_activates_in_english_and_korean_without_alternative) ... ok
test_overview_exposes_requirements_and_detail_recovers_exact_source (tests.test_photo_composer_view.PhotoComposerViewTests.test_overview_exposes_requirements_and_detail_recovers_exact_source) ... ok
test_selected_candidate_recovers_exact_obligation_and_gates (tests.test_photo_composer_view.PhotoComposerViewTests.test_selected_candidate_recovers_exact_obligation_and_gates) ... ok
test_untagged_candidates_at_level_one_ignore_old_inventory_and_thresholds (tests.test_photo_contextual_appeal.ContextualAppealTests.test_untagged_candidates_at_level_one_ignore_old_inventory_and_thresholds) ... ok
test_sampled_and_canonical_paths_keep_original_metadata (tests.test_photo_contextual_appeal.FinalCandidateContextTests.test_sampled_and_canonical_paths_keep_original_metadata) ... ok
test_control_source_cannot_lock_agent_outfit_even_if_literal_evidence_exists (tests.test_photo_control_span_ownership.ControlSpanOwnershipTests.test_control_source_cannot_lock_agent_outfit_even_if_literal_evidence_exists) ... ok
test_surreal_setting_is_bound_configuration_not_a_visual_anchor (tests.test_photo_control_span_ownership.ControlSpanOwnershipTests.test_surreal_setting_is_bound_configuration_not_a_visual_anchor) ... ok
test_five_duties_remain_required (tests.test_photo_convoy_route_alternative.ConvoyRouteAlternativeTests.test_five_duties_remain_required) ... ok
test_all_four_components_and_five_render_gates_remain (tests.test_photo_cumulonimbus_anvil_alternative.CumulonimbusAnvilAlternativeTests.test_all_four_components_and_five_render_gates_remain) ... ok
test_normal_generation_requires_complete_current_inputs (tests.test_photo_current_boundary.PhotoCurrentBoundaryTests.test_normal_generation_requires_complete_current_inputs) ... ok
test_closed_eyes_omit_only_clamshell_catchlight_evidence (tests.test_photo_data_semantic_corrections.PhotoDataSemanticCorrectionsTests.test_closed_eyes_omit_only_clamshell_catchlight_evidence) ... ok
test_explicit_body_area_salience_stays_hard_in_three_languages (tests.test_photo_data_semantic_corrections.PhotoDataSemanticCorrectionsTests.test_explicit_body_area_salience_stays_hard_in_three_languages) ... ok
test_profiles_encode_relations_and_render_gates (tests.test_photo_death_afterlife_semantics.PhotoDeathAfterlifeSemanticsTests.test_profiles_encode_relations_and_render_gates) ... ok
test_configured_generated_index_contains_new_profiles_and_vectors (tests.test_photo_desire_visual_semantics.PhotoDesireVisualSemanticsTests.test_configured_generated_index_contains_new_profiles_and_vectors) ... ok
test_extension_has_nine_complete_six_candidate_clusters (tests.test_photo_desire_visual_semantics.PhotoDesireVisualSemanticsTests.test_extension_has_nine_complete_six_candidate_clusters) ... ok
test_registry_schema_accepts_desire_profiles (tests.test_photo_desire_visual_semantics.PhotoDesireVisualSemanticsTests.test_registry_schema_accepts_desire_profiles) ... ok
test_frozen_three_arm_effects_remain_retrievable_after_core_freeze (tests.test_photo_editing_effects_semantics.PhotoEditingEffectsSemanticsTests.test_frozen_three_arm_effects_remain_retrievable_after_core_freeze) ... ok
test_profile_components_are_single_source_all_of_native_gates (tests.test_photo_editing_effects_semantics.PhotoEditingEffectsSemanticsTests.test_profile_components_are_single_source_all_of_native_gates) ... ok
test_final_prompt_change_requires_a_new_review (tests.test_photo_embodiment.EmbodimentContractTests.test_final_prompt_change_requires_a_new_review) ... ok
test_newly_reviewed_lighting_variation_preserves_contact (tests.test_photo_embodiment.EmbodimentContractTests.test_newly_reviewed_lighting_variation_preserves_contact) ... ok
test_unrelated_animal_motion_uses_its_own_structure (tests.test_photo_embodiment.EmbodimentContractTests.test_unrelated_animal_motion_uses_its_own_structure) ... ok
test_extension_merges_twenty_one_relation_candidates (tests.test_photo_emotional_place_visual_semantics.PhotoEmotionalPlaceVisualSemanticsTests.test_extension_merges_twenty_one_relation_candidates) ... ok
test_wetland_saturation_survives_materialization (tests.test_photo_environment_alternative_consistency.EnvironmentAlternativeConsistencyTests.test_wetland_saturation_survives_materialization) ... ok
test_bundles_require_open_dimensions_and_admit_natural_scene_phrases (tests.test_photo_everyday_scene_semantics.EverydaySceneSemanticsTests.test_bundles_require_open_dimensions_and_admit_natural_scene_phrases) ... ok
test_exact_contextual_terms_route_to_one_profile (tests.test_photo_face_shape_semantics.PhotoFaceShapeSemanticsTests.test_exact_contextual_terms_route_to_one_profile) ... ok
test_adjacent_and_broad_terms_do_not_force_new_profiles (tests.test_photo_fantasy_visual_semantics.PhotoFantasyVisualSemanticsTests.test_adjacent_and_broad_terms_do_not_force_new_profiles) ... ok
test_candidate_pack_contains_complete_relation_clusters (tests.test_photo_fantasy_visual_semantics.PhotoFantasyVisualSemanticsTests.test_candidate_pack_contains_complete_relation_clusters) ... ok
test_three_surface_alternatives_materialize_without_losing_connected_geometry (tests.test_photo_glacier_surface_alternative.GlacierSurfaceAlternativeTests.test_three_surface_alternatives_materialize_without_losing_connected_geometry) ... ok
test_fitted_back_and_lifted_overskirt_can_coexist (tests.test_photo_historical_womenswear_semantics.HistoricalWomenswearTests.test_fitted_back_and_lifted_overskirt_can_coexist) ... ok
test_evidence_save_failure_stops_before_retry_or_unbound_ledger_row (tests.test_photo_image_attempt_evidence.ApiErrorEvidenceTests.test_evidence_save_failure_stops_before_retry_or_unbound_ledger_row) ... ok
test_local_image_save_failure_records_returned_call_without_regeneration (tests.test_photo_image_attempt_evidence.ApiErrorEvidenceTests.test_local_image_save_failure_records_returned_call_without_regeneration) ... ok
test_recorder_failure_stops_retries_and_keeps_error_evidence (tests.test_photo_image_attempt_evidence.ApiErrorEvidenceTests.test_recorder_failure_stops_retries_and_keeps_error_evidence) ... ok
test_legacy_namespace_without_optional_evidence_fields_keeps_output (tests.test_photo_image_attempt_evidence.EvidenceBindingTests.test_legacy_namespace_without_optional_evidence_fields_keeps_output) ... ok
test_generic_safety_word_stays_unclassified (tests.test_photo_image_attempt_evidence.NativeCaptureTests.test_generic_safety_word_stays_unclassified) ... ok
test_research_evidence_is_approved_bound_and_limited (tests.test_photo_imaginal_visual_semantics.PhotoImaginalVisualSemanticsTests.test_research_evidence_is_approved_bound_and_limited) ... ok
test_resolver_cli_saves_the_same_complete_brief_it_returns (tests.test_photo_initial_creative_controls.CreativeControlResolverTests.test_resolver_cli_saves_the_same_complete_brief_it_returns) ... ok
test_authored_refinement_must_declare_unlocked_property_effects (tests.test_photo_initial_creative_controls.InitialDirectionIntegrationTests.test_authored_refinement_must_declare_unlocked_property_effects) ... ok
test_baseline_realization_needs_no_extra_axis_detail (tests.test_photo_initial_creative_controls.InitialDirectionIntegrationTests.test_baseline_realization_needs_no_extra_axis_detail) ... ok
test_frozen_controls_survive_generator_and_public_composer_pack (tests.test_photo_initial_creative_controls.InitialDirectionIntegrationTests.test_frozen_controls_survive_generator_and_public_composer_pack) ... ok
test_surreal_level_and_saved_brief_survive_retrieval_and_public_pack (tests.test_photo_initial_creative_controls.InitialDirectionIntegrationTests.test_surreal_level_and_saved_brief_survive_retrieval_and_public_pack) ... ok
test_definition_only_profiles_hide_labels_at_runtime (tests.test_photo_korean_emotional_visual_semantics.PhotoKoreanEmotionalVisualSemanticsTests.test_definition_only_profiles_hide_labels_at_runtime) ... ok
test_research_note_preserves_semantic_and_identity_boundaries (tests.test_photo_korean_emotional_visual_semantics.PhotoKoreanEmotionalVisualSemanticsTests.test_research_note_preserves_semantic_and_identity_boundaries) ... ok
test_complete_raw_extension_has_only_one_alias_append (tests.test_photo_krummholz_korean_alias_data_cleanup.KrummholzKoreanAliasDataCleanupTests.test_complete_raw_extension_has_only_one_alias_append) ... ok
test_previous_reef_correction_and_all_other_source_rows_remain_intact (tests.test_photo_krummholz_korean_alias_data_cleanup.KrummholzKoreanAliasDataCleanupTests.test_previous_reef_correction_and_all_other_source_rows_remain_intact) ... ok
test_render_gate_keeps_existing_origin_alternative (tests.test_photo_leading_line_gate_alternatives.LeadingLineGateAlternativesTests.test_render_gate_keeps_existing_origin_alternative) ... ok
test_nearest_substitutes_do_not_activate_new_profiles (tests.test_photo_legend_visual_semantics.PhotoLegendVisualSemanticsTests.test_nearest_substitutes_do_not_activate_new_profiles) ... ok
test_compatible_operator_bounce_and_historical_provenance_are_preserved (tests.test_photo_lighting_color_owner_data_cleanup.LightingColorOwnerDataCleanupTests.test_compatible_operator_bounce_and_historical_provenance_are_preserved) ... ok
test_projection_and_declared_effects_remain_exact (tests.test_photo_lighting_color_owner_data_cleanup.LightingColorOwnerDataCleanupTests.test_projection_and_declared_effects_remain_exact) ... ok
test_generated_semantic_index_contains_every_lighting_candidate (tests.test_photo_lighting_visual_semantics.PhotoLightingVisualSemanticsTests.test_generated_semantic_index_contains_every_lighting_candidate) ... ok
test_twelve_candidate_clusters_merge_as_eighty_four_candidates (tests.test_photo_lighting_visual_semantics.PhotoLightingVisualSemanticsTests.test_twelve_candidate_clusters_merge_as_eighty_four_candidates) ... ok
test_five_required_groups_and_render_gates_are_preserved (tests.test_photo_liminal_maintained_alternative.LiminalMaintainedAlternativeTests.test_five_required_groups_and_render_gates_are_preserved) ... ok
test_old_all_cue_conjunction_remains_accepted (tests.test_photo_liminal_maintained_alternative.LiminalMaintainedAlternativeTests.test_old_all_cue_conjunction_remains_accepted) ... ok
test_successful_validation_does_not_hide_later_corpus_corruption (tests.test_photo_loading.PhotoLoadingTests.test_successful_validation_does_not_hide_later_corpus_corruption) ... ok
test_exact_terms_activate_and_negations_or_confusers_fail_closed (tests.test_photo_makeup_reference_balance.PhotoMakeupReferenceBalanceTests.test_exact_terms_activate_and_negations_or_confusers_fail_closed) ... ok
test_inventory_and_queries_are_frozen (tests.test_photo_material_data_cleanup.MaterialDataCleanupTests.test_inventory_and_queries_are_frozen) ... ok
test_material_nouns_and_valid_plinth_terms_remain (tests.test_photo_material_data_cleanup.MaterialDataCleanupTests.test_material_nouns_and_valid_plinth_terms_remain) ... ok
test_four_changes_are_only_component_owner_objects (tests.test_photo_motion_artifact_owner_data_cleanup.MotionArtifactOwnerDataCleanupTests.test_four_changes_are_only_component_owner_objects) ... ok
test_inventory_and_diagnostics_remain_frozen (tests.test_photo_motion_artifact_owner_data_cleanup.MotionArtifactOwnerDataCleanupTests.test_inventory_and_diagnostics_remain_frozen) ... ok
test_original_research_provenance_is_immutable (tests.test_photo_motion_artifact_owner_data_cleanup.MotionArtifactOwnerDataCleanupTests.test_original_research_provenance_is_immutable) ... ok
test_runtime_projection_retains_complete_effects_and_relations (tests.test_photo_motion_artifact_owner_data_cleanup.MotionArtifactOwnerDataCleanupTests.test_runtime_projection_retains_complete_effects_and_relations) ... ok
test_registry_schema_is_valid_before_derived_index_check (tests.test_photo_natural_environment_semantics.PhotoNaturalEnvironmentSemanticsTests.test_registry_schema_is_valid_before_derived_index_check) ... ok
test_bm25f_paraphrases_remain_advisory (tests.test_photo_neutral_expression_alternatives.PhotoNeutralExpressionAlternativesTests.test_bm25f_paraphrases_remain_advisory) ... ok
test_exact_negation_and_advisory_source_do_not_create_requester_duties (tests.test_photo_neutral_expression_alternatives.PhotoNeutralExpressionAlternativesTests.test_exact_negation_and_advisory_source_do_not_create_requester_duties) ... ok
test_explicit_covered_pose_variants_remain_covered (tests.test_photo_next_slot_data_cleanup.NextSlotDataCleanupTests.test_explicit_covered_pose_variants_remain_covered) ... ok
test_gate_and_bridge_are_distinct_and_can_coexist (tests.test_photo_palace_fortification_semantics.PalaceFortificationTests.test_gate_and_bridge_are_distinct_and_can_coexist) ... ok
test_neutral_and_legacy_lateral_components_remain_compatible (tests.test_photo_panning_direction_scope.PanningDirectionScopeDataTests.test_neutral_and_legacy_lateral_components_remain_compatible) ... ok
test_bundles_require_all_members_and_open_dimensions (tests.test_photo_photorealism_elements_semantics.PhotorealismElementsTests.test_bundles_require_all_members_and_open_dimensions) ... ok
test_historical_rubric_inputs_remain_unexecuted_exploratory_records (tests.test_photo_photorealism_owner_data_cleanup.PhotorealismOwnerDataCleanupTests.test_historical_rubric_inputs_remain_unexecuted_exploratory_records) ... ok
test_runtime_relation_projection_preserves_each_complete_component (tests.test_photo_photorealism_owner_data_cleanup.PhotorealismOwnerDataCleanupTests.test_runtime_relation_projection_preserves_each_complete_component) ... ok
test_bundles_require_every_visible_member_and_open_dimension (tests.test_photo_portrait_composition_semantics.PortraitCompositionTests.test_bundles_require_every_visible_member_and_open_dimension) ... ok
test_real_generated_indexes_cover_current_source (tests.test_photo_portrait_composition_semantics.PortraitCompositionTests.test_real_generated_indexes_cover_current_source) ... ok
test_broad_labels_and_adjacent_substitutes_do_not_create_hard_geometry (tests.test_photo_portrait_fashion_exposure.PortraitFashionExposureTests.test_broad_labels_and_adjacent_substitutes_do_not_create_hard_geometry) ... ok
test_candidate_pack_has_distinct_pose_orientation_and_wrist_atoms (tests.test_photo_pose_visual_semantics.PhotoPoseVisualSemanticsTests.test_candidate_pack_has_distinct_pose_orientation_and_wrist_atoms) ... ok
test_bm25f_surfaces_each_new_candidate_from_its_authored_text (tests.test_photo_poverty_visual_semantics.PhotoPovertyVisualSemanticsTests.test_bm25f_surfaces_each_new_candidate_from_its_authored_text) ... ok
test_extension_merges_fifty_four_scoped_candidates_and_nine_bundles (tests.test_photo_poverty_visual_semantics.PhotoPovertyVisualSemanticsTests.test_extension_merges_fifty_four_scoped_candidates_and_nine_bundles) ... ok
test_nine_profiles_compile_to_complete_five_gate_contracts (tests.test_photo_poverty_visual_semantics.PhotoPovertyVisualSemanticsTests.test_nine_profiles_compile_to_complete_five_gate_contracts) ... ok
test_advisory_excluded_and_nonliteral_direction_do_not_create_locks (tests.test_photo_precore_feature_selection.PhotoPrecoreFeatureSelectionTests.test_advisory_excluded_and_nonliteral_direction_do_not_create_locks) ... ok
test_case_and_whitespace_variants_still_conflict_with_complete_agent_evidence (tests.test_photo_precore_feature_selection.PhotoPrecoreFeatureSelectionTests.test_case_and_whitespace_variants_still_conflict_with_complete_agent_evidence) ... ok
test_rejects_stale_or_forged_selection_binding (tests.test_photo_precore_feature_selection.PhotoPrecoreFeatureSelectionTests.test_rejects_stale_or_forged_selection_binding) ... ok
test_broad_or_confounded_terms_remain_non_hard (tests.test_photo_reactorprompt_visual_relations.PhotoReactorPromptVisualRelationsTests.test_broad_or_confounded_terms_remain_non_hard) ... ok
test_profile_projection_carries_relation_metadata_into_candidate_pack (tests.test_photo_reactorprompt_visual_relations.PhotoReactorPromptVisualRelationsTests.test_profile_projection_carries_relation_metadata_into_candidate_pack) ... ok
test_three_request_scoped_profiles_have_typed_relation_contracts (tests.test_photo_reactorprompt_visual_relations.PhotoReactorPromptVisualRelationsTests.test_three_request_scoped_profiles_have_typed_relation_contracts) ... ok
test_bare_names_and_polysemy_do_not_fix_a_variant (tests.test_photo_religion_iconography_alternatives.ReligionIconographyAlternativesTests.test_bare_names_and_polysemy_do_not_fix_a_variant) ... ok
test_complete_form_requires_request_evidence_and_respects_negation (tests.test_photo_religion_iconography_alternatives.ReligionIconographyAlternativesTests.test_complete_form_requires_request_evidence_and_respects_negation) ... ok
test_existing_heart_owner_remains_feather_specific (tests.test_photo_religion_iconography_alternatives.ReligionIconographyAlternativesTests.test_existing_heart_owner_remains_feather_specific) ... ok
test_frozen_ordinary_portrait_cannot_admit_unrequested_iconography (tests.test_photo_religion_iconography_alternatives.ReligionIconographyAlternativesTests.test_frozen_ordinary_portrait_cannot_admit_unrequested_iconography) ... ok
test_declared_exclusions_still_reject_complete_contexts (tests.test_photo_remaining_boundary_data.RemainingBoundaryDataTests.test_declared_exclusions_still_reject_complete_contexts) ... ok
test_object_agnostic_contract_handles_multiple_interaction_families (tests.test_photo_render_repair.PhotoRenderRepairTests.test_object_agnostic_contract_handles_multiple_interaction_families) ... ok
test_runtime_request_requires_exact_repair_contract_hash (tests.test_photo_render_repair.PhotoRenderRepairTests.test_runtime_request_requires_exact_repair_contract_hash) ... ok
test_direction_queries_carry_owner_evidence_without_unrelated_scene_prose (tests.test_photo_retrieval_runtime_improvement.PhotoRetrievalOwnerQueryTests.test_direction_queries_carry_owner_evidence_without_unrelated_scene_prose) ... ok
test_focus_property_is_not_camera_direction_evidence (tests.test_photo_retrieval_runtime_improvement.PhotoRetrievalOwnerQueryTests.test_focus_property_is_not_camera_direction_evidence) ... ok
test_storm_caption_retains_weather_and_existing_context_guard (tests.test_photo_scene_data_cleanup.SceneContextCleanupTests.test_storm_caption_retains_weather_and_existing_context_guard) ... ok
test_shared_umbrella_keeps_two_people_and_transparency (tests.test_photo_scene_data_cleanup.ScenePropCleanupTests.test_shared_umbrella_keeps_two_people_and_transparency) ... ok
test_semantic_index_builder_dry_run_does_not_require_api_key (tests.test_photo_semantic_index.PhotoSemanticIndexTests.test_semantic_index_builder_dry_run_does_not_require_api_key) ... ok
test_v7_and_all_four_frozen_inputs_are_preserved_byte_for_byte (tests.test_photo_slang_boundary_history.SlangBoundaryHistoryTests.test_v7_and_all_four_frozen_inputs_are_preserved_byte_for_byte) ... ok
test_cross_dimension_and_temporal_drafts_are_not_hidden_in_slots (tests.test_photo_slang_visual_alternatives.PhotoSlangVisualAlternativesTests.test_cross_dimension_and_temporal_drafts_are_not_hidden_in_slots) ... ok
test_equivalent_overlays_preserve_authored_labels_effects_and_guards (tests.test_photo_slang_visual_alternatives.PhotoSlangVisualAlternativesTests.test_equivalent_overlays_preserve_authored_labels_effects_and_guards) ... ok
test_all_five_film_relations_remain_required (tests.test_photo_slide_thickness_alternative.SlideThicknessAlternativeTests.test_all_five_film_relations_remain_required) ... ok
test_thickness_branch_has_canonical_binding (tests.test_photo_slide_thickness_alternative.SlideThicknessAlternativeTests.test_thickness_branch_has_canonical_binding) ... ok
test_eye_level_component_retains_height_not_parent_crop (tests.test_photo_slot_data_cleanup.PhotoSlotDataCleanupTests.test_eye_level_component_retains_height_not_parent_crop) ... ok
test_cluster_manifest_binds_seven_hard_and_one_candidate_only_route (tests.test_photo_space_visual_semantics.PhotoSpaceVisualSemanticsTests.test_cluster_manifest_binds_seven_hard_and_one_candidate_only_route) ... ok
test_empty_scope_domains_and_body_conversion_are_not_hidden_in_appearance (tests.test_photo_subculture_appearance_alternatives.PhotoSubcultureAppearanceAlternativesTests.test_empty_scope_domains_and_body_conversion_are_not_hidden_in_appearance) ... ok
test_wrong_carriers_and_neighbor_structures_do_not_supply_components (tests.test_photo_subculture_appearance_alternatives.PhotoSubcultureAppearanceAlternativesTests.test_wrong_carriers_and_neighbor_structures_do_not_supply_components) ... ok
test_predecessor_and_frozen_scene_are_preserved (tests.test_photo_subculture_appearance_boundary_history.AppearanceBoundaryHistoryTests.test_predecessor_and_frozen_scene_are_preserved) ... ok
test_broad_slanga_genres_and_single_cues_remain_nonhard (tests.test_photo_suggestive_editorial_visual_semantics.PhotoSuggestiveEditorialVisualSemanticsTests.test_broad_slanga_genres_and_single_cues_remain_nonhard) ... ok
test_candidate_atoms_are_reachable (tests.test_photo_suggestive_editorial_visual_semantics.PhotoSuggestiveEditorialVisualSemanticsTests.test_candidate_atoms_are_reachable) ... ok
test_generated_indexes_include_new_profiles_and_candidates (tests.test_photo_suggestive_editorial_visual_semantics.PhotoSuggestiveEditorialVisualSemanticsTests.test_generated_indexes_include_new_profiles_and_candidates) ... ok
test_semantic_discovery_does_not_grant_hard_authority (tests.test_photo_swimwear_semantics.SwimwearSemanticsTests.test_semantic_discovery_does_not_grant_hard_authority) ... ok
test_existing_layer_preconditions_survive_normal_semantic_projection (tests.test_photo_tactile_reality_semantics.PhotoTactileRealitySemanticsTests.test_existing_layer_preconditions_survive_normal_semantic_projection) ... ok
test_independent_positive_components_admit_only_optional_discovery (tests.test_photo_tactile_reality_semantics.PhotoTactileRealitySemanticsTests.test_independent_positive_components_admit_only_optional_discovery) ... ok
test_nearest_substitutes_do_not_activate_new_profiles (tests.test_photo_violence_crime_visual_semantics.PhotoViolenceCrimeVisualSemanticsTests.test_nearest_substitutes_do_not_activate_new_profiles) ... ok
test_semantic_discovery_component_guard_must_be_boolean (tests.test_photo_visual_obligations.PhotoVisualObligationTests.test_semantic_discovery_component_guard_must_be_boolean) ... ok
test_bm25f_and_embedding_fuse_without_promoting_to_hard (tests.test_photo_visual_profile_retrieval.PhotoVisualProfileRetrievalTests.test_bm25f_and_embedding_fuse_without_promoting_to_hard) ... ok
test_embedding_score_is_positive_context_proof_but_shared_negatives_still_win (tests.test_photo_visual_profile_retrieval.PhotoVisualProfileRetrievalTests.test_embedding_score_is_positive_context_proof_but_shared_negatives_still_win) ... ok
test_index_is_registry_bound_and_separates_exact_from_semantic_text (tests.test_photo_visual_profile_retrieval.PhotoVisualProfileRetrievalTests.test_index_is_registry_bound_and_separates_exact_from_semantic_text) ... ok
test_relation_profile_requires_component_evidence_for_semantic_discovery (tests.test_photo_visual_profile_retrieval.PhotoVisualProfileRetrievalTests.test_relation_profile_requires_component_evidence_for_semantic_discovery) ... ok
test_sensitive_contained_affect_term_requires_visual_character_context (tests.test_photo_visual_profile_retrieval.PhotoVisualProfileRetrievalTests.test_sensitive_contained_affect_term_requires_visual_character_context) ... ok
test_six_profiles_have_complete_component_evidence_and_pixel_gates (tests.test_photo_weapon_visual_semantics.PhotoWeaponVisualSemanticsTests.test_six_profiles_have_complete_component_evidence_and_pixel_gates) ... ok
test_generic_gravity_gloss_or_gel_does_not_replace_moisture_weight (tests.test_photo_wet_hair_weight_alternative.WetHairWeightAlternativeTests.test_generic_gravity_gloss_or_gel_does_not_replace_moisture_weight) ... ok
test_profiles_are_complete_five_group_pixel_contracts (tests.test_photo_womens_activewear_visual_semantics.PhotoWomensActivewearVisualSemanticsTests.test_profiles_are_complete_five_group_pixel_contracts) ... ok
test_exact_terms_route_to_one_profile (tests.test_photo_womens_casualwear_visual_semantics.PhotoWomensCasualwearVisualSemanticsTests.test_exact_terms_route_to_one_profile) ... ok
test_five_arm_pixel_cases_bind_all_profile_gates_and_reference (tests.test_photo_womens_casualwear_visual_semantics.PhotoWomensCasualwearVisualSemanticsTests.test_five_arm_pixel_cases_bind_all_profile_gates_and_reference) ... ok
test_profiles_are_complete_five_group_pixel_contracts (tests.test_photo_womens_casualwear_visual_semantics.PhotoWomensCasualwearVisualSemanticsTests.test_profiles_are_complete_five_group_pixel_contracts) ... ok
test_candidate_pack_has_complete_role_task_tool_location_clusters (tests.test_photo_womens_professional_uniform_visual_semantics.WomensProfessionalUniformVisualSemanticsTests.test_candidate_pack_has_complete_role_task_tool_location_clusters) ... ok
test_professional_names_are_advisory_and_requested_procedures_are_hard (tests.test_photo_womens_professional_uniform_visual_semantics.WomensProfessionalUniformVisualSemanticsTests.test_professional_names_are_advisory_and_requested_procedures_are_hard) ... ok
test_research_note_keeps_nonvisual_and_identity_boundaries (tests.test_photo_womens_summer_trend_visual_semantics.PhotoWomensSummerTrendVisualSemanticsTests.test_research_note_keeps_nonvisual_and_identity_boundaries) ... ok
test_side_does_not_relax_declared_confounds (tests.test_photo_wrap_skirt_side_alternative.WrapSkirtSideAlternativeTests.test_side_does_not_relax_declared_confounds) ... ok
test_unknown_prop_scope_stays_ineligible_and_bound_device_scope_is_explicit (tests.test_photo_y2k_visual_semantics.PhotoY2KVisualSemanticsTests.test_unknown_prop_scope_stays_ineligible_and_bound_device_scope_is_explicit) ... ok
test_case01_v2_preflight_mutations_fail_closed (tests.test_subculture_illustration_contract_v1.SubcultureIllustrationContractV1Tests.test_case01_v2_preflight_mutations_fail_closed) ... ok
test_format_mismatch_is_a_pack_contract_error (tests.test_subculture_illustration_contract_v1.SubcultureIllustrationContractV1Tests.test_format_mismatch_is_a_pack_contract_error) ... ok
test_legacy_pack_and_composed_contract_remain_supported (tests.test_subculture_illustration_contract_v1.SubcultureIllustrationContractV1Tests.test_legacy_pack_and_composed_contract_remain_supported) ... ok
test_all_29_direct_selections_compile_and_audit (tests.test_subculture_illustration_moe_elements.SubcultureIllustrationMoeElementTests.test_all_29_direct_selections_compile_and_audit) ... ok
test_twelve_prompt_evidence_comparisons_are_bound_to_current_grammar (tests.test_subculture_illustration_moe_elements.SubcultureIllustrationMoeGrammarV2Tests.test_twelve_prompt_evidence_comparisons_are_bound_to_current_grammar) ... ok
test_alias_relations_activate_or_reject_without_silent_substitution (tests.test_subculture_illustration_moe_elements.SubcultureIllustrationMoeGrammarV4Tests.test_alias_relations_activate_or_reject_without_silent_substitution) ... ok
test_v4_qualification_covers_all_canonical_and_alias_contracts (tests.test_subculture_illustration_moe_elements.SubcultureIllustrationMoeGrammarV4Tests.test_v4_qualification_covers_all_canonical_and_alias_contracts) ... ok
test_ntr_variants_separate_viewpoint_and_prior_relationship (tests.test_subculture_illustration_moe_elements.SubcultureIllustrationMoeGrammarV5Tests.test_ntr_variants_separate_viewpoint_and_prior_relationship) ... ok
test_projection_lineage_revision_mapping_and_closed_bridge_mutations_reject (tests.test_subculture_illustration_universal_scene_v3.UniversalSceneCurrentOracleV2Tests.test_projection_lineage_revision_mapping_and_closed_bridge_mutations_reject) ... ok
test_asset_ref_predicate_topic_and_pair_mutations_fail_closed (tests.test_subculture_illustration_universal_scene_v3.UniversalSceneDataContractTests.test_asset_ref_predicate_topic_and_pair_mutations_fail_closed) ... ok
test_literal_visual_realization_profiles_are_exact_and_fail_closed (tests.test_subculture_illustration_universal_scene_v3.UniversalSceneDataContractTests.test_literal_visual_realization_profiles_are_exact_and_fail_closed) ... ok
test_compiled_obligation_owner_joins_reject_global_substitutions (tests.test_subculture_illustration_universal_scene_v3.UniversalSceneRuntimeContractTests.test_compiled_obligation_owner_joins_reject_global_substitutions) ... ok
test_exact_evidence_phrase_reuse_is_bounded_at_eight_links (tests.test_subculture_illustration_universal_scene_v3.UniversalSceneRuntimeContractTests.test_exact_evidence_phrase_reuse_is_bounded_at_eight_links) ... ok
test_forbidden_identity_polarity_requires_scoped_negation (tests.test_subculture_illustration_universal_scene_v3.UniversalSceneRuntimeContractTests.test_forbidden_identity_polarity_requires_scoped_negation) ... ok
test_frozen_traces_replay_at_runtime_and_independent_audit_boundaries (tests.test_subculture_illustration_universal_scene_v3.UniversalSceneRuntimeContractTests.test_frozen_traces_replay_at_runtime_and_independent_audit_boundaries) ... ok
test_en_ja_zh_contrast_truth_table_and_unsafe_inverse (tests.test_universal_scene_directional_substitution.DirectionalSubstitutionPolarityTests.test_en_ja_zh_contrast_truth_table_and_unsafe_inverse) ... ok
test_reviewed_korean_anchor_stems_keep_local_predicate_scope (tests.test_universal_scene_directional_substitution.DirectionalSubstitutionPolarityTests.test_reviewed_korean_anchor_stems_keep_local_predicate_scope) ... ok
test_forged_invariant_partition_and_hash_fail_replay (tests.test_universal_scene_directional_substitution.OwnerLocalBridgeIdTests.test_forged_invariant_partition_and_hash_fail_replay) ... ok
test_runtime_selected_roles_require_exact_bidirectional_sources (tests.test_universal_scene_directional_substitution.OwnerLocalBridgeIdTests.test_runtime_selected_roles_require_exact_bidirectional_sources) ... ok

----------------------------------------------------------------------
Ran 169 tests in 877.804s

OK
