test_all_component_variants_are_required_and_literal (tests.test_photo_uniform_costume_paraphrases.UniformCostumeParaphraseTests.test_all_component_variants_are_required_and_literal) ... ok
test_candidate_equivalents_preserve_prior_labels_scope_and_guards (tests.test_photo_uniform_costume_paraphrases.UniformCostumeParaphraseTests.test_candidate_equivalents_preserve_prior_labels_scope_and_guards) ... ok
test_component_discovery_preserves_opt_in_effect_locks_and_exclusions (tests.test_photo_uniform_costume_paraphrases.UniformCostumeParaphraseTests.test_component_discovery_preserves_opt_in_effect_locks_and_exclusions) ... ok
test_concise_equivalents_keep_every_original_native_duty (tests.test_photo_uniform_costume_paraphrases.UniformCostumeParaphraseTests.test_concise_equivalents_keep_every_original_native_duty) ... ok
test_effects_cannot_override_parent_color_or_hair_locks (tests.test_photo_uniform_costume_paraphrases.UniformCostumeParaphraseTests.test_effects_cannot_override_parent_color_or_hair_locks) ... ok
test_exact_relation_negation_and_agent_choice_have_distinct_authority (tests.test_photo_uniform_costume_paraphrases.UniformCostumeParaphraseTests.test_exact_relation_negation_and_agent_choice_have_distinct_authority) ... ok
test_existing_equivalents_preserve_identity_activation_and_every_duty (tests.test_photo_uniform_costume_paraphrases.UniformCostumeParaphraseTests.test_existing_equivalents_preserve_identity_activation_and_every_duty) ... ok
test_nearby_structure_owner_and_version_are_not_complete_proof (tests.test_photo_uniform_costume_paraphrases.UniformCostumeParaphraseTests.test_nearby_structure_owner_and_version_are_not_complete_proof) ... ok
test_optional_bundles_resolve_all_members_without_combining_alternative_versions (tests.test_photo_uniform_costume_paraphrases.UniformCostumeParaphraseTests.test_optional_bundles_resolve_all_members_without_combining_alternative_versions) ... ok
test_provenance_and_unverified_named_versions_do_not_leak_into_exact_runtime_terms (tests.test_photo_uniform_costume_paraphrases.UniformCostumeParaphraseTests.test_provenance_and_unverified_named_versions_do_not_leak_into_exact_runtime_terms) ... ok
test_real_index_bm25f_and_fake_embedding_are_advisory_only (tests.test_photo_uniform_costume_paraphrases.UniformCostumeParaphraseTests.test_real_index_bm25f_and_fake_embedding_are_advisory_only) ... ok
test_same_frozen_independent_inputs_now_support_selected_relations (tests.test_photo_uniform_costume_paraphrases.UniformCostumeParaphraseTests.test_same_frozen_independent_inputs_now_support_selected_relations) ... ok
test_version_and_attachment_boundaries_survive_shorter_expressions (tests.test_photo_uniform_costume_paraphrases.UniformCostumeParaphraseTests.test_version_and_attachment_boundaries_survive_shorter_expressions) ... ok
test_absent_activity_allows_traces_without_changing_scope_or_guards (tests.test_photo_liminal_active_use_korean_data_cleanup.LiminalActiveUseKoreanDataCleanupTests.test_absent_activity_allows_traces_without_changing_scope_or_guards) ... ok
test_acceptance_binds_gains_costs_and_immutable_recovery_history (tests.test_photo_liminal_active_use_korean_data_cleanup.LiminalActiveUseKoreanDataCleanupTests.test_acceptance_binds_gains_costs_and_immutable_recovery_history) ... ok
test_archived_korean_catalog_changes_one_line_and_current_text_preserves_it (tests.test_photo_liminal_active_use_korean_data_cleanup.LiminalActiveUseKoreanDataCleanupTests.test_archived_korean_catalog_changes_one_line_and_current_text_preserves_it) ... ok
test_complete_merged_state_and_twenty_one_keeps_remain_exact (tests.test_photo_liminal_active_use_korean_data_cleanup.LiminalActiveUseKoreanDataCleanupTests.test_complete_merged_state_and_twenty_one_keeps_remain_exact) ... ok
test_complete_raw_source_changes_only_ko_and_predeclared_reference (tests.test_photo_liminal_active_use_korean_data_cleanup.LiminalActiveUseKoreanDataCleanupTests.test_complete_raw_source_changes_only_ko_and_predeclared_reference) ... ok
test_frozen_source_inventory_queries_and_bounded_workload (tests.test_photo_liminal_active_use_korean_data_cleanup.LiminalActiveUseKoreanDataCleanupTests.test_frozen_source_inventory_queries_and_bounded_workload) ... ok
test_historical_provenance_is_preserved_and_current_source_is_bound (tests.test_photo_liminal_active_use_korean_data_cleanup.LiminalActiveUseKoreanDataCleanupTests.test_historical_provenance_is_preserved_and_current_source_is_bound) ... ok
test_historical_v6_preservation_and_current_candidate_projection (tests.test_photo_liminal_active_use_korean_data_cleanup.LiminalActiveUseKoreanDataCleanupTests.test_historical_v6_preservation_and_current_candidate_projection) ... ok
test_independent_queries_and_same_slot_controls_stay_exact (tests.test_photo_liminal_active_use_korean_data_cleanup.LiminalActiveUseKoreanDataCleanupTests.test_independent_queries_and_same_slot_controls_stay_exact) ... ok
test_approximate_vector_discovery_stays_optional (tests.test_photo_costume_cosplay_semantics.CostumeCosplaySemanticsTests.test_approximate_vector_discovery_stays_optional) ... ok
test_broad_roles_characters_and_styles_do_not_select_a_relation (tests.test_photo_costume_cosplay_semantics.CostumeCosplaySemanticsTests.test_broad_roles_characters_and_styles_do_not_select_a_relation) ... ok
test_exact_relation_does_not_impose_the_rest_of_a_costume_family (tests.test_photo_costume_cosplay_semantics.CostumeCosplaySemanticsTests.test_exact_relation_does_not_impose_the_rest_of_a_costume_family) ... ok
test_merged_registry_is_valid_and_discovery_examples_are_not_exact_triggers (tests.test_photo_costume_cosplay_semantics.CostumeCosplaySemanticsTests.test_merged_registry_is_valid_and_discovery_examples_are_not_exact_triggers) ... ok
test_negated_relation_and_changed_owner_do_not_reuse_exact_meaning (tests.test_photo_costume_cosplay_semantics.CostumeCosplaySemanticsTests.test_negated_relation_and_changed_owner_do_not_reuse_exact_meaning) ... ok
test_real_candidates_and_joint_bundles_preserve_scope (tests.test_photo_costume_cosplay_semantics.CostumeCosplaySemanticsTests.test_real_candidates_and_joint_bundles_preserve_scope) ... ok
test_source_record_and_generated_indexes_bind_the_actual_runtime_data (tests.test_photo_costume_cosplay_semantics.CostumeCosplaySemanticsTests.test_source_record_and_generated_indexes_bind_the_actual_runtime_data) ... ok
test_adjacent_owners_and_structures_are_not_complete_component_proof (tests.test_photo_vocaloid_appearance_paraphrases.VocaloidAppearanceParaphraseTests.test_adjacent_owners_and_structures_are_not_complete_component_proof) ... ok
test_adult_and_source_boundaries_are_kept_out_of_positive_aliases (tests.test_photo_vocaloid_appearance_paraphrases.VocaloidAppearanceParaphraseTests.test_adult_and_source_boundaries_are_kept_out_of_positive_aliases) ... ok
test_candidate_effects_cannot_bypass_parent_or_material_locks (tests.test_photo_vocaloid_appearance_paraphrases.VocaloidAppearanceParaphraseTests.test_candidate_effects_cannot_bypass_parent_or_material_locks) ... ok
test_equivalent_expansion_preserves_original_identity_and_every_duty (tests.test_photo_vocaloid_appearance_paraphrases.VocaloidAppearanceParaphraseTests.test_equivalent_expansion_preserves_original_identity_and_every_duty) ... ok
test_negation_and_agent_choices_cannot_promote_new_relations_to_hard (tests.test_photo_vocaloid_appearance_paraphrases.VocaloidAppearanceParaphraseTests.test_negation_and_agent_choices_cannot_promote_new_relations_to_hard) ... ok
test_new_relations_require_all_components_on_the_selected_carrier (tests.test_photo_vocaloid_appearance_paraphrases.VocaloidAppearanceParaphraseTests.test_new_relations_require_all_components_on_the_selected_carrier) ... ok

----------------------------------------------------------------------
Ran 35 tests in 136.237s

OK
