test_prepack_visual_intent_is_hash_bound_and_source_grounded (tests.test_photo_visual_obligations.PhotoVisualObligationTests.test_prepack_visual_intent_is_hash_bound_and_source_grounded) ... FAIL
test_registry_and_request_scoped_routing_fixture (tests.test_photo_visual_obligations.PhotoVisualObligationTests.test_registry_and_request_scoped_routing_fixture) ... 
  test_registry_and_request_scoped_routing_fixture (tests.test_photo_visual_obligations.PhotoVisualObligationTests.test_registry_and_request_scoped_routing_fixture) (fixture='visual_obligation_routing_v1.jsonl', case='positive_inner_thigh_en') ... FAIL
  test_registry_and_request_scoped_routing_fixture (tests.test_photo_visual_obligations.PhotoVisualObligationTests.test_registry_and_request_scoped_routing_fixture) (fixture='visual_obligation_routing_v1.jsonl', case='candidate_contained_affect_components') ... FAIL
  test_registry_and_request_scoped_routing_fixture (tests.test_photo_visual_obligations.PhotoVisualObligationTests.test_registry_and_request_scoped_routing_fixture) (fixture='visual_obligation_routing_v1.jsonl', case='positive_yandere_en') ... FAIL
  test_registry_and_request_scoped_routing_fixture (tests.test_photo_visual_obligations.PhotoVisualObligationTests.test_registry_and_request_scoped_routing_fixture) (fixture='visual_obligation_routing_v1.jsonl', case='positive_yandere_ko') ... FAIL
  test_registry_and_request_scoped_routing_fixture (tests.test_photo_visual_obligations.PhotoVisualObligationTests.test_registry_and_request_scoped_routing_fixture) (fixture='visual_obligation_routing_v1.jsonl', case='candidate_yandere_relation_components') ... FAIL
  test_registry_and_request_scoped_routing_fixture (tests.test_photo_visual_obligations.PhotoVisualObligationTests.test_registry_and_request_scoped_routing_fixture) (fixture='visual_obligation_routing_v1.jsonl', case='negative_yandere_expression_only') ... FAIL
  test_registry_and_request_scoped_routing_fixture (tests.test_photo_visual_obligations.PhotoVisualObligationTests.test_registry_and_request_scoped_routing_fixture) (fixture='visual_obligation_routing_v1.jsonl', case='negative_yandere_role_prop_only') ... FAIL
  test_registry_and_request_scoped_routing_fixture (tests.test_photo_visual_obligations.PhotoVisualObligationTests.test_registry_and_request_scoped_routing_fixture) (fixture='visual_obligation_routing_v1.jsonl', case='candidate_kuudere_relation_components') ... FAIL

======================================================================
FAIL: test_prepack_visual_intent_is_hash_bound_and_source_grounded (tests.test_photo_visual_obligations.PhotoVisualObligationTests.test_prepack_visual_intent_is_hash_bound_and_source_grounded)
----------------------------------------------------------------------
Traceback (most recent call last):
  File "/Users/chasoik/Projects/image-prompt/outputs/y2k-qualification-20260927/baseline-source/tests/test_photo_visual_obligations.py", line 598, in test_prepack_visual_intent_is_hash_bound_and_source_grounded
    self.assertEqual(
    ~~~~~~~~~~~~~~~~^
        audit_composed_prompt.audit_visual_obligations(
        ^^^^^^^^^^^^^^^^^^^^^^^^^^^^^^^^^^^^^^^^^^^^^^^
    ...<4 lines>...
        [],
        ^^^
    )
    ^
AssertionError: Lists differ: [{'check': 'chosen_visual_concept_ids', 'r[99 chars]ty'}] != []

First list contains 1 additional elements.
First extra element 0:
{'check': 'chosen_visual_concept_ids', 'reason': 'a pack with optional visual concepts requires an explicit selection list, which may be empty'}

+ []
- [{'check': 'chosen_visual_concept_ids',
-   'reason': 'a pack with optional visual concepts requires an explicit '
-             'selection list, which may be empty'}]

======================================================================
FAIL: test_registry_and_request_scoped_routing_fixture (tests.test_photo_visual_obligations.PhotoVisualObligationTests.test_registry_and_request_scoped_routing_fixture) (fixture='visual_obligation_routing_v1.jsonl', case='positive_inner_thigh_en')
----------------------------------------------------------------------
Traceback (most recent call last):
  File "/Users/chasoik/Projects/image-prompt/outputs/y2k-qualification-20260927/baseline-source/tests/test_photo_visual_obligations.py", line 127, in assert_routing_fixture
    self.assertEqual(
    ~~~~~~~~~~~~~~~~^
        sorted(concept_matches),
        ^^^^^^^^^^^^^^^^^^^^^^^^
        sorted(case["expected_candidate_profile_ids"]),
        ^^^^^^^^^^^^^^^^^^^^^^^^^^^^^^^^^^^^^^^^^^^^^^^
    )
    ^
AssertionError: Lists differ: ['mep_cover_copy_space'] != []

First list contains 1 additional elements.
First extra element 0:
'mep_cover_copy_space'

- ['mep_cover_copy_space']
+ []

======================================================================
FAIL: test_registry_and_request_scoped_routing_fixture (tests.test_photo_visual_obligations.PhotoVisualObligationTests.test_registry_and_request_scoped_routing_fixture) (fixture='visual_obligation_routing_v1.jsonl', case='candidate_contained_affect_components')
----------------------------------------------------------------------
Traceback (most recent call last):
  File "/Users/chasoik/Projects/image-prompt/outputs/y2k-qualification-20260927/baseline-source/tests/test_photo_visual_obligations.py", line 127, in assert_routing_fixture
    self.assertEqual(
    ~~~~~~~~~~~~~~~~^
        sorted(concept_matches),
        ^^^^^^^^^^^^^^^^^^^^^^^^
        sorted(case["expected_candidate_profile_ids"]),
        ^^^^^^^^^^^^^^^^^^^^^^^^^^^^^^^^^^^^^^^^^^^^^^^
    )
    ^
AssertionError: Lists differ: ['contained_affect_self_presentation', 'pf_keep_ward'] != ['contained_affect_self_presentation']

First list contains 1 additional elements.
First extra element 1:
'pf_keep_ward'

- ['contained_affect_self_presentation', 'pf_keep_ward']
?                                      ----------------

+ ['contained_affect_self_presentation']

======================================================================
FAIL: test_registry_and_request_scoped_routing_fixture (tests.test_photo_visual_obligations.PhotoVisualObligationTests.test_registry_and_request_scoped_routing_fixture) (fixture='visual_obligation_routing_v1.jsonl', case='positive_yandere_en')
----------------------------------------------------------------------
Traceback (most recent call last):
  File "/Users/chasoik/Projects/image-prompt/outputs/y2k-qualification-20260927/baseline-source/tests/test_photo_visual_obligations.py", line 127, in assert_routing_fixture
    self.assertEqual(
    ~~~~~~~~~~~~~~~~^
        sorted(concept_matches),
        ^^^^^^^^^^^^^^^^^^^^^^^^
        sorted(case["expected_candidate_profile_ids"]),
        ^^^^^^^^^^^^^^^^^^^^^^^^^^^^^^^^^^^^^^^^^^^^^^^
    )
    ^
AssertionError: Lists differ: ['clinical_nursing_duty_system'] != []

First list contains 1 additional elements.
First extra element 0:
'clinical_nursing_duty_system'

- ['clinical_nursing_duty_system']
+ []

======================================================================
FAIL: test_registry_and_request_scoped_routing_fixture (tests.test_photo_visual_obligations.PhotoVisualObligationTests.test_registry_and_request_scoped_routing_fixture) (fixture='visual_obligation_routing_v1.jsonl', case='positive_yandere_ko')
----------------------------------------------------------------------
Traceback (most recent call last):
  File "/Users/chasoik/Projects/image-prompt/outputs/y2k-qualification-20260927/baseline-source/tests/test_photo_visual_obligations.py", line 127, in assert_routing_fixture
    self.assertEqual(
    ~~~~~~~~~~~~~~~~^
        sorted(concept_matches),
        ^^^^^^^^^^^^^^^^^^^^^^^^
        sorted(case["expected_candidate_profile_ids"]),
        ^^^^^^^^^^^^^^^^^^^^^^^^^^^^^^^^^^^^^^^^^^^^^^^
    )
    ^
AssertionError: Lists differ: ['clinical_nursing_duty_system'] != []

First list contains 1 additional elements.
First extra element 0:
'clinical_nursing_duty_system'

- ['clinical_nursing_duty_system']
+ []

======================================================================
FAIL: test_registry_and_request_scoped_routing_fixture (tests.test_photo_visual_obligations.PhotoVisualObligationTests.test_registry_and_request_scoped_routing_fixture) (fixture='visual_obligation_routing_v1.jsonl', case='candidate_yandere_relation_components')
----------------------------------------------------------------------
Traceback (most recent call last):
  File "/Users/chasoik/Projects/image-prompt/outputs/y2k-qualification-20260927/baseline-source/tests/test_photo_visual_obligations.py", line 127, in assert_routing_fixture
    self.assertEqual(
    ~~~~~~~~~~~~~~~~^
        sorted(concept_matches),
        ^^^^^^^^^^^^^^^^^^^^^^^^
        sorted(case["expected_candidate_profile_ids"]),
        ^^^^^^^^^^^^^^^^^^^^^^^^^^^^^^^^^^^^^^^^^^^^^^^
    )
    ^
AssertionError: Lists differ: ['clinical_nursing_duty_system', 'yandere_affection_control_relation'] != ['yandere_affection_control_relation']

First differing element 0:
'clinical_nursing_duty_system'
'yandere_affection_control_relation'

First list contains 1 additional elements.
First extra element 1:
'yandere_affection_control_relation'

- ['clinical_nursing_duty_system', 'yandere_affection_control_relation']
+ ['yandere_affection_control_relation']

======================================================================
FAIL: test_registry_and_request_scoped_routing_fixture (tests.test_photo_visual_obligations.PhotoVisualObligationTests.test_registry_and_request_scoped_routing_fixture) (fixture='visual_obligation_routing_v1.jsonl', case='negative_yandere_expression_only')
----------------------------------------------------------------------
Traceback (most recent call last):
  File "/Users/chasoik/Projects/image-prompt/outputs/y2k-qualification-20260927/baseline-source/tests/test_photo_visual_obligations.py", line 127, in assert_routing_fixture
    self.assertEqual(
    ~~~~~~~~~~~~~~~~^
        sorted(concept_matches),
        ^^^^^^^^^^^^^^^^^^^^^^^^
        sorted(case["expected_candidate_profile_ids"]),
        ^^^^^^^^^^^^^^^^^^^^^^^^^^^^^^^^^^^^^^^^^^^^^^^
    )
    ^
AssertionError: Lists differ: ['clinical_nursing_duty_system'] != []

First list contains 1 additional elements.
First extra element 0:
'clinical_nursing_duty_system'

- ['clinical_nursing_duty_system']
+ []

======================================================================
FAIL: test_registry_and_request_scoped_routing_fixture (tests.test_photo_visual_obligations.PhotoVisualObligationTests.test_registry_and_request_scoped_routing_fixture) (fixture='visual_obligation_routing_v1.jsonl', case='negative_yandere_role_prop_only')
----------------------------------------------------------------------
Traceback (most recent call last):
  File "/Users/chasoik/Projects/image-prompt/outputs/y2k-qualification-20260927/baseline-source/tests/test_photo_visual_obligations.py", line 127, in assert_routing_fixture
    self.assertEqual(
    ~~~~~~~~~~~~~~~~^
        sorted(concept_matches),
        ^^^^^^^^^^^^^^^^^^^^^^^^
        sorted(case["expected_candidate_profile_ids"]),
        ^^^^^^^^^^^^^^^^^^^^^^^^^^^^^^^^^^^^^^^^^^^^^^^
    )
    ^
AssertionError: Lists differ: ['clinical_nursing_duty_system'] != []

First list contains 1 additional elements.
First extra element 0:
'clinical_nursing_duty_system'

- ['clinical_nursing_duty_system']
+ []

======================================================================
FAIL: test_registry_and_request_scoped_routing_fixture (tests.test_photo_visual_obligations.PhotoVisualObligationTests.test_registry_and_request_scoped_routing_fixture) (fixture='visual_obligation_routing_v1.jsonl', case='candidate_kuudere_relation_components')
----------------------------------------------------------------------
Traceback (most recent call last):
  File "/Users/chasoik/Projects/image-prompt/outputs/y2k-qualification-20260927/baseline-source/tests/test_photo_visual_obligations.py", line 127, in assert_routing_fixture
    self.assertEqual(
    ~~~~~~~~~~~~~~~~^
        sorted(concept_matches),
        ^^^^^^^^^^^^^^^^^^^^^^^^
        sorted(case["expected_candidate_profile_ids"]),
        ^^^^^^^^^^^^^^^^^^^^^^^^^^^^^^^^^^^^^^^^^^^^^^^
    )
    ^
AssertionError: Lists differ: ['kuudere_composed_warmth_relation', 'mep_poised_support', 'pf_keep_ward'] != ['kuudere_composed_warmth_relation']

First list contains 2 additional elements.
First extra element 1:
'mep_poised_support'

- ['kuudere_composed_warmth_relation', 'mep_poised_support', 'pf_keep_ward']
+ ['kuudere_composed_warmth_relation']

----------------------------------------------------------------------
Ran 2 tests in 65.862s

FAILED (failures=9)
{"tests_run": 2, "failures": 9, "errors": 0}
