test_three_arm_fixture_is_frozen_and_reference_bound (tests.test_photo_rare_photo_visual_semantics.PhotoRarePhotoVisualSemanticsTests.test_three_arm_fixture_is_frozen_and_reference_bound) ... 
  test_three_arm_fixture_is_frozen_and_reference_bound (tests.test_photo_rare_photo_visual_semantics.PhotoRarePhotoVisualSemanticsTests.test_three_arm_fixture_is_frozen_and_reference_bound) (arm_id='rare-photo-arm-1-camera-lcd') ... FAIL
  test_three_arm_fixture_is_frozen_and_reference_bound (tests.test_photo_rare_photo_visual_semantics.PhotoRarePhotoVisualSemanticsTests.test_three_arm_fixture_is_frozen_and_reference_bound) (arm_id='rare-photo-arm-2-companion') ... FAIL
  test_three_arm_fixture_is_frozen_and_reference_bound (tests.test_photo_rare_photo_visual_semantics.PhotoRarePhotoVisualSemanticsTests.test_three_arm_fixture_is_frozen_and_reference_bound) (arm_id='rare-photo-arm-3-fan-event') ... FAIL

======================================================================
FAIL: test_three_arm_fixture_is_frozen_and_reference_bound (tests.test_photo_rare_photo_visual_semantics.PhotoRarePhotoVisualSemanticsTests.test_three_arm_fixture_is_frozen_and_reference_bound) (arm_id='rare-photo-arm-1-camera-lcd')
----------------------------------------------------------------------
Traceback (most recent call last):
  File "/Users/chasoik/Projects/image-prompt/outputs/y2k-qualification-20260927/baseline-source/tests/test_photo_rare_photo_visual_semantics.py", line 252, in test_three_arm_fixture_is_frozen_and_reference_bound
    self.assertTrue(artifact.is_file())
    ~~~~~~~~~~~~~~~^^^^^^^^^^^^^^^^^^^^
AssertionError: False is not true

======================================================================
FAIL: test_three_arm_fixture_is_frozen_and_reference_bound (tests.test_photo_rare_photo_visual_semantics.PhotoRarePhotoVisualSemanticsTests.test_three_arm_fixture_is_frozen_and_reference_bound) (arm_id='rare-photo-arm-2-companion')
----------------------------------------------------------------------
Traceback (most recent call last):
  File "/Users/chasoik/Projects/image-prompt/outputs/y2k-qualification-20260927/baseline-source/tests/test_photo_rare_photo_visual_semantics.py", line 252, in test_three_arm_fixture_is_frozen_and_reference_bound
    self.assertTrue(artifact.is_file())
    ~~~~~~~~~~~~~~~^^^^^^^^^^^^^^^^^^^^
AssertionError: False is not true

======================================================================
FAIL: test_three_arm_fixture_is_frozen_and_reference_bound (tests.test_photo_rare_photo_visual_semantics.PhotoRarePhotoVisualSemanticsTests.test_three_arm_fixture_is_frozen_and_reference_bound) (arm_id='rare-photo-arm-3-fan-event')
----------------------------------------------------------------------
Traceback (most recent call last):
  File "/Users/chasoik/Projects/image-prompt/outputs/y2k-qualification-20260927/baseline-source/tests/test_photo_rare_photo_visual_semantics.py", line 252, in test_three_arm_fixture_is_frozen_and_reference_bound
    self.assertTrue(artifact.is_file())
    ~~~~~~~~~~~~~~~^^^^^^^^^^^^^^^^^^^^
AssertionError: False is not true

----------------------------------------------------------------------
Ran 1 test in 1.184s

FAILED (failures=3)
{"tests_run": 1, "failures": 3, "errors": 0}
