Embedded 8650/8972 entries
Embedded 8700/8972 entries
Traceback (most recent call last):
  File "/Users/chasoik/Projects/image-prompt/skills/photo-prompt-image-generator/scripts/build_semantic_index.py", line 389, in <module>
    raise SystemExit(main())
                     ~~~~^^
  File "/Users/chasoik/Projects/image-prompt/skills/photo-prompt-image-generator/scripts/build_semantic_index.py", line 347, in main
    payload = build_resumable_index_payload(
        data,
    ...<10 lines>...
        progress_callback=progress if args.progress else None,
    )
  File "/Users/chasoik/Projects/image-prompt/skills/photo-prompt-image-generator/scripts/build_semantic_index.py", line 266, in build_resumable_index_payload
    write_payload(checkpoint, payload)
    ~~~~~~~~~~~~~^^^^^^^^^^^^^^^^^^^^^
  File "/Users/chasoik/Projects/image-prompt/skills/photo-prompt-image-generator/scripts/build_semantic_index.py", line 124, in write_payload
    serialized = json.dumps(payload, ensure_ascii=False, indent=2)
  File "/opt/homebrew/Cellar/python@3.14/3.14.3_1/Frameworks/Python.framework/Versions/3.14/lib/python3.14/json/__init__.py", line 242, in dumps
    **kw).encode(obj)
          ~~~~~~^^^^^
  File "/opt/homebrew/Cellar/python@3.14/3.14.3_1/Frameworks/Python.framework/Versions/3.14/lib/python3.14/json/encoder.py", line 202, in encode
    chunks = self.iterencode(o, _one_shot=True)
  File "/opt/homebrew/Cellar/python@3.14/3.14.3_1/Frameworks/Python.framework/Versions/3.14/lib/python3.14/json/encoder.py", line 263, in iterencode
    return _iterencode(o, 0)
KeyboardInterrupt
when serializing dict item 'length'
when serializing dict item 'aliases'
when serializing dict item 'fields'
when serializing dict item 'bm25f_document'
when serializing dict item 'slot:prop:punk_cyberpunk_mechanism_prop'
when serializing dict item 'entries'
