test_frozen_natural_moe_render_cases_preserve_identity_and_response_contract (tests.test_photo_prompt_contract_v2.PhotoPromptContractV2Tests.test_frozen_natural_moe_render_cases_preserve_identity_and_response_contract) ... FAIL
test_natural_moe_response_contract_materializes_through_public_wrapper (tests.test_photo_prompt_contract_v2.PhotoPromptContractV2Tests.test_natural_moe_response_contract_materializes_through_public_wrapper) ... FAIL
test_retrieval_holdout_and_research_evidence_contracts_are_versioned (tests.test_photo_prompt_contract_v2.PhotoPromptContractV2Tests.test_retrieval_holdout_and_research_evidence_contracts_are_versioned) ... FAIL
test_subculture_holdout_and_evidence_cover_all_frozen_themes (tests.test_photo_prompt_contract_v2.PhotoPromptContractV2Tests.test_subculture_holdout_and_evidence_cover_all_frozen_themes) ... ok
test_typed_routing_and_theme_guards_generalize_beyond_portraits (tests.test_photo_prompt_contract_v2.PhotoPromptContractV2Tests.test_typed_routing_and_theme_guards_generalize_beyond_portraits) ... ok
test_user_additional_requirement_remains_one_hard_visible_intent (tests.test_photo_prompt_contract_v2.PhotoPromptContractV2Tests.test_user_additional_requirement_remains_one_hard_visible_intent) ... ok
test_v4_hybrid_requires_new_authorial_context_and_varies_candidate_routes (tests.test_photo_prompt_contract_v2.PhotoPromptContractV2Tests.test_v4_hybrid_requires_new_authorial_context_and_varies_candidate_routes) ... FAIL
test_v4_opens_singleton_role_scene_slots_for_agent_authorship (tests.test_photo_prompt_contract_v2.PhotoPromptContractV2Tests.test_v4_opens_singleton_role_scene_slots_for_agent_authorship) ... FAIL
test_v4_scene_candidate_groups_hide_sampler_answers_and_v3_stays_fail_closed (tests.test_photo_prompt_contract_v2.PhotoPromptContractV2Tests.test_v4_scene_candidate_groups_hide_sampler_answers_and_v3_stays_fail_closed) ... ok
test_v4_scene_exposes_only_abstraction_and_audits_newly_authored_atoms (tests.test_photo_prompt_contract_v2.PhotoPromptContractV2Tests.test_v4_scene_exposes_only_abstraction_and_audits_newly_authored_atoms) ... ok
test_viewer_experience_audit_binds_visible_causes_and_rejects_response_gaming (tests.test_photo_prompt_contract_v2.PhotoPromptContractV2Tests.test_viewer_experience_audit_binds_visible_causes_and_rejects_response_gaming) ... ok
test_viewer_experience_control_is_additive_and_high_creativity_enables_it_automatically (tests.test_photo_prompt_contract_v2.PhotoPromptContractV2Tests.test_viewer_experience_control_is_additive_and_high_creativity_enables_it_automatically) ... ok
test_viewer_experience_holdout_and_visual_review_are_closed_and_distinct (tests.test_photo_prompt_contract_v2.PhotoPromptContractV2Tests.test_viewer_experience_holdout_and_visual_review_are_closed_and_distinct) ... ok
test_visual_review_contract_fails_closed_on_declared_review_focus_failure (tests.test_photo_prompt_contract_v2.PhotoPromptContractV2Tests.test_visual_review_contract_fails_closed_on_declared_review_focus_failure) ... ok
test_visual_review_contract_rejects_empty_or_unprovenanced_payloads (tests.test_photo_prompt_contract_v2.PhotoPromptContractV2Tests.test_visual_review_contract_rejects_empty_or_unprovenanced_payloads) ... ok
test_visual_review_contract_rejects_invalid_enums_and_declared_conflicts (tests.test_photo_prompt_contract_v2.PhotoPromptContractV2Tests.test_visual_review_contract_rejects_invalid_enums_and_declared_conflicts) ... ok
test_visual_review_contract_requires_reason_for_not_applicable_fields (tests.test_photo_prompt_contract_v2.PhotoPromptContractV2Tests.test_visual_review_contract_requires_reason_for_not_applicable_fields) ... ok
test_worldbuilding_extension_routes_holdout_and_evidence_are_deep_and_scoped (tests.test_photo_prompt_contract_v2.PhotoPromptContractV2Tests.test_worldbuilding_extension_routes_holdout_and_evidence_are_deep_and_scoped) ... ok

======================================================================
FAIL: test_frozen_natural_moe_render_cases_preserve_identity_and_response_contract (tests.test_photo_prompt_contract_v2.PhotoPromptContractV2Tests.test_frozen_natural_moe_render_cases_preserve_identity_and_response_contract)
----------------------------------------------------------------------
Traceback (most recent call last):
  File "/private/var/folders/4x/l_6vrtjj4rsbvgmq7t6tfgsh0000gn/T/photo-model-editorial-head-nl6pjpm5/tests/test_photo_prompt_contract_v2.py", line 2795, in test_frozen_natural_moe_render_cases_preserve_identity_and_response_contract
    self.assertEqual(pack["provenance"]["preset_id"], expected["preset_id"], case["id"])
    ~~~~~~~~~~~~~~~~^^^^^^^^^^^^^^^^^^^^^^^^^^^^^^^^^^^^^^^^^^^^^^^^^^^^^^^^^^^^^^^^^^^^
AssertionError: 'soft_window_private_room_editorial' != 'security_guard_watch_portrait'
- soft_window_private_room_editorial
+ security_guard_watch_portrait
 : ko_gap_moe_guard

======================================================================
FAIL: test_natural_moe_response_contract_materializes_through_public_wrapper (tests.test_photo_prompt_contract_v2.PhotoPromptContractV2Tests.test_natural_moe_response_contract_materializes_through_public_wrapper)
----------------------------------------------------------------------
Traceback (most recent call last):
  File "/private/var/folders/4x/l_6vrtjj4rsbvgmq7t6tfgsh0000gn/T/photo-model-editorial-head-nl6pjpm5/tests/test_photo_prompt_contract_v2.py", line 1885, in test_natural_moe_response_contract_materializes_through_public_wrapper
    self.assertEqual(
    ~~~~~~~~~~~~~~~~^
        pack["provenance"]["preset_id"],
        ^^^^^^^^^^^^^^^^^^^^^^^^^^^^^^^^
        role_contract["preset_id"],
        ^^^^^^^^^^^^^^^^^^^^^^^^^^^
        case["id"],
        ^^^^^^^^^^^
    )
    ^
AssertionError: 'species_id_card_daily_diptych' != 'security_guard_watch_portrait'
- species_id_card_daily_diptych
+ security_guard_watch_portrait
 : ko_gap_moe_guard

======================================================================
FAIL: test_retrieval_holdout_and_research_evidence_contracts_are_versioned (tests.test_photo_prompt_contract_v2.PhotoPromptContractV2Tests.test_retrieval_holdout_and_research_evidence_contracts_are_versioned)
----------------------------------------------------------------------
Traceback (most recent call last):
  File "/private/var/folders/4x/l_6vrtjj4rsbvgmq7t6tfgsh0000gn/T/photo-model-editorial-head-nl6pjpm5/tests/test_photo_prompt_contract_v2.py", line 4633, in test_retrieval_holdout_and_research_evidence_contracts_are_versioned
    self.assertIn("no ", row["reuse_note"].lower())
    ~~~~~~~~~~~~~^^^^^^^^^^^^^^^^^^^^^^^^^^^^^^^^^^
AssertionError: 'no ' not found in 'only abstract support-leg, opposed-plane, counter-turn and three-dimensional-reading relations informed original pose geometry and gates.'

======================================================================
FAIL: test_v4_hybrid_requires_new_authorial_context_and_varies_candidate_routes (tests.test_photo_prompt_contract_v2.PhotoPromptContractV2Tests.test_v4_hybrid_requires_new_authorial_context_and_varies_candidate_routes)
----------------------------------------------------------------------
Traceback (most recent call last):
  File "/private/var/folders/4x/l_6vrtjj4rsbvgmq7t6tfgsh0000gn/T/photo-model-editorial-head-nl6pjpm5/tests/test_photo_prompt_contract_v2.py", line 1403, in test_v4_hybrid_requires_new_authorial_context_and_varies_candidate_routes
    self.assertEqual(
    ~~~~~~~~~~~~~~~~^
        {row["slot"] for row in candidate_pack["authorial_open_slots"]},
        ^^^^^^^^^^^^^^^^^^^^^^^^^^^^^^^^^^^^^^^^^^^^^^^^^^^^^^^^^^^^^^^^
        {"subject", "action", "location", "prop"},
        ^^^^^^^^^^^^^^^^^^^^^^^^^^^^^^^^^^^^^^^^^^
    )
    ^
AssertionError: Items in the second set but not the first:
'action'

======================================================================
FAIL: test_v4_opens_singleton_role_scene_slots_for_agent_authorship (tests.test_photo_prompt_contract_v2.PhotoPromptContractV2Tests.test_v4_opens_singleton_role_scene_slots_for_agent_authorship)
----------------------------------------------------------------------
Traceback (most recent call last):
  File "/private/var/folders/4x/l_6vrtjj4rsbvgmq7t6tfgsh0000gn/T/photo-model-editorial-head-nl6pjpm5/tests/test_photo_prompt_contract_v2.py", line 1590, in test_v4_opens_singleton_role_scene_slots_for_agent_authorship
    self.assertEqual(set(open_contracts), {"subject", "action", "location", "prop"})
    ~~~~~~~~~~~~~~~~^^^^^^^^^^^^^^^^^^^^^^^^^^^^^^^^^^^^^^^^^^^^^^^^^^^^^^^^^^^^^^^^
AssertionError: Items in the second set but not the first:
'action'

----------------------------------------------------------------------
Ran 18 tests in 359.984s

FAILED (failures=5)
