test_historical_test_recovery_requires_the_declared_live_adapter (tests.test_photo_ethereal_v35_boundary_history.EtherealV35BoundaryTests.test_historical_test_recovery_requires_the_declared_live_adapter) ... ok
test_live_drift_cannot_use_valid_original_recovery (tests.test_photo_ethereal_v35_boundary_history.EtherealV35BoundaryTests.test_live_drift_cannot_use_valid_original_recovery) ... ok
test_original_bytes_and_mode_cannot_be_replaced_by_live_successor (tests.test_photo_ethereal_v35_boundary_history.EtherealV35BoundaryTests.test_original_bytes_and_mode_cannot_be_replaced_by_live_successor) ... ok
test_previous_scene_inputs_hard_contract_and_all_other_candidates_are_preserved (tests.test_photo_ethereal_v35_boundary_history.EtherealV35BoundaryTests.test_previous_scene_inputs_hard_contract_and_all_other_candidates_are_preserved) ... ok
test_rehashed_baseline_cannot_rebind_parent_lineage (tests.test_photo_ethereal_v35_boundary_history.EtherealV35BoundaryTests.test_rehashed_baseline_cannot_rebind_parent_lineage) ... ok
test_rehashed_pack_with_changed_negative_or_core_cannot_qualify (tests.test_photo_ethereal_v35_boundary_history.EtherealV35BoundaryTests.test_rehashed_pack_with_changed_negative_or_core_cannot_qualify) ... ok
test_v34_transition_api_remains_the_original_scope_proof (tests.test_photo_ethereal_v35_boundary_history.EtherealV35BoundaryTests.test_v34_transition_api_remains_the_original_scope_proof) ... ok
test_compression_owner_keeps_explicit_context_and_local_edges (tests.test_photo_photorealism_owner_data_cleanup.PhotorealismOwnerDataCleanupTests.test_compression_owner_keeps_explicit_context_and_local_edges) ... ok
test_current_casual_crop_matches_authenticated_v34_human_scope (tests.test_photo_photorealism_owner_data_cleanup.PhotorealismOwnerDataCleanupTests.test_current_casual_crop_matches_authenticated_v34_human_scope) ... ok
test_current_source_binding_is_versioned_without_rewriting_original (tests.test_photo_photorealism_owner_data_cleanup.PhotorealismOwnerDataCleanupTests.test_current_source_binding_is_versioned_without_rewriting_original) ... ok
test_deferred_film_owner_keeps_original_two_layer_conditions (tests.test_photo_photorealism_owner_data_cleanup.PhotorealismOwnerDataCleanupTests.test_deferred_film_owner_keeps_original_two_layer_conditions) ... ok
test_deferred_noise_owner_keeps_original_conditions (tests.test_photo_photorealism_owner_data_cleanup.PhotorealismOwnerDataCleanupTests.test_deferred_noise_owner_keeps_original_conditions) ... ok
test_eighteen_keeps_and_all_non_owner_fields_are_exact (tests.test_photo_photorealism_owner_data_cleanup.PhotorealismOwnerDataCleanupTests.test_eighteen_keeps_and_all_non_owner_fields_are_exact) ... ok
test_historical_rubric_inputs_remain_unexecuted_exploratory_records (tests.test_photo_photorealism_owner_data_cleanup.PhotorealismOwnerDataCleanupTests.test_historical_rubric_inputs_remain_unexecuted_exploratory_records) ... ok
test_inventory_and_primary_diagnostics_are_frozen (tests.test_photo_photorealism_owner_data_cleanup.PhotorealismOwnerDataCleanupTests.test_inventory_and_primary_diagnostics_are_frozen) ... ok
test_physical_print_and_mixed_surveillance_camcorder_scopes_stay_exact (tests.test_photo_photorealism_owner_data_cleanup.PhotorealismOwnerDataCleanupTests.test_physical_print_and_mixed_surveillance_camcorder_scopes_stay_exact) ... ok
test_runtime_relation_projection_preserves_each_complete_component (tests.test_photo_photorealism_owner_data_cleanup.PhotorealismOwnerDataCleanupTests.test_runtime_relation_projection_preserves_each_complete_component) ... ok
test_current_cello_activation_matches_authenticated_v34_scope_guard (tests.test_photo_character_appearance_100.CharacterAppearance100Tests.test_current_cello_activation_matches_authenticated_v34_scope_guard) ... ok

----------------------------------------------------------------------
Ran 18 tests in 5.348s

OK
