test_all_previous_profiles_keep_meaning_activation_effects_and_native_gates (tests.test_photo_character_appearance_100.CharacterAppearance100Tests.test_all_previous_profiles_keep_meaning_activation_effects_and_native_gates) ... 
  test_all_previous_profiles_keep_meaning_activation_effects_and_native_gates (tests.test_photo_character_appearance_100.CharacterAppearance100Tests.test_all_previous_profiles_keep_meaning_activation_effects_and_native_gates) (profile='pf_portcullis') ... FAIL
  test_all_previous_profiles_keep_meaning_activation_effects_and_native_gates (tests.test_photo_character_appearance_100.CharacterAppearance100Tests.test_all_previous_profiles_keep_meaning_activation_effects_and_native_gates) (profile='pf_window_seat') ... FAIL
  test_all_previous_profiles_keep_meaning_activation_effects_and_native_gates (tests.test_photo_character_appearance_100.CharacterAppearance100Tests.test_all_previous_profiles_keep_meaning_activation_effects_and_native_gates) (profile='pf_rib_vault_chapel') ... FAIL
  test_all_previous_profiles_keep_meaning_activation_effects_and_native_gates (tests.test_photo_character_appearance_100.CharacterAppearance100Tests.test_all_previous_profiles_keep_meaning_activation_effects_and_native_gates) (profile='pf_double_helix') ... FAIL
  test_all_previous_profiles_keep_meaning_activation_effects_and_native_gates (tests.test_photo_character_appearance_100.CharacterAppearance100Tests.test_all_previous_profiles_keep_meaning_activation_effects_and_native_gates) (profile='pf_venetian_arcade') ... FAIL
  test_all_previous_profiles_keep_meaning_activation_effects_and_native_gates (tests.test_photo_character_appearance_100.CharacterAppearance100Tests.test_all_previous_profiles_keep_meaning_activation_effects_and_native_gates) (profile='pf_roofless_ruin') ... FAIL
  test_all_previous_profiles_keep_meaning_activation_effects_and_native_gates (tests.test_photo_character_appearance_100.CharacterAppearance100Tests.test_all_previous_profiles_keep_meaning_activation_effects_and_native_gates) (profile='cr_muted_on_vivid') ... FAIL
  test_all_previous_profiles_keep_meaning_activation_effects_and_native_gates (tests.test_photo_character_appearance_100.CharacterAppearance100Tests.test_all_previous_profiles_keep_meaning_activation_effects_and_native_gates) (profile='clothing_ct073_v2') ... FAIL
  test_all_previous_profiles_keep_meaning_activation_effects_and_native_gates (tests.test_photo_character_appearance_100.CharacterAppearance100Tests.test_all_previous_profiles_keep_meaning_activation_effects_and_native_gates) (profile='clothing_ct091_v1') ... FAIL
  test_all_previous_profiles_keep_meaning_activation_effects_and_native_gates (tests.test_photo_character_appearance_100.CharacterAppearance100Tests.test_all_previous_profiles_keep_meaning_activation_effects_and_native_gates) (profile='clothing_ct091_v2') ... FAIL
  test_all_previous_profiles_keep_meaning_activation_effects_and_native_gates (tests.test_photo_character_appearance_100.CharacterAppearance100Tests.test_all_previous_profiles_keep_meaning_activation_effects_and_native_gates) (profile='ri_daoist_robe_sky') ... FAIL
  test_all_previous_profiles_keep_meaning_activation_effects_and_native_gates (tests.test_photo_character_appearance_100.CharacterAppearance100Tests.test_all_previous_profiles_keep_meaning_activation_effects_and_native_gates) (profile='sca_h15') ... FAIL
  test_all_previous_profiles_keep_meaning_activation_effects_and_native_gates (tests.test_photo_character_appearance_100.CharacterAppearance100Tests.test_all_previous_profiles_keep_meaning_activation_effects_and_native_gates) (profile='sca_h16') ... FAIL
test_complete_multilingual_relations_and_every_component_removal (tests.test_photo_character_appearance_100.CharacterAppearance100Tests.test_complete_multilingual_relations_and_every_component_removal) ... ok
test_current_cello_activation_matches_authenticated_v34_scope_guard (tests.test_photo_character_appearance_100.CharacterAppearance100Tests.test_current_cello_activation_matches_authenticated_v34_scope_guard) ... ok
test_each_research_case_links_to_real_runtime_owners (tests.test_photo_character_appearance_100.CharacterAppearance100Tests.test_each_research_case_links_to_real_runtime_owners) ... ok
test_effects_obey_the_actual_carrier_and_parent_locks (tests.test_photo_character_appearance_100.CharacterAppearance100Tests.test_effects_obey_the_actual_carrier_and_parent_locks) ... ok
test_embedding_and_semantic_paraphrases_are_advisory (tests.test_photo_character_appearance_100.CharacterAppearance100Tests.test_embedding_and_semantic_paraphrases_are_advisory) ... ok
test_exact_relations_require_declared_carrier_and_requester_selection (tests.test_photo_character_appearance_100.CharacterAppearance100Tests.test_exact_relations_require_declared_carrier_and_requester_selection) ... ok
test_existing_alternatives_remain_full_relations (tests.test_photo_character_appearance_100.CharacterAppearance100Tests.test_existing_alternatives_remain_full_relations) ... ok
test_existing_dictionary_hash_and_generated_indexes_are_valid (tests.test_photo_character_appearance_100.CharacterAppearance100Tests.test_existing_dictionary_hash_and_generated_indexes_are_valid) ... ok
test_names_neither_create_hard_relations_nor_enter_positive_prototypes (tests.test_photo_character_appearance_100.CharacterAppearance100Tests.test_names_neither_create_hard_relations_nor_enter_positive_prototypes) ... ok
test_neighbor_carriers_and_shapes_do_not_supply_the_selected_relation (tests.test_photo_character_appearance_100.CharacterAppearance100Tests.test_neighbor_carriers_and_shapes_do_not_supply_the_selected_relation) ... ok
test_new_relations_keep_native_all_of_observation_gates (tests.test_photo_character_appearance_100.CharacterAppearance100Tests.test_new_relations_keep_native_all_of_observation_gates) ... ok
test_unseen_or_separate_owners_do_not_get_reconstructed_from_biography (tests.test_photo_character_appearance_100.CharacterAppearance100Tests.test_unseen_or_separate_owners_do_not_get_reconstructed_from_biography) ... ok

======================================================================
FAIL: test_all_previous_profiles_keep_meaning_activation_effects_and_native_gates (tests.test_photo_character_appearance_100.CharacterAppearance100Tests.test_all_previous_profiles_keep_meaning_activation_effects_and_native_gates) (profile='pf_portcullis')
----------------------------------------------------------------------
Traceback (most recent call last):
  File "/private/var/folders/4x/l_6vrtjj4rsbvgmq7t6tfgsh0000gn/T/photo-upstream-character-3i91m4fj/tree/tests/test_photo_character_appearance_100.py", line 77, in test_all_previous_profiles_keep_meaning_activation_effects_and_native_gates
    self.assertEqual(p[field],actual)
    ~~~~~~~~~~~~~~~~^^^^^^^^^^^^^^^^^
AssertionError: {'exa[205 chars]물린다; 문짝 회전이 아닌 상하 이동 구조가 읽힌다'], 'requires_adul[71 chars]True} != {'exa[205 chars]물린다; 격자가 그 수직 홈을 따라 부분적으로 내려와 있다'], 'requires_[75 chars]True}
Diff is 744 characters long. Set self.maxDiff to None to see it.

======================================================================
FAIL: test_all_previous_profiles_keep_meaning_activation_effects_and_native_gates (tests.test_photo_character_appearance_100.CharacterAppearance100Tests.test_all_previous_profiles_keep_meaning_activation_effects_and_native_gates) (profile='pf_window_seat')
----------------------------------------------------------------------
Traceback (most recent call last):
  File "/private/var/folders/4x/l_6vrtjj4rsbvgmq7t6tfgsh0000gn/T/photo-upstream-character-3i91m4fj/tree/tests/test_photo_character_appearance_100.py", line 77, in test_all_previous_profiles_keep_meaning_activation_effects_and_native_gates
    self.assertEqual(p[field],actual)
    ~~~~~~~~~~~~~~~~^^^^^^^^^^^^^^^^^
AssertionError: {'exa[175 chars]e', '좌석이 벽 깊이 안에 들어간다; 창 측벽과 바깥 개구부가 연결된다; 가구 [108 chars]True} != {'exa[175 chars]e', '붙박이 좌석이 조적 벽의 창 오목부 깊이 안에 자리한다; 창 측벽이 그 좌[153 chars]True}
  {'exact_terms': ['a built-in seat occupies the depth of the masonry recess; '
                   'the side reveals connect the seat space to the outer window; '
                   'the outer opening sits beyond the seat plane',
-                  '좌석이 벽 깊이 안에 들어간다; 창 측벽과 바깥 개구부가 연결된다; 가구 하나를 창 앞에 둔 장면과 '
-                  '구별된다'],
+                  '붙박이 좌석이 조적 벽의 창 오목부 깊이 안에 자리한다; 창 측벽이 그 좌석 공간을 바깥 창과 연결한다; '
+                  '바깥 개구부는 좌석 면보다 바깥쪽에 놓이며 가구 하나를 창 앞에 둔 장면과 구별된다'],
   'requires_adult_character': False,
   'semantic_discovery_requires_component_evidence': True}

======================================================================
FAIL: test_all_previous_profiles_keep_meaning_activation_effects_and_native_gates (tests.test_photo_character_appearance_100.CharacterAppearance100Tests.test_all_previous_profiles_keep_meaning_activation_effects_and_native_gates) (profile='pf_rib_vault_chapel')
----------------------------------------------------------------------
Traceback (most recent call last):
  File "/private/var/folders/4x/l_6vrtjj4rsbvgmq7t6tfgsh0000gn/T/photo-upstream-character-3i91m4fj/tree/tests/test_photo_character_appearance_100.py", line 77, in test_all_previous_profiles_keep_meaning_activation_effects_and_native_gates
    self.assertEqual(p[field],actual)
    ~~~~~~~~~~~~~~~~^^^^^^^^^^^^^^^^^
AssertionError: {'exa[166 chars]d', '천장 리브가 교차한다; 리브가 벽측 지지부와 연속된다; 공간 끝의 예배 영[96 chars]True} != {'exa[166 chars]d', '예배당 천장에 걸쳐 돌 리브가 교차한다; 리브가 상단이 뾰족한 개구부 옆의[122 chars]True}
  {'exact_terms': ['stone ribs intersect across the chapel ceiling; the ribs '
                   'continue toward supports beside pointed openings; a distinct '
                   'worship area occupies the chapel end',
-                  '천장 리브가 교차한다; 리브가 벽측 지지부와 연속된다; 공간 끝의 예배 영역이 구분된다'],
+                  '예배당 천장에 걸쳐 돌 리브가 교차한다; 리브가 상단이 뾰족한 개구부 옆의 벽측 지지부와 연속된다; 예배당 '
+                  '끝의 예배 영역이 구분된다'],
   'requires_adult_character': False,
   'semantic_discovery_requires_component_evidence': True}

======================================================================
FAIL: test_all_previous_profiles_keep_meaning_activation_effects_and_native_gates (tests.test_photo_character_appearance_100.CharacterAppearance100Tests.test_all_previous_profiles_keep_meaning_activation_effects_and_native_gates) (profile='pf_double_helix')
----------------------------------------------------------------------
Traceback (most recent call last):
  File "/private/var/folders/4x/l_6vrtjj4rsbvgmq7t6tfgsh0000gn/T/photo-upstream-character-3i91m4fj/tree/tests/test_photo_character_appearance_100.py", line 77, in test_all_previous_profiles_keep_meaning_activation_effects_and_native_gates
    self.assertEqual(p[field],actual)
    ~~~~~~~~~~~~~~~~^^^^^^^^^^^^^^^^^
AssertionError: {'exa[175 chars]h', '두 개의 계단 경로가 추적된다; 공유 중심부가 비어 보인다; 두 경로가 중[111 chars]True} != {'exa[175 chars]h', '서로 다른 두 나선형 계단 구간이 하나의 중심부 둘레를 감아 돈다; 두 계[178 chars]True}
Diff is 667 characters long. Set self.maxDiff to None to see it.

======================================================================
FAIL: test_all_previous_profiles_keep_meaning_activation_effects_and_native_gates (tests.test_photo_character_appearance_100.CharacterAppearance100Tests.test_all_previous_profiles_keep_meaning_activation_effects_and_native_gates) (profile='pf_venetian_arcade')
----------------------------------------------------------------------
Traceback (most recent call last):
  File "/private/var/folders/4x/l_6vrtjj4rsbvgmq7t6tfgsh0000gn/T/photo-upstream-character-3i91m4fj/tree/tests/test_photo_character_appearance_100.py", line 77, in test_all_previous_profiles_keep_meaning_activation_effects_and_native_gates
    self.assertEqual(p[field],actual)
    ~~~~~~~~~~~~~~~~^^^^^^^^^^^^^^^^^
AssertionError: {'exa[168 chars]이드가 보인다; 위층 개구 리듬이 아래층과 구별된다; 상부 벽체가 갤러리 위에 실제[95 chars]True} != {'exa[168 chars]이드가 보이며 물가를 향한다; 그 위층에 아래 아케이드보다 더 섬세한 투각형 갤러리[144 chars]True}
Diff is 680 characters long. Set self.maxDiff to None to see it.

======================================================================
FAIL: test_all_previous_profiles_keep_meaning_activation_effects_and_native_gates (tests.test_photo_character_appearance_100.CharacterAppearance100Tests.test_all_previous_profiles_keep_meaning_activation_effects_and_native_gates) (profile='pf_roofless_ruin')
----------------------------------------------------------------------
Traceback (most recent call last):
  File "/private/var/folders/4x/l_6vrtjj4rsbvgmq7t6tfgsh0000gn/T/photo-upstream-character-3i91m4fj/tree/tests/test_photo_character_appearance_100.py", line 77, in test_all_previous_profiles_keep_meaning_activation_effects_and_native_gates
    self.assertEqual(p[field],actual)
    ~~~~~~~~~~~~~~~~^^^^^^^^^^^^^^^^^
AssertionError: {'exa[218 chars]이 없어 방 안에서 하늘이 보인다; 남은 벽·창·바닥이 이전 실내를 이룬다; 파손이[112 chars]True} != {'exa[218 chars]이 없어 옛 방 안에서 그 방 위의 열린 하늘이 보인다; 남아 있는 벽과 창 개구부[176 chars]True}
Diff is 774 characters long. Set self.maxDiff to None to see it.

======================================================================
FAIL: test_all_previous_profiles_keep_meaning_activation_effects_and_native_gates (tests.test_photo_character_appearance_100.CharacterAppearance100Tests.test_all_previous_profiles_keep_meaning_activation_effects_and_native_gates) (profile='cr_muted_on_vivid')
----------------------------------------------------------------------
Traceback (most recent call last):
  File "/private/var/folders/4x/l_6vrtjj4rsbvgmq7t6tfgsh0000gn/T/photo-upstream-character-3i91m4fj/tree/tests/test_photo_character_appearance_100.py", line 79, in test_all_previous_profiles_keep_meaning_activation_effects_and_native_gates
    self.assertEqual(p['semantics'].get(field),q['semantics'].get(field))
    ~~~~~~~~~~~~~~~~^^^^^^^^^^^^^^^^^^^^^^^^^^^^^^^^^^^^^^^^^^^^^^^^^^^^^
AssertionError: Lists differ: ['밝은 쪽을 고채도로 오인', '배경도 함께 선명해짐'] != ['밝은 쪽을 고채도로 오인', '초점 영역의 채도가 주변만큼 높아져 채도 차이가 사라짐']

First differing element 1:
'배경도 함께 선명해짐'
'초점 영역의 채도가 주변만큼 높아져 채도 차이가 사라짐'

- ['밝은 쪽을 고채도로 오인', '배경도 함께 선명해짐']
+ ['밝은 쪽을 고채도로 오인', '초점 영역의 채도가 주변만큼 높아져 채도 차이가 사라짐']

======================================================================
FAIL: test_all_previous_profiles_keep_meaning_activation_effects_and_native_gates (tests.test_photo_character_appearance_100.CharacterAppearance100Tests.test_all_previous_profiles_keep_meaning_activation_effects_and_native_gates) (profile='clothing_ct073_v2')
----------------------------------------------------------------------
Traceback (most recent call last):
  File "/private/var/folders/4x/l_6vrtjj4rsbvgmq7t6tfgsh0000gn/T/photo-upstream-character-3i91m4fj/tree/tests/test_photo_character_appearance_100.py", line 79, in test_all_previous_profiles_keep_meaning_activation_effects_and_native_gates
    self.assertEqual(p['semantics'].get(field),q['semantics'].get(field))
    ~~~~~~~~~~~~~~~~^^^^^^^^^^^^^^^^^^^^^^^^^^^^^^^^^^^^^^^^^^^^^^^^^^^^^
AssertionError: Lists differ: ['링은 떠 있는 장식이 아니며 끈 조절 상태로 실제 지지력을 판단하지 않는다'] != ['뒷밴드 개구 양쪽에 정렬된 훅앤아이 줄은 보이는 여밈 하드웨어이며, 정렬만으로 실제 체결 여부나 지지 성능을 판단하지 않는다']

First differing element 0:
'링은 떠 있는 장식이 아니며 끈 조절 상태로 실제 지지력을 판단하지 않는다'
'뒷밴드 개구 양쪽에 정렬된 훅앤아이 줄은 보이는 여밈 하드웨어이며, 정렬만으로 실제 체결 여부나 지지 성능을 판단하지 않는다'

- ['링은 떠 있는 장식이 아니며 끈 조절 상태로 실제 지지력을 판단하지 않는다']
+ ['뒷밴드 개구 양쪽에 정렬된 훅앤아이 줄은 보이는 여밈 하드웨어이며, 정렬만으로 실제 체결 여부나 지지 성능을 판단하지 않는다']

======================================================================
FAIL: test_all_previous_profiles_keep_meaning_activation_effects_and_native_gates (tests.test_photo_character_appearance_100.CharacterAppearance100Tests.test_all_previous_profiles_keep_meaning_activation_effects_and_native_gates) (profile='clothing_ct091_v1')
----------------------------------------------------------------------
Traceback (most recent call last):
  File "/private/var/folders/4x/l_6vrtjj4rsbvgmq7t6tfgsh0000gn/T/photo-upstream-character-3i91m4fj/tree/tests/test_photo_character_appearance_100.py", line 81, in test_all_previous_profiles_keep_meaning_activation_effects_and_native_gates
    self.assertEqual(p.get('concept_candidate',{}).get(field),q.get('concept_candidate',{}).get(field))
    ~~~~~~~~~~~~~~~~^^^^^^^^^^^^^^^^^^^^^^^^^^^^^^^^^^^^^^^^^^^^^^^^^^^^^^^^^^^^^^^^^^^^^^^^^^^^^^^^^^^
AssertionError: Lists differ: [{'di[100 chars]eta'}] != [{'di[100 chars]eta'}, {'dimension': 'appearance', 'target': '[56 chars]ty'}]

Second list contains 1 additional elements.
First extra element 1:
{'dimension': 'appearance', 'target': 'main_subject', 'property': 'wardrobe.surface.sheer_opacity'}

  [{'dimension': 'appearance',
    'property': 'wardrobe.surface.chiffon_organza_taffeta',
+   'target': 'main_subject'},
+  {'dimension': 'appearance',
+   'property': 'wardrobe.surface.sheer_opacity',
    'target': 'main_subject'}]

======================================================================
FAIL: test_all_previous_profiles_keep_meaning_activation_effects_and_native_gates (tests.test_photo_character_appearance_100.CharacterAppearance100Tests.test_all_previous_profiles_keep_meaning_activation_effects_and_native_gates) (profile='clothing_ct091_v2')
----------------------------------------------------------------------
Traceback (most recent call last):
  File "/private/var/folders/4x/l_6vrtjj4rsbvgmq7t6tfgsh0000gn/T/photo-upstream-character-3i91m4fj/tree/tests/test_photo_character_appearance_100.py", line 81, in test_all_previous_profiles_keep_meaning_activation_effects_and_native_gates
    self.assertEqual(p.get('concept_candidate',{}).get(field),q.get('concept_candidate',{}).get(field))
    ~~~~~~~~~~~~~~~~^^^^^^^^^^^^^^^^^^^^^^^^^^^^^^^^^^^^^^^^^^^^^^^^^^^^^^^^^^^^^^^^^^^^^^^^^^^^^^^^^^^
AssertionError: Lists differ: [{'di[100 chars]eta'}] != [{'di[100 chars]eta'}, {'dimension': 'appearance', 'target': '[56 chars]ty'}]

Second list contains 1 additional elements.
First extra element 1:
{'dimension': 'appearance', 'target': 'main_subject', 'property': 'wardrobe.surface.sheer_opacity'}

  [{'dimension': 'appearance',
    'property': 'wardrobe.surface.chiffon_organza_taffeta',
+   'target': 'main_subject'},
+  {'dimension': 'appearance',
+   'property': 'wardrobe.surface.sheer_opacity',
    'target': 'main_subject'}]

======================================================================
FAIL: test_all_previous_profiles_keep_meaning_activation_effects_and_native_gates (tests.test_photo_character_appearance_100.CharacterAppearance100Tests.test_all_previous_profiles_keep_meaning_activation_effects_and_native_gates) (profile='ri_daoist_robe_sky')
----------------------------------------------------------------------
Traceback (most recent call last):
  File "/private/var/folders/4x/l_6vrtjj4rsbvgmq7t6tfgsh0000gn/T/photo-upstream-character-3i91m4fj/tree/tests/test_photo_character_appearance_100.py", line 77, in test_all_previous_profiles_keep_meaning_activation_effects_and_native_gates
    self.assertEqual(p[field],actual)
    ~~~~~~~~~~~~~~~~^^^^^^^^^^^^^^^^^
AssertionError: {'exa[64 chars]robe surface; the upper sun with golden crow a[584 chars]]}]}} != {'exa[64 chars]robe back surface; the upper sun with golden c[642 chars]]}]}}
Diff is 3924 characters long. Set self.maxDiff to None to see it.

======================================================================
FAIL: test_all_previous_profiles_keep_meaning_activation_effects_and_native_gates (tests.test_photo_character_appearance_100.CharacterAppearance100Tests.test_all_previous_profiles_keep_meaning_activation_effects_and_native_gates) (profile='sca_h15')
----------------------------------------------------------------------
Traceback (most recent call last):
  File "/private/var/folders/4x/l_6vrtjj4rsbvgmq7t6tfgsh0000gn/T/photo-upstream-character-3i91m4fj/tree/tests/test_photo_character_appearance_100.py", line 81, in test_all_previous_profiles_keep_meaning_activation_effects_and_native_gates
    self.assertEqual(p.get('concept_candidate',{}).get(field),q.get('concept_candidate',{}).get(field))
    ~~~~~~~~~~~~~~~~^^^^^^^^^^^^^^^^^^^^^^^^^^^^^^^^^^^^^^^^^^^^^^^^^^^^^^^^^^^^^^^^^^^^^^^^^^^^^^^^^^^
AssertionError: Lists differ: [{'di[95 chars]gth'}] != [{'di[95 chars]gth'}, {'dimension': 'appearance', 'target': '[54 chars]th'}]

Second list contains 1 additional elements.
First extra element 1:
{'dimension': 'appearance', 'target': 'main_subject', 'property': 'hair.style.nape.layer_length'}

  [{'dimension': 'appearance',
    'property': 'hair.style.layers.crown_nape_length',
+   'target': 'main_subject'},
+  {'dimension': 'appearance',
+   'property': 'hair.style.nape.layer_length',
    'target': 'main_subject'}]

======================================================================
FAIL: test_all_previous_profiles_keep_meaning_activation_effects_and_native_gates (tests.test_photo_character_appearance_100.CharacterAppearance100Tests.test_all_previous_profiles_keep_meaning_activation_effects_and_native_gates) (profile='sca_h16')
----------------------------------------------------------------------
Traceback (most recent call last):
  File "/private/var/folders/4x/l_6vrtjj4rsbvgmq7t6tfgsh0000gn/T/photo-upstream-character-3i91m4fj/tree/tests/test_photo_character_appearance_100.py", line 81, in test_all_previous_profiles_keep_meaning_activation_effects_and_native_gates
    self.assertEqual(p.get('concept_candidate',{}).get(field),q.get('concept_candidate',{}).get(field))
    ~~~~~~~~~~~~~~~~^^^^^^^^^^^^^^^^^^^^^^^^^^^^^^^^^^^^^^^^^^^^^^^^^^^^^^^^^^^^^^^^^^^^^^^^^^^^^^^^^^^
AssertionError: Lists differ: [{'di[91 chars]gth'}] != [{'di[91 chars]gth'}, {'dimension': 'appearance', 'target': '[57 chars]th'}]

Second list contains 1 additional elements.
First extra element 1:
{'dimension': 'appearance', 'target': 'main_subject', 'property': 'hair.style.nape.undercut_length'}

  [{'dimension': 'appearance',
    'property': 'hair.style.side.undercut_length',
+   'target': 'main_subject'},
+  {'dimension': 'appearance',
+   'property': 'hair.style.nape.undercut_length',
    'target': 'main_subject'}]

----------------------------------------------------------------------
Ran 13 tests in 19.683s

FAILED (failures=13)
Exact upstream diagnostic exit_code= 1
