test_aggregate_validator_does_not_hide_partial_pixel_qualification (tests.test_subculture_illustration_contract_v1.SubcultureIllustrationContractV1Tests.test_aggregate_validator_does_not_hide_partial_pixel_qualification) ... ERROR
test_existing_render_manifests_keep_historical_failure_labels (tests.test_subculture_illustration_universal_scene_v3.UniversalSceneDataContractTests.test_existing_render_manifests_keep_historical_failure_labels) ... ERROR
test_v1_v2_exact_replay_and_photo_baseline_remain_immutable (tests.test_subculture_illustration_universal_scene_v3.UniversalSceneRuntimeContractTests.test_v1_v2_exact_replay_and_photo_baseline_remain_immutable) ... ERROR

======================================================================
ERROR: test_aggregate_validator_does_not_hide_partial_pixel_qualification (tests.test_subculture_illustration_contract_v1.SubcultureIllustrationContractV1Tests.test_aggregate_validator_does_not_hide_partial_pixel_qualification)
----------------------------------------------------------------------
Traceback (most recent call last):
  File "/Users/chasoik/Projects/image-prompt/tests/test_subculture_illustration_contract_v1.py", line 504, in test_aggregate_validator_does_not_hide_partial_pixel_qualification
    summary = validate_all(ASSET_ROOT)
  File "/Users/chasoik/Projects/image-prompt/skills/subculture-illustration-image-generator/scripts/validate_illustration_assets.py", line 11486, in validate_all
    photo_regression = validate_photo_regression_baseline(root)
  File "/Users/chasoik/Projects/image-prompt/skills/subculture-illustration-image-generator/scripts/validate_illustration_assets.py", line 6408, in validate_photo_regression_baseline
    _require(
    ~~~~~~~~^
        digest == baseline.get("sha256"),
        ^^^^^^^^^^^^^^^^^^^^^^^^^^^^^^^^^
        "current photo baseline candidate-pack bytes drift",
        ^^^^^^^^^^^^^^^^^^^^^^^^^^^^^^^^^^^^^^^^^^^^^^^^^^^^
    )
    ^
  File "/Users/chasoik/Projects/image-prompt/skills/subculture-illustration-image-generator/scripts/validate_illustration_assets.py", line 1280, in _require
    raise ValidationFailure(message)
validate_illustration_assets.ValidationFailure: current photo baseline candidate-pack bytes drift

======================================================================
ERROR: test_existing_render_manifests_keep_historical_failure_labels (tests.test_subculture_illustration_universal_scene_v3.UniversalSceneDataContractTests.test_existing_render_manifests_keep_historical_failure_labels)
----------------------------------------------------------------------
Traceback (most recent call last):
  File "/Users/chasoik/Projects/image-prompt/tests/test_subculture_illustration_universal_scene_v3.py", line 1712, in test_existing_render_manifests_keep_historical_failure_labels
    result = validate_all(str(ASSET_ROOT), verify_local_images=False)
  File "/Users/chasoik/Projects/image-prompt/skills/subculture-illustration-image-generator/scripts/validate_illustration_assets.py", line 11486, in validate_all
    photo_regression = validate_photo_regression_baseline(root)
  File "/Users/chasoik/Projects/image-prompt/skills/subculture-illustration-image-generator/scripts/validate_illustration_assets.py", line 6408, in validate_photo_regression_baseline
    _require(
    ~~~~~~~~^
        digest == baseline.get("sha256"),
        ^^^^^^^^^^^^^^^^^^^^^^^^^^^^^^^^^
        "current photo baseline candidate-pack bytes drift",
        ^^^^^^^^^^^^^^^^^^^^^^^^^^^^^^^^^^^^^^^^^^^^^^^^^^^^
    )
    ^
  File "/Users/chasoik/Projects/image-prompt/skills/subculture-illustration-image-generator/scripts/validate_illustration_assets.py", line 1280, in _require
    raise ValidationFailure(message)
validate_illustration_assets.ValidationFailure: current photo baseline candidate-pack bytes drift

======================================================================
ERROR: test_v1_v2_exact_replay_and_photo_baseline_remain_immutable (tests.test_subculture_illustration_universal_scene_v3.UniversalSceneRuntimeContractTests.test_v1_v2_exact_replay_and_photo_baseline_remain_immutable)
----------------------------------------------------------------------
Traceback (most recent call last):
  File "/Users/chasoik/Projects/image-prompt/tests/test_subculture_illustration_universal_scene_v3.py", line 4697, in test_v1_v2_exact_replay_and_photo_baseline_remain_immutable
    photo = validate_photo_regression_baseline(ASSET_ROOT)
  File "/Users/chasoik/Projects/image-prompt/skills/subculture-illustration-image-generator/scripts/validate_illustration_assets.py", line 6408, in validate_photo_regression_baseline
    _require(
    ~~~~~~~~^
        digest == baseline.get("sha256"),
        ^^^^^^^^^^^^^^^^^^^^^^^^^^^^^^^^^
        "current photo baseline candidate-pack bytes drift",
        ^^^^^^^^^^^^^^^^^^^^^^^^^^^^^^^^^^^^^^^^^^^^^^^^^^^^
    )
    ^
  File "/Users/chasoik/Projects/image-prompt/skills/subculture-illustration-image-generator/scripts/validate_illustration_assets.py", line 1280, in _require
    raise ValidationFailure(message)
validate_illustration_assets.ValidationFailure: current photo baseline candidate-pack bytes drift

----------------------------------------------------------------------
Ran 3 tests in 47.041s

FAILED (errors=3)
