test_adopted_candidate_requires_its_complete_effect_in_the_brief (tests.test_photo_adult_appeal_scope.PhotoAdultAppealScopeTests.test_adopted_candidate_requires_its_complete_effect_in_the_brief) ... ok
test_composed_audit_rejects_locked_and_undeclared_effects (tests.test_photo_adult_appeal_scope.PhotoAdultAppealScopeTests.test_composed_audit_rejects_locked_and_undeclared_effects) ... ok
test_dimension_policy_rejects_unknown_source_and_dimension (tests.test_photo_adult_appeal_scope.PhotoAdultAppealScopeTests.test_dimension_policy_rejects_unknown_source_and_dimension) ... ok
test_exact_runtime_accepts_the_scoped_composition (tests.test_photo_adult_appeal_scope.PhotoAdultAppealScopeTests.test_exact_runtime_accepts_the_scoped_composition) ... ok
test_exhausted_current_scope_disables_axes_without_losing_requested_strengths (tests.test_photo_adult_appeal_scope.PhotoAdultAppealScopeTests.test_exhausted_current_scope_disables_axes_without_losing_requested_strengths) ... ok
test_explicit_opt_out_remains_off (tests.test_photo_adult_appeal_scope.PhotoAdultAppealScopeTests.test_explicit_opt_out_remains_off) ... ok
test_full_audit_requires_final_context_for_an_ordinary_candidate (tests.test_photo_adult_appeal_scope.PhotoAdultAppealScopeTests.test_full_audit_requires_final_context_for_an_ordinary_candidate) ... ok
test_full_composed_audit_accepts_unlocked_pose_and_material (tests.test_photo_adult_appeal_scope.PhotoAdultAppealScopeTests.test_full_composed_audit_accepts_unlocked_pose_and_material) ... ok
test_inventory_override_cannot_erase_an_entry_declared_effect (tests.test_photo_adult_appeal_scope.PhotoAdultAppealScopeTests.test_inventory_override_cannot_erase_an_entry_declared_effect) ... ok
test_locked_garment_excludes_whole_conflicting_candidates (tests.test_photo_adult_appeal_scope.PhotoAdultAppealScopeTests.test_locked_garment_excludes_whole_conflicting_candidates) ... ok
test_locked_style_and_flash_preserve_both_requested_intensities (tests.test_photo_adult_appeal_scope.PhotoAdultAppealScopeTests.test_locked_style_and_flash_preserve_both_requested_intensities) ... ok
test_missing_current_dimension_scope_is_rejected (tests.test_photo_adult_appeal_scope.PhotoAdultAppealScopeTests.test_missing_current_dimension_scope_is_rejected) ... ok
test_sampled_adult_candidate_uses_same_scope_but_other_candidates_do_not (tests.test_photo_adult_appeal_scope.PhotoAdultAppealScopeTests.test_sampled_adult_candidate_uses_same_scope_but_other_candidates_do_not) ... ok
test_scope_and_candidate_tampering_fail (tests.test_photo_adult_appeal_scope.PhotoAdultAppealScopeTests.test_scope_and_candidate_tampering_fail) ... ok
test_affect_research_shard_is_three_source_per_topic_and_hash_bound (tests.test_photo_affect_visual_semantics.PhotoAffectVisualSemanticsTests.test_affect_research_shard_is_three_source_per_topic_and_hash_bound) ... ok
test_broad_emotion_words_do_not_create_hard_obligations (tests.test_photo_affect_visual_semantics.PhotoAffectVisualSemanticsTests.test_broad_emotion_words_do_not_create_hard_obligations) ... ok
test_exact_composite_terms_harden_but_components_stay_optional (tests.test_photo_affect_visual_semantics.PhotoAffectVisualSemanticsTests.test_exact_composite_terms_harden_but_components_stay_optional) ... ok
test_exact_terms_materialize_candidate_pack_render_gates (tests.test_photo_affect_visual_semantics.PhotoAffectVisualSemanticsTests.test_exact_terms_materialize_candidate_pack_render_gates) ... ok
test_five_arm_pixel_cases_are_seeded_gate_complete_and_consensus_bound (tests.test_photo_affect_visual_semantics.PhotoAffectVisualSemanticsTests.test_five_arm_pixel_cases_are_seeded_gate_complete_and_consensus_bound) ... ok
test_observed_render_substitutes_are_encoded_for_future_packs (tests.test_photo_affect_visual_semantics.PhotoAffectVisualSemanticsTests.test_observed_render_substitutes_are_encoded_for_future_packs) ... ok
test_registry_profiles_are_narrow_context_bound_contracts (tests.test_photo_affect_visual_semantics.PhotoAffectVisualSemanticsTests.test_registry_profiles_are_narrow_context_bound_contracts) ... ok
test_complete_component_proof_is_required_for_semantic_discovery (tests.test_photo_body_morphology_semantics.PhotoBodyMorphologySemanticsTests.test_complete_component_proof_is_required_for_semantic_discovery) ... ok
test_coupled_contact_and_stance_obey_property_locks (tests.test_photo_body_morphology_semantics.PhotoBodyMorphologySemanticsTests.test_coupled_contact_and_stance_obey_property_locks) ... ok
test_embedding_discovery_cannot_promote_body_geometry_to_hard (tests.test_photo_body_morphology_semantics.PhotoBodyMorphologySemanticsTests.test_embedding_discovery_cannot_promote_body_geometry_to_hard) ... ok
test_frozen_visual_priorities_can_find_options_without_inventing_assertions (tests.test_photo_body_morphology_semantics.PhotoBodyMorphologySemanticsTests.test_frozen_visual_priorities_can_find_options_without_inventing_assertions) ... ok
test_local_exact_terms_do_not_replace_global_owners (tests.test_photo_body_morphology_semantics.PhotoBodyMorphologySemanticsTests.test_local_exact_terms_do_not_replace_global_owners) ... ok
test_neutral_anatomical_topology_needs_actual_anatomical_context (tests.test_photo_body_morphology_semantics.PhotoBodyMorphologySemanticsTests.test_neutral_anatomical_topology_needs_actual_anatomical_context) ... ok
test_non_body_words_exclusion_and_adult_scope_fail_closed (tests.test_photo_body_morphology_semantics.PhotoBodyMorphologySemanticsTests.test_non_body_words_exclusion_and_adult_scope_fail_closed) ... ok
test_piloerection_is_not_a_metaphorical_reaction_or_plain_pore_texture (tests.test_photo_body_morphology_semantics.PhotoBodyMorphologySemanticsTests.test_piloerection_is_not_a_metaphorical_reaction_or_plain_pore_texture) ... ok
test_render_gate_ownership_is_not_replaced_by_neighboring_surface (tests.test_photo_body_morphology_semantics.PhotoBodyMorphologySemanticsTests.test_render_gate_ownership_is_not_replaced_by_neighboring_surface) ... ok
test_adult_constraint_receives_bound_context_even_when_valid_axes_are_inactive (tests.test_photo_bound_context_surfaces.BoundContextSurfaceTests.test_adult_constraint_receives_bound_context_even_when_valid_axes_are_inactive) ... ok
test_adult_entrypoint_rejects_invalid_snapshots_even_with_inactive_axes (tests.test_photo_bound_context_surfaces.BoundContextSurfaceTests.test_adult_entrypoint_rejects_invalid_snapshots_even_with_inactive_axes) ... ok
test_auditor_bundle_recomputation_rejects_invalid_snapshot (tests.test_photo_bound_context_surfaces.BoundContextSurfaceTests.test_auditor_bundle_recomputation_rejects_invalid_snapshot) ... ok
test_auditor_rejects_rebound_human_bundle_in_bound_no_people_pack (tests.test_photo_bound_context_surfaces.BoundContextSurfaceTests.test_auditor_rejects_rebound_human_bundle_in_bound_no_people_pack) ... ok
test_bundle_entrypoint_rejects_malformed_stale_and_wrong_request_snapshots (tests.test_photo_bound_context_surfaces.BoundContextSurfaceTests.test_bundle_entrypoint_rejects_malformed_stale_and_wrong_request_snapshots) ... ok
test_real_auditor_recomputes_both_bound_bundle_surfaces_without_an_auditor_patch (tests.test_photo_bound_context_surfaces.BoundContextSurfaceTests.test_real_auditor_recomputes_both_bound_bundle_surfaces_without_an_auditor_patch) ... ok
test_real_catalog_human_bundle_is_eligible_false_control_but_blocked_by_bound_true (tests.test_photo_bound_context_surfaces.BoundContextSurfaceTests.test_real_catalog_human_bundle_is_eligible_false_control_but_blocked_by_bound_true) ... ok
test_synthetic_neutral_bundle_is_preserved_while_human_peer_is_blocked (tests.test_photo_bound_context_surfaces.BoundContextSurfaceTests.test_synthetic_neutral_bundle_is_preserved_while_human_peer_is_blocked) ... ok
test_broad_limit_transcendence_terms_remain_advisory (tests.test_photo_boundary_transition_visual_semantics.PhotoBoundaryTransitionVisualSemanticsTests.test_broad_limit_transcendence_terms_remain_advisory) ... ok
test_cluster_manifest_binds_every_profile_and_candidate_once (tests.test_photo_boundary_transition_visual_semantics.PhotoBoundaryTransitionVisualSemanticsTests.test_cluster_manifest_binds_every_profile_and_candidate_once) ... ok
test_extension_has_six_complete_six_slot_clusters (tests.test_photo_boundary_transition_visual_semantics.PhotoBoundaryTransitionVisualSemanticsTests.test_extension_has_six_complete_six_slot_clusters) ... ok
test_narrow_exact_terms_route_to_exactly_one_new_profile (tests.test_photo_boundary_transition_visual_semantics.PhotoBoundaryTransitionVisualSemanticsTests.test_narrow_exact_terms_route_to_exactly_one_new_profile) ... ok
test_nearest_substitutes_do_not_activate_new_profiles (tests.test_photo_boundary_transition_visual_semantics.PhotoBoundaryTransitionVisualSemanticsTests.test_nearest_substitutes_do_not_activate_new_profiles) ... ok
test_real_generated_index_contains_new_profiles_and_vectors (tests.test_photo_boundary_transition_visual_semantics.PhotoBoundaryTransitionVisualSemanticsTests.test_real_generated_index_contains_new_profiles_and_vectors) ... ok
test_registry_schema_accepts_boundary_transition_profiles (tests.test_photo_boundary_transition_visual_semantics.PhotoBoundaryTransitionVisualSemanticsTests.test_registry_schema_accepts_boundary_transition_profiles) ... ok
test_research_evidence_is_approved_and_contract_bound (tests.test_photo_boundary_transition_visual_semantics.PhotoBoundaryTransitionVisualSemanticsTests.test_research_evidence_is_approved_and_contract_bound) ... ok
test_six_profiles_have_five_component_groups_and_pixel_gates (tests.test_photo_boundary_transition_visual_semantics.PhotoBoundaryTransitionVisualSemanticsTests.test_six_profiles_have_five_component_groups_and_pixel_gates) ... ok
test_all_authored_bundles_compile_and_profile_links_remain_advisory (tests.test_photo_candidate_semantics.PhotoCandidateSemanticsTests.test_all_authored_bundles_compile_and_profile_links_remain_advisory) ... ok
test_canonical_street_link_and_storefront_label_keep_stable_ids (tests.test_photo_candidate_semantics.PhotoCandidateSemanticsTests.test_canonical_street_link_and_storefront_label_keep_stable_ids) ... ok
test_maintenance_prose_is_external_and_hash_bound (tests.test_photo_candidate_semantics.PhotoCandidateSemanticsTests.test_maintenance_prose_is_external_and_hash_bound) ... ERROR
test_missing_current_semantic_surface_is_rejected (tests.test_photo_candidate_semantics.PhotoCandidateSemanticsTests.test_missing_current_semantic_surface_is_rejected) ... ok
test_missing_member_ineligible_member_internal_conflict_or_locked_scope_hides_bundle (tests.test_photo_candidate_semantics.PhotoCandidateSemanticsTests.test_missing_member_ineligible_member_internal_conflict_or_locked_scope_hides_bundle) ... ok
test_multiword_relations_survive_v6_pack_overview_and_full_details (tests.test_photo_candidate_semantics.PhotoCandidateSemanticsTests.test_multiword_relations_survive_v6_pack_overview_and_full_details) ... ok
test_real_generator_builds_an_adoptable_bundle_with_full_view_and_audit (tests.test_photo_candidate_semantics.PhotoCandidateSemanticsTests.test_real_generator_builds_an_adoptable_bundle_with_full_view_and_audit) ... ok
test_required_extension_loss_fails_before_dictionary_use (tests.test_photo_candidate_semantics.PhotoCandidateSemanticsTests.test_required_extension_loss_fails_before_dictionary_use) ... ok
test_scope_ownership_preserves_distinct_locked_dimensions (tests.test_photo_candidate_semantics.PhotoCandidateSemanticsTests.test_scope_ownership_preserves_distinct_locked_dimensions) ... ok
test_selected_bundle_requires_every_component_and_relation_literal_evidence (tests.test_photo_candidate_semantics.PhotoCandidateSemanticsTests.test_selected_bundle_requires_every_component_and_relation_literal_evidence) ... ok
test_semantic_units_relations_and_canonical_links_reject_malformed_authored_data (tests.test_photo_candidate_semantics.PhotoCandidateSemanticsTests.test_semantic_units_relations_and_canonical_links_reject_malformed_authored_data) ... ok
test_source_contract_or_scope_tampering_fails_even_after_pack_hash_recompute (tests.test_photo_candidate_semantics.PhotoCandidateSemanticsTests.test_source_contract_or_scope_tampering_fails_even_after_pack_hash_recompute) ... ok
test_unknown_runtime_keys_and_missing_or_ambiguous_references_fail (tests.test_photo_candidate_semantics.PhotoCandidateSemanticsTests.test_unknown_runtime_keys_and_missing_or_ambiguous_references_fail) ... ok
test_affirmative_exclusions_still_block_complete_components (tests.test_photo_capture_boundary_data.CaptureBoundaryDataTests.test_affirmative_exclusions_still_block_complete_components) ... ok
test_boundary_anchor_meets_its_existing_evidence_minimum (tests.test_photo_capture_boundary_data.CaptureBoundaryDataTests.test_boundary_anchor_meets_its_existing_evidence_minimum) ... ok
test_complete_positive_components_are_applicable_in_both_languages (tests.test_photo_capture_boundary_data.CaptureBoundaryDataTests.test_complete_positive_components_are_applicable_in_both_languages) ... ok
test_missing_required_components_are_not_replaced_by_boundary_prose (tests.test_photo_capture_boundary_data.CaptureBoundaryDataTests.test_missing_required_components_are_not_replaced_by_boundary_prose) ... ok
test_adjacent_visual_substitutes_fail_closed (tests.test_photo_capture_elements_visual_semantics.PhotoCaptureElementsVisualSemanticsTests.test_adjacent_visual_substitutes_fail_closed) ... ok
test_broad_equipment_and_look_labels_never_force_hard_profiles (tests.test_photo_capture_elements_visual_semantics.PhotoCaptureElementsVisualSemanticsTests.test_broad_equipment_and_look_labels_never_force_hard_profiles) ... ok
test_generated_index_is_current_and_contains_every_profile (tests.test_photo_capture_elements_visual_semantics.PhotoCaptureElementsVisualSemanticsTests.test_generated_index_is_current_and_contains_every_profile) ... ok
test_narrow_exact_terms_route_to_one_profile (tests.test_photo_capture_elements_visual_semantics.PhotoCaptureElementsVisualSemanticsTests.test_narrow_exact_terms_route_to_one_profile) ... ok
test_profiles_are_complete_five_group_pixel_contracts (tests.test_photo_capture_elements_visual_semantics.PhotoCaptureElementsVisualSemanticsTests.test_profiles_are_complete_five_group_pixel_contracts) ... ok
test_research_note_preserves_metadata_and_evidence_boundaries (tests.test_photo_capture_elements_visual_semantics.PhotoCaptureElementsVisualSemanticsTests.test_research_note_preserves_metadata_and_evidence_boundaries) ... ok
test_semantic_panning_paraphrase_projects_optional_candidate_only (tests.test_photo_capture_elements_visual_semantics.PhotoCaptureElementsVisualSemanticsTests.test_semantic_panning_paraphrase_projects_optional_candidate_only) ... ok
test_three_arm_render_fixture_is_hash_bound_and_fail_closed (tests.test_photo_capture_elements_visual_semantics.PhotoCaptureElementsVisualSemanticsTests.test_three_arm_render_fixture_is_hash_bound_and_fail_closed) ... ok
test_actual_generated_index_contains_profile_and_confounders (tests.test_photo_character_response_concepts.PhotoCharacterResponseConceptTests.test_actual_generated_index_contains_profile_and_confounders) ... ok
test_conflicting_or_requester_superseded_profiles_cannot_link_behavior (tests.test_photo_character_response_concepts.PhotoCharacterResponseConceptTests.test_conflicting_or_requester_superseded_profiles_cannot_link_behavior) ... ok
test_confounders_share_the_existing_semantic_index (tests.test_photo_character_response_concepts.PhotoCharacterResponseConceptTests.test_confounders_share_the_existing_semantic_index) ... ok
test_kuudere_profile_keeps_composure_and_same_target_care_together (tests.test_photo_character_response_concepts.PhotoCharacterResponseConceptTests.test_kuudere_profile_keeps_composure_and_same_target_care_together) ... ok
test_multilingual_fixture_uses_contrastive_bm25f (tests.test_photo_character_response_concepts.PhotoCharacterResponseConceptTests.test_multilingual_fixture_uses_contrastive_bm25f) ... ok
test_new_profile_uses_the_same_schema_without_code_changes (tests.test_photo_character_response_concepts.PhotoCharacterResponseConceptTests.test_new_profile_uses_the_same_schema_without_code_changes) ... ok
test_post_core_retrieval_is_advisory_and_score_free (tests.test_photo_character_response_concepts.PhotoCharacterResponseConceptTests.test_post_core_retrieval_is_advisory_and_score_free) ... ok
test_profile_consistency_is_data_driven_and_requester_first (tests.test_photo_character_response_concepts.PhotoCharacterResponseConceptTests.test_profile_consistency_is_data_driven_and_requester_first) ... ok
test_profile_defines_abstract_meaning_without_scene_geometry (tests.test_photo_character_response_concepts.PhotoCharacterResponseConceptTests.test_profile_defines_abstract_meaning_without_scene_geometry) ... ok
test_yandere_atomic_support_excludes_horror_and_invisible_shortcuts (tests.test_photo_character_response_concepts.PhotoCharacterResponseConceptTests.test_yandere_atomic_support_excludes_horror_and_invisible_shortcuts) ... ok
test_yandere_profile_is_behavior_led_and_contrastive (tests.test_photo_character_response_concepts.PhotoCharacterResponseConceptTests.test_yandere_profile_is_behavior_led_and_contrastive) ... ok
test_authored_sources_and_generated_indexes_bind_every_registered_variant (tests.test_photo_clothing_terminology_semantics.ClothingTerminologySemanticsTests.test_authored_sources_and_generated_indexes_bind_every_registered_variant) ... ok
test_component_supported_embedding_discovery_is_optional (tests.test_photo_clothing_terminology_semantics.ClothingTerminologySemanticsTests.test_component_supported_embedding_discovery_is_optional) ... ok
test_homonyms_family_labels_negation_and_owner_changes_do_not_harden (tests.test_photo_clothing_terminology_semantics.ClothingTerminologySemanticsTests.test_homonyms_family_labels_negation_and_owner_changes_do_not_harden) ... ok
test_joint_bundles_are_optional_complete_and_scope_guarded (tests.test_photo_clothing_terminology_semantics.ClothingTerminologySemanticsTests.test_joint_bundles_are_optional_complete_and_scope_guarded) ... ok
test_registry_validator_accepts_scoped_discovery_and_rejects_unbounded_fields (tests.test_photo_clothing_terminology_semantics.ClothingTerminologySemanticsTests.test_registry_validator_accepts_scoped_discovery_and_rejects_unbounded_fields) ... ok
test_scope_has_no_body_geometry_or_provenance_only_promotion (tests.test_photo_clothing_terminology_semantics.ClothingTerminologySemanticsTests.test_scope_has_no_body_geometry_or_provenance_only_promotion) ... ok
test_visible_variant_activates_in_english_and_korean_without_alternative (tests.test_photo_clothing_terminology_semantics.ClothingTerminologySemanticsTests.test_visible_variant_activates_in_english_and_korean_without_alternative) ... ok
test_alternative_query_does_not_copy_agent_outfit_and_exclusions_stay_negative (tests.test_photo_contextual_appeal.ContextualAppealTests.test_alternative_query_does_not_copy_agent_outfit_and_exclusions_stay_negative) ... ok
test_axis_inventory_has_catalog_and_exact_detail_lookup_outside_creative_sample (tests.test_photo_contextual_appeal.ContextualAppealTests.test_axis_inventory_has_catalog_and_exact_detail_lookup_outside_creative_sample) ... ok
test_context_limits_are_not_positive_search_text (tests.test_photo_contextual_appeal.ContextualAppealTests.test_context_limits_are_not_positive_search_text) ... ok
test_embedding_runtime_uses_one_query_per_call_and_binds_all_active_lanes (tests.test_photo_contextual_appeal.ContextualAppealTests.test_embedding_runtime_uses_one_query_per_call_and_binds_all_active_lanes) ... ok
test_partial_locks_preserve_whole_garment_and_admit_real_detail (tests.test_photo_contextual_appeal.ContextualAppealTests.test_partial_locks_preserve_whole_garment_and_admit_real_detail) ... ok
test_review_requires_context_and_comparison_but_allows_rejection_and_uncertainty (tests.test_photo_contextual_appeal.ContextualAppealTests.test_review_requires_context_and_comparison_but_allows_rejection_and_uncertainty) ... ok
test_role_and_setting_effects_require_explicit_open_scope (tests.test_photo_contextual_appeal.ContextualAppealTests.test_role_and_setting_effects_require_explicit_open_scope) ... ok
test_runtime_reports_semantic_use_only_for_matching_queries_and_vectors (tests.test_photo_contextual_appeal.ContextualAppealTests.test_runtime_reports_semantic_use_only_for_matching_queries_and_vectors) ... ok
test_scene_preference_breaks_equal_generic_hits_without_claiming_applicability (tests.test_photo_contextual_appeal.ContextualAppealTests.test_scene_preference_breaks_equal_generic_hits_without_claiming_applicability) ... ok
test_short_relation_queries_keep_request_action_without_agent_outfit_or_control_syntax (tests.test_photo_contextual_appeal.ContextualAppealTests.test_short_relation_queries_keep_request_action_without_agent_outfit_or_control_syntax) ... ok
test_source_order_does_not_choose_prefix (tests.test_photo_contextual_appeal.ContextualAppealTests.test_source_order_does_not_choose_prefix) ... ok
test_unsatisfied_hard_facet_guard_is_not_relaxed_by_corpus_search (tests.test_photo_contextual_appeal.ContextualAppealTests.test_unsatisfied_hard_facet_guard_is_not_relaxed_by_corpus_search) ... ok
test_untagged_candidates_at_level_one_ignore_old_inventory_and_thresholds (tests.test_photo_contextual_appeal.ContextualAppealTests.test_untagged_candidates_at_level_one_ignore_old_inventory_and_thresholds) ... ok
test_all_and_exclusion_require_explicit_supported_final_evidence (tests.test_photo_contextual_appeal.FinalCandidateContextTests.test_all_and_exclusion_require_explicit_supported_final_evidence) ... ok
test_derived_quality_guards_keep_source_and_any_semantics (tests.test_photo_contextual_appeal.FinalCandidateContextTests.test_derived_quality_guards_keep_source_and_any_semantics) ... ok
test_machine_tag_and_pending_context_cannot_certify_adoption (tests.test_photo_contextual_appeal.FinalCandidateContextTests.test_machine_tag_and_pending_context_cannot_certify_adoption) ... ok
test_new_context_respects_dimension_and_property_locks (tests.test_photo_contextual_appeal.FinalCandidateContextTests.test_new_context_respects_dimension_and_property_locks) ... ok
test_new_final_context_can_support_adoption_without_initial_tags (tests.test_photo_contextual_appeal.FinalCandidateContextTests.test_new_final_context_can_support_adoption_without_initial_tags) ... ok
test_primary_requirement_uses_new_open_context_but_not_an_unopened_relation (tests.test_photo_contextual_appeal.FinalCandidateContextTests.test_primary_requirement_uses_new_open_context_but_not_an_unopened_relation) ... ok
test_rehashed_missing_condition_and_missing_current_contract_fail (tests.test_photo_contextual_appeal.FinalCandidateContextTests.test_rehashed_missing_condition_and_missing_current_contract_fail) ... ok
test_retained_context_must_be_literal_in_both_baseline_and_final (tests.test_photo_contextual_appeal.FinalCandidateContextTests.test_retained_context_must_be_literal_in_both_baseline_and_final) ... ok
test_sampled_and_canonical_paths_keep_original_metadata (tests.test_photo_contextual_appeal.FinalCandidateContextTests.test_sampled_and_canonical_paths_keep_original_metadata) ... ok
test_search_scope_and_final_conditions_are_distinct (tests.test_photo_contextual_appeal.FinalCandidateContextTests.test_search_scope_and_final_conditions_are_distinct) ... ok
test_short_real_scene_phrases_are_supported (tests.test_photo_contextual_appeal.FinalCandidateContextTests.test_short_real_scene_phrases_are_supported) ... ok
test_disconnected_route_rejected (tests.test_photo_convoy_route_alternative.ConvoyRouteAlternativeTests.test_disconnected_route_rejected) ... ok
test_five_duties_remain_required (tests.test_photo_convoy_route_alternative.ConvoyRouteAlternativeTests.test_five_duties_remain_required) ... ok
test_generic_and_legacy_routes (tests.test_photo_convoy_route_alternative.ConvoyRouteAlternativeTests.test_generic_and_legacy_routes) ... ok
test_preserve_legacy_and_gate (tests.test_photo_convoy_route_alternative.ConvoyRouteAlternativeTests.test_preserve_legacy_and_gate) ... ok
test_authored_components_derive_every_evidence_gate_and_group (tests.test_photo_data_semantic_corrections.PhotoDataSemanticCorrectionsTests.test_authored_components_derive_every_evidence_gate_and_group) ... ok
test_bare_menhera_label_does_not_claim_the_project_interpretation (tests.test_photo_data_semantic_corrections.PhotoDataSemanticCorrectionsTests.test_bare_menhera_label_does_not_claim_the_project_interpretation) ... ok
test_body_area_product_and_incidental_detail_stay_advisory (tests.test_photo_data_semantic_corrections.PhotoDataSemanticCorrectionsTests.test_body_area_product_and_incidental_detail_stay_advisory) ... ok
test_claim_limits_do_not_enter_positive_retrieval (tests.test_photo_data_semantic_corrections.PhotoDataSemanticCorrectionsTests.test_claim_limits_do_not_enter_positive_retrieval) ... ok
test_closed_eyes_omit_only_clamshell_catchlight_evidence (tests.test_photo_data_semantic_corrections.PhotoDataSemanticCorrectionsTests.test_closed_eyes_omit_only_clamshell_catchlight_evidence) ... ok
test_compiled_evidence_stays_literal_and_missing_invariants_fail_audit (tests.test_photo_data_semantic_corrections.PhotoDataSemanticCorrectionsTests.test_compiled_evidence_stays_literal_and_missing_invariants_fail_audit) ... ok
test_diopter_gate_checks_visible_continuity_not_production_history (tests.test_photo_data_semantic_corrections.PhotoDataSemanticCorrectionsTests.test_diopter_gate_checks_visible_continuity_not_production_history) ... ok
test_every_professional_role_separates_rest_from_operational_action (tests.test_photo_data_semantic_corrections.PhotoDataSemanticCorrectionsTests.test_every_professional_role_separates_rest_from_operational_action) ... ok
test_explicit_body_area_salience_stays_hard_in_three_languages (tests.test_photo_data_semantic_corrections.PhotoDataSemanticCorrectionsTests.test_explicit_body_area_salience_stays_hard_in_three_languages) ... ok
test_explicit_catchlight_request_is_not_silently_dropped (tests.test_photo_data_semantic_corrections.PhotoDataSemanticCorrectionsTests.test_explicit_catchlight_request_is_not_silently_dropped) ... ok
test_explicit_operational_roles_keep_hard_causal_contract (tests.test_photo_data_semantic_corrections.PhotoDataSemanticCorrectionsTests.test_explicit_operational_roles_keep_hard_causal_contract) ... ok
test_freely_authored_duty_does_not_relabel_the_user_role (tests.test_photo_data_semantic_corrections.PhotoDataSemanticCorrectionsTests.test_freely_authored_duty_does_not_relabel_the_user_role) ... ok
test_invalid_authored_component_and_activation_are_rejected (tests.test_photo_data_semantic_corrections.PhotoDataSemanticCorrectionsTests.test_invalid_authored_component_and_activation_are_rejected) ... ok
test_negated_duty_cannot_support_hard_activation (tests.test_photo_data_semantic_corrections.PhotoDataSemanticCorrectionsTests.test_negated_duty_cannot_support_hard_activation) ... ok
test_negated_visibility_and_catchlight_phrases_do_not_change_obligations (tests.test_photo_data_semantic_corrections.PhotoDataSemanticCorrectionsTests.test_negated_visibility_and_catchlight_phrases_do_not_change_obligations) ... ok
test_nursing_uniform_and_yandere_relation_do_not_request_patient_care (tests.test_photo_data_semantic_corrections.PhotoDataSemanticCorrectionsTests.test_nursing_uniform_and_yandere_relation_do_not_request_patient_care) ... ok
test_related_exact_match_survives_the_compatibility_candidate_path (tests.test_photo_data_semantic_corrections.PhotoDataSemanticCorrectionsTests.test_related_exact_match_survives_the_compatibility_candidate_path) ... ok
test_rembrandt_preserves_geometry_for_both_camera_orientations (tests.test_photo_data_semantic_corrections.PhotoDataSemanticCorrectionsTests.test_rembrandt_preserves_geometry_for_both_camera_orientations) ... ok
test_role_identity_is_advisory_without_requested_duty (tests.test_photo_data_semantic_corrections.PhotoDataSemanticCorrectionsTests.test_role_identity_is_advisory_without_requested_duty) ... ok
test_telephoto_uses_narrow_field_of_view (tests.test_photo_data_semantic_corrections.PhotoDataSemanticCorrectionsTests.test_telephoto_uses_narrow_field_of_view) ... ok
test_yandere_retains_same_target_action_and_consequence_without_scene_recipe (tests.test_photo_data_semantic_corrections.PhotoDataSemanticCorrectionsTests.test_yandere_retains_same_target_action_and_consequence_without_scene_recipe) ... ok
test_broad_desire_trait_clinical_and_lineage_terms_stay_advisory (tests.test_photo_desire_visual_semantics.PhotoDesireVisualSemanticsTests.test_broad_desire_trait_clinical_and_lineage_terms_stay_advisory) ... ok
test_cluster_manifest_binds_every_profile_and_candidate_once (tests.test_photo_desire_visual_semantics.PhotoDesireVisualSemanticsTests.test_cluster_manifest_binds_every_profile_and_candidate_once) ... ok
test_configured_generated_index_contains_new_profiles_and_vectors (tests.test_photo_desire_visual_semantics.PhotoDesireVisualSemanticsTests.test_configured_generated_index_contains_new_profiles_and_vectors) ... ok
test_extension_has_nine_complete_six_candidate_clusters (tests.test_photo_desire_visual_semantics.PhotoDesireVisualSemanticsTests.test_extension_has_nine_complete_six_candidate_clusters) ... ok
test_narrow_exact_terms_route_to_exactly_one_new_profile (tests.test_photo_desire_visual_semantics.PhotoDesireVisualSemanticsTests.test_narrow_exact_terms_route_to_exactly_one_new_profile) ... ok
test_nearest_substitutes_do_not_activate_new_profiles (tests.test_photo_desire_visual_semantics.PhotoDesireVisualSemanticsTests.test_nearest_substitutes_do_not_activate_new_profiles) ... ok
test_nine_profiles_have_five_component_groups_and_pixel_gates (tests.test_photo_desire_visual_semantics.PhotoDesireVisualSemanticsTests.test_nine_profiles_have_five_component_groups_and_pixel_gates) ... ok
test_registry_schema_accepts_desire_profiles (tests.test_photo_desire_visual_semantics.PhotoDesireVisualSemanticsTests.test_registry_schema_accepts_desire_profiles) ... ok
test_research_evidence_is_approved_and_contract_bound (tests.test_photo_desire_visual_semantics.PhotoDesireVisualSemanticsTests.test_research_evidence_is_approved_and_contract_bound) ... ok
test_advisory_discovery_adds_no_requester_duty_and_obeys_closed_and_partial_locks (tests.test_photo_editing_effects_semantics.PhotoEditingEffectsSemanticsTests.test_advisory_discovery_adds_no_requester_duty_and_obeys_closed_and_partial_locks) ... ok
test_all_reference_rows_have_reviewed_dispositions_and_no_metadata_aesthetic (tests.test_photo_editing_effects_semantics.PhotoEditingEffectsSemanticsTests.test_all_reference_rows_have_reviewed_dispositions_and_no_metadata_aesthetic) ... ok
test_all_simultaneous_bundle_units_have_their_own_required_component (tests.test_photo_editing_effects_semantics.PhotoEditingEffectsSemanticsTests.test_all_simultaneous_bundle_units_have_their_own_required_component) ... ok
test_coexisting_effects_remain_applicable_but_substitution_only_is_rejected (tests.test_photo_editing_effects_semantics.PhotoEditingEffectsSemanticsTests.test_coexisting_effects_remain_applicable_but_substitution_only_is_rejected) ... ok
test_declared_owners_preserve_legacy_compounds_and_add_atomic_effects (tests.test_photo_editing_effects_semantics.PhotoEditingEffectsSemanticsTests.test_declared_owners_preserve_legacy_compounds_and_add_atomic_effects) ... ok
test_discovery_configuration_rejects_unbounded_or_unscoped_source_opt_in (tests.test_photo_editing_effects_semantics.PhotoEditingEffectsSemanticsTests.test_discovery_configuration_rejects_unbounded_or_unscoped_source_opt_in) ... ok
test_focused_profile_matches_remain_optional_until_separate_opt_in (tests.test_photo_editing_effects_semantics.PhotoEditingEffectsSemanticsTests.test_focused_profile_matches_remain_optional_until_separate_opt_in) ... ok
test_forged_selected_property_effects_fail_source_recomputed_audit (tests.test_photo_editing_effects_semantics.PhotoEditingEffectsSemanticsTests.test_forged_selected_property_effects_fail_source_recomputed_audit) ... ok
test_frozen_three_arm_effects_remain_retrievable_after_core_freeze (tests.test_photo_editing_effects_semantics.PhotoEditingEffectsSemanticsTests.test_frozen_three_arm_effects_remain_retrievable_after_core_freeze) ... ok
test_malformed_property_declarations_fail_before_candidate_use (tests.test_photo_editing_effects_semantics.PhotoEditingEffectsSemanticsTests.test_malformed_property_declarations_fail_before_candidate_use) ... ok
test_partial_lock_blocks_both_visible_and_joint_bundle_admission (tests.test_photo_editing_effects_semantics.PhotoEditingEffectsSemanticsTests.test_partial_lock_blocks_both_visible_and_joint_bundle_admission) ... ok
test_profile_components_are_single_source_all_of_native_gates (tests.test_photo_editing_effects_semantics.PhotoEditingEffectsSemanticsTests.test_profile_components_are_single_source_all_of_native_gates) ... ok
test_retrieval_cannot_bypass_declared_context_guards (tests.test_photo_editing_effects_semantics.PhotoEditingEffectsSemanticsTests.test_retrieval_cannot_bypass_declared_context_guards) ... ok
test_source_property_effects_survive_pack_and_cannot_bypass_partial_color_lock (tests.test_photo_editing_effects_semantics.PhotoEditingEffectsSemanticsTests.test_source_property_effects_survive_pack_and_cannot_bypass_partial_color_lock) ... ok
test_all_eighteen_profiles_are_complete_strict_contracts (tests.test_photo_era_visual_semantics.PhotoEraVisualSemanticsTests.test_all_eighteen_profiles_are_complete_strict_contracts) ... ok
test_bilingual_narrow_exact_terms_have_single_profile_owners (tests.test_photo_era_visual_semantics.PhotoEraVisualSemanticsTests.test_bilingual_narrow_exact_terms_have_single_profile_owners) ... ok
test_generated_indexes_include_profiles_and_all_candidate_atoms (tests.test_photo_era_visual_semantics.PhotoEraVisualSemanticsTests.test_generated_indexes_include_profiles_and_all_candidate_atoms) ... ok
test_runtime_resolver_preserves_representative_exact_ownership (tests.test_photo_era_visual_semantics.PhotoEraVisualSemanticsTests.test_runtime_resolver_preserves_representative_exact_ownership) ... ok
test_sepia_is_a_treatment_candidate_without_an_age_claim (tests.test_photo_era_visual_semantics.PhotoEraVisualSemanticsTests.test_sepia_is_a_treatment_candidate_without_an_age_claim) ... ok
test_seventy_one_research_regressions_keep_hard_optional_boundary (tests.test_photo_era_visual_semantics.PhotoEraVisualSemanticsTests.test_seventy_one_research_regressions_keep_hard_optional_boundary) ... ok
test_sixty_candidate_atoms_and_twenty_three_families_resolve (tests.test_photo_era_visual_semantics.PhotoEraVisualSemanticsTests.test_sixty_candidate_atoms_and_twenty_three_families_resolve) ... ok
test_three_arm_fixture_is_reference_bound_and_partial_is_fail (tests.test_photo_era_visual_semantics.PhotoEraVisualSemanticsTests.test_three_arm_fixture_is_reference_bound_and_partial_is_fail) ... ok
test_adjacent_and_broad_terms_do_not_force_new_profiles (tests.test_photo_fantasy_visual_semantics.PhotoFantasyVisualSemanticsTests.test_adjacent_and_broad_terms_do_not_force_new_profiles) ... ok
test_candidate_pack_contains_complete_relation_clusters (tests.test_photo_fantasy_visual_semantics.PhotoFantasyVisualSemanticsTests.test_candidate_pack_contains_complete_relation_clusters) ... ok
test_direct_terms_route_to_only_the_intended_new_profile (tests.test_photo_fantasy_visual_semantics.PhotoFantasyVisualSemanticsTests.test_direct_terms_route_to_only_the_intended_new_profile) ... ok
test_griffin_hippogriff_and_wyvern_boundaries_remain_separate (tests.test_photo_fantasy_visual_semantics.PhotoFantasyVisualSemanticsTests.test_griffin_hippogriff_and_wyvern_boundaries_remain_separate) ... ok
test_registry_schema_accepts_fantasy_profiles (tests.test_photo_fantasy_visual_semantics.PhotoFantasyVisualSemanticsTests.test_registry_schema_accepts_fantasy_profiles) ... ok
test_research_evidence_is_approved_bound_and_limited (tests.test_photo_fantasy_visual_semantics.PhotoFantasyVisualSemanticsTests.test_research_evidence_is_approved_bound_and_limited) ... ok
test_twelve_profiles_have_component_evidence_and_pixel_gates (tests.test_photo_fantasy_visual_semantics.PhotoFantasyVisualSemanticsTests.test_twelve_profiles_have_component_evidence_and_pixel_gates) ... ok
test_visual_intent_rejects_underlength_frozen_binding_before_pack (tests.test_photo_fantasy_visual_semantics.PhotoFantasyVisualSemanticsTests.test_visual_intent_rejects_underlength_frozen_binding_before_pack) ... ok
test_wyvern_forelimb_boundary_is_positive_geometry (tests.test_photo_fantasy_visual_semantics.PhotoFantasyVisualSemanticsTests.test_wyvern_forelimb_boundary_is_positive_geometry) ... ok
test_complete_forms_and_missing_relations (tests.test_photo_historical_womenswear_semantics.HistoricalWomenswearTests.test_complete_forms_and_missing_relations) ... ok
test_embedding_only_discovery_does_not_impose_a_variant (tests.test_photo_historical_womenswear_semantics.HistoricalWomenswearTests.test_embedding_only_discovery_does_not_impose_a_variant) ... ok
test_fitted_back_and_lifted_overskirt_can_coexist (tests.test_photo_historical_womenswear_semantics.HistoricalWomenswearTests.test_fitted_back_and_lifted_overskirt_can_coexist) ... ok
test_homonyms_and_broad_names_remain_advisory (tests.test_photo_historical_womenswear_semantics.HistoricalWomenswearTests.test_homonyms_and_broad_names_remain_advisory) ... ok
test_real_merged_entries_and_optional_scope_guards (tests.test_photo_historical_womenswear_semantics.HistoricalWomenswearTests.test_real_merged_entries_and_optional_scope_guards) ... ok
test_source_binding_and_real_index (tests.test_photo_historical_womenswear_semantics.HistoricalWomenswearTests.test_source_binding_and_real_index) ... ok
test_variant_discovery_requires_more_than_a_bare_garment_family (tests.test_photo_historical_womenswear_semantics.HistoricalWomenswearTests.test_variant_discovery_requires_more_than_a_bare_garment_family) ... ok
test_android_factory_candidate_no_longer_owns_plain_clone_tag (tests.test_photo_humanlike_semantics.PhotoHumanlikeSemanticTests.test_android_factory_candidate_no_longer_owns_plain_clone_tag) ... ok
test_five_arm_pixel_cases_bind_exact_registry_gates (tests.test_photo_humanlike_semantics.PhotoHumanlikeSemanticTests.test_five_arm_pixel_cases_bind_exact_registry_gates) ... ok
test_five_profiles_have_independent_obligation_and_gate_ownership (tests.test_photo_humanlike_semantics.PhotoHumanlikeSemanticTests.test_five_profiles_have_independent_obligation_and_gate_ownership) ... ok
test_routing_pairs_keep_exact_profiles_hard_and_components_advisory (tests.test_photo_humanlike_semantics.PhotoHumanlikeSemanticTests.test_routing_pairs_keep_exact_profiles_hard_and_components_advisory) ... ok
test_cli_rejects_post_core_control_flags_before_loading_candidates (tests.test_photo_initial_creative_controls.CreativeControlResolverTests.test_cli_rejects_post_core_control_flags_before_loading_candidates) ... ok
test_creativity_levels_preserve_values_and_selected_meanings (tests.test_photo_initial_creative_controls.CreativeControlResolverTests.test_creativity_levels_preserve_values_and_selected_meanings) ... ok
test_defaults_meanings_and_sources_are_available_before_candidates (tests.test_photo_initial_creative_controls.CreativeControlResolverTests.test_defaults_meanings_and_sources_are_available_before_candidates) ... ok
test_emphasis_resolution_is_hash_bound_and_recomputed (tests.test_photo_initial_creative_controls.CreativeControlResolverTests.test_emphasis_resolution_is_hash_bound_and_recomputed) ... ok
test_emphasis_stores_selected_and_effective_choices_without_changing_intensities (tests.test_photo_initial_creative_controls.CreativeControlResolverTests.test_emphasis_stores_selected_and_effective_choices_without_changing_intensities) ... ok
test_invalid_values_and_emphasis_fail (tests.test_photo_initial_creative_controls.CreativeControlResolverTests.test_invalid_values_and_emphasis_fail) ... ok
test_level_and_choice_definitions_must_be_complete (tests.test_photo_initial_creative_controls.CreativeControlResolverTests.test_level_and_choice_definitions_must_be_complete) ... ok
test_no_people_and_nonsexual_meaning_keep_requested_values_but_disable_additions (tests.test_photo_initial_creative_controls.CreativeControlResolverTests.test_no_people_and_nonsexual_meaning_keep_requested_values_but_disable_additions) ... ok
test_override_zero_is_an_addition_control_not_a_request_rewrite (tests.test_photo_initial_creative_controls.CreativeControlResolverTests.test_override_zero_is_an_addition_control_not_a_request_rewrite) ... ok
test_resolver_cli_saves_the_same_complete_brief_it_returns (tests.test_photo_initial_creative_controls.CreativeControlResolverTests.test_resolver_cli_saves_the_same_complete_brief_it_returns) ... ok
test_saved_brief_cannot_be_changed_even_with_a_recomputed_hash (tests.test_photo_initial_creative_controls.CreativeControlResolverTests.test_saved_brief_cannot_be_changed_even_with_a_recomputed_hash) ... ok
test_surreal_is_frozen_and_validation_uses_embedded_definitions (tests.test_photo_initial_creative_controls.CreativeControlResolverTests.test_surreal_is_frozen_and_validation_uses_embedded_definitions) ... ok
test_surreal_levels_are_not_probabilistic_or_adult_eligibility_controls (tests.test_photo_initial_creative_controls.CreativeControlResolverTests.test_surreal_levels_are_not_probabilistic_or_adult_eligibility_controls) ... ok
test_surreal_rejects_removed_inputs_and_invalid_levels (tests.test_photo_initial_creative_controls.CreativeControlResolverTests.test_surreal_rejects_removed_inputs_and_invalid_levels) ... ok
test_authored_refinement_must_declare_unlocked_property_effects (tests.test_photo_initial_creative_controls.InitialDirectionIntegrationTests.test_authored_refinement_must_declare_unlocked_property_effects) ... ok
test_baseline_realization_needs_no_extra_axis_detail (tests.test_photo_initial_creative_controls.InitialDirectionIntegrationTests.test_baseline_realization_needs_no_extra_axis_detail) ... ok
test_changed_snapshot_or_missing_binding_fails (tests.test_photo_initial_creative_controls.InitialDirectionIntegrationTests.test_changed_snapshot_or_missing_binding_fails) ... ok
test_creativity_and_emphasis_reach_public_pack_with_their_initial_brief (tests.test_photo_initial_creative_controls.InitialDirectionIntegrationTests.test_creativity_and_emphasis_reach_public_pack_with_their_initial_brief) ... ok
test_frozen_controls_survive_generator_and_public_composer_pack (tests.test_photo_initial_creative_controls.InitialDirectionIntegrationTests.test_frozen_controls_survive_generator_and_public_composer_pack) ... ok
test_historical_axis_scope_is_rejected (tests.test_photo_initial_creative_controls.InitialDirectionIntegrationTests.test_historical_axis_scope_is_rejected) ... ok
test_ordinary_candidate_cannot_bypass_the_same_property_boundary (tests.test_photo_initial_creative_controls.InitialDirectionIntegrationTests.test_ordinary_candidate_cannot_bypass_the_same_property_boundary) ... ok
test_property_lock_preserves_color_and_type_but_allows_neckline (tests.test_photo_initial_creative_controls.InitialDirectionIntegrationTests.test_property_lock_preserves_color_and_type_but_allows_neckline) ... ok
test_sensual_wardrobe_candidates_exist_when_garment_is_open (tests.test_photo_initial_creative_controls.InitialDirectionIntegrationTests.test_sensual_wardrobe_candidates_exist_when_garment_is_open) ... ok
test_surreal_level_and_saved_brief_survive_retrieval_and_public_pack (tests.test_photo_initial_creative_controls.InitialDirectionIntegrationTests.test_surreal_level_and_saved_brief_survive_retrieval_and_public_pack) ... ok
test_whole_garment_candidates_do_not_bypass_partial_property_locks (tests.test_photo_initial_creative_controls.InitialDirectionIntegrationTests.test_whole_garment_candidates_do_not_bypass_partial_property_locks) ... ok
test_broad_or_ambiguous_terms_do_not_force_an_instrument_profile (tests.test_photo_instrument_semantics.PhotoInstrumentSemanticsTests.test_broad_or_ambiguous_terms_do_not_force_an_instrument_profile) ... ok
test_each_profile_has_prop_action_contact_and_pose_candidates (tests.test_photo_instrument_semantics.PhotoInstrumentSemanticsTests.test_each_profile_has_prop_action_contact_and_pose_candidates) ... ok
test_exact_terms_route_only_the_intended_profile (tests.test_photo_instrument_semantics.PhotoInstrumentSemanticsTests.test_exact_terms_route_only_the_intended_profile) ... ok
test_instrument_candidates_exist_with_searchable_fields_and_no_rank (tests.test_photo_instrument_semantics.PhotoInstrumentSemanticsTests.test_instrument_candidates_exist_with_searchable_fields_and_no_rank) ... ok
test_registry_schema_is_valid_after_instrument_profiles (tests.test_photo_instrument_semantics.PhotoInstrumentSemanticsTests.test_registry_schema_is_valid_after_instrument_profiles) ... ok
test_research_evidence_is_approved_and_bound_to_existing_data (tests.test_photo_instrument_semantics.PhotoInstrumentSemanticsTests.test_research_evidence_is_approved_and_bound_to_existing_data) ... ok
test_ten_profiles_have_five_component_groups_and_unique_pixel_gates (tests.test_photo_instrument_semantics.PhotoInstrumentSemanticsTests.test_ten_profiles_have_five_component_groups_and_unique_pixel_gates) ... ok
test_all_nine_keeps_and_every_existing_target_field_are_exact (tests.test_photo_jurisdiction_record_unit_data_cleanup.JurisdictionRecordUnitDataCleanupTests.test_all_nine_keeps_and_every_existing_target_field_are_exact) ... ok
test_coexisting_display_is_not_a_low_rank_or_global_exclusion (tests.test_photo_jurisdiction_record_unit_data_cleanup.JurisdictionRecordUnitDataCleanupTests.test_coexisting_display_is_not_a_low_rank_or_global_exclusion) ... ok
test_current_public_projection_and_detail_restore_the_full_contrast (tests.test_photo_jurisdiction_record_unit_data_cleanup.JurisdictionRecordUnitDataCleanupTests.test_current_public_projection_and_detail_restore_the_full_contrast) ... ok
test_frozen_inventory_queries_and_attempt_cap (tests.test_photo_jurisdiction_record_unit_data_cleanup.JurisdictionRecordUnitDataCleanupTests.test_frozen_inventory_queries_and_attempt_cap) ... ok
test_long_original_sentence_is_intact_not_reworded_or_split (tests.test_photo_jurisdiction_record_unit_data_cleanup.JurisdictionRecordUnitDataCleanupTests.test_long_original_sentence_is_intact_not_reworded_or_split) ... ok
test_punk_long_labels_keep_existing_authored_keyword_units_and_bundles (tests.test_photo_jurisdiction_record_unit_data_cleanup.JurisdictionRecordUnitDataCleanupTests.test_punk_long_labels_keep_existing_authored_keyword_units_and_bundles) ... ok
test_raw_extension_changes_only_one_new_verbatim_unit (tests.test_photo_jurisdiction_record_unit_data_cleanup.JurisdictionRecordUnitDataCleanupTests.test_raw_extension_changes_only_one_new_verbatim_unit) ... ok
test_candidate_pack_covers_each_independent_makeup_axis (tests.test_photo_makeup_visual_semantics.PhotoMakeupVisualSemanticsTests.test_candidate_pack_covers_each_independent_makeup_axis) ... ok
test_definition_only_profiles_hide_ambiguous_or_value_loaded_labels (tests.test_photo_makeup_visual_semantics.PhotoMakeupVisualSemanticsTests.test_definition_only_profiles_hide_ambiguous_or_value_loaded_labels) ... ok
test_embedding_only_component_paraphrase_remains_optional (tests.test_photo_makeup_visual_semantics.PhotoMakeupVisualSemanticsTests.test_embedding_only_component_paraphrase_remains_optional) ... ok
test_exact_terms_route_and_confusers_or_negations_fail_closed (tests.test_photo_makeup_visual_semantics.PhotoMakeupVisualSemanticsTests.test_exact_terms_route_and_confusers_or_negations_fail_closed) ... ok
test_generated_index_is_registry_bound_for_every_makeup_profile (tests.test_photo_makeup_visual_semantics.PhotoMakeupVisualSemanticsTests.test_generated_index_is_registry_bound_for_every_makeup_profile) ... ok
test_makeup_profiles_are_component_and_pixel_contracts (tests.test_photo_makeup_visual_semantics.PhotoMakeupVisualSemanticsTests.test_makeup_profiles_are_component_and_pixel_contracts) ... ok
test_research_evidence_is_approved_source_bound_and_candidate_bound (tests.test_photo_makeup_visual_semantics.PhotoMakeupVisualSemanticsTests.test_research_evidence_is_approved_source_bound_and_candidate_bound) ... ok
test_runtime_semantics_do_not_encode_demographic_or_beauty_values (tests.test_photo_makeup_visual_semantics.PhotoMakeupVisualSemanticsTests.test_runtime_semantics_do_not_encode_demographic_or_beauty_values) ... ok
test_crochet_translation_does_not_add_open_weave_or_change_english (tests.test_photo_material_data_cleanup.MaterialDataCleanupTests.test_crochet_translation_does_not_add_open_weave_or_change_english) ... ok
test_film_grain_owner_is_the_displayed_photograph (tests.test_photo_material_data_cleanup.MaterialDataCleanupTests.test_film_grain_owner_is_the_displayed_photograph) ... ok
test_inventory_and_queries_are_frozen (tests.test_photo_material_data_cleanup.MaterialDataCleanupTests.test_inventory_and_queries_are_frozen) ... ok
test_material_nouns_and_valid_plinth_terms_remain (tests.test_photo_material_data_cleanup.MaterialDataCleanupTests.test_material_nouns_and_valid_plinth_terms_remain) ... ok
test_noise_owner_retains_dark_wall_tone_localization (tests.test_photo_material_data_cleanup.MaterialDataCleanupTests.test_noise_owner_retains_dark_wall_tone_localization) ... ok
test_only_nine_accepted_fields_change (tests.test_photo_material_data_cleanup.MaterialDataCleanupTests.test_only_nine_accepted_fields_change) ... ok
test_owner_projection_and_all_other_semantics_are_preserved (tests.test_photo_material_data_cleanup.MaterialDataCleanupTests.test_owner_projection_and_all_other_semantics_are_preserved) ... ok
test_twenty_three_retained_rows_preserve_specialization_and_construction (tests.test_photo_material_data_cleanup.MaterialDataCleanupTests.test_twenty_three_retained_rows_preserve_specialization_and_construction) ... ok
test_biohybrid_required_components_and_pixel_gates_are_preserved (tests.test_photo_nonhuman_source_alternatives.NonhumanSourceAlternativesTests.test_biohybrid_required_components_and_pixel_gates_are_preserved) ... ok
test_existing_operator_boundaries_and_incomplete_substitutes_remain_distinct (tests.test_photo_nonhuman_source_alternatives.NonhumanSourceAlternativesTests.test_existing_operator_boundaries_and_incomplete_substitutes_remain_distinct) ... ok
test_independent_biohybrid_without_visible_operator_has_ownership_evidence (tests.test_photo_nonhuman_source_alternatives.NonhumanSourceAlternativesTests.test_independent_biohybrid_without_visible_operator_has_ownership_evidence) ... ok
test_summoner_composition_keeps_its_existing_local_consequence_alternatives (tests.test_photo_nonhuman_source_alternatives.NonhumanSourceAlternativesTests.test_summoner_composition_keeps_its_existing_local_consequence_alternatives) ... ok
test_all_five_groups_remain_required (tests.test_photo_oneiric_anchor_alternative.OneiricAnchorAlternativeTests.test_all_five_groups_remain_required) ... ok
test_five_gates_and_nine_word_minimum_remain (tests.test_photo_oneiric_anchor_alternative.OneiricAnchorAlternativeTests.test_five_gates_and_nine_word_minimum_remain) ... ok
test_legacy_and_authored_alternative_bind (tests.test_photo_oneiric_anchor_alternative.OneiricAnchorAlternativeTests.test_legacy_and_authored_alternative_bind) ... ok
test_unrelated_pattern_not_comparison_evidence (tests.test_photo_oneiric_anchor_alternative.OneiricAnchorAlternativeTests.test_unrelated_pattern_not_comparison_evidence) ... ok
test_broad_labels_do_not_establish_relations (tests.test_photo_opening_era_semantics.OpeningEraTests.test_broad_labels_do_not_establish_relations) ... ok
test_candidates_available_in_merged_public_data (tests.test_photo_opening_era_semantics.OpeningEraTests.test_candidates_available_in_merged_public_data) ... ok
test_complete_relations_and_partial_boundaries (tests.test_photo_opening_era_semantics.OpeningEraTests.test_complete_relations_and_partial_boundaries) ... ok
test_embedding_paraphrase_hits_remain_optional (tests.test_photo_opening_era_semantics.OpeningEraTests.test_embedding_paraphrase_hits_remain_optional) ... ok
test_maintenance_hash_and_index_coverage (tests.test_photo_opening_era_semantics.OpeningEraTests.test_maintenance_hash_and_index_coverage) ... ok
test_optional_bundle_scope_and_missing_member_fail_closed (tests.test_photo_opening_era_semantics.OpeningEraTests.test_optional_bundle_scope_and_missing_member_fail_closed) ... ok
test_bundle_scopes_and_missing_members (tests.test_photo_palace_fortification_semantics.PalaceFortificationTests.test_bundle_scopes_and_missing_members) ... ok
test_complete_relations_without_person_and_component_omission (tests.test_photo_palace_fortification_semantics.PalaceFortificationTests.test_complete_relations_without_person_and_component_omission) ... ok
test_gate_and_bridge_are_distinct_and_can_coexist (tests.test_photo_palace_fortification_semantics.PalaceFortificationTests.test_gate_and_bridge_are_distinct_and_can_coexist) ... ok
test_homonyms_negation_and_broad_style_do_not_impose_geometry (tests.test_photo_palace_fortification_semantics.PalaceFortificationTests.test_homonyms_negation_and_broad_style_do_not_impose_geometry) ... ok
test_provenance_does_not_enter_runtime_candidate_fields (tests.test_photo_palace_fortification_semantics.PalaceFortificationTests.test_provenance_does_not_enter_runtime_candidate_fields) ... ok
test_retrieval_never_hardens_an_advisory_interpretation (tests.test_photo_palace_fortification_semantics.PalaceFortificationTests.test_retrieval_never_hardens_an_advisory_interpretation) ... ok
test_adjacent_visual_confounds_fail_closed (tests.test_photo_rare_photo_visual_semantics.PhotoRarePhotoVisualSemanticsTests.test_adjacent_visual_confounds_fail_closed) ... ok
test_broad_aliases_expose_multiple_optional_candidate_routes (tests.test_photo_rare_photo_visual_semantics.PhotoRarePhotoVisualSemanticsTests.test_broad_aliases_expose_multiple_optional_candidate_routes) ... ok
test_broad_nonvisual_collection_terms_never_hard_activate (tests.test_photo_rare_photo_visual_semantics.PhotoRarePhotoVisualSemanticsTests.test_broad_nonvisual_collection_terms_never_hard_activate) ... ok
test_generated_indexes_contain_current_profiles_and_candidates (tests.test_photo_rare_photo_visual_semantics.PhotoRarePhotoVisualSemanticsTests.test_generated_indexes_contain_current_profiles_and_candidates) ... ok
test_narrow_exact_terms_route_to_one_profile (tests.test_photo_rare_photo_visual_semantics.PhotoRarePhotoVisualSemanticsTests.test_narrow_exact_terms_route_to_one_profile) ... ok
test_profiles_are_complete_five_group_pixel_contracts (tests.test_photo_rare_photo_visual_semantics.PhotoRarePhotoVisualSemanticsTests.test_profiles_are_complete_five_group_pixel_contracts) ... ok
test_research_note_preserves_nonvisual_and_identity_boundaries (tests.test_photo_rare_photo_visual_semantics.PhotoRarePhotoVisualSemanticsTests.test_research_note_preserves_nonvisual_and_identity_boundaries) ... ok
test_three_arm_fixture_is_frozen_and_reference_bound (tests.test_photo_rare_photo_visual_semantics.PhotoRarePhotoVisualSemanticsTests.test_three_arm_fixture_is_frozen_and_reference_bound) ... ok
test_bundle_requires_every_member_and_open_dimension (tests.test_photo_realistic_background_semantics.RealisticBackgroundTests.test_bundle_requires_every_member_and_open_dimension) ... ok
test_each_selected_profile_has_all_owner_components_and_invalid_evidence_is_rejected (tests.test_photo_realistic_background_semantics.RealisticBackgroundTests.test_each_selected_profile_has_all_owner_components_and_invalid_evidence_is_rejected) ... ok
test_existing_optics_and_wet_surface_profiles_are_reused (tests.test_photo_realistic_background_semantics.RealisticBackgroundTests.test_existing_optics_and_wet_surface_profiles_are_reused) ... ok
test_only_complete_relation_hardens_and_negation_blocks (tests.test_photo_realistic_background_semantics.RealisticBackgroundTests.test_only_complete_relation_hardens_and_negation_blocks) ... ok
test_provenance_and_unverified_designs_are_maintenance_only (tests.test_photo_realistic_background_semantics.RealisticBackgroundTests.test_provenance_and_unverified_designs_are_maintenance_only) ... ok
test_real_indexes_bind_every_new_candidate_and_profile (tests.test_photo_realistic_background_semantics.RealisticBackgroundTests.test_real_indexes_bind_every_new_candidate_and_profile) ... ok
test_realism_labels_and_clean_dry_low_noise_requests_do_not_create_hard_duties (tests.test_photo_realistic_background_semantics.RealisticBackgroundTests.test_realism_labels_and_clean_dry_low_noise_requests_do_not_create_hard_duties) ... ok
test_runtime_bundles_have_distinct_slots_and_natural_phrases_can_admit_them (tests.test_photo_realistic_background_semantics.RealisticBackgroundTests.test_runtime_bundles_have_distinct_slots_and_natural_phrases_can_admit_them) ... ok
test_short_discovery_units_remain_optional_and_scene_owner_is_not_lobby_only (tests.test_photo_realistic_background_semantics.RealisticBackgroundTests.test_short_discovery_units_remain_optional_and_scene_owner_is_not_lobby_only) ... ok
test_visual_component_schema_accepts_positive_units_and_rejects_malformed_data (tests.test_photo_realistic_background_semantics.RealisticBackgroundTests.test_visual_component_schema_accepts_positive_units_and_rejects_malformed_data) ... ok
test_composed_audit_recomputes_contract_and_rejects_evasive_prompt (tests.test_photo_render_repair.PhotoRenderRepairTests.test_composed_audit_recomputes_contract_and_rejects_evasive_prompt) ... ok
test_legacy_lineage_shape_remains_unchanged (tests.test_photo_render_repair.PhotoRenderRepairTests.test_legacy_lineage_shape_remains_unchanged) ... ok
test_lineage_requires_locked_action_and_one_assertion_owning_both_phrases (tests.test_photo_render_repair.PhotoRenderRepairTests.test_lineage_requires_locked_action_and_one_assertion_owning_both_phrases) ... ok
test_modern_independent_manifest_preserves_repair_provenance (tests.test_photo_render_repair.PhotoRenderRepairTests.test_modern_independent_manifest_preserves_repair_provenance) ... ok
test_object_agnostic_contract_handles_multiple_interaction_families (tests.test_photo_render_repair.PhotoRenderRepairTests.test_object_agnostic_contract_handles_multiple_interaction_families) ... ok
test_render_review_requires_exact_major_gate_set_and_image_hash (tests.test_photo_render_repair.PhotoRenderRepairTests.test_render_review_requires_exact_major_gate_set_and_image_hash) ... ok
test_requester_corrected_relation_is_frozen_after_parent_change (tests.test_photo_render_repair.PhotoRenderRepairTests.test_requester_corrected_relation_is_frozen_after_parent_change) ... ok
test_runtime_request_requires_exact_repair_contract_hash (tests.test_photo_render_repair.PhotoRenderRepairTests.test_runtime_request_requires_exact_repair_contract_hash) ... ok
test_v2_lineage_compiles_generic_prompt_and_pixel_contract (tests.test_photo_render_repair.PhotoRenderRepairTests.test_v2_lineage_compiles_generic_prompt_and_pixel_contract) ... ok
test_v6_candidate_pack_exposes_recomputed_repair_contract (tests.test_photo_render_repair.PhotoRenderRepairTests.test_v6_candidate_pack_exposes_recomputed_repair_contract) ... ok
test_attached_reference_hashes_are_preserved (tests.test_photo_run_manifest.PhotoRunManifestTests.test_attached_reference_hashes_are_preserved) ... ok
test_invalid_attached_reference_is_rejected_before_any_write (tests.test_photo_run_manifest.PhotoRunManifestTests.test_invalid_attached_reference_is_rejected_before_any_write) ... ok
test_text_only_attempt_still_requires_core_and_source_provenance (tests.test_photo_run_manifest.PhotoRunManifestTests.test_text_only_attempt_still_requires_core_and_source_provenance) ... ok
test_text_only_success_and_blocked_attempts_write_one_manifest_and_ledger_row (tests.test_photo_run_manifest.PhotoRunManifestTests.test_text_only_success_and_blocked_attempts_write_one_manifest_and_ledger_row) ... ok
test_neutral_component_matches_require_opt_in (tests.test_photo_semantic_guidance_data.PhotoSemanticGuidanceDataTests.test_neutral_component_matches_require_opt_in) ... ok
test_neutral_relation_evidence_must_remain_literal_in_composed_prompt (tests.test_photo_semantic_guidance_data.PhotoSemanticGuidanceDataTests.test_neutral_relation_evidence_must_remain_literal_in_composed_prompt) ... ok
test_neutral_relations_accept_complete_structure_and_reject_substitution (tests.test_photo_semantic_guidance_data.PhotoSemanticGuidanceDataTests.test_neutral_relations_accept_complete_structure_and_reject_substitution) ... ok
test_sheer_requires_every_textile_light_and_layer_field (tests.test_photo_semantic_guidance_data.PhotoSemanticGuidanceDataTests.test_sheer_requires_every_textile_light_and_layer_field) ... ok
test_sheer_underlying_surface_choices_are_valid_but_not_interchangeable_after_freezing (tests.test_photo_semantic_guidance_data.PhotoSemanticGuidanceDataTests.test_sheer_underlying_surface_choices_are_valid_but_not_interchangeable_after_freezing) ... ok
test_acceptance_binds_catalog_benefit_and_all_adverse_evidence (tests.test_photo_shelf_return_korean_state_data_cleanup.ShelfReturnKoreanStateDataCleanupTests.test_acceptance_binds_catalog_benefit_and_all_adverse_evidence) ... ok
test_complete_raw_extension_changes_only_the_one_korean_state (tests.test_photo_shelf_return_korean_state_data_cleanup.ShelfReturnKoreanStateDataCleanupTests.test_complete_raw_extension_changes_only_the_one_korean_state) ... ok
test_frozen_inventory_probes_and_bounded_cost (tests.test_photo_shelf_return_korean_state_data_cleanup.ShelfReturnKoreanStateDataCleanupTests.test_frozen_inventory_probes_and_bounded_cost) ... ok
test_historical_merged_state_and_current_eleven_keeps_are_exact (tests.test_photo_shelf_return_korean_state_data_cleanup.ShelfReturnKoreanStateDataCleanupTests.test_historical_merged_state_and_current_eleven_keeps_are_exact) ... ok
test_historical_v6_full_pack_detail_and_overview_preserve_genuine_adult_context (tests.test_photo_shelf_return_korean_state_data_cleanup.ShelfReturnKoreanStateDataCleanupTests.test_historical_v6_full_pack_detail_and_overview_preserve_genuine_adult_context) ... ok
test_korean_field_projection_changes_only_the_local_aftermath (tests.test_photo_shelf_return_korean_state_data_cleanup.ShelfReturnKoreanStateDataCleanupTests.test_korean_field_projection_changes_only_the_local_aftermath) ... ok
test_maintenance_revision_preserves_experiment_and_original_record (tests.test_photo_shelf_return_korean_state_data_cleanup.ShelfReturnKoreanStateDataCleanupTests.test_maintenance_revision_preserves_experiment_and_original_record) ... ok
test_previous_published_aliases_and_reef_unit_remain_exact (tests.test_photo_shelf_return_korean_state_data_cleanup.ShelfReturnKoreanStateDataCleanupTests.test_previous_published_aliases_and_reef_unit_remain_exact) ... ok
test_returned_item_owns_its_restored_position_without_global_stock_rule (tests.test_photo_shelf_return_korean_state_data_cleanup.ShelfReturnKoreanStateDataCleanupTests.test_returned_item_owns_its_restored_position_without_global_stock_rule) ... ok
test_scout_and_reviewer_state_contrasts_remain_frozen (tests.test_photo_shelf_return_korean_state_data_cleanup.ShelfReturnKoreanStateDataCleanupTests.test_scout_and_reviewer_state_contrasts_remain_frozen) ... ok
test_invalid_successor_lineage_fails_before_replay (tests.test_photo_slang_boundary_history.SlangBoundaryHistoryTests.test_invalid_successor_lineage_fails_before_replay) ... ok
test_v7_and_all_four_frozen_inputs_are_preserved_byte_for_byte (tests.test_photo_slang_boundary_history.SlangBoundaryHistoryTests.test_v7_and_all_four_frozen_inputs_are_preserved_byte_for_byte) ... ok
test_composite_variants_are_not_forced_into_small_o_blush_fatigue (tests.test_photo_slang_visual_alternatives.PhotoSlangVisualAlternativesTests.test_composite_variants_are_not_forced_into_small_o_blush_fatigue) ... ok
test_cross_dimension_and_temporal_drafts_are_not_hidden_in_slots (tests.test_photo_slang_visual_alternatives.PhotoSlangVisualAlternativesTests.test_cross_dimension_and_temporal_drafts_are_not_hidden_in_slots) ... ok
test_equivalent_overlays_preserve_authored_labels_effects_and_guards (tests.test_photo_slang_visual_alternatives.PhotoSlangVisualAlternativesTests.test_equivalent_overlays_preserve_authored_labels_effects_and_guards) ... ok
test_neutral_geometry_age_metadata_does_not_require_adult_content_controls (tests.test_photo_slang_visual_alternatives.PhotoSlangVisualAlternativesTests.test_neutral_geometry_age_metadata_does_not_require_adult_content_controls) ... ok
test_new_component_proofs_need_every_relation_and_owner (tests.test_photo_slang_visual_alternatives.PhotoSlangVisualAlternativesTests.test_new_component_proofs_need_every_relation_and_owner) ... ok
test_parent_property_effects_cannot_bypass_child_locks (tests.test_photo_slang_visual_alternatives.PhotoSlangVisualAlternativesTests.test_parent_property_effects_cannot_bypass_child_locks) ... ok
test_pose_and_marking_have_distinct_support_and_carrier_requirements (tests.test_photo_slang_visual_alternatives.PhotoSlangVisualAlternativesTests.test_pose_and_marking_have_distinct_support_and_carrier_requirements) ... ok
test_qualified_alternative_phrases_are_optional_discovery_not_new_assertions (tests.test_photo_slang_visual_alternatives.PhotoSlangVisualAlternativesTests.test_qualified_alternative_phrases_are_optional_discovery_not_new_assertions) ... ok
test_research_and_interpretation_limits_stay_out_of_positive_index_text (tests.test_photo_slang_visual_alternatives.PhotoSlangVisualAlternativesTests.test_research_and_interpretation_limits_stay_out_of_positive_index_text) ... ok
test_technical_terms_are_contextual_and_exact_not_broad_slang_aliases (tests.test_photo_slang_visual_alternatives.PhotoSlangVisualAlternativesTests.test_technical_terms_are_contextual_and_exact_not_broad_slang_aliases) ... ok
test_all_five_film_relations_remain_required (tests.test_photo_slide_thickness_alternative.SlideThicknessAlternativeTests.test_all_five_film_relations_remain_required) ... ok
test_legacy_disjunction_and_density_bindings_remain (tests.test_photo_slide_thickness_alternative.SlideThicknessAlternativeTests.test_legacy_disjunction_and_density_bindings_remain) ... ok
test_mount_or_screen_thickness_does_not_supply_film_evidence (tests.test_photo_slide_thickness_alternative.SlideThicknessAlternativeTests.test_mount_or_screen_thickness_does_not_supply_film_evidence) ... ok
test_thickness_branch_has_canonical_binding (tests.test_photo_slide_thickness_alternative.SlideThicknessAlternativeTests.test_thickness_branch_has_canonical_binding) ... ok
test_broad_space_terms_remain_advisory (tests.test_photo_space_visual_semantics.PhotoSpaceVisualSemanticsTests.test_broad_space_terms_remain_advisory) ... ok
test_cluster_manifest_binds_seven_hard_and_one_candidate_only_route (tests.test_photo_space_visual_semantics.PhotoSpaceVisualSemanticsTests.test_cluster_manifest_binds_seven_hard_and_one_candidate_only_route) ... ok
test_direct_terms_route_to_only_the_intended_new_profile (tests.test_photo_space_visual_semantics.PhotoSpaceVisualSemanticsTests.test_direct_terms_route_to_only_the_intended_new_profile) ... ok
test_embedding_only_space_paraphrases_remain_optional_in_fake_vector_seam (tests.test_photo_space_visual_semantics.PhotoSpaceVisualSemanticsTests.test_embedding_only_space_paraphrases_remain_optional_in_fake_vector_seam) ... ok
test_extension_has_eight_complete_six_slot_clusters (tests.test_photo_space_visual_semantics.PhotoSpaceVisualSemanticsTests.test_extension_has_eight_complete_six_slot_clusters) ... ok
test_nearest_visual_substitutes_do_not_activate_space_profiles (tests.test_photo_space_visual_semantics.PhotoSpaceVisualSemanticsTests.test_nearest_visual_substitutes_do_not_activate_space_profiles) ... ok
test_real_generated_index_contains_all_space_profiles_and_vectors (tests.test_photo_space_visual_semantics.PhotoSpaceVisualSemanticsTests.test_real_generated_index_contains_all_space_profiles_and_vectors) ... ok
test_registry_schema_accepts_space_profiles (tests.test_photo_space_visual_semantics.PhotoSpaceVisualSemanticsTests.test_registry_schema_accepts_space_profiles) ... ok
test_representation_modes_keep_observation_and_concept_claims_separate (tests.test_photo_space_visual_semantics.PhotoSpaceVisualSemanticsTests.test_representation_modes_keep_observation_and_concept_claims_separate) ... ok
test_research_evidence_is_approved_and_contract_bound (tests.test_photo_space_visual_semantics.PhotoSpaceVisualSemanticsTests.test_research_evidence_is_approved_and_contract_bound) ... ok
test_sixteen_profiles_have_component_evidence_and_pixel_gates (tests.test_photo_space_visual_semantics.PhotoSpaceVisualSemanticsTests.test_sixteen_profiles_have_component_evidence_and_pixel_gates) ... ok
test_candidates_are_axis_owned_and_semantically_decomposed (tests.test_photo_womens_casualwear_visual_semantics.PhotoWomensCasualwearVisualSemanticsTests.test_candidates_are_axis_owned_and_semantically_decomposed) ... ok
test_confounds_and_non_garment_homonyms_fail_closed (tests.test_photo_womens_casualwear_visual_semantics.PhotoWomensCasualwearVisualSemanticsTests.test_confounds_and_non_garment_homonyms_fail_closed) ... ok
test_embedding_only_component_paraphrase_remains_optional (tests.test_photo_womens_casualwear_visual_semantics.PhotoWomensCasualwearVisualSemanticsTests.test_embedding_only_component_paraphrase_remains_optional) ... ok
test_exact_terms_route_to_one_profile (tests.test_photo_womens_casualwear_visual_semantics.PhotoWomensCasualwearVisualSemanticsTests.test_exact_terms_route_to_one_profile) ... ok
test_five_arm_pixel_cases_bind_all_profile_gates_and_reference (tests.test_photo_womens_casualwear_visual_semantics.PhotoWomensCasualwearVisualSemanticsTests.test_five_arm_pixel_cases_bind_all_profile_gates_and_reference) ... ok
test_profiles_are_complete_five_group_pixel_contracts (tests.test_photo_womens_casualwear_visual_semantics.PhotoWomensCasualwearVisualSemanticsTests.test_profiles_are_complete_five_group_pixel_contracts) ... ok
test_registry_bound_payload_contains_exact_lookup_for_all_profiles (tests.test_photo_womens_casualwear_visual_semantics.PhotoWomensCasualwearVisualSemanticsTests.test_registry_bound_payload_contains_exact_lookup_for_all_profiles) ... ok
test_research_evidence_is_approved_and_candidate_bound (tests.test_photo_womens_casualwear_visual_semantics.PhotoWomensCasualwearVisualSemanticsTests.test_research_evidence_is_approved_and_candidate_bound) ... ok
test_candidate_pack_contains_neutral_event_components (tests.test_photo_wuxia_visual_semantics.PhotoWuxiaVisualSemanticsTests.test_candidate_pack_contains_neutral_event_components) ... ok
test_generated_semantic_index_contains_every_new_candidate (tests.test_photo_wuxia_visual_semantics.PhotoWuxiaVisualSemanticsTests.test_generated_semantic_index_contains_every_new_candidate) ... ok
test_genre_social_and_adjacent_terms_do_not_force_scene_profiles (tests.test_photo_wuxia_visual_semantics.PhotoWuxiaVisualSemanticsTests.test_genre_social_and_adjacent_terms_do_not_force_scene_profiles) ... ok
test_narrow_scene_terms_route_to_only_the_intended_profile (tests.test_photo_wuxia_visual_semantics.PhotoWuxiaVisualSemanticsTests.test_narrow_scene_terms_route_to_only_the_intended_profile) ... ok
test_registry_schema_is_valid_after_wuxia_profiles (tests.test_photo_wuxia_visual_semantics.PhotoWuxiaVisualSemanticsTests.test_registry_schema_is_valid_after_wuxia_profiles) ... ok
test_research_evidence_is_approved_source_bound_and_limited (tests.test_photo_wuxia_visual_semantics.PhotoWuxiaVisualSemanticsTests.test_research_evidence_is_approved_source_bound_and_limited) ... ok
test_six_profiles_have_complete_component_evidence_and_pixel_gates (tests.test_photo_wuxia_visual_semantics.PhotoWuxiaVisualSemanticsTests.test_six_profiles_have_complete_component_evidence_and_pixel_gates) ... ok
test_wuxia_and_xianxia_legacy_candidates_are_not_synonyms (tests.test_photo_wuxia_visual_semantics.PhotoWuxiaVisualSemanticsTests.test_wuxia_and_xianxia_legacy_candidates_are_not_synonyms) ... ok
test_xia_relation_is_not_inferred_from_appearance_or_identity (tests.test_photo_wuxia_visual_semantics.PhotoWuxiaVisualSemanticsTests.test_xia_relation_is_not_inferred_from_appearance_or_identity) ... ok
test_broad_and_ambiguous_labels_never_impose_specific_forms (tests.test_photo_y2k_visual_semantics.PhotoY2KVisualSemanticsTests.test_broad_and_ambiguous_labels_never_impose_specific_forms) ... ok
test_bundle_requires_every_member_and_every_open_dimension (tests.test_photo_y2k_visual_semantics.PhotoY2KVisualSemanticsTests.test_bundle_requires_every_member_and_every_open_dimension) ... ok
test_clothing_proportions_preserve_anatomy (tests.test_photo_y2k_visual_semantics.PhotoY2KVisualSemanticsTests.test_clothing_proportions_preserve_anatomy) ... ok
test_complete_forms_activate_and_excluded_forms_do_not (tests.test_photo_y2k_visual_semantics.PhotoY2KVisualSemanticsTests.test_complete_forms_activate_and_excluded_forms_do_not) ... ok
test_garment_materials_do_not_weaken_nonhuman_material_slot (tests.test_photo_y2k_visual_semantics.PhotoY2KVisualSemanticsTests.test_garment_materials_do_not_weaken_nonhuman_material_slot) ... ok
test_generated_indexes_include_every_new_contract_with_current_source_hashes (tests.test_photo_y2k_visual_semantics.PhotoY2KVisualSemanticsTests.test_generated_indexes_include_every_new_contract_with_current_source_hashes) ... ok
test_generated_lexical_index_exposes_owner_and_modifier_candidates (tests.test_photo_y2k_visual_semantics.PhotoY2KVisualSemanticsTests.test_generated_lexical_index_exposes_owner_and_modifier_candidates) ... ok
test_hinge_alone_does_not_require_screen_and_keys (tests.test_photo_y2k_visual_semantics.PhotoY2KVisualSemanticsTests.test_hinge_alone_does_not_require_screen_and_keys) ... ok
test_owner_gates_are_complete_and_maintenance_is_external (tests.test_photo_y2k_visual_semantics.PhotoY2KVisualSemanticsTests.test_owner_gates_are_complete_and_maintenance_is_external) ... ok
test_owner_specific_palette_cannot_mutate_ornaments_under_color_permission_only (tests.test_photo_y2k_visual_semantics.PhotoY2KVisualSemanticsTests.test_owner_specific_palette_cannot_mutate_ornaments_under_color_permission_only) ... ok
test_unknown_prop_scope_stays_ineligible_and_bound_device_scope_is_explicit (tests.test_photo_y2k_visual_semantics.PhotoY2KVisualSemanticsTests.test_unknown_prop_scope_stays_ineligible_and_bound_device_scope_is_explicit) ... ok
test_wrong_owner_and_surface_substitutes_are_separate_meanings (tests.test_photo_y2k_visual_semantics.PhotoY2KVisualSemanticsTests.test_wrong_owner_and_surface_substitutes_are_separate_meanings) ... ok

======================================================================
ERROR: test_maintenance_prose_is_external_and_hash_bound (tests.test_photo_candidate_semantics.PhotoCandidateSemanticsTests.test_maintenance_prose_is_external_and_hash_bound)
----------------------------------------------------------------------
Traceback (most recent call last):
  File "/Users/chasoik/Projects/image-prompt/tests/test_photo_candidate_semantics.py", line 118, in test_maintenance_prose_is_external_and_hash_bound
    record = json.loads((ROOT / "docs/research-evidence/photo-prompt/extension-maintenance" / (reference["record_id"] + ".json")).read_text())
                        ~~~~~~~~~~~~~~~~~~~~~~~~~~~~~~~~~~~~~~~~~~~~~~~~~~~~~~~~~~~~~~~~~~~~~~~~~~~~~~~~~~~~~~~~~~~~~~~~~~~~~~~~~~~~~~~~~~~^^
  File "/opt/homebrew/Cellar/python@3.14/3.14.3_1/Frameworks/Python.framework/Versions/3.14/lib/python3.14/pathlib/__init__.py", line 787, in read_text
    with self.open(mode='r', encoding=encoding, errors=errors, newline=newline) as f:
         ~~~~~~~~~^^^^^^^^^^^^^^^^^^^^^^^^^^^^^^^^^^^^^^^^^^^^^^^^^^^^^^^^^^^^^
  File "/opt/homebrew/Cellar/python@3.14/3.14.3_1/Frameworks/Python.framework/Versions/3.14/lib/python3.14/pathlib/__init__.py", line 771, in open
    return io.open(self, mode, buffering, encoding, errors, newline)
           ~~~~~~~^^^^^^^^^^^^^^^^^^^^^^^^^^^^^^^^^^^^^^^^^^^^^^^^^^
FileNotFoundError: [Errno 2] No such file or directory: '/Users/chasoik/Projects/image-prompt/docs/research-evidence/photo-prompt/extension-maintenance/subculture-appearance-integration-20261003.json'

----------------------------------------------------------------------
Ran 368 tests in 1511.614s

FAILED (errors=1)
