test_bilingual_form_requests_activate_but_negation_and_excluded_spans_do_not (tests.test_photo_acting_expression_data.ActingExpressionDataTests.test_bilingual_form_requests_activate_but_negation_and_excluded_spans_do_not) ... ok
test_context_guard_cannot_be_satisfied_by_its_own_candidate_tags (tests.test_photo_acting_expression_data.ActingExpressionDataTests.test_context_guard_cannot_be_satisfied_by_its_own_candidate_tags) ... ok
test_current_v6_exposes_new_candidates_when_expression_is_open (tests.test_photo_acting_expression_data.ActingExpressionDataTests.test_current_v6_exposes_new_candidates_when_expression_is_open) ... ok
test_existing_specific_meanings_and_hand_ownership_are_preserved (tests.test_photo_acting_expression_data.ActingExpressionDataTests.test_existing_specific_meanings_and_hand_ownership_are_preserved) ... ok
test_form_word_in_non_actor_domain_and_broad_affect_never_harden (tests.test_photo_acting_expression_data.ActingExpressionDataTests.test_form_word_in_non_actor_domain_and_broad_affect_never_harden) ... ok
test_held_tears_requires_the_narrow_requested_compound (tests.test_photo_acting_expression_data.ActingExpressionDataTests.test_held_tears_requires_the_narrow_requested_compound) ... ok
test_negative_or_provenance_text_is_not_positive_retrieval_evidence (tests.test_photo_acting_expression_data.ActingExpressionDataTests.test_negative_or_provenance_text_is_not_positive_retrieval_evidence) ... ok
test_new_forms_are_resolved_by_the_real_merged_registry_and_index (tests.test_photo_acting_expression_data.ActingExpressionDataTests.test_new_forms_are_resolved_by_the_real_merged_registry_and_index) ... ok
test_pose_and_gaze_effects_cannot_bypass_property_locks (tests.test_photo_acting_expression_data.ActingExpressionDataTests.test_pose_and_gaze_effects_cannot_bypass_property_locks) ... ok
test_press_tighten_and_mouth_opening_keep_distinct_requirements (tests.test_photo_acting_expression_data.ActingExpressionDataTests.test_press_tighten_and_mouth_opening_keep_distinct_requirements) ... ok
test_runtime_bundles_are_advisory_and_maintenance_records_are_canonically_bound (tests.test_photo_acting_expression_data.ActingExpressionDataTests.test_runtime_bundles_are_advisory_and_maintenance_records_are_canonically_bound) ... ok
test_sultry_weather_does_not_unlock_attraction_or_adult_without_flirtation (tests.test_photo_acting_expression_data.ActingExpressionDataTests.test_sultry_weather_does_not_unlock_attraction_or_adult_without_flirtation) ... ok
test_broad_labels_and_single_cues_remain_fail_closed (tests.test_photo_adult_appeal_visual_semantics.PhotoAdultAppealVisualSemanticsTests.test_broad_labels_and_single_cues_remain_fail_closed) ... ok
test_candidate_pack_contains_literal_non_intent_atoms (tests.test_photo_adult_appeal_visual_semantics.PhotoAdultAppealVisualSemanticsTests.test_candidate_pack_contains_literal_non_intent_atoms) ... ok
test_component_language_is_optional_not_hard (tests.test_photo_adult_appeal_visual_semantics.PhotoAdultAppealVisualSemanticsTests.test_component_language_is_optional_not_hard) ... ok
test_exact_composites_activate_only_their_profile (tests.test_photo_adult_appeal_visual_semantics.PhotoAdultAppealVisualSemanticsTests.test_exact_composites_activate_only_their_profile) ... ok
test_exact_profiles_materialize_their_pixel_gate_sets (tests.test_photo_adult_appeal_visual_semantics.PhotoAdultAppealVisualSemanticsTests.test_exact_profiles_materialize_their_pixel_gate_sets) ... ok
test_five_arm_cases_bind_packs_prompts_reference_and_render_evidence (tests.test_photo_adult_appeal_visual_semantics.PhotoAdultAppealVisualSemanticsTests.test_five_arm_cases_bind_packs_prompts_reference_and_render_evidence) ... ok
test_profiles_are_narrow_adult_component_contracts (tests.test_photo_adult_appeal_visual_semantics.PhotoAdultAppealVisualSemanticsTests.test_profiles_are_narrow_adult_component_contracts) ... ok
test_research_evidence_is_approved_and_candidate_bound (tests.test_photo_adult_appeal_visual_semantics.PhotoAdultAppealVisualSemanticsTests.test_research_evidence_is_approved_and_candidate_bound) ... ok
test_complete_languages_and_missing_groups (tests.test_photo_capture_physics_alternatives.CapturePhysicsAlternativesTests.test_complete_languages_and_missing_groups) ... ok
test_partial_motion_examples_do_not_bypass_components (tests.test_photo_capture_physics_alternatives.CapturePhysicsAlternativesTests.test_partial_motion_examples_do_not_bypass_components) ... ok
test_rolling_legacy_combined_motion_anchors_remain (tests.test_photo_capture_physics_alternatives.CapturePhysicsAlternativesTests.test_rolling_legacy_combined_motion_anchors_remain) ... ok
test_split_band_and_transition_are_alternatives (tests.test_photo_capture_physics_alternatives.CapturePhysicsAlternativesTests.test_split_band_and_transition_are_alternatives) ... ok
test_complete_audited_composition_is_required (tests.test_photo_character_render_review.PhotoCharacterRenderReviewTests.test_complete_audited_composition_is_required) ... ok
test_missing_extra_partial_or_unsubstantiated_gates_fail_closed (tests.test_photo_character_render_review.PhotoCharacterRenderReviewTests.test_missing_extra_partial_or_unsubstantiated_gates_fail_closed) ... ok
test_missing_typed_contract_is_detected_from_frozen_required_assertion (tests.test_photo_character_render_review.PhotoCharacterRenderReviewTests.test_missing_typed_contract_is_detected_from_frozen_required_assertion) ... ok
test_rehashed_gate_deletion_duplication_or_rebinding_cannot_shrink_duties (tests.test_photo_character_render_review.PhotoCharacterRenderReviewTests.test_rehashed_gate_deletion_duplication_or_rebinding_cannot_shrink_duties) ... ok
test_review_hash_and_image_bytes_remain_bound (tests.test_photo_character_render_review.PhotoCharacterRenderReviewTests.test_review_hash_and_image_bytes_remain_bound) ... ok
test_typed_only_review_requires_all_nine_gates_without_promoting_preference (tests.test_photo_character_render_review.PhotoCharacterRenderReviewTests.test_typed_only_review_requires_all_nine_gates_without_promoting_preference) ... ok
test_visual_obligations_and_only_selected_optional_gates_join_typed_gates (tests.test_photo_character_render_review.PhotoCharacterRenderReviewTests.test_visual_obligations_and_only_selected_optional_gates_join_typed_gates) ... ok
test_all_four_controls_never_supply_visual_source_requirements (tests.test_photo_control_span_ownership.ControlSpanOwnershipTests.test_all_four_controls_never_supply_visual_source_requirements) ... ok
test_brief_uses_effective_levels_and_previous_names_are_not_aliases (tests.test_photo_control_span_ownership.ControlSpanOwnershipTests.test_brief_uses_effective_levels_and_previous_names_are_not_aliases) ... ok
test_config_only_span_needs_no_visual_anchor_and_survives_audit (tests.test_photo_control_span_ownership.ControlSpanOwnershipTests.test_config_only_span_needs_no_visual_anchor_and_survives_audit) ... ok
test_control_source_cannot_lock_agent_outfit_even_if_literal_evidence_exists (tests.test_photo_control_span_ownership.ControlSpanOwnershipTests.test_control_source_cannot_lock_agent_outfit_even_if_literal_evidence_exists) ... ok
test_control_spans_survive_pack_composition_and_retrieval_hash_audit (tests.test_photo_control_span_ownership.ControlSpanOwnershipTests.test_control_spans_survive_pack_composition_and_retrieval_hash_audit) ... ok
test_creativity_and_emphasis_assignments_do_not_become_visual_requirements (tests.test_photo_control_span_ownership.ControlSpanOwnershipTests.test_creativity_and_emphasis_assignments_do_not_become_visual_requirements) ... ok
test_missing_stale_or_mismatched_settings_do_not_exempt_spans (tests.test_photo_control_span_ownership.ControlSpanOwnershipTests.test_missing_stale_or_mismatched_settings_do_not_exempt_spans) ... ok
test_mixed_span_keeps_each_visual_fragment_and_explicit_property (tests.test_photo_control_span_ownership.ControlSpanOwnershipTests.test_mixed_span_keeps_each_visual_fragment_and_explicit_property) ... ok
test_pure_setting_span_cannot_supply_a_visual_assertion (tests.test_photo_control_span_ownership.ControlSpanOwnershipTests.test_pure_setting_span_cannot_supply_a_visual_assertion) ... ok
test_quoted_image_text_is_not_configuration_or_removed_from_search (tests.test_photo_control_span_ownership.ControlSpanOwnershipTests.test_quoted_image_text_is_not_configuration_or_removed_from_search) ... ok
test_span_name_does_not_grant_configuration_status (tests.test_photo_control_span_ownership.ControlSpanOwnershipTests.test_span_name_does_not_grant_configuration_status) ... ok
test_surreal_setting_is_bound_configuration_not_a_visual_anchor (tests.test_photo_control_span_ownership.ControlSpanOwnershipTests.test_surreal_setting_is_bound_configuration_not_a_visual_anchor) ... ok
test_changed_input_bytes_are_rejected (tests.test_photo_current_boundary_snapshot.PhotoCurrentBoundarySnapshotTests.test_changed_input_bytes_are_rejected) ... ok
test_changed_negative_contract_is_rejected (tests.test_photo_current_boundary_snapshot.PhotoCurrentBoundarySnapshotTests.test_changed_negative_contract_is_rejected) ... ok
test_changed_seed_or_scene_command_is_rejected (tests.test_photo_current_boundary_snapshot.PhotoCurrentBoundarySnapshotTests.test_changed_seed_or_scene_command_is_rejected) ... ok
test_modified_predecessor_cannot_be_hidden_by_a_new_output_hash (tests.test_photo_current_boundary_snapshot.PhotoCurrentBoundarySnapshotTests.test_modified_predecessor_cannot_be_hidden_by_a_new_output_hash) ... ok
test_recomputed_output_hash_cannot_accept_a_changed_frozen_scene (tests.test_photo_current_boundary_snapshot.PhotoCurrentBoundarySnapshotTests.test_recomputed_output_hash_cannot_accept_a_changed_frozen_scene) ... ok
test_successor_preserves_history_and_the_observed_scene_contract (tests.test_photo_current_boundary_snapshot.PhotoCurrentBoundarySnapshotTests.test_successor_preserves_history_and_the_observed_scene_contract) ... ok
test_adjacent_concepts_fail_closed (tests.test_photo_death_afterlife_semantics.PhotoDeathAfterlifeSemanticsTests.test_adjacent_concepts_fail_closed) ... ok
test_candidate_pack_spans_subject_action_mechanism_trace_and_review (tests.test_photo_death_afterlife_semantics.PhotoDeathAfterlifeSemanticsTests.test_candidate_pack_spans_subject_action_mechanism_trace_and_review) ... ok
test_exact_visual_terms_route_to_distinct_profiles (tests.test_photo_death_afterlife_semantics.PhotoDeathAfterlifeSemanticsTests.test_exact_visual_terms_route_to_distinct_profiles) ... ok
test_korean_afterlife_guide_and_western_death_do_not_merge (tests.test_photo_death_afterlife_semantics.PhotoDeathAfterlifeSemanticsTests.test_korean_afterlife_guide_and_western_death_do_not_merge) ... ok
test_profiles_encode_relations_and_render_gates (tests.test_photo_death_afterlife_semantics.PhotoDeathAfterlifeSemanticsTests.test_profiles_encode_relations_and_render_gates) ... ok
test_research_evidence_is_approved_and_candidate_bound (tests.test_photo_death_afterlife_semantics.PhotoDeathAfterlifeSemanticsTests.test_research_evidence_is_approved_and_candidate_bound) ... ok
test_applicable_pixel_gates_are_derived_from_final_review (tests.test_photo_embodiment.EmbodimentContractTests.test_applicable_pixel_gates_are_derived_from_final_review) ... ok
test_body_action_cannot_omit_checks_or_mark_everything_inapplicable (tests.test_photo_embodiment.EmbodimentContractTests.test_body_action_cannot_omit_checks_or_mark_everything_inapplicable) ... ok
test_final_prompt_change_requires_a_new_review (tests.test_photo_embodiment.EmbodimentContractTests.test_final_prompt_change_requires_a_new_review) ... ok
test_final_review_cannot_downgrade_material_action (tests.test_photo_embodiment.EmbodimentContractTests.test_final_review_cannot_downgrade_material_action) ... ok
test_freezing_review_does_not_mutate_semantic_core_or_prompt (tests.test_photo_embodiment.EmbodimentContractTests.test_freezing_review_does_not_mutate_semantic_core_or_prompt) ... ok
test_material_baseline_check_cannot_be_suppressed_after_composition (tests.test_photo_embodiment.EmbodimentContractTests.test_material_baseline_check_cannot_be_suppressed_after_composition) ... ok
test_missing_current_review_policy_is_rejected (tests.test_photo_embodiment.EmbodimentContractTests.test_missing_current_review_policy_is_rejected) ... ok
test_missing_evidence_and_nonliteral_controls_do_not_pass (tests.test_photo_embodiment.EmbodimentContractTests.test_missing_evidence_and_nonliteral_controls_do_not_pass) ... ok
test_missing_or_mutated_policy_is_not_silently_downgraded (tests.test_photo_embodiment.EmbodimentContractTests.test_missing_or_mutated_policy_is_not_silently_downgraded) ... ok
test_newly_reviewed_lighting_variation_preserves_contact (tests.test_photo_embodiment.EmbodimentContractTests.test_newly_reviewed_lighting_variation_preserves_contact) ... ok
test_requested_unusual_structure_is_retained_with_grounded_evidence (tests.test_photo_embodiment.EmbodimentContractTests.test_requested_unusual_structure_is_retained_with_grounded_evidence) ... ok
test_runtime_requires_binding_and_rejects_added_positive_prose (tests.test_photo_embodiment.EmbodimentContractTests.test_runtime_requires_binding_and_rejects_added_positive_prose) ... ok
test_stale_baseline_and_wrong_authoring_phase_are_rejected (tests.test_photo_embodiment.EmbodimentContractTests.test_stale_baseline_and_wrong_authoring_phase_are_rejected) ... ok
test_still_life_can_remain_inapplicable_without_inventing_an_actor (tests.test_photo_embodiment.EmbodimentContractTests.test_still_life_can_remain_inapplicable_without_inventing_an_actor) ... ok
test_unrelated_animal_motion_uses_its_own_structure (tests.test_photo_embodiment.EmbodimentContractTests.test_unrelated_animal_motion_uses_its_own_structure) ... ok
test_unresolved_or_repair_needed_findings_block_every_check (tests.test_photo_embodiment.EmbodimentContractTests.test_unresolved_or_repair_needed_findings_block_every_check) ... ok
test_composed_audit_and_compact_view_preserve_the_new_contract (tests.test_photo_embodiment.EmbodimentPipelineTests.test_composed_audit_and_compact_view_preserve_the_new_contract) ... ok
test_pixel_review_requires_new_gates_without_claiming_real_pixels (tests.test_photo_embodiment.EmbodimentPipelineTests.test_pixel_review_requires_new_gates_without_claiming_real_pixels) ... ok
test_runtime_auditor_checks_full_reviewed_input (tests.test_photo_embodiment.EmbodimentPipelineTests.test_runtime_auditor_checks_full_reviewed_input) ... ok
test_wrapper_emits_bound_policy_without_retrieving_review_prose (tests.test_photo_embodiment.EmbodimentPipelineTests.test_wrapper_emits_bound_policy_without_retrieving_review_prose) ... ok
test_all_four_existing_components_remain_required (tests.test_photo_glacier_surface_alternative.GlacierSurfaceAlternativeTests.test_all_four_existing_components_remain_required) ... ok
test_three_surface_alternatives_materialize_without_losing_connected_geometry (tests.test_photo_glacier_surface_alternative.GlacierSurfaceAlternativeTests.test_three_surface_alternatives_materialize_without_losing_connected_geometry) ... ok
test_broad_advisory_and_neighbor_terms_do_not_force_new_profiles (tests.test_photo_imaginal_visual_semantics.PhotoImaginalVisualSemanticsTests.test_broad_advisory_and_neighbor_terms_do_not_force_new_profiles) ... ok
test_close_visual_substitutes_do_not_activate_new_profiles (tests.test_photo_imaginal_visual_semantics.PhotoImaginalVisualSemanticsTests.test_close_visual_substitutes_do_not_activate_new_profiles) ... ok
test_direct_terms_route_to_only_the_intended_new_profile (tests.test_photo_imaginal_visual_semantics.PhotoImaginalVisualSemanticsTests.test_direct_terms_route_to_only_the_intended_new_profile) ... ok
test_embedding_only_paraphrase_remains_optional (tests.test_photo_imaginal_visual_semantics.PhotoImaginalVisualSemanticsTests.test_embedding_only_paraphrase_remains_optional) ... ok
test_extension_has_fifty_seven_complete_candidates_and_is_loaded (tests.test_photo_imaginal_visual_semantics.PhotoImaginalVisualSemanticsTests.test_extension_has_fifty_seven_complete_candidates_and_is_loaded) ... ok
test_generated_index_is_bound_to_every_imaginal_profile (tests.test_photo_imaginal_visual_semantics.PhotoImaginalVisualSemanticsTests.test_generated_index_is_bound_to_every_imaginal_profile) ... ok
test_nine_profiles_have_five_component_groups_and_pixel_gates (tests.test_photo_imaginal_visual_semantics.PhotoImaginalVisualSemanticsTests.test_nine_profiles_have_five_component_groups_and_pixel_gates) ... ok
test_registry_schema_accepts_imaginal_profiles (tests.test_photo_imaginal_visual_semantics.PhotoImaginalVisualSemanticsTests.test_registry_schema_accepts_imaginal_profiles) ... ok
test_research_evidence_is_approved_bound_and_limited (tests.test_photo_imaginal_visual_semantics.PhotoImaginalVisualSemanticsTests.test_research_evidence_is_approved_bound_and_limited) ... ok
test_material_evidence_retains_original_anchors_and_floor (tests.test_photo_kebaya_material_alternative.KebayaMaterialAlternativeTests.test_material_evidence_retains_original_anchors_and_floor) ... ok
test_plain_and_embroidered_material_preserve_required_components (tests.test_photo_kebaya_material_alternative.KebayaMaterialAlternativeTests.test_plain_and_embroidered_material_preserve_required_components) ... ok
test_plain_cloth_does_not_override_exclusions (tests.test_photo_kebaya_material_alternative.KebayaMaterialAlternativeTests.test_plain_cloth_does_not_override_exclusions) ... ok
test_adjacent_visual_confounds_fail_closed (tests.test_photo_korean_emotional_visual_semantics.PhotoKoreanEmotionalVisualSemanticsTests.test_adjacent_visual_confounds_fail_closed) ... ok
test_bm25f_routes_researched_shorthand_to_expected_candidates (tests.test_photo_korean_emotional_visual_semantics.PhotoKoreanEmotionalVisualSemanticsTests.test_bm25f_routes_researched_shorthand_to_expected_candidates) ... ok
test_broad_or_metadata_terms_never_hard_activate (tests.test_photo_korean_emotional_visual_semantics.PhotoKoreanEmotionalVisualSemanticsTests.test_broad_or_metadata_terms_never_hard_activate) ... ok
test_candidate_aliases_and_nonvisual_boundaries_are_encoded (tests.test_photo_korean_emotional_visual_semantics.PhotoKoreanEmotionalVisualSemanticsTests.test_candidate_aliases_and_nonvisual_boundaries_are_encoded) ... ok
test_definition_only_profiles_hide_labels_at_runtime (tests.test_photo_korean_emotional_visual_semantics.PhotoKoreanEmotionalVisualSemanticsTests.test_definition_only_profiles_hide_labels_at_runtime) ... ok
test_generated_indexes_contain_current_profiles_and_candidates (tests.test_photo_korean_emotional_visual_semantics.PhotoKoreanEmotionalVisualSemanticsTests.test_generated_indexes_contain_current_profiles_and_candidates) ... ok
test_narrow_exact_terms_route_to_expected_profiles (tests.test_photo_korean_emotional_visual_semantics.PhotoKoreanEmotionalVisualSemanticsTests.test_narrow_exact_terms_route_to_expected_profiles) ... ok
test_profiles_are_complete_four_or_five_group_pixel_contracts (tests.test_photo_korean_emotional_visual_semantics.PhotoKoreanEmotionalVisualSemanticsTests.test_profiles_are_complete_four_or_five_group_pixel_contracts) ... ok
test_research_evidence_is_approved_source_and_candidate_bound (tests.test_photo_korean_emotional_visual_semantics.PhotoKoreanEmotionalVisualSemanticsTests.test_research_evidence_is_approved_source_and_candidate_bound) ... ok
test_research_note_preserves_semantic_and_identity_boundaries (tests.test_photo_korean_emotional_visual_semantics.PhotoKoreanEmotionalVisualSemanticsTests.test_research_note_preserves_semantic_and_identity_boundaries) ... ok
test_three_arm_fixture_is_frozen_independent_and_reference_bound (tests.test_photo_korean_emotional_visual_semantics.PhotoKoreanEmotionalVisualSemanticsTests.test_three_arm_fixture_is_frozen_independent_and_reference_bound) ... ok
test_broad_legend_terms_remain_advisory (tests.test_photo_legend_visual_semantics.PhotoLegendVisualSemanticsTests.test_broad_legend_terms_remain_advisory) ... ok
test_cluster_manifest_binds_profiles_candidates_and_advisory_row (tests.test_photo_legend_visual_semantics.PhotoLegendVisualSemanticsTests.test_cluster_manifest_binds_profiles_candidates_and_advisory_row) ... ok
test_extension_has_eight_complete_six_slot_clusters (tests.test_photo_legend_visual_semantics.PhotoLegendVisualSemanticsTests.test_extension_has_eight_complete_six_slot_clusters) ... ok
test_narrow_exact_terms_route_to_exactly_one_new_profile (tests.test_photo_legend_visual_semantics.PhotoLegendVisualSemanticsTests.test_narrow_exact_terms_route_to_exactly_one_new_profile) ... ok
test_nearest_substitutes_do_not_activate_new_profiles (tests.test_photo_legend_visual_semantics.PhotoLegendVisualSemanticsTests.test_nearest_substitutes_do_not_activate_new_profiles) ... ok
test_real_generated_index_contains_new_profiles_and_vectors (tests.test_photo_legend_visual_semantics.PhotoLegendVisualSemanticsTests.test_real_generated_index_contains_new_profiles_and_vectors) ... ok
test_registry_schema_accepts_legend_profiles (tests.test_photo_legend_visual_semantics.PhotoLegendVisualSemanticsTests.test_registry_schema_accepts_legend_profiles) ... ok
test_research_evidence_is_approved_and_contract_bound (tests.test_photo_legend_visual_semantics.PhotoLegendVisualSemanticsTests.test_research_evidence_is_approved_and_contract_bound) ... ok
test_six_new_profiles_have_five_components_fields_and_pixel_gates (tests.test_photo_legend_visual_semantics.PhotoLegendVisualSemanticsTests.test_six_new_profiles_have_five_components_fields_and_pixel_gates) ... ok
test_cheek_triangle_is_local_beneath_its_eye (tests.test_photo_lighting_color_owner_data_cleanup.LightingColorOwnerDataCleanupTests.test_cheek_triangle_is_local_beneath_its_eye) ... ok
test_compatible_operator_bounce_and_historical_provenance_are_preserved (tests.test_photo_lighting_color_owner_data_cleanup.LightingColorOwnerDataCleanupTests.test_compatible_operator_bounce_and_historical_provenance_are_preserved) ... ok
test_five_proposals_change_only_relation_objects (tests.test_photo_lighting_color_owner_data_cleanup.LightingColorOwnerDataCleanupTests.test_five_proposals_change_only_relation_objects) ... ok
test_inventory_and_queries_are_frozen (tests.test_photo_lighting_color_owner_data_cleanup.LightingColorOwnerDataCleanupTests.test_inventory_and_queries_are_frozen) ... ok
test_projection_and_declared_effects_remain_exact (tests.test_photo_lighting_color_owner_data_cleanup.LightingColorOwnerDataCleanupTests.test_projection_and_declared_effects_remain_exact) ... ok
test_red_splash_owner_preserves_colored_object_and_achromatic_remainder (tests.test_photo_lighting_color_owner_data_cleanup.LightingColorOwnerDataCleanupTests.test_red_splash_owner_preserves_colored_object_and_achromatic_remainder) ... ok
test_silhouette_includes_dark_interior_outline_and_bright_background (tests.test_photo_lighting_color_owner_data_cleanup.LightingColorOwnerDataCleanupTests.test_silhouette_includes_dark_interior_outline_and_bright_background) ... ok
test_split_tone_owners_are_brightness_regions (tests.test_photo_lighting_color_owner_data_cleanup.LightingColorOwnerDataCleanupTests.test_split_tone_owners_are_brightness_regions) ... ok
test_thirty_five_kept_rows_remain_exact (tests.test_photo_lighting_color_owner_data_cleanup.LightingColorOwnerDataCleanupTests.test_thirty_five_kept_rows_remain_exact) ... ok
test_bm25f_surfaces_each_complete_lighting_cluster_near_the_top (tests.test_photo_lighting_visual_semantics.PhotoLightingVisualSemanticsTests.test_bm25f_surfaces_each_complete_lighting_cluster_near_the_top) ... ok
test_complete_component_description_is_optional_not_hard (tests.test_photo_lighting_visual_semantics.PhotoLightingVisualSemanticsTests.test_complete_component_description_is_optional_not_hard) ... ok
test_equipment_and_measurement_metadata_do_not_hard_activate (tests.test_photo_lighting_visual_semantics.PhotoLightingVisualSemanticsTests.test_equipment_and_measurement_metadata_do_not_hard_activate) ... ok
test_generated_semantic_index_contains_every_lighting_candidate (tests.test_photo_lighting_visual_semantics.PhotoLightingVisualSemanticsTests.test_generated_semantic_index_contains_every_lighting_candidate) ... ok
test_generated_visual_index_contains_every_lighting_profile (tests.test_photo_lighting_visual_semantics.PhotoLightingVisualSemanticsTests.test_generated_visual_index_contains_every_lighting_profile) ... ok
test_narrow_exact_terms_route_to_one_profile (tests.test_photo_lighting_visual_semantics.PhotoLightingVisualSemanticsTests.test_narrow_exact_terms_route_to_one_profile) ... ok
test_negation_and_adjacent_substitutes_fail_closed (tests.test_photo_lighting_visual_semantics.PhotoLightingVisualSemanticsTests.test_negation_and_adjacent_substitutes_fail_closed) ... ok
test_three_arm_cases_are_frozen_profile_distinct_and_reference_bound (tests.test_photo_lighting_visual_semantics.PhotoLightingVisualSemanticsTests.test_three_arm_cases_are_frozen_profile_distinct_and_reference_bound) ... ok
test_twelve_candidate_clusters_merge_as_eighty_four_candidates (tests.test_photo_lighting_visual_semantics.PhotoLightingVisualSemanticsTests.test_twelve_candidate_clusters_merge_as_eighty_four_candidates) ... ok
test_twenty_two_profiles_are_complete_pixel_contracts (tests.test_photo_lighting_visual_semantics.PhotoLightingVisualSemanticsTests.test_twenty_two_profiles_are_complete_pixel_contracts) ... ok
test_absent_activity_allows_traces_without_changing_scope_or_guards (tests.test_photo_liminal_active_use_korean_data_cleanup.LiminalActiveUseKoreanDataCleanupTests.test_absent_activity_allows_traces_without_changing_scope_or_guards) ... ok
test_acceptance_binds_gains_costs_and_immutable_recovery_history (tests.test_photo_liminal_active_use_korean_data_cleanup.LiminalActiveUseKoreanDataCleanupTests.test_acceptance_binds_gains_costs_and_immutable_recovery_history) ... ok
test_archived_korean_catalog_changes_one_line_and_current_text_preserves_it (tests.test_photo_liminal_active_use_korean_data_cleanup.LiminalActiveUseKoreanDataCleanupTests.test_archived_korean_catalog_changes_one_line_and_current_text_preserves_it) ... ok
test_complete_merged_state_and_twenty_one_keeps_remain_exact (tests.test_photo_liminal_active_use_korean_data_cleanup.LiminalActiveUseKoreanDataCleanupTests.test_complete_merged_state_and_twenty_one_keeps_remain_exact) ... ERROR
test_complete_raw_source_changes_only_ko_and_predeclared_reference (tests.test_photo_liminal_active_use_korean_data_cleanup.LiminalActiveUseKoreanDataCleanupTests.test_complete_raw_source_changes_only_ko_and_predeclared_reference) ... ok
test_frozen_source_inventory_queries_and_bounded_workload (tests.test_photo_liminal_active_use_korean_data_cleanup.LiminalActiveUseKoreanDataCleanupTests.test_frozen_source_inventory_queries_and_bounded_workload) ... ok
test_historical_provenance_is_preserved_and_current_source_is_bound (tests.test_photo_liminal_active_use_korean_data_cleanup.LiminalActiveUseKoreanDataCleanupTests.test_historical_provenance_is_preserved_and_current_source_is_bound) ... ok
test_historical_v6_preservation_and_current_candidate_projection (tests.test_photo_liminal_active_use_korean_data_cleanup.LiminalActiveUseKoreanDataCleanupTests.test_historical_v6_preservation_and_current_candidate_projection) ... ok
test_independent_queries_and_same_slot_controls_stay_exact (tests.test_photo_liminal_active_use_korean_data_cleanup.LiminalActiveUseKoreanDataCleanupTests.test_independent_queries_and_same_slot_controls_stay_exact) ... ok
test_existing_component_alternative_is_accepted_without_rewording (tests.test_photo_liminal_maintained_alternative.LiminalMaintainedAlternativeTests.test_existing_component_alternative_is_accepted_without_rewording) ... ok
test_five_required_groups_and_render_gates_are_preserved (tests.test_photo_liminal_maintained_alternative.LiminalMaintainedAlternativeTests.test_five_required_groups_and_render_gates_are_preserved) ... ok
test_old_all_cue_conjunction_remains_accepted (tests.test_photo_liminal_maintained_alternative.LiminalMaintainedAlternativeTests.test_old_all_cue_conjunction_remains_accepted) ... ok
test_unsupported_maintained_evidence_and_explicit_exclusions_remain_rejected (tests.test_photo_liminal_maintained_alternative.LiminalMaintainedAlternativeTests.test_unsupported_maintained_evidence_and_explicit_exclusions_remain_rejected) ... ok
test_changed_bm25f_policy_is_rejected (tests.test_photo_loading.PhotoLoadingTests.test_changed_bm25f_policy_is_rejected) ... ok
test_changed_source_is_rejected_even_with_an_updated_dictionary_hash (tests.test_photo_loading.PhotoLoadingTests.test_changed_source_is_rejected_even_with_an_updated_dictionary_hash) ... ok
test_public_bm25f_projection_keeps_independent_nested_copies (tests.test_photo_loading.PhotoLoadingTests.test_public_bm25f_projection_keeps_independent_nested_copies) ... ok
test_semantic_validation_preserves_both_inputs (tests.test_photo_loading.PhotoLoadingTests.test_semantic_validation_preserves_both_inputs) ... ok
test_successful_validation_does_not_hide_later_corpus_corruption (tests.test_photo_loading.PhotoLoadingTests.test_successful_validation_does_not_hide_later_corpus_corruption) ... ok
test_visual_validation_is_read_only_and_rejects_later_corruption (tests.test_photo_loading.PhotoLoadingTests.test_visual_validation_is_read_only_and_rejects_later_corruption) ... ok
test_broad_career_genre_and_nearby_visual_substitutes_do_not_harden (tests.test_photo_model_editorial_semantics.ModelEditorialTests.test_broad_career_genre_and_nearby_visual_substitutes_do_not_harden) ... ok
test_broad_catalog_is_not_a_paraphrase_of_garment_side_depth (tests.test_photo_model_editorial_semantics.ModelEditorialTests.test_broad_catalog_is_not_a_paraphrase_of_garment_side_depth) ... ok
test_bts_context_guards_do_not_leak_into_finished_portraits (tests.test_photo_model_editorial_semantics.ModelEditorialTests.test_bts_context_guards_do_not_leak_into_finished_portraits) ... ok
test_bundles_reject_missing_or_locked_members_and_never_promote_associated_profiles (tests.test_photo_model_editorial_semantics.ModelEditorialTests.test_bundles_reject_missing_or_locked_members_and_never_promote_associated_profiles) ... ok
test_full_owner_relation_only_and_negation (tests.test_photo_model_editorial_semantics.ModelEditorialTests.test_full_owner_relation_only_and_negation) ... ok
test_guarded_nonadult_context_does_not_gain_hard_human_profile (tests.test_photo_model_editorial_semantics.ModelEditorialTests.test_guarded_nonadult_context_does_not_gain_hard_human_profile) ... ok
test_real_indexes_cover_the_new_source (tests.test_photo_model_editorial_semantics.ModelEditorialTests.test_real_indexes_cover_the_new_source) ... ok
test_selected_contract_keeps_every_owner_component_and_rejects_duplicate_evidence (tests.test_photo_model_editorial_semantics.ModelEditorialTests.test_selected_contract_keeps_every_owner_component_and_rejects_duplicate_evidence) ... ok
test_series_layout_and_provenance_stay_outside_single_image_runtime (tests.test_photo_model_editorial_semantics.ModelEditorialTests.test_series_layout_and_provenance_stay_outside_single_image_runtime) ... ok
test_compression_owner_keeps_explicit_context_and_local_edges (tests.test_photo_photorealism_owner_data_cleanup.PhotorealismOwnerDataCleanupTests.test_compression_owner_keeps_explicit_context_and_local_edges) ... ok
test_current_source_binding_is_versioned_without_rewriting_original (tests.test_photo_photorealism_owner_data_cleanup.PhotorealismOwnerDataCleanupTests.test_current_source_binding_is_versioned_without_rewriting_original) ... ok
test_deferred_film_owner_keeps_original_two_layer_conditions (tests.test_photo_photorealism_owner_data_cleanup.PhotorealismOwnerDataCleanupTests.test_deferred_film_owner_keeps_original_two_layer_conditions) ... ok
test_deferred_noise_owner_keeps_original_conditions (tests.test_photo_photorealism_owner_data_cleanup.PhotorealismOwnerDataCleanupTests.test_deferred_noise_owner_keeps_original_conditions) ... ok
test_eighteen_keeps_and_all_non_owner_fields_are_exact (tests.test_photo_photorealism_owner_data_cleanup.PhotorealismOwnerDataCleanupTests.test_eighteen_keeps_and_all_non_owner_fields_are_exact) ... ok
test_historical_rubric_inputs_remain_unexecuted_exploratory_records (tests.test_photo_photorealism_owner_data_cleanup.PhotorealismOwnerDataCleanupTests.test_historical_rubric_inputs_remain_unexecuted_exploratory_records) ... ok
test_inventory_and_primary_diagnostics_are_frozen (tests.test_photo_photorealism_owner_data_cleanup.PhotorealismOwnerDataCleanupTests.test_inventory_and_primary_diagnostics_are_frozen) ... ok
test_physical_print_and_mixed_surveillance_camcorder_scopes_stay_exact (tests.test_photo_photorealism_owner_data_cleanup.PhotorealismOwnerDataCleanupTests.test_physical_print_and_mixed_surveillance_camcorder_scopes_stay_exact) ... ok
test_runtime_relation_projection_preserves_each_complete_component (tests.test_photo_photorealism_owner_data_cleanup.PhotorealismOwnerDataCleanupTests.test_runtime_relation_projection_preserves_each_complete_component) ... ok
test_candidate_pack_has_distinct_pose_orientation_and_wrist_atoms (tests.test_photo_pose_visual_semantics.PhotoPoseVisualSemanticsTests.test_candidate_pack_has_distinct_pose_orientation_and_wrist_atoms) ... ok
test_exact_terms_activate_without_broad_pose_aliases (tests.test_photo_pose_visual_semantics.PhotoPoseVisualSemanticsTests.test_exact_terms_activate_without_broad_pose_aliases) ... ok
test_five_arm_pixel_fixture_binds_registry_and_atomic_gates (tests.test_photo_pose_visual_semantics.PhotoPoseVisualSemanticsTests.test_five_arm_pixel_fixture_binds_registry_and_atomic_gates) ... ok
test_hard_profiles_are_componentized_and_pixel_testable (tests.test_photo_pose_visual_semantics.PhotoPoseVisualSemanticsTests.test_hard_profiles_are_componentized_and_pixel_testable) ... ok
test_pose_research_evidence_is_approved_and_candidate_bound (tests.test_photo_pose_visual_semantics.PhotoPoseVisualSemanticsTests.test_pose_research_evidence_is_approved_and_candidate_bound) ... ok
test_bm25f_surfaces_each_new_candidate_from_its_authored_text (tests.test_photo_poverty_visual_semantics.PhotoPovertyVisualSemanticsTests.test_bm25f_surfaces_each_new_candidate_from_its_authored_text) ... ok
test_broad_terms_never_hard_activate_a_profile (tests.test_photo_poverty_visual_semantics.PhotoPovertyVisualSemanticsTests.test_broad_terms_never_hard_activate_a_profile) ... ok
test_compiled_bundles_keep_profile_activation_advisory (tests.test_photo_poverty_visual_semantics.PhotoPovertyVisualSemanticsTests.test_compiled_bundles_keep_profile_activation_advisory) ... ok
test_exact_profile_plus_declared_substitute_fails_closed (tests.test_photo_poverty_visual_semantics.PhotoPovertyVisualSemanticsTests.test_exact_profile_plus_declared_substitute_fails_closed) ... ok
test_extension_merges_fifty_four_scoped_candidates_and_nine_bundles (tests.test_photo_poverty_visual_semantics.PhotoPovertyVisualSemanticsTests.test_extension_merges_fifty_four_scoped_candidates_and_nine_bundles) ... ok
test_external_sources_and_claim_limits_do_not_leak_into_candidates (tests.test_photo_poverty_visual_semantics.PhotoPovertyVisualSemanticsTests.test_external_sources_and_claim_limits_do_not_leak_into_candidates) ... ok
test_generated_semantic_index_contains_every_candidate (tests.test_photo_poverty_visual_semantics.PhotoPovertyVisualSemanticsTests.test_generated_semantic_index_contains_every_candidate) ... ok
test_generated_visual_index_contains_profiles_and_exact_terms (tests.test_photo_poverty_visual_semantics.PhotoPovertyVisualSemanticsTests.test_generated_visual_index_contains_profiles_and_exact_terms) ... ok
test_maintenance_record_is_external_hash_bound_and_source_bound (tests.test_photo_poverty_visual_semantics.PhotoPovertyVisualSemanticsTests.test_maintenance_record_is_external_hash_bound_and_source_bound) ... ok
test_nine_profiles_compile_to_complete_five_gate_contracts (tests.test_photo_poverty_visual_semantics.PhotoPovertyVisualSemanticsTests.test_nine_profiles_compile_to_complete_five_gate_contracts) ... ok
test_p1_digital_and_specialist_bundles_remain_outside_runtime (tests.test_photo_poverty_visual_semantics.PhotoPovertyVisualSemanticsTests.test_p1_digital_and_specialist_bundles_remain_outside_runtime) ... ok
test_research_routing_cases_preserve_exact_broad_and_negative_boundaries (tests.test_photo_poverty_visual_semantics.PhotoPovertyVisualSemanticsTests.test_research_routing_cases_preserve_exact_broad_and_negative_boundaries) ... ok
test_three_arm_pixel_cases_are_hash_bound_independent_and_fail_closed (tests.test_photo_poverty_visual_semantics.PhotoPovertyVisualSemanticsTests.test_three_arm_pixel_cases_are_hash_bound_independent_and_fail_closed) ... ok
test_advisory_excluded_and_nonliteral_direction_do_not_create_locks (tests.test_photo_precore_feature_selection.PhotoPrecoreFeatureSelectionTests.test_advisory_excluded_and_nonliteral_direction_do_not_create_locks) ... ok
test_ascii_word_boundaries_prevent_hand_from_matching_handmade (tests.test_photo_precore_feature_selection.PhotoPrecoreFeatureSelectionTests.test_ascii_word_boundaries_prevent_hand_from_matching_handmade) ... ok
test_baseline_normalizer_matches_the_generator (tests.test_photo_precore_feature_selection.PhotoPrecoreFeatureSelectionTests.test_baseline_normalizer_matches_the_generator) ... ok
test_case_and_whitespace_variants_still_conflict_with_complete_agent_evidence (tests.test_photo_precore_feature_selection.PhotoPrecoreFeatureSelectionTests.test_case_and_whitespace_variants_still_conflict_with_complete_agent_evidence) ... ok
test_catalog_is_not_an_index_input (tests.test_photo_precore_feature_selection.PhotoPrecoreFeatureSelectionTests.test_catalog_is_not_an_index_input) ... ok
test_catalog_preserves_all_source_examples_and_marks_additions (tests.test_photo_precore_feature_selection.PhotoPrecoreFeatureSelectionTests.test_catalog_preserves_all_source_examples_and_marks_additions) ... ok
test_cli_accepts_records_without_echoing_source_examples (tests.test_photo_precore_feature_selection.PhotoPrecoreFeatureSelectionTests.test_cli_accepts_records_without_echoing_source_examples) ... ok
test_explicit_requested_gesture_keeps_its_existing_hard_binding (tests.test_photo_precore_feature_selection.PhotoPrecoreFeatureSelectionTests.test_explicit_requested_gesture_keeps_its_existing_hard_binding) ... ok
test_live_cli_rejects_a_self_consistent_alternate_catalog (tests.test_photo_precore_feature_selection.PhotoPrecoreFeatureSelectionTests.test_live_cli_rejects_a_self_consistent_alternate_catalog) ... ok
test_narrow_requester_meaning_allows_glove_handedness_and_outfit_choices (tests.test_photo_precore_feature_selection.PhotoPrecoreFeatureSelectionTests.test_narrow_requester_meaning_allows_glove_handedness_and_outfit_choices) ... ok
test_property_anchor_in_an_open_dimension_still_binds_literal_evidence (tests.test_photo_precore_feature_selection.PhotoPrecoreFeatureSelectionTests.test_property_anchor_in_an_open_dimension_still_binds_literal_evidence) ... ok
test_rejects_complete_agent_action_at_each_required_evidence_boundary (tests.test_photo_precore_feature_selection.PhotoPrecoreFeatureSelectionTests.test_rejects_complete_agent_action_at_each_required_evidence_boundary) ... ok
test_rejects_stale_or_forged_selection_binding (tests.test_photo_precore_feature_selection.PhotoPrecoreFeatureSelectionTests.test_rejects_stale_or_forged_selection_binding) ... ok
test_selection_binds_five_categories_to_request_and_baseline (tests.test_photo_precore_feature_selection.PhotoPrecoreFeatureSelectionTests.test_selection_binds_five_categories_to_request_and_baseline) ... ok
test_shared_words_and_paraphrases_do_not_establish_literal_ownership_conflict (tests.test_photo_precore_feature_selection.PhotoPrecoreFeatureSelectionTests.test_shared_words_and_paraphrases_do_not_establish_literal_ownership_conflict) ... ok
test_ten_categories_are_accepted_and_overlap_is_reported (tests.test_photo_precore_feature_selection.PhotoPrecoreFeatureSelectionTests.test_ten_categories_are_accepted_and_overlap_is_reported) ... ok
test_candidates_are_original_and_do_not_encode_fixed_identity (tests.test_photo_punk_aesthetic_semantics.PunkAestheticSemanticsTests.test_candidates_are_original_and_do_not_encode_fixed_identity) ... ok
test_contract_freezes_twenty_terms_and_evidence_tiers (tests.test_photo_punk_aesthetic_semantics.PunkAestheticSemanticsTests.test_contract_freezes_twenty_terms_and_evidence_tiers) ... ok
test_every_contract_resolves_to_live_slot_candidates (tests.test_photo_punk_aesthetic_semantics.PunkAestheticSemanticsTests.test_every_contract_resolves_to_live_slot_candidates) ... ok
test_research_ledger_rows_reference_real_candidates (tests.test_photo_punk_aesthetic_semantics.PunkAestheticSemanticsTests.test_research_ledger_rows_reference_real_candidates) ... ok
test_context_extension_cannot_replace_meaning_scope_or_guards (tests.test_photo_research_integration.ResearchIntegrationTests.test_context_extension_cannot_replace_meaning_scope_or_guards) ... ok
test_every_returned_record_has_one_explicit_integration_decision (tests.test_photo_research_integration.ResearchIntegrationTests.test_every_returned_record_has_one_explicit_integration_decision) ... ok
test_nonvisual_records_and_locked_face_scope_are_not_smuggled_into_adult_route (tests.test_photo_research_integration.ResearchIntegrationTests.test_nonvisual_records_and_locked_face_scope_are_not_smuggled_into_adult_route) ... ok
test_original_artifact_bytes_remain_hash_bound (tests.test_photo_research_integration.ResearchIntegrationTests.test_original_artifact_bytes_remain_hash_bound) ... ok
test_partial_neighbors_do_not_become_false_synonyms (tests.test_photo_research_integration.ResearchIntegrationTests.test_partial_neighbors_do_not_become_false_synonyms) ... ok
test_positive_equivalents_are_searchable_but_context_and_limits_are_not (tests.test_photo_research_integration.ResearchIntegrationTests.test_positive_equivalents_are_searchable_but_context_and_limits_are_not) ... ok
test_reviewed_paraphrases_preserve_candidate_scope_and_are_searchable (tests.test_photo_research_integration.ResearchIntegrationTests.test_reviewed_paraphrases_preserve_candidate_scope_and_are_searchable) ... ok
test_source_ids_are_resolved_within_each_reports_namespace (tests.test_photo_research_integration.ResearchIntegrationTests.test_source_ids_are_resolved_within_each_reports_namespace) ... ok
test_wearing_change_obeys_property_and_action_locks_without_axis_tags (tests.test_photo_research_integration.ResearchIntegrationTests.test_wearing_change_obeys_property_and_action_locks_without_axis_tags) ... ok
test_after_sunset_blue_hour_is_dusk_not_dawn (tests.test_photo_scene_data_cleanup.SceneContextCleanupTests.test_after_sunset_blue_hour_is_dusk_not_dawn) ... ok
test_depth_and_occlusion_relations_remain (tests.test_photo_scene_data_cleanup.SceneContextCleanupTests.test_depth_and_occlusion_relations_remain) ... ok
test_empty_surroundings_do_not_require_or_forbid_a_primary_person (tests.test_photo_scene_data_cleanup.SceneContextCleanupTests.test_empty_surroundings_do_not_require_or_forbid_a_primary_person) ... ok
test_event_phase_does_not_fabricate_clock_time (tests.test_photo_scene_data_cleanup.SceneContextCleanupTests.test_event_phase_does_not_fabricate_clock_time) ... ok
test_storm_caption_retains_weather_and_existing_context_guard (tests.test_photo_scene_data_cleanup.SceneContextCleanupTests.test_storm_caption_retains_weather_and_existing_context_guard) ... ok
test_floral_room_indexes_positive_room_evidence (tests.test_photo_scene_data_cleanup.SceneLocationCleanupTests.test_floral_room_indexes_positive_room_evidence) ... ok
test_physical_location_captions_keep_authored_specialized_associations (tests.test_photo_scene_data_cleanup.SceneLocationCleanupTests.test_physical_location_captions_keep_authored_specialized_associations) ... ok
test_switchboard_keeps_real_connections_and_half_plugged_state (tests.test_photo_scene_data_cleanup.SceneLocationCleanupTests.test_switchboard_keeps_real_connections_and_half_plugged_state) ... ok
test_welding_korean_fields_preserve_sparks_without_human_guard (tests.test_photo_scene_data_cleanup.SceneLocationCleanupTests.test_welding_korean_fields_preserve_sparks_without_human_guard) ... ok
test_frozen_inventory_and_queries_remain_bound (tests.test_photo_scene_data_cleanup.ScenePreservationTests.test_frozen_inventory_and_queries_remain_bound) ... ok
test_prior_twenty_three_edited_rows_are_byte_semantically_preserved (tests.test_photo_scene_data_cleanup.ScenePreservationTests.test_prior_twenty_three_edited_rows_are_byte_semantically_preserved) ... FAIL
test_cafe_and_laundry_owner_state_relations_remain (tests.test_photo_scene_data_cleanup.ScenePropCleanupTests.test_cafe_and_laundry_owner_state_relations_remain) ... ok
test_coffee_gesture_is_preserved_in_both_languages (tests.test_photo_scene_data_cleanup.ScenePropCleanupTests.test_coffee_gesture_is_preserved_in_both_languages) ... ok
test_diary_preserves_blank_or_marked_alternatives (tests.test_photo_scene_data_cleanup.ScenePropCleanupTests.test_diary_preserves_blank_or_marked_alternatives) ... ok
test_genealogy_records_content_not_proof_of_subject_identity (tests.test_photo_scene_data_cleanup.ScenePropCleanupTests.test_genealogy_records_content_not_proof_of_subject_identity) ... ok
test_shared_umbrella_keeps_two_people_and_transparency (tests.test_photo_scene_data_cleanup.ScenePropCleanupTests.test_shared_umbrella_keeps_two_people_and_transparency) ... ok
test_both_actor_paths_keep_all_five_required_relations (tests.test_photo_single_allocator_recovery.SingleAllocatorRecoveryTests.test_both_actor_paths_keep_all_five_required_relations) ... ok
test_instruction_and_gate_preserve_the_one_or_existing_group_scope (tests.test_photo_single_allocator_recovery.SingleAllocatorRecoveryTests.test_instruction_and_gate_preserve_the_one_or_existing_group_scope) ... ok
test_legacy_group_binding_remains_accepted (tests.test_photo_single_allocator_recovery.SingleAllocatorRecoveryTests.test_legacy_group_binding_remains_accepted) ... ok
test_single_allocator_alternative_has_a_canonical_binding (tests.test_photo_single_allocator_recovery.SingleAllocatorRecoveryTests.test_single_allocator_alternative_has_a_canonical_binding) ... ok
test_cat_eared_human_core_does_not_route_to_animal_subject (tests.test_photo_slot_query_fusion.PhotoSlotQueryFusionTests.test_cat_eared_human_core_does_not_route_to_animal_subject) ... ok
test_focus_queries_use_relevant_frozen_fields_and_redact_exclusions (tests.test_photo_slot_query_fusion.PhotoSlotQueryFusionTests.test_focus_queries_use_relevant_frozen_fields_and_redact_exclusions) ... ok
test_guarded_action_lookup_recovers_focus_without_inherited_choices (tests.test_photo_slot_query_fusion.PhotoSlotQueryFusionTests.test_guarded_action_lookup_recovers_focus_without_inherited_choices) ... ok
test_subject_lookup_keeps_typed_human_and_adult_style_guards (tests.test_photo_slot_query_fusion.PhotoSlotQueryFusionTests.test_subject_lookup_keeps_typed_human_and_adult_style_guards) ... ok
test_alternative_components_require_every_part (tests.test_photo_subculture_appearance_alternatives.PhotoSubcultureAppearanceAlternativesTests.test_alternative_components_require_every_part) ... ok
test_empty_scope_domains_and_body_conversion_are_not_hidden_in_appearance (tests.test_photo_subculture_appearance_alternatives.PhotoSubcultureAppearanceAlternativesTests.test_empty_scope_domains_and_body_conversion_are_not_hidden_in_appearance) ... ok
test_exact_scope_is_positive_and_advisory_cannot_become_hard (tests.test_photo_subculture_appearance_alternatives.PhotoSubcultureAppearanceAlternativesTests.test_exact_scope_is_positive_and_advisory_cannot_become_hard) ... ok
test_existing_owners_keep_activation_effects_and_gate_meaning (tests.test_photo_subculture_appearance_alternatives.PhotoSubcultureAppearanceAlternativesTests.test_existing_owners_keep_activation_effects_and_gate_meaning) ... ok
test_parent_property_locks_and_carrier_aliases_are_preserved (tests.test_photo_subculture_appearance_alternatives.PhotoSubcultureAppearanceAlternativesTests.test_parent_property_locks_and_carrier_aliases_are_preserved) ... ok
test_wrong_carriers_and_neighbor_structures_do_not_supply_components (tests.test_photo_subculture_appearance_alternatives.PhotoSubcultureAppearanceAlternativesTests.test_wrong_carriers_and_neighbor_structures_do_not_supply_components) ... ok
test_broad_slanga_genres_and_single_cues_remain_nonhard (tests.test_photo_suggestive_editorial_visual_semantics.PhotoSuggestiveEditorialVisualSemanticsTests.test_broad_slanga_genres_and_single_cues_remain_nonhard) ... ok
test_candidate_atoms_are_reachable (tests.test_photo_suggestive_editorial_visual_semantics.PhotoSuggestiveEditorialVisualSemanticsTests.test_candidate_atoms_are_reachable) ... ok
test_controlled_reveal_requires_target_causality_salience_and_necessity (tests.test_photo_suggestive_editorial_visual_semantics.PhotoSuggestiveEditorialVisualSemanticsTests.test_controlled_reveal_requires_target_causality_salience_and_necessity) ... ok
test_figure_coverage_requires_primary_nonredundant_carrier (tests.test_photo_suggestive_editorial_visual_semantics.PhotoSuggestiveEditorialVisualSemanticsTests.test_figure_coverage_requires_primary_nonredundant_carrier) ... ok
test_generated_indexes_include_new_profiles_and_candidates (tests.test_photo_suggestive_editorial_visual_semantics.PhotoSuggestiveEditorialVisualSemanticsTests.test_generated_indexes_include_new_profiles_and_candidates) ... ok
test_historical_evidence_is_approved_and_remaining_candidates_are_bound (tests.test_photo_suggestive_editorial_visual_semantics.PhotoSuggestiveEditorialVisualSemanticsTests.test_historical_evidence_is_approved_and_remaining_candidates_are_bound) ... ok
test_narrow_exact_terms_route_to_one_expected_profile (tests.test_photo_suggestive_editorial_visual_semantics.PhotoSuggestiveEditorialVisualSemanticsTests.test_narrow_exact_terms_route_to_one_expected_profile) ... ok
test_profiles_are_complete_definition_only_pixel_contracts (tests.test_photo_suggestive_editorial_visual_semantics.PhotoSuggestiveEditorialVisualSemanticsTests.test_profiles_are_complete_definition_only_pixel_contracts) ... ok
test_research_note_records_reference_and_evidence_boundaries (tests.test_photo_suggestive_editorial_visual_semantics.PhotoSuggestiveEditorialVisualSemanticsTests.test_research_note_records_reference_and_evidence_boundaries) ... ok
test_skill_fail_closes_uncovered_focal_meaning (tests.test_photo_suggestive_editorial_visual_semantics.PhotoSuggestiveEditorialVisualSemanticsTests.test_skill_fail_closes_uncovered_focal_meaning) ... ok
test_three_arm_fixture_is_hash_bound_when_present (tests.test_photo_suggestive_editorial_visual_semantics.PhotoSuggestiveEditorialVisualSemanticsTests.test_three_arm_fixture_is_hash_bound_when_present) ... ok
test_existing_layer_preconditions_survive_normal_semantic_projection (tests.test_photo_tactile_reality_semantics.PhotoTactileRealitySemanticsTests.test_existing_layer_preconditions_survive_normal_semantic_projection) ... ok
test_independent_and_adjacent_negatives_cannot_activate_even_with_perfect_vector (tests.test_photo_tactile_reality_semantics.PhotoTactileRealitySemanticsTests.test_independent_and_adjacent_negatives_cannot_activate_even_with_perfect_vector) ... ok
test_independent_positive_components_admit_only_optional_discovery (tests.test_photo_tactile_reality_semantics.PhotoTactileRealitySemanticsTests.test_independent_positive_components_admit_only_optional_discovery) ... ok
test_operation_bundles_do_not_bypass_locked_action_or_material (tests.test_photo_tactile_reality_semantics.PhotoTactileRealitySemanticsTests.test_operation_bundles_do_not_bypass_locked_action_or_material) ... ok
test_precise_exact_labels_are_hard_but_broad_operation_labels_are_not (tests.test_photo_tactile_reality_semantics.PhotoTactileRealitySemanticsTests.test_precise_exact_labels_are_hard_but_broad_operation_labels_are_not) ... ok
test_provenance_is_separate_hash_bound_and_sources_resolve (tests.test_photo_tactile_reality_semantics.PhotoTactileRealitySemanticsTests.test_provenance_is_separate_hash_bound_and_sources_resolve) ... ok
test_real_indexes_include_changed_text_in_the_right_vector_space (tests.test_photo_tactile_reality_semantics.PhotoTactileRealitySemanticsTests.test_real_indexes_include_changed_text_in_the_right_vector_space) ... ok
test_registered_ten_candidates_and_four_distinct_optional_bundles (tests.test_photo_tactile_reality_semantics.PhotoTactileRealitySemanticsTests.test_registered_ten_candidates_and_four_distinct_optional_bundles) ... ok
test_reviewer_authored_multilingual_component_checks (tests.test_photo_tactile_reality_semantics.PhotoTactileRealitySemanticsTests.test_reviewer_authored_multilingual_component_checks) ... ok
test_unrelated_ordinary_objects_do_not_suppress_a_real_environment_target (tests.test_photo_tactile_reality_semantics.PhotoTactileRealitySemanticsTests.test_unrelated_ordinary_objects_do_not_suppress_a_real_environment_target) ... ok
test_broad_vocabulary_remains_advisory (tests.test_photo_violence_crime_visual_semantics.PhotoViolenceCrimeVisualSemanticsTests.test_broad_vocabulary_remains_advisory) ... ok
test_cluster_manifest_binds_every_profile_and_candidate_once (tests.test_photo_violence_crime_visual_semantics.PhotoViolenceCrimeVisualSemanticsTests.test_cluster_manifest_binds_every_profile_and_candidate_once) ... ok
test_direct_contextual_terms_route_only_to_intended_new_profile (tests.test_photo_violence_crime_visual_semantics.PhotoViolenceCrimeVisualSemanticsTests.test_direct_contextual_terms_route_only_to_intended_new_profile) ... ok
test_extension_adds_no_separate_safety_contract_or_slot (tests.test_photo_violence_crime_visual_semantics.PhotoViolenceCrimeVisualSemanticsTests.test_extension_adds_no_separate_safety_contract_or_slot) ... ok
test_extension_has_eleven_complete_six_slot_clusters (tests.test_photo_violence_crime_visual_semantics.PhotoViolenceCrimeVisualSemanticsTests.test_extension_has_eleven_complete_six_slot_clusters) ... ok
test_nearest_substitutes_do_not_activate_new_profiles (tests.test_photo_violence_crime_visual_semantics.PhotoViolenceCrimeVisualSemanticsTests.test_nearest_substitutes_do_not_activate_new_profiles) ... ok
test_real_generated_index_contains_new_profiles_and_vectors (tests.test_photo_violence_crime_visual_semantics.PhotoViolenceCrimeVisualSemanticsTests.test_real_generated_index_contains_new_profiles_and_vectors) ... ok
test_registry_schema_accepts_violence_crime_profiles (tests.test_photo_violence_crime_visual_semantics.PhotoViolenceCrimeVisualSemanticsTests.test_registry_schema_accepts_violence_crime_profiles) ... ok
test_research_evidence_is_approved_and_contract_bound (tests.test_photo_violence_crime_visual_semantics.PhotoViolenceCrimeVisualSemanticsTests.test_research_evidence_is_approved_and_contract_bound) ... ok
test_twenty_profiles_have_relation_evidence_and_pixel_gates (tests.test_photo_violence_crime_visual_semantics.PhotoViolenceCrimeVisualSemanticsTests.test_twenty_profiles_have_relation_evidence_and_pixel_gates) ... ok
test_contact_and_noncontact_keep_all_five_required_components (tests.test_photo_wet_hair_weight_alternative.WetHairWeightAlternativeTests.test_contact_and_noncontact_keep_all_five_required_components) ... ok
test_evidence_floor_and_original_contact_anchors_stay (tests.test_photo_wet_hair_weight_alternative.WetHairWeightAlternativeTests.test_evidence_floor_and_original_contact_anchors_stay) ... ok
test_generic_gravity_gloss_or_gel_does_not_replace_moisture_weight (tests.test_photo_wet_hair_weight_alternative.WetHairWeightAlternativeTests.test_generic_gravity_gloss_or_gel_does_not_replace_moisture_weight) ... ok
test_candidate_pack_has_complete_role_task_tool_location_clusters (tests.test_photo_womens_professional_uniform_visual_semantics.WomensProfessionalUniformVisualSemanticsTests.test_candidate_pack_has_complete_role_task_tool_location_clusters) ... ok
test_eight_hard_profiles_have_component_contracts_and_five_pixel_gates (tests.test_photo_womens_professional_uniform_visual_semantics.WomensProfessionalUniformVisualSemanticsTests.test_eight_hard_profiles_have_component_contracts_and_five_pixel_gates) ... ok
test_generic_gendered_uniform_and_costume_terms_do_not_force_profiles (tests.test_photo_womens_professional_uniform_visual_semantics.WomensProfessionalUniformVisualSemanticsTests.test_generic_gendered_uniform_and_costume_terms_do_not_force_profiles) ... ok
test_professional_names_are_advisory_and_requested_procedures_are_hard (tests.test_photo_womens_professional_uniform_visual_semantics.WomensProfessionalUniformVisualSemanticsTests.test_professional_names_are_advisory_and_requested_procedures_are_hard) ... ok
test_registry_schema_accepts_professional_uniform_profiles (tests.test_photo_womens_professional_uniform_visual_semantics.WomensProfessionalUniformVisualSemanticsTests.test_registry_schema_accepts_professional_uniform_profiles) ... ok
test_research_rows_are_approved_source_bound_and_candidate_complete (tests.test_photo_womens_professional_uniform_visual_semantics.WomensProfessionalUniformVisualSemanticsTests.test_research_rows_are_approved_source_bound_and_candidate_complete) ... ok
test_aggregate_validator_does_not_hide_partial_pixel_qualification (tests.test_subculture_illustration_contract_v1.SubcultureIllustrationContractV1Tests.test_aggregate_validator_does_not_hide_partial_pixel_qualification) ... ERROR
test_all_24_frozen_requests_resolve_exact_route_variant_and_sparse_edge (tests.test_subculture_illustration_contract_v1.SubcultureIllustrationContractV1Tests.test_all_24_frozen_requests_resolve_exact_route_variant_and_sparse_edge) ... ok
test_asset_validator_passes_with_frozen_counts (tests.test_subculture_illustration_contract_v1.SubcultureIllustrationContractV1Tests.test_asset_validator_passes_with_frozen_counts) ... ok
test_audit_binding_uses_the_skill_specific_core (tests.test_subculture_illustration_contract_v1.SubcultureIllustrationContractV1Tests.test_audit_binding_uses_the_skill_specific_core) ... ok
test_canonical_pack_id_tamper_is_distinguished_from_composed_failure (tests.test_subculture_illustration_contract_v1.SubcultureIllustrationContractV1Tests.test_canonical_pack_id_tamper_is_distinguished_from_composed_failure) ... ok
test_case01_v2_preflight_is_clean_frozen_and_generation_free (tests.test_subculture_illustration_contract_v1.SubcultureIllustrationContractV1Tests.test_case01_v2_preflight_is_clean_frozen_and_generation_free) ... ok
test_case01_v2_preflight_mutations_fail_closed (tests.test_subculture_illustration_contract_v1.SubcultureIllustrationContractV1Tests.test_case01_v2_preflight_mutations_fail_closed) ... ok
test_case01_v2_successor_cannot_promote_a_failed_carrier (tests.test_subculture_illustration_contract_v1.SubcultureIllustrationContractV1Tests.test_case01_v2_successor_cannot_promote_a_failed_carrier) ... ok
test_case01_v2_successor_preserves_both_failed_roles (tests.test_subculture_illustration_contract_v1.SubcultureIllustrationContractV1Tests.test_case01_v2_successor_preserves_both_failed_roles) ... ok
test_case01_v3_preflight_records_distinct_authorized_carriers (tests.test_subculture_illustration_contract_v1.SubcultureIllustrationContractV1Tests.test_case01_v3_preflight_records_distinct_authorized_carriers) ... ok
test_case01_v3_primary_hash_or_role_mutations_fail_closed (tests.test_subculture_illustration_contract_v1.SubcultureIllustrationContractV1Tests.test_case01_v3_primary_hash_or_role_mutations_fail_closed) ... ok
test_case01_v3_primary_pass_preserves_prior_failures (tests.test_subculture_illustration_contract_v1.SubcultureIllustrationContractV1Tests.test_case01_v3_primary_pass_preserves_prior_failures) ... ok
test_composed_contract_mutations_fail_without_pack_integrity_errors (tests.test_subculture_illustration_contract_v1.SubcultureIllustrationContractV1Tests.test_composed_contract_mutations_fail_without_pack_integrity_errors) ... ok
test_constructed_equal_priority_route_collision_fails_closed (tests.test_subculture_illustration_contract_v1.SubcultureIllustrationContractV1Tests.test_constructed_equal_priority_route_collision_fails_closed) ... ok
test_default_pack_uses_balanced_creativity_without_high_creative_development (tests.test_subculture_illustration_contract_v1.SubcultureIllustrationContractV1Tests.test_default_pack_uses_balanced_creativity_without_high_creative_development) ... ok
test_explicit_creative_intent_keeps_high_creative_development (tests.test_subculture_illustration_contract_v1.SubcultureIllustrationContractV1Tests.test_explicit_creative_intent_keeps_high_creative_development) ... ok
test_format_mismatch_is_a_pack_contract_error (tests.test_subculture_illustration_contract_v1.SubcultureIllustrationContractV1Tests.test_format_mismatch_is_a_pack_contract_error) ... ok
test_generation_retry_policy_includes_three_unchanged_refusal_retries (tests.test_subculture_illustration_contract_v1.SubcultureIllustrationContractV1Tests.test_generation_retry_policy_includes_three_unchanged_refusal_retries) ... ok
test_generation_retry_policy_mutations_fail_closed (tests.test_subculture_illustration_contract_v1.SubcultureIllustrationContractV1Tests.test_generation_retry_policy_mutations_fail_closed) ... ok
test_generic_request_uses_only_family_default (tests.test_subculture_illustration_contract_v1.SubcultureIllustrationContractV1Tests.test_generic_request_uses_only_family_default) ... ok
test_high_creativity_plan_binds_selected_proposal_exactly (tests.test_subculture_illustration_contract_v1.SubcultureIllustrationContractV1Tests.test_high_creativity_plan_binds_selected_proposal_exactly) ... ok
test_legacy_pack_and_composed_contract_remain_supported (tests.test_subculture_illustration_contract_v1.SubcultureIllustrationContractV1Tests.test_legacy_pack_and_composed_contract_remain_supported) ... ok
test_linked_risk_backstop_is_narrow_and_fail_closed (tests.test_subculture_illustration_contract_v1.SubcultureIllustrationContractV1Tests.test_linked_risk_backstop_is_narrow_and_fail_closed) ... ok
test_named_style_guard_distinguishes_subject_from_creator_reference (tests.test_subculture_illustration_contract_v1.SubcultureIllustrationContractV1Tests.test_named_style_guard_distinguishes_subject_from_creator_reference) ... ok
test_one_valid_literal_composed_fixture_passes (tests.test_subculture_illustration_contract_v1.SubcultureIllustrationContractV1Tests.test_one_valid_literal_composed_fixture_passes) ... ok
test_pack_cannot_require_pixel_review_as_a_composed_format_field (tests.test_subculture_illustration_contract_v1.SubcultureIllustrationContractV1Tests.test_pack_cannot_require_pixel_review_as_a_composed_format_field) ... ok
test_post_render_pixel_review_is_not_a_pre_render_format_phrase (tests.test_subculture_illustration_contract_v1.SubcultureIllustrationContractV1Tests.test_post_render_pixel_review_is_not_a_pre_render_format_phrase) ... ok
test_render_review_closes_frozen_views_without_hiding_the_failed_case (tests.test_subculture_illustration_contract_v1.SubcultureIllustrationContractV1Tests.test_render_review_closes_frozen_views_without_hiding_the_failed_case) ... ok
test_risky_primary_requires_a_different_safe_fallback_kind (tests.test_subculture_illustration_contract_v1.SubcultureIllustrationContractV1Tests.test_risky_primary_requires_a_different_safe_fallback_kind) ... ok
test_same_input_is_canonically_deterministic (tests.test_subculture_illustration_contract_v1.SubcultureIllustrationContractV1Tests.test_same_input_is_canonically_deterministic) ... ok
test_second_look_plan_mutations_fail_closed (tests.test_subculture_illustration_contract_v1.SubcultureIllustrationContractV1Tests.test_second_look_plan_mutations_fail_closed) ... ok
test_support_budget_overflow_is_a_pack_contract_error (tests.test_subculture_illustration_contract_v1.SubcultureIllustrationContractV1Tests.test_support_budget_overflow_is_a_pack_contract_error) ... ok
test_v1_and_v2_prompt_qualification_are_separate_and_valid (tests.test_subculture_illustration_contract_v1.SubcultureIllustrationContractV1Tests.test_v1_and_v2_prompt_qualification_are_separate_and_valid) ... ok
test_v2_pack_exposes_closed_second_look_contract (tests.test_subculture_illustration_contract_v1.SubcultureIllustrationContractV1Tests.test_v2_pack_exposes_closed_second_look_contract) ... ok

======================================================================
ERROR: test_complete_merged_state_and_twenty_one_keeps_remain_exact (tests.test_photo_liminal_active_use_korean_data_cleanup.LiminalActiveUseKoreanDataCleanupTests.test_complete_merged_state_and_twenty_one_keeps_remain_exact)
----------------------------------------------------------------------
Traceback (most recent call last):
  File "/Users/chasoik/Projects/image-prompt/tests/test_photo_liminal_active_use_korean_data_cleanup.py", line 92, in test_complete_merged_state_and_twenty_one_keeps_remain_exact
    historical_current = common.g.load_json(ASSETS / 'photo_prompt_tags.json')
  File "/Users/chasoik/Projects/image-prompt/skills/photo-prompt-image-generator/scripts/prompt_generator.py", line 1324, in load_json
    data = merge_research_extension(data, extension)
  File "/Users/chasoik/Projects/image-prompt/skills/photo-prompt-image-generator/scripts/prompt_generator.py", line 786, in merge_research_extension
    photo_candidate_semantics.extend_slot_contexts(
    ~~~~~~~~~~~~~~~~~~~~~~~~~~~~~~~~~~~~~~~~~~~~~~^
        slots, extension.get("existing_slot_context_extensions"))
        ^^^^^^^^^^^^^^^^^^^^^^^^^^^^^^^^^^^^^^^^^^^^^^^^^^^^^^^^^
  File "/Users/chasoik/Projects/image-prompt/skills/photo-prompt-image-generator/scripts/photo_candidate_semantics.py", line 88, in extend_slot_contexts
    raise ValueError(f"context extension references unknown entry {slot}.{entry_id}")
ValueError: context extension references unknown entry silhouette_proportion.bm_stature_scale

======================================================================
ERROR: test_aggregate_validator_does_not_hide_partial_pixel_qualification (tests.test_subculture_illustration_contract_v1.SubcultureIllustrationContractV1Tests.test_aggregate_validator_does_not_hide_partial_pixel_qualification)
----------------------------------------------------------------------
Traceback (most recent call last):
  File "/Users/chasoik/Projects/image-prompt/tests/test_subculture_illustration_contract_v1.py", line 504, in test_aggregate_validator_does_not_hide_partial_pixel_qualification
    summary = validate_all(ASSET_ROOT)
  File "/Users/chasoik/Projects/image-prompt/skills/subculture-illustration-image-generator/scripts/validate_illustration_assets.py", line 11584, in validate_all
    photo_regression = validate_photo_regression_baseline(root)
  File "/Users/chasoik/Projects/image-prompt/skills/subculture-illustration-image-generator/scripts/validate_illustration_assets.py", line 6506, in validate_photo_regression_baseline
    _require(
    ~~~~~~~~^
        digest == baseline.get("sha256"),
        ^^^^^^^^^^^^^^^^^^^^^^^^^^^^^^^^^
        "current photo baseline candidate-pack bytes drift",
        ^^^^^^^^^^^^^^^^^^^^^^^^^^^^^^^^^^^^^^^^^^^^^^^^^^^^
    )
    ^
  File "/Users/chasoik/Projects/image-prompt/skills/subculture-illustration-image-generator/scripts/validate_illustration_assets.py", line 1280, in _require
    raise ValidationFailure(message)
validate_illustration_assets.ValidationFailure: current photo baseline candidate-pack bytes drift

======================================================================
FAIL: test_prior_twenty_three_edited_rows_are_byte_semantically_preserved (tests.test_photo_scene_data_cleanup.ScenePreservationTests.test_prior_twenty_three_edited_rows_are_byte_semantically_preserved)
----------------------------------------------------------------------
Traceback (most recent call last):
  File "/Users/chasoik/Projects/image-prompt/tests/test_photo_scene_data_cleanup.py", line 130, in test_prior_twenty_three_edited_rows_are_byte_semantically_preserved
    self.assertEqual(actual,record['sha256'],record['id'])
    ~~~~~~~~~~~~~~~~^^^^^^^^^^^^^^^^^^^^^^^^^^^^^^^^^^^^^^
AssertionError: '277b14b312523a2f800dbe6af36ee835381cff763fed7a9194b48b45be4a2f69' != 'b12a56350a53f468e132be9eddfe2b7e47f42a8724f713d57c35bb903fd2295a'
- 277b14b312523a2f800dbe6af36ee835381cff763fed7a9194b48b45be4a2f69
+ b12a56350a53f468e132be9eddfe2b7e47f42a8724f713d57c35bb903fd2295a
 : athletic_mesh_open_structure

----------------------------------------------------------------------
Ran 316 tests in 931.513s

FAILED (failures=1, errors=2)
