tests.test_anchor_expansion 0 1 / 80
tests.test_creativity 0 2 / 80
tests.test_beastkin_improvements 1 3 / 80
tests.test_makeup_layer_dictionary 0 4 / 80
tests.test_golden_snapshots 1 5 / 80
tests.test_photo_authorial_core_v6 0 6 / 80
tests.test_photo_authorship_policy 0 7 / 80
tests.test_photo_bm25f_retrieval 0 8 / 80
tests.test_photo_affect_visual_semantics 0 9 / 80
tests.test_photo_adult_appeal_visual_semantics 0 10 / 80
tests.test_photo_boundary_transition_visual_semantics 0 11 / 80
tests.test_photo_candidate_semantics 0 12 / 80
tests.test_photo_capture_elements_visual_semantics 0 13 / 80
tests.test_photo_authorial_core_v5 0 14 / 80
tests.test_photo_character_render_review 0 15 / 80
tests.test_photo_character_response_concepts 0 16 / 80
tests.test_photo_composer_view 0 17 / 80
tests.test_photo_color_relations 0 18 / 80
tests.test_photo_data_semantic_corrections 0 19 / 80
tests.test_photo_body_aesthetic_semantics 0 20 / 80
tests.test_photo_desire_visual_semantics 0 21 / 80
tests.test_photo_concept_candidate_expansion 0 22 / 80
tests.test_photo_embodiment 0 23 / 80
tests.test_photo_emotional_place_visual_semantics 0 24 / 80
tests.test_photo_era_visual_semantics 0 25 / 80
tests.test_photo_death_afterlife_semantics 0 26 / 80
tests.test_photo_body_shape_semantics 0 27 / 80
tests.test_photo_harem_visual_semantics 0 28 / 80
tests.test_photo_historical_womenswear_semantics 0 29 / 80
tests.test_photo_hair_visual_semantics 0 30 / 80
tests.test_photo_imaginal_visual_semantics 0 31 / 80
tests.test_photo_face_shape_semantics 0 32 / 80
tests.test_photo_korean_emotional_visual_semantics 0 33 / 80
tests.test_photo_legend_visual_semantics 0 34 / 80
tests.test_photo_lighting_visual_semantics 0 35 / 80
tests.test_photo_fantasy_visual_semantics 0 36 / 80
tests.test_photo_humanlike_semantics 0 37 / 80
tests.test_photo_makeup_reference_balance 0 38 / 80
tests.test_photo_model_editorial_semantics 0 39 / 80
tests.test_photo_instrument_semantics 0 40 / 80
tests.test_photo_luxury_semantics 0 41 / 80
tests.test_photo_opening_era_semantics 0 42 / 80
tests.test_photo_palace_fortification_semantics 0 43 / 80
tests.test_photo_makeup_visual_semantics 0 44 / 80
tests.test_photo_positive_retrieval 0 45 / 80
tests.test_photo_pose_visual_semantics 0 46 / 80
tests.test_photo_poverty_visual_semantics 0 47 / 80
tests.test_photo_natural_environment_semantics 0 48 / 80
tests.test_photo_prepack_isolation_v5 0 49 / 80
tests.test_photo_mythology_visual_semantics 0 50 / 80
tests.test_photo_punk_aesthetic_semantics 0 51 / 80
tests.test_photo_render_repair 0 52 / 80
tests.test_photo_role_garment_candidate_expansion 0 53 / 80
tests.test_photo_run_manifest 0 54 / 80
tests.test_photo_reactorprompt_visual_relations 0 55 / 80
tests.test_photo_rare_photo_visual_semantics 0 56 / 80
tests.test_photo_suggestive_editorial_visual_semantics 1 57 / 80
tests.test_photo_swimwear_semantics 0 58 / 80
tests.test_photo_space_visual_semantics 0 59 / 80
tests.test_photo_traditional_clothing_semantics 1 60 / 80
tests.test_photo_visual_profile_retrieval 0 61 / 80
tests.test_photo_violence_crime_visual_semantics 0 62 / 80
tests.test_photo_weapon_visual_semantics 0 63 / 80
tests.test_photo_womens_activewear_visual_semantics 0 64 / 80
tests.test_photo_womens_professional_uniform_visual_semantics 0 65 / 80
tests.test_photo_womens_casualwear_visual_semantics 0 66 / 80
tests.test_photo_womens_summer_trend_visual_semantics 0 67 / 80
tests.test_prompt_expansion_routes 0 68 / 80
tests.test_photo_prompt_contract_v2 124 69 / 80
tests.test_review_gates 0 70 / 80
tests.test_slot_conflicts 0 71 / 80
tests.test_soft_anchor_pools 0 72 / 80
tests.test_subculture_illustration_contract_v1 1 73 / 80
tests.test_subculture_illustration_moe_elements 0 74 / 80
tests.test_subculture_illustration_photo_boundary 1 75 / 80
tests.test_photo_wuxia_visual_semantics 0 76 / 80
tests.test_universal_scene_directional_substitution 0 77 / 80
tests.test_photo_visual_obligations 124 78 / 80
tests.test_subculture_illustration_universal_scene_v3 1 79 / 80
tests.test_prompt_generator 1 80 / 80
{"discovered_test_count": 1164, "module_count": 80, "reported_test_count": 1072, "status": "FAIL"}
