test_legacy_disjunction_and_delamination_bindings_remain (tests.test_photo_acetate_distortion_alternative.AcetateDistortionAlternativeTests.test_legacy_disjunction_and_delamination_bindings_remain) ... ok
test_all_thirty_six_keep_decisions_are_exactly_preserved (tests.test_photo_action_context_effects_cleanup.ActionContextEffectsCleanupTests.test_all_thirty_six_keep_decisions_are_exactly_preserved) ... ok
test_adopted_candidate_requires_its_complete_effect_in_the_brief (tests.test_photo_adult_appeal_scope.PhotoAdultAppealScopeTests.test_adopted_candidate_requires_its_complete_effect_in_the_brief) ... ok
test_composed_audit_rejects_locked_and_undeclared_effects (tests.test_photo_adult_appeal_scope.PhotoAdultAppealScopeTests.test_composed_audit_rejects_locked_and_undeclared_effects) ... ok
test_exact_runtime_accepts_the_scoped_composition (tests.test_photo_adult_appeal_scope.PhotoAdultAppealScopeTests.test_exact_runtime_accepts_the_scoped_composition) ... ok
test_broad_labels_and_single_cues_remain_fail_closed (tests.test_photo_adult_appeal_visual_semantics.PhotoAdultAppealVisualSemanticsTests.test_broad_labels_and_single_cues_remain_fail_closed) ... ok
test_exact_composites_activate_only_their_profile (tests.test_photo_adult_appeal_visual_semantics.PhotoAdultAppealVisualSemanticsTests.test_exact_composites_activate_only_their_profile) ... ok
test_exact_profiles_materialize_their_pixel_gate_sets (tests.test_photo_adult_appeal_visual_semantics.PhotoAdultAppealVisualSemanticsTests.test_exact_profiles_materialize_their_pixel_gate_sets) ... ok
test_blanket_negative_rewrite_is_rejected_before_core_freeze (tests.test_photo_authorial_core_v6.PhotoAuthorialCoreV6Tests.test_blanket_negative_rewrite_is_rejected_before_core_freeze) ... ok
test_negative_intent_guard_filters_semantic_defaults_and_is_auditable (tests.test_photo_authorial_core_v6.PhotoAuthorialCoreV6Tests.test_negative_intent_guard_filters_semantic_defaults_and_is_auditable) ... ok
test_raw_character_labels_never_create_typed_response (tests.test_photo_authorial_core_v6.PhotoAuthorialCoreV6Tests.test_raw_character_labels_never_create_typed_response) ... ok
test_optional_decisions_remain_distinct_substantive_and_explicit (tests.test_photo_authorship_policy.PhotoAuthorshipPolicyTests.test_optional_decisions_remain_distinct_substantive_and_explicit) ... ok
test_policy_deletion_or_forgery_cannot_grant_more_freedom (tests.test_photo_authorship_policy.PhotoAuthorshipPolicyTests.test_policy_deletion_or_forgery_cannot_grant_more_freedom) ... ok
test_index_validation_detects_stale_authored_fields (tests.test_photo_bm25f_retrieval.PhotoBm25fRetrievalTests.test_index_validation_detects_stale_authored_fields) ... ok
test_candidate_pack_separates_landmarks_contours_pose_and_composition (tests.test_photo_body_aesthetic_semantics.PhotoBodyAestheticSemanticsTests.test_candidate_pack_separates_landmarks_contours_pose_and_composition) ... ok
test_waving_and_serpentine_lines_keep_distinct_visual_owners (tests.test_photo_body_aesthetic_semantics.PhotoBodyAestheticSemanticsTests.test_waving_and_serpentine_lines_keep_distinct_visual_owners) ... ok
test_neutral_anatomical_topology_needs_actual_anatomical_context (tests.test_photo_body_morphology_semantics.PhotoBodyMorphologySemanticsTests.test_neutral_anatomical_topology_needs_actual_anatomical_context) ... ok
test_candidate_pack_covers_build_region_shape_and_observability_axes (tests.test_photo_body_shape_semantics.PhotoBodyShapeSemanticsTests.test_candidate_pack_covers_build_region_shape_and_observability_axes) ... ok
test_bundle_entrypoint_rejects_malformed_stale_and_wrong_request_snapshots (tests.test_photo_bound_context_surfaces.BoundContextSurfaceTests.test_bundle_entrypoint_rejects_malformed_stale_and_wrong_request_snapshots) ... ok
test_real_catalog_human_bundle_is_eligible_false_control_but_blocked_by_bound_true (tests.test_photo_bound_context_surfaces.BoundContextSurfaceTests.test_real_catalog_human_bundle_is_eligible_false_control_but_blocked_by_bound_true) ... ok
test_declared_direction_and_height_require_separate_or_combined_typed_evidence (tests.test_photo_camera_owned_clauses.NewCameraAuthoringChecks.test_declared_direction_and_height_require_separate_or_combined_typed_evidence) ... ok
test_focus_and_concept_evidence_do_not_satisfy_camera_requirements (tests.test_photo_camera_owned_clauses.NewCameraAuthoringChecks.test_focus_and_concept_evidence_do_not_satisfy_camera_requirements) ... ok
test_all_authored_bundles_compile_and_profile_links_remain_advisory (tests.test_photo_candidate_semantics.PhotoCandidateSemanticsTests.test_all_authored_bundles_compile_and_profile_links_remain_advisory) ... ok
test_canonical_street_link_and_storefront_label_keep_stable_ids (tests.test_photo_candidate_semantics.PhotoCandidateSemanticsTests.test_canonical_street_link_and_storefront_label_keep_stable_ids) ... ok
test_real_generator_builds_an_adoptable_bundle_with_full_view_and_audit (tests.test_photo_candidate_semantics.PhotoCandidateSemanticsTests.test_real_generator_builds_an_adoptable_bundle_with_full_view_and_audit) ... ok
test_complete_positive_components_are_applicable_in_both_languages (tests.test_photo_capture_boundary_data.CaptureBoundaryDataTests.test_complete_positive_components_are_applicable_in_both_languages) ... ok
test_generated_index_is_current_and_contains_every_profile (tests.test_photo_capture_elements_visual_semantics.PhotoCaptureElementsVisualSemanticsTests.test_generated_index_is_current_and_contains_every_profile) ... ok
test_all_forty_one_retained_rows_remain_identical (tests.test_photo_capture_owner_data_cleanup.CaptureOwnerDataCleanupTests.test_all_forty_one_retained_rows_remain_identical) ... ok
test_complete_audited_composition_is_required (tests.test_photo_character_render_review.PhotoCharacterRenderReviewTests.test_complete_audited_composition_is_required) ... ok
test_rehashed_gate_deletion_duplication_or_rebinding_cannot_shrink_duties (tests.test_photo_character_render_review.PhotoCharacterRenderReviewTests.test_rehashed_gate_deletion_duplication_or_rebinding_cannot_shrink_duties) ... ok
test_post_core_retrieval_is_advisory_and_score_free (tests.test_photo_character_response_concepts.PhotoCharacterResponseConceptTests.test_post_core_retrieval_is_advisory_and_score_free) ... ok
test_yandere_profile_is_behavior_led_and_contrastive (tests.test_photo_character_response_concepts.PhotoCharacterResponseConceptTests.test_yandere_profile_is_behavior_led_and_contrastive) ... ok
test_bundles_require_members_and_every_affected_open_dimension (tests.test_photo_color_relations.ColorRelationsTests.test_bundles_require_members_and_every_affected_open_dimension) ... ok
test_semantic_similarity_is_advisory_even_for_close_visual_query (tests.test_photo_color_relations.ColorRelationsTests.test_semantic_similarity_is_advisory_even_for_close_visual_query) ... ok
test_source_binding_and_unmeasurable_or_sequence_concepts_excluded (tests.test_photo_color_relations.ColorRelationsTests.test_source_binding_and_unmeasurable_or_sequence_concepts_excluded) ... ok
test_unknown_requirements_and_required_meaning_remain_exact (tests.test_photo_composer_view.PhotoComposerViewTests.test_unknown_requirements_and_required_meaning_remain_exact) ... ok
test_axis_inventory_has_catalog_and_exact_detail_lookup_outside_creative_sample (tests.test_photo_contextual_appeal.ContextualAppealTests.test_axis_inventory_has_catalog_and_exact_detail_lookup_outside_creative_sample) ... ok
test_role_and_setting_effects_require_explicit_open_scope (tests.test_photo_contextual_appeal.ContextualAppealTests.test_role_and_setting_effects_require_explicit_open_scope) ... ok
test_short_relation_queries_keep_request_action_without_agent_outfit_or_control_syntax (tests.test_photo_contextual_appeal.ContextualAppealTests.test_short_relation_queries_keep_request_action_without_agent_outfit_or_control_syntax) ... ok
test_creativity_and_emphasis_assignments_do_not_become_visual_requirements (tests.test_photo_control_span_ownership.ControlSpanOwnershipTests.test_creativity_and_emphasis_assignments_do_not_become_visual_requirements) ... ok
test_missing_stale_or_mismatched_settings_do_not_exempt_spans (tests.test_photo_control_span_ownership.ControlSpanOwnershipTests.test_missing_stale_or_mismatched_settings_do_not_exempt_spans) ... ok
test_generic_and_legacy_routes (tests.test_photo_convoy_route_alternative.ConvoyRouteAlternativeTests.test_generic_and_legacy_routes) ... ok
test_successor_preserves_history_and_the_observed_scene_contract (tests.test_photo_current_boundary_snapshot.PhotoCurrentBoundarySnapshotTests.test_successor_preserves_history_and_the_observed_scene_contract) ... ok
test_jpeg_repaired_owner_survives_final_semantic_overlay (tests.test_photo_data_cleanup_public_surfaces.DataCleanupPublicSurfaceTests.test_jpeg_repaired_owner_survives_final_semantic_overlay) ... ok
test_adjacent_concepts_fail_closed (tests.test_photo_death_afterlife_semantics.PhotoDeathAfterlifeSemanticsTests.test_adjacent_concepts_fail_closed) ... ok
test_candidate_pack_spans_subject_action_mechanism_trace_and_review (tests.test_photo_death_afterlife_semantics.PhotoDeathAfterlifeSemanticsTests.test_candidate_pack_spans_subject_action_mechanism_trace_and_review) ... ok
test_research_evidence_is_approved_and_candidate_bound (tests.test_photo_death_afterlife_semantics.PhotoDeathAfterlifeSemanticsTests.test_research_evidence_is_approved_and_candidate_bound) ... ok
test_research_evidence_is_approved_and_contract_bound (tests.test_photo_desire_visual_semantics.PhotoDesireVisualSemanticsTests.test_research_evidence_is_approved_and_contract_bound) ... ok
test_malformed_property_declarations_fail_before_candidate_use (tests.test_photo_editing_effects_semantics.PhotoEditingEffectsSemanticsTests.test_malformed_property_declarations_fail_before_candidate_use) ... ok
test_runtime_requires_binding_and_rejects_added_positive_prose (tests.test_photo_embodiment.EmbodimentContractTests.test_runtime_requires_binding_and_rejects_added_positive_prose) ... ok
test_still_life_can_remain_inapplicable_without_inventing_an_actor (tests.test_photo_embodiment.EmbodimentContractTests.test_still_life_can_remain_inapplicable_without_inventing_an_actor) ... ok
test_five_arm_cases_are_distinct_and_hash_bound (tests.test_photo_face_shape_semantics.PhotoFaceShapeSemanticsTests.test_five_arm_cases_are_distinct_and_hash_bound) ... ok
test_research_evidence_is_approved_bound_and_limited (tests.test_photo_fantasy_visual_semantics.PhotoFantasyVisualSemanticsTests.test_research_evidence_is_approved_bound_and_limited) ... ok
test_embedding_only_component_paraphrase_remains_optional (tests.test_photo_hair_visual_semantics.PhotoHairVisualSemanticsTests.test_embedding_only_component_paraphrase_remains_optional) ... ok
test_routing_pairs_keep_exact_profiles_hard_and_components_advisory (tests.test_photo_humanlike_semantics.PhotoHumanlikeSemanticTests.test_routing_pairs_keep_exact_profiles_hard_and_components_advisory) ... ok
test_safety_word_and_malformed_payload_do_not_classify_moderation (tests.test_photo_image_attempt_evidence.ApiErrorEvidenceTests.test_safety_word_and_malformed_payload_do_not_classify_moderation) ... ok
test_writer_cli_retains_unicode_and_refuses_existing_path (tests.test_photo_image_attempt_evidence.EvidenceBindingTests.test_writer_cli_retains_unicode_and_refuses_existing_path) ... ok
test_non_error_values_cycles_getters_and_proxies_cannot_break_capture (tests.test_photo_image_attempt_evidence.NativeCaptureTests.test_non_error_values_cycles_getters_and_proxies_cannot_break_capture) ... ok
test_close_visual_substitutes_do_not_activate_new_profiles (tests.test_photo_imaginal_visual_semantics.PhotoImaginalVisualSemanticsTests.test_close_visual_substitutes_do_not_activate_new_profiles) ... ok
test_cli_rejects_post_core_control_flags_before_loading_candidates (tests.test_photo_initial_creative_controls.CreativeControlResolverTests.test_cli_rejects_post_core_control_flags_before_loading_candidates) ... ok
test_invalid_values_and_emphasis_fail (tests.test_photo_initial_creative_controls.CreativeControlResolverTests.test_invalid_values_and_emphasis_fail) ... ok
test_research_evidence_is_approved_and_bound_to_existing_data (tests.test_photo_instrument_semantics.PhotoInstrumentSemanticsTests.test_research_evidence_is_approved_and_bound_to_existing_data) ... ok
test_all_nine_keeps_and_every_existing_target_field_are_exact (tests.test_photo_jurisdiction_record_unit_data_cleanup.JurisdictionRecordUnitDataCleanupTests.test_all_nine_keeps_and_every_existing_target_field_are_exact) ... ok
test_material_evidence_retains_original_anchors_and_floor (tests.test_photo_kebaya_material_alternative.KebayaMaterialAlternativeTests.test_material_evidence_retains_original_anchors_and_floor) ... ok
test_generated_indexes_contain_current_profiles_and_candidates (tests.test_photo_korean_emotional_visual_semantics.PhotoKoreanEmotionalVisualSemanticsTests.test_generated_indexes_contain_current_profiles_and_candidates) ... ok
test_research_evidence_is_approved_source_and_candidate_bound (tests.test_photo_korean_emotional_visual_semantics.PhotoKoreanEmotionalVisualSemanticsTests.test_research_evidence_is_approved_source_and_candidate_bound) ... ok
test_exact_frozen_scope_queries_and_budget (tests.test_photo_krummholz_korean_alias_data_cleanup.KrummholzKoreanAliasDataCleanupTests.test_exact_frozen_scope_queries_and_budget) ... ok
test_historical_merged_state_and_current_ten_keeps_are_exact (tests.test_photo_krummholz_korean_alias_data_cleanup.KrummholzKoreanAliasDataCleanupTests.test_historical_merged_state_and_current_ten_keeps_are_exact) ... ok
test_thirty_five_kept_rows_remain_exact (tests.test_photo_lighting_color_owner_data_cleanup.LightingColorOwnerDataCleanupTests.test_thirty_five_kept_rows_remain_exact) ... ok
test_affirmative_excluded_relations_remain_blocked (tests.test_photo_lighting_composition_boundary_data.LightingCompositionBoundaryDataTests.test_affirmative_excluded_relations_remain_blocked) ... ok
test_boundary_evidence_anchor_meets_unchanged_minimum (tests.test_photo_lighting_composition_boundary_data.LightingCompositionBoundaryDataTests.test_boundary_evidence_anchor_meets_unchanged_minimum) ... ok
test_complete_lighting_paraphrases_remain_discoverable (tests.test_photo_lighting_composition_boundary_data.LightingCompositionBoundaryDataTests.test_complete_lighting_paraphrases_remain_discoverable) ... ok
test_one_generic_lighting_component_is_not_a_complete_paraphrase (tests.test_photo_lighting_composition_boundary_data.LightingCompositionBoundaryDataTests.test_one_generic_lighting_component_is_not_a_complete_paraphrase) ... ok
test_twenty_two_profiles_are_complete_pixel_contracts (tests.test_photo_lighting_visual_semantics.PhotoLightingVisualSemanticsTests.test_twenty_two_profiles_are_complete_pixel_contracts) ... ok
test_acceptance_binds_gains_costs_and_immutable_recovery_history (tests.test_photo_liminal_active_use_korean_data_cleanup.LiminalActiveUseKoreanDataCleanupTests.test_acceptance_binds_gains_costs_and_immutable_recovery_history) ... ok
test_complete_raw_source_changes_only_ko_and_predeclared_reference (tests.test_photo_liminal_active_use_korean_data_cleanup.LiminalActiveUseKoreanDataCleanupTests.test_complete_raw_source_changes_only_ko_and_predeclared_reference) ... ok
test_frozen_source_inventory_queries_and_bounded_workload (tests.test_photo_liminal_active_use_korean_data_cleanup.LiminalActiveUseKoreanDataCleanupTests.test_frozen_source_inventory_queries_and_bounded_workload) ... ok
test_visual_validation_is_read_only_and_rejects_later_corruption (tests.test_photo_loading.PhotoLoadingTests.test_visual_validation_is_read_only_and_rejects_later_corruption) ... ok
test_research_candidates_exist_in_expected_slots_without_rank_fields (tests.test_photo_luxury_semantics.PhotoLuxurySemanticsTests.test_research_candidates_exist_in_expected_slots_without_rank_fields) ... ok
test_research_evidence_is_approved_and_bound_to_existing_data (tests.test_photo_luxury_semantics.PhotoLuxurySemanticsTests.test_research_evidence_is_approved_and_bound_to_existing_data) ... ok
test_only_nine_accepted_fields_change (tests.test_photo_material_data_cleanup.MaterialDataCleanupTests.test_only_nine_accepted_fields_change) ... ok
test_bts_context_guards_do_not_leak_into_finished_portraits (tests.test_photo_model_editorial_semantics.ModelEditorialTests.test_bts_context_guards_do_not_leak_into_finished_portraits) ... ok
test_full_owner_relation_only_and_negation (tests.test_photo_model_editorial_semantics.ModelEditorialTests.test_full_owner_relation_only_and_negation) ... ok
test_series_layout_and_provenance_stay_outside_single_image_runtime (tests.test_photo_model_editorial_semantics.ModelEditorialTests.test_series_layout_and_provenance_stay_outside_single_image_runtime) ... ok
test_moire_owner_is_narrowed_and_restored_artifact_rows_stay_exact (tests.test_photo_motion_artifact_owner_data_cleanup.MotionArtifactOwnerDataCleanupTests.test_moire_owner_is_narrowed_and_restored_artifact_rows_stay_exact) ... ok
test_immutable_full_proposal_preserves_all_three_attempted_units (tests.test_photo_narrative_unit_data_cleanup.NarrativeUnitDataCleanupTests.test_immutable_full_proposal_preserves_all_three_attempted_units) ... ok
test_prior_record_context_repair_is_unchanged (tests.test_photo_narrative_unit_data_cleanup.NarrativeUnitDataCleanupTests.test_prior_record_context_repair_is_unchanged) ... ok
test_equivalent_extension_preserves_existing_labels_effects_and_guards (tests.test_photo_neutral_expression_alternatives.PhotoNeutralExpressionAlternativesTests.test_equivalent_extension_preserves_existing_labels_effects_and_guards) ... ok
test_contact_and_noncontact_owners_stay_distinct (tests.test_photo_next_slot_data_cleanup.NextSlotDataCleanupTests.test_contact_and_noncontact_owners_stay_distinct) ... ok
test_coordinated_gaze_search_keeps_target_not_inferences (tests.test_photo_next_slot_data_cleanup.NextSlotDataCleanupTests.test_coordinated_gaze_search_keeps_target_not_inferences) ... ok
test_independent_biohybrid_without_visible_operator_has_ownership_evidence (tests.test_photo_nonhuman_source_alternatives.NonhumanSourceAlternativesTests.test_independent_biohybrid_without_visible_operator_has_ownership_evidence) ... ok
test_all_five_groups_remain_required (tests.test_photo_oneiric_anchor_alternative.OneiricAnchorAlternativeTests.test_all_five_groups_remain_required) ... ok
test_optional_bundle_scope_and_missing_member_fail_closed (tests.test_photo_opening_era_semantics.OpeningEraTests.test_optional_bundle_scope_and_missing_member_fail_closed) ... ok
test_gate_and_instruction_allow_current_definition (tests.test_photo_overhead_hand_alternative.OverheadHandAlternativeTests.test_gate_and_instruction_allow_current_definition) ... ok
test_bundle_scopes_and_missing_members (tests.test_photo_palace_fortification_semantics.PalaceFortificationTests.test_bundle_scopes_and_missing_members) ... ok
test_homonyms_negation_and_broad_style_do_not_impose_geometry (tests.test_photo_palace_fortification_semantics.PalaceFortificationTests.test_homonyms_negation_and_broad_style_do_not_impose_geometry) ... ok
test_compression_owner_keeps_explicit_context_and_local_edges (tests.test_photo_photorealism_owner_data_cleanup.PhotorealismOwnerDataCleanupTests.test_compression_owner_keeps_explicit_context_and_local_edges) ... ok
test_current_source_binding_is_versioned_without_rewriting_original (tests.test_photo_photorealism_owner_data_cleanup.PhotorealismOwnerDataCleanupTests.test_current_source_binding_is_versioned_without_rewriting_original) ... ok
test_age_and_biography_are_not_inferred_from_generic_composition (tests.test_photo_portrait_composition_semantics.PortraitCompositionTests.test_age_and_biography_are_not_inferred_from_generic_composition) ... ok
test_reflected_focus_is_visible_and_not_an_unobservable_distance_gate (tests.test_photo_portrait_composition_semantics.PortraitCompositionTests.test_reflected_focus_is_visible_and_not_an_unobservable_distance_gate) ... ok
test_negation_and_bare_homonyms_do_not_activate_new_pose_profiles (tests.test_photo_pose_vocabulary_semantics.PhotoPoseVocabularySemanticsTests.test_negation_and_bare_homonyms_do_not_activate_new_pose_profiles) ... ok
test_frozen_core_revision_decisions_are_rejected (tests.test_photo_prepack_isolation.PhotoPrepackIsolationTests.test_frozen_core_revision_decisions_are_rejected) ... ok
test_frozen_inventory_probes_and_bounded_cost (tests.test_photo_protostar_korean_alias_data_cleanup.ProtostarKoreanAliasDataCleanupTests.test_frozen_inventory_probes_and_bounded_cost) ... ok
test_research_ledger_rows_reference_real_candidates (tests.test_photo_punk_aesthetic_semantics.PunkAestheticSemanticsTests.test_research_ledger_rows_reference_real_candidates) ... ok
test_exact_terms_activate_only_narrow_profiles (tests.test_photo_reactorprompt_visual_relations.PhotoReactorPromptVisualRelationsTests.test_exact_terms_activate_only_narrow_profiles) ... ok
test_historical_merged_delta_and_current_sixteen_controls_are_exact (tests.test_photo_reef_explicit_unit_data_cleanup.ReefExplicitUnitDataCleanupTests.test_historical_merged_delta_and_current_sixteen_controls_are_exact) ... ok
test_owned_junction_paraphrases_are_discovered_from_runtime_baseline (tests.test_photo_religion_iconography_alternatives.ReligionIconographyAlternativesTests.test_owned_junction_paraphrases_are_discovered_from_runtime_baseline) ... ok
test_requester_corrected_relation_is_frozen_after_parent_change (tests.test_photo_render_repair.PhotoRenderRepairTests.test_requester_corrected_relation_is_frozen_after_parent_change) ... ok
test_every_returned_record_has_one_explicit_integration_decision (tests.test_photo_research_integration.ResearchIntegrationTests.test_every_returned_record_has_one_explicit_integration_decision) ... ok
test_empty_or_guarded_slots_do_not_receive_a_quota (tests.test_photo_retrieval_runtime_improvement.PhotoRetrievalAdmissionTests.test_empty_or_guarded_slots_do_not_receive_a_quota) ... ok
test_missing_and_empty_effects_do_not_claim_partial_lock_compatibility (tests.test_photo_retrieval_runtime_improvement.PhotoRetrievalPropertyEligibilityTests.test_missing_and_empty_effects_do_not_claim_partial_lock_compatibility) ... ok
test_candidate_ids_form_closed_slot_references (tests.test_photo_role_garment_candidate_expansion.PhotoRoleGarmentCandidateExpansionTests.test_candidate_ids_form_closed_slot_references) ... ok
test_invalid_attached_reference_is_rejected_before_any_write (tests.test_photo_run_manifest.PhotoRunManifestTests.test_invalid_attached_reference_is_rejected_before_any_write) ... ok
test_text_only_success_and_blocked_attempts_write_one_manifest_and_ledger_row (tests.test_photo_run_manifest.PhotoRunManifestTests.test_text_only_success_and_blocked_attempts_write_one_manifest_and_ledger_row) ... ok
test_frozen_inventory_and_queries_remain_bound (tests.test_photo_scene_data_cleanup.ScenePreservationTests.test_frozen_inventory_and_queries_remain_bound) ... ok
test_semantic_index_builder_reuses_existing_vectors_after_tag_addition (tests.test_photo_semantic_index.PhotoSemanticIndexTests.test_semantic_index_builder_reuses_existing_vectors_after_tag_addition) ... ok
test_semantic_index_builder_subprocess_uses_project_env_file (tests.test_photo_semantic_index.PhotoSemanticIndexTests.test_semantic_index_builder_subprocess_uses_project_env_file) ... ok
test_semantic_index_shards_prune_only_prior_generation_directories (tests.test_photo_semantic_index.PhotoSemanticIndexTests.test_semantic_index_shards_prune_only_prior_generation_directories) ... ok
test_technical_terms_are_contextual_and_exact_not_broad_slang_aliases (tests.test_photo_slang_visual_alternatives.PhotoSlangVisualAlternativesTests.test_technical_terms_are_contextual_and_exact_not_broad_slang_aliases) ... ok
test_sixteen_profiles_have_component_evidence_and_pixel_gates (tests.test_photo_space_visual_semantics.PhotoSpaceVisualSemanticsTests.test_sixteen_profiles_have_component_evidence_and_pixel_gates) ... ok
test_narrow_exact_terms_route_to_one_expected_profile (tests.test_photo_suggestive_editorial_visual_semantics.PhotoSuggestiveEditorialVisualSemanticsTests.test_narrow_exact_terms_route_to_one_expected_profile) ... ok
test_profiles_are_complete_definition_only_pixel_contracts (tests.test_photo_suggestive_editorial_visual_semantics.PhotoSuggestiveEditorialVisualSemanticsTests.test_profiles_are_complete_definition_only_pixel_contracts) ... ok
test_research_note_records_reference_and_evidence_boundaries (tests.test_photo_suggestive_editorial_visual_semantics.PhotoSuggestiveEditorialVisualSemanticsTests.test_research_note_records_reference_and_evidence_boundaries) ... ok
test_three_arm_fixture_is_hash_bound_when_present (tests.test_photo_suggestive_editorial_visual_semantics.PhotoSuggestiveEditorialVisualSemanticsTests.test_three_arm_fixture_is_hash_bound_when_present) ... ok
test_maintenance_and_source_binding (tests.test_photo_swimwear_semantics.SwimwearSemanticsTests.test_maintenance_and_source_binding) ... ok
test_operation_bundles_do_not_bypass_locked_action_or_material (tests.test_photo_tactile_reality_semantics.PhotoTactileRealitySemanticsTests.test_operation_bundles_do_not_bypass_locked_action_or_material) ... ok
test_exact_candidate_and_hard_negative_routing_fixture (tests.test_photo_traditional_clothing_semantics.PhotoTraditionalClothingSemanticsTests.test_exact_candidate_and_hard_negative_routing_fixture) ... ok
test_five_render_profiles_have_connected_component_and_gate_contracts (tests.test_photo_traditional_clothing_semantics.PhotoTraditionalClothingSemanticsTests.test_five_render_profiles_have_connected_component_and_gate_contracts) ... ok
test_generic_labels_never_hard_activate_a_named_profile (tests.test_photo_traditional_clothing_semantics.PhotoTraditionalClothingSemanticsTests.test_generic_labels_never_hard_activate_a_named_profile) ... ok
test_research_evidence_maps_only_to_existing_candidates_and_profiles (tests.test_photo_traditional_clothing_semantics.PhotoTraditionalClothingSemanticsTests.test_research_evidence_maps_only_to_existing_candidates_and_profiles) ... ok
test_frozen_visual_concept_routing_holdout (tests.test_photo_visual_obligations.PhotoVisualObligationTests.test_frozen_visual_concept_routing_holdout) ... ok
test_general_visual_profiles_route_without_adult_character_context (tests.test_photo_visual_obligations.PhotoVisualObligationTests.test_general_visual_profiles_route_without_adult_character_context) ... ok
test_generic_face_cues_do_not_hard_activate_yandere_relation (tests.test_photo_visual_obligations.PhotoVisualObligationTests.test_generic_face_cues_do_not_hard_activate_yandere_relation) ... ok
test_project_glossary_absolute_territory_expands_to_thigh_geometry (tests.test_photo_visual_obligations.PhotoVisualObligationTests.test_project_glossary_absolute_territory_expands_to_thigh_geometry) ... ok
test_registry_and_request_scoped_routing_fixture (tests.test_photo_visual_obligations.PhotoVisualObligationTests.test_registry_and_request_scoped_routing_fixture) ... ok
test_run_ledger_preserves_visual_concept_selection_and_effective_hash (tests.test_photo_visual_obligations.PhotoVisualObligationTests.test_run_ledger_preserves_visual_concept_selection_and_effective_hash) ... ok
test_bm25f_only_paraphrase_is_optional_and_cannot_create_an_obligation (tests.test_photo_visual_profile_retrieval.PhotoVisualProfileRetrievalTests.test_bm25f_only_paraphrase_is_optional_and_cannot_create_an_obligation) ... ok
test_candidates_are_single_slot_owned_and_semantically_decomposed (tests.test_photo_womens_activewear_visual_semantics.PhotoWomensActivewearVisualSemanticsTests.test_candidates_are_single_slot_owned_and_semantically_decomposed) ... ok
test_exact_terms_route_to_one_profile (tests.test_photo_womens_activewear_visual_semantics.PhotoWomensActivewearVisualSemanticsTests.test_exact_terms_route_to_one_profile) ... ok
test_research_rows_are_approved_source_bound_and_candidate_complete (tests.test_photo_womens_professional_uniform_visual_semantics.WomensProfessionalUniformVisualSemanticsTests.test_research_rows_are_approved_source_bound_and_candidate_complete) ... ok
test_profiles_are_complete_five_group_pixel_contracts (tests.test_photo_womens_summer_trend_visual_semantics.PhotoWomensSummerTrendVisualSemanticsTests.test_profiles_are_complete_five_group_pixel_contracts) ... ok
test_narrow_scene_terms_route_to_only_the_intended_profile (tests.test_photo_wuxia_visual_semantics.PhotoWuxiaVisualSemanticsTests.test_narrow_scene_terms_route_to_only_the_intended_profile) ... ok
test_owner_gates_are_complete_and_maintenance_is_external (tests.test_photo_y2k_visual_semantics.PhotoY2KVisualSemanticsTests.test_owner_gates_are_complete_and_maintenance_is_external) ... ok
test_high_creativity_plan_binds_selected_proposal_exactly (tests.test_subculture_illustration_contract_v1.SubcultureIllustrationContractV1Tests.test_high_creativity_plan_binds_selected_proposal_exactly) ... ok
test_linked_risk_backstop_is_narrow_and_fail_closed (tests.test_subculture_illustration_contract_v1.SubcultureIllustrationContractV1Tests.test_linked_risk_backstop_is_narrow_and_fail_closed) ... ok
test_v1_and_v2_prompt_qualification_are_separate_and_valid (tests.test_subculture_illustration_contract_v1.SubcultureIllustrationContractV1Tests.test_v1_and_v2_prompt_qualification_are_separate_and_valid) ... ok
test_all_neutral_and_preference_requests_bind_and_audit_meaning (tests.test_subculture_illustration_moe_elements.SubcultureIllustrationMoeGrammarV3Tests.test_all_neutral_and_preference_requests_bind_and_audit_meaning) ... ok
test_negative_confound_is_pixel_review_not_a_lexical_ban (tests.test_subculture_illustration_moe_elements.SubcultureIllustrationMoeGrammarV4Tests.test_negative_confound_is_pixel_review_not_a_lexical_ban) ... ok
test_visual_phrase_contract_and_medium_mutations_fail_closed (tests.test_subculture_illustration_moe_elements.SubcultureIllustrationMoeGrammarV4Tests.test_visual_phrase_contract_and_medium_mutations_fail_closed) ... ok
test_added_related_terms_fail_closed (tests.test_subculture_illustration_moe_elements.SubcultureIllustrationMoeGrammarV5Tests.test_added_related_terms_fail_closed) ... ok
test_additions_manifest_and_qualification_are_reproducible (tests.test_subculture_illustration_moe_elements.SubcultureIllustrationMoeGrammarV5Tests.test_additions_manifest_and_qualification_are_reproducible) ... ok
test_frozen_photo_baseline_is_historical_and_not_a_current_adapter (tests.test_subculture_illustration_photo_boundary.SubcultureIllustrationPhotoBoundaryTests.test_frozen_photo_baseline_is_historical_and_not_a_current_adapter) ... ok
test_existing_render_manifests_keep_historical_failure_labels (tests.test_subculture_illustration_universal_scene_v3.UniversalSceneDataContractTests.test_existing_render_manifests_keep_historical_failure_labels) ... ok
test_research_counts_provenance_and_all_six_raw_shard_hashes (tests.test_subculture_illustration_universal_scene_v3.UniversalSceneDataContractTests.test_research_counts_provenance_and_all_six_raw_shard_hashes) ... ok
test_all_24_composition_carriers_support_clean_literal_evidence (tests.test_subculture_illustration_universal_scene_v3.UniversalSceneRuntimeContractTests.test_all_24_composition_carriers_support_clean_literal_evidence) ... ok
test_fixed_slot_composition_evidence_cannot_be_omitted (tests.test_subculture_illustration_universal_scene_v3.UniversalSceneRuntimeContractTests.test_fixed_slot_composition_evidence_cannot_be_omitted) ... ok
test_creativity_invariant_trace_is_exactly_band_independent (tests.test_universal_scene_directional_substitution.OwnerLocalBridgeIdTests.test_creativity_invariant_trace_is_exactly_band_independent) ... ok

----------------------------------------------------------------------
Ran 157 tests in 956.756s

OK
