test_unrelated_damage_does_not_supply_image_relation (tests.test_photo_acetate_distortion_alternative.AcetateDistortionAlternativeTests.test_unrelated_damage_does_not_supply_image_relation) ... ok
test_locked_garment_excludes_whole_conflicting_candidates (tests.test_photo_adult_appeal_scope.PhotoAdultAppealScopeTests.test_locked_garment_excludes_whole_conflicting_candidates) ... ok
test_exact_composite_terms_harden_but_components_stay_optional (tests.test_photo_affect_visual_semantics.PhotoAffectVisualSemanticsTests.test_exact_composite_terms_harden_but_components_stay_optional) ... ok
test_exact_terms_materialize_candidate_pack_render_gates (tests.test_photo_affect_visual_semantics.PhotoAffectVisualSemanticsTests.test_exact_terms_materialize_candidate_pack_render_gates) ... ok
test_old_label_preserved_new_label_additive (tests.test_photo_aurora_anchor_alternative.AuroraAnchorAlternativeTests.test_old_label_preserved_new_label_additive) ... ok
test_authorial_core_text_is_the_actual_retrieval_query_and_changes_candidates (tests.test_photo_authorial_core.PhotoAuthorialCoreTests.test_authorial_core_text_is_the_actual_retrieval_query_and_changes_candidates) ... ok
test_request_envelope_and_intent_lock_fail_closed_for_arbitrary_topics (tests.test_photo_authorial_core.PhotoAuthorialCoreTests.test_request_envelope_and_intent_lock_fail_closed_for_arbitrary_topics) ... ok
test_sensitive_label_leak_fails_semantic_clarification_audit (tests.test_photo_authorial_core.PhotoAuthorialCoreTests.test_sensitive_label_leak_fails_semantic_clarification_audit) ... ok
test_authorial_budget_expands_advisory_ceiling_for_required_evidence (tests.test_photo_authorial_core_v6.PhotoAuthorialCoreV6Tests.test_authorial_budget_expands_advisory_ceiling_for_required_evidence) ... ok
test_retry_preserves_yandere_as_a_hard_visual_obligation (tests.test_photo_authorial_core_v6.PhotoAuthorialCoreV6Tests.test_retry_preserves_yandere_as_a_hard_visual_obligation) ... ok
test_v3_freezes_typed_character_response_evidence (tests.test_photo_authorial_core_v6.PhotoAuthorialCoreV6Tests.test_v3_freezes_typed_character_response_evidence) ... ok
test_zero_one_and_multiple_open_dimensions_pass_full_audit (tests.test_photo_authorship_policy.PhotoAuthorshipPolicyTests.test_zero_one_and_multiple_open_dimensions_pass_full_audit) ... ok
test_allowed_ids_are_ranked_as_the_same_corpus_subset (tests.test_photo_bm25f_retrieval.PhotoBm25fRetrievalTests.test_allowed_ids_are_ranked_as_the_same_corpus_subset) ... ok
test_reused_lexicon_tracks_changed_content (tests.test_photo_bm25f_retrieval.PhotoBm25fRetrievalTests.test_reused_lexicon_tracks_changed_content) ... ok
test_selected_pixel_cases_are_registry_bound_and_fail_closed (tests.test_photo_body_aesthetic_semantics.PhotoBodyAestheticSemanticsTests.test_selected_pixel_cases_are_registry_bound_and_fail_closed) ... ok
test_complete_component_proof_is_required_for_semantic_discovery (tests.test_photo_body_morphology_semantics.PhotoBodyMorphologySemanticsTests.test_complete_component_proof_is_required_for_semantic_discovery) ... ok
test_local_exact_terms_do_not_replace_global_owners (tests.test_photo_body_morphology_semantics.PhotoBodyMorphologySemanticsTests.test_local_exact_terms_do_not_replace_global_owners) ... ok
test_non_body_words_exclusion_and_adult_scope_fail_closed (tests.test_photo_body_morphology_semantics.PhotoBodyMorphologySemanticsTests.test_non_body_words_exclusion_and_adult_scope_fail_closed) ... ok
test_triangle_spoon_and_central_torso_boundaries_are_explicit (tests.test_photo_body_shape_semantics.PhotoBodyShapeSemanticsTests.test_triangle_spoon_and_central_torso_boundaries_are_explicit) ... ok
test_adult_constraint_receives_bound_context_even_when_valid_axes_are_inactive (tests.test_photo_bound_context_surfaces.BoundContextSurfaceTests.test_adult_constraint_receives_bound_context_even_when_valid_axes_are_inactive) ... ok
test_auditor_rejects_rebound_human_bundle_in_bound_no_people_pack (tests.test_photo_bound_context_surfaces.BoundContextSurfaceTests.test_auditor_rejects_rebound_human_bundle_in_bound_no_people_pack) ... ok
test_narrow_exact_terms_route_to_exactly_one_new_profile (tests.test_photo_boundary_transition_visual_semantics.PhotoBoundaryTransitionVisualSemanticsTests.test_narrow_exact_terms_route_to_exactly_one_new_profile) ... ok
test_missing_member_ineligible_member_internal_conflict_or_locked_scope_hides_bundle (tests.test_photo_candidate_semantics.PhotoCandidateSemanticsTests.test_missing_member_ineligible_member_internal_conflict_or_locked_scope_hides_bundle) ... ok
test_selected_bundle_requires_every_component_and_relation_literal_evidence (tests.test_photo_candidate_semantics.PhotoCandidateSemanticsTests.test_selected_bundle_requires_every_component_and_relation_literal_evidence) ... ok
test_narrow_exact_terms_route_to_one_profile (tests.test_photo_capture_elements_visual_semantics.PhotoCaptureElementsVisualSemanticsTests.test_narrow_exact_terms_route_to_one_profile) ... ok
test_research_note_preserves_metadata_and_evidence_boundaries (tests.test_photo_capture_elements_visual_semantics.PhotoCaptureElementsVisualSemanticsTests.test_research_note_preserves_metadata_and_evidence_boundaries) ... ok
test_seven_alias_and_six_owner_changes_match_the_accepted_plan (tests.test_photo_capture_owner_data_cleanup.CaptureOwnerDataCleanupTests.test_seven_alias_and_six_owner_changes_match_the_accepted_plan) ... ok
test_six_owners_match_complete_effect_scope (tests.test_photo_capture_owner_data_cleanup.CaptureOwnerDataCleanupTests.test_six_owners_match_complete_effect_scope) ... ok
test_rolling_legacy_combined_motion_anchors_remain (tests.test_photo_capture_physics_alternatives.CapturePhysicsAlternativesTests.test_rolling_legacy_combined_motion_anchors_remain) ... ok
test_existing_alternatives_remain_full_relations (tests.test_photo_character_appearance_100.CharacterAppearance100Tests.test_existing_alternatives_remain_full_relations) ... ok
test_neighbor_carriers_and_shapes_do_not_supply_the_selected_relation (tests.test_photo_character_appearance_100.CharacterAppearance100Tests.test_neighbor_carriers_and_shapes_do_not_supply_the_selected_relation) ... ok
test_joint_bundles_are_optional_complete_and_scope_guarded (tests.test_photo_clothing_terminology_semantics.ClothingTerminologySemanticsTests.test_joint_bundles_are_optional_complete_and_scope_guarded) ... ok
test_scope_has_no_body_geometry_or_provenance_only_promotion (tests.test_photo_clothing_terminology_semantics.ClothingTerminologySemanticsTests.test_scope_has_no_body_geometry_or_provenance_only_promotion) ... ok
test_opposite_directions_and_distinct_mechanisms_do_not_cross_harden (tests.test_photo_color_relations.ColorRelationsTests.test_opposite_directions_and_distinct_mechanisms_do_not_cross_harden) ... ok
test_review_sources_preserve_exact_request_and_lock_ownership (tests.test_photo_composer_view.PhotoComposerViewTests.test_review_sources_preserve_exact_request_and_lock_ownership) ... ok
test_new_candidate_ids_exist_in_the_expected_slots (tests.test_photo_concept_candidate_expansion.PhotoConceptCandidateExpansionTests.test_new_candidate_ids_exist_in_the_expected_slots) ... ok
test_review_requires_context_and_comparison_but_allows_rejection_and_uncertainty (tests.test_photo_contextual_appeal.ContextualAppealTests.test_review_requires_context_and_comparison_but_allows_rejection_and_uncertainty) ... ok
test_scene_preference_breaks_equal_generic_hits_without_claiming_applicability (tests.test_photo_contextual_appeal.ContextualAppealTests.test_scene_preference_breaks_equal_generic_hits_without_claiming_applicability) ... ok
test_new_context_respects_dimension_and_property_locks (tests.test_photo_contextual_appeal.FinalCandidateContextTests.test_new_context_respects_dimension_and_property_locks) ... ok
test_search_scope_and_final_conditions_are_distinct (tests.test_photo_contextual_appeal.FinalCandidateContextTests.test_search_scope_and_final_conditions_are_distinct) ... ok
test_enum_and_quoted_image_text_keep_their_own_boundaries (tests.test_photo_control_assignment_punctuation.PhotoControlAssignmentPunctuationTests.test_enum_and_quoted_image_text_keep_their_own_boundaries) ... ok
test_all_four_controls_never_supply_visual_source_requirements (tests.test_photo_control_span_ownership.ControlSpanOwnershipTests.test_all_four_controls_never_supply_visual_source_requirements) ... ok
test_pure_setting_span_cannot_supply_a_visual_assertion (tests.test_photo_control_span_ownership.ControlSpanOwnershipTests.test_pure_setting_span_cannot_supply_a_visual_assertion) ... ok
test_preserve_legacy_and_gate (tests.test_photo_convoy_route_alternative.ConvoyRouteAlternativeTests.test_preserve_legacy_and_gate) ... ok
test_broad_roles_characters_and_styles_do_not_select_a_relation (tests.test_photo_costume_cosplay_semantics.CostumeCosplaySemanticsTests.test_broad_roles_characters_and_styles_do_not_select_a_relation) ... ok
test_exact_relation_does_not_impose_the_rest_of_a_costume_family (tests.test_photo_costume_cosplay_semantics.CostumeCosplaySemanticsTests.test_exact_relation_does_not_impose_the_rest_of_a_costume_family) ... ok
test_legacy_concept_mode_has_no_adapter (tests.test_photo_current_boundary.PhotoCurrentBoundaryTests.test_legacy_concept_mode_has_no_adapter) ... ok
test_audit_covers_fifty_eight_published_rows_and_not_the_deferred_trial (tests.test_photo_data_cleanup_public_surfaces.DataCleanupPublicSurfaceTests.test_audit_covers_fifty_eight_published_rows_and_not_the_deferred_trial) ... ok
test_bare_menhera_label_does_not_claim_the_project_interpretation (tests.test_photo_data_semantic_corrections.PhotoDataSemanticCorrectionsTests.test_bare_menhera_label_does_not_claim_the_project_interpretation) ... ok
test_negated_visibility_and_catchlight_phrases_do_not_change_obligations (tests.test_photo_data_semantic_corrections.PhotoDataSemanticCorrectionsTests.test_negated_visibility_and_catchlight_phrases_do_not_change_obligations) ... ok
test_adjacent_senses_remain_excluded (tests.test_photo_dress_positive_paraphrase.DressPositiveParaphraseTests.test_adjacent_senses_remain_excluded) ... ok
test_detailed_positive_example_matches_its_own_context (tests.test_photo_dress_positive_paraphrase.DressPositiveParaphraseTests.test_detailed_positive_example_matches_its_own_context) ... ok
test_seams_panels_closure_and_drape_remain_explicit (tests.test_photo_dress_positive_paraphrase.DressPositiveParaphraseTests.test_seams_panels_closure_and_drape_remain_explicit) ... ok
test_advisory_discovery_adds_no_requester_duty_and_obeys_closed_and_partial_locks (tests.test_photo_editing_effects_semantics.PhotoEditingEffectsSemanticsTests.test_advisory_discovery_adds_no_requester_duty_and_obeys_closed_and_partial_locks) ... ok
test_focused_profile_matches_remain_optional_until_separate_opt_in (tests.test_photo_editing_effects_semantics.PhotoEditingEffectsSemanticsTests.test_focused_profile_matches_remain_optional_until_separate_opt_in) ... ok
test_missing_or_mutated_policy_is_not_silently_downgraded (tests.test_photo_embodiment.EmbodimentContractTests.test_missing_or_mutated_policy_is_not_silently_downgraded) ... ok
test_unresolved_or_repair_needed_findings_block_every_check (tests.test_photo_embodiment.EmbodimentContractTests.test_unresolved_or_repair_needed_findings_block_every_check) ... ok
test_wrapper_emits_bound_policy_without_retrieving_review_prose (tests.test_photo_embodiment.EmbodimentPipelineTests.test_wrapper_emits_bound_policy_without_retrieving_review_prose) ... ok
test_narrow_exact_terms_route_to_one_profile (tests.test_photo_emotional_place_visual_semantics.PhotoEmotionalPlaceVisualSemanticsTests.test_narrow_exact_terms_route_to_one_profile) ... ok
test_three_arm_cases_are_frozen_distinct_and_reference_bound (tests.test_photo_emotional_place_visual_semantics.PhotoEmotionalPlaceVisualSemanticsTests.test_three_arm_cases_are_frozen_distinct_and_reference_bound) ... ok
test_dune_transport_alternative_keeps_connected_geometry (tests.test_photo_environment_alternative_consistency.EnvironmentAlternativeConsistencyTests.test_dune_transport_alternative_keeps_connected_geometry) ... ok
test_all_eighteen_profiles_are_complete_strict_contracts (tests.test_photo_era_visual_semantics.PhotoEraVisualSemanticsTests.test_all_eighteen_profiles_are_complete_strict_contracts) ... ok
test_sepia_is_a_treatment_candidate_without_an_age_claim (tests.test_photo_era_visual_semantics.PhotoEraVisualSemanticsTests.test_sepia_is_a_treatment_candidate_without_an_age_claim) ... ok
test_generated_index_is_registry_bound_for_all_face_profiles (tests.test_photo_face_shape_semantics.PhotoFaceShapeSemanticsTests.test_generated_index_is_registry_bound_for_all_face_profiles) ... ok
test_width_projection_and_global_local_boundaries_are_explicit (tests.test_photo_face_shape_semantics.PhotoFaceShapeSemanticsTests.test_width_projection_and_global_local_boundaries_are_explicit) ... ok
test_wyvern_forelimb_boundary_is_positive_geometry (tests.test_photo_fantasy_visual_semantics.PhotoFantasyVisualSemanticsTests.test_wyvern_forelimb_boundary_is_positive_geometry) ... ok
test_material_baseline_is_not_relaxed (tests.test_photo_ghost_ship_gate_alternative.GhostShipGateAlternativeTests.test_material_baseline_is_not_relaxed) ... ok
test_complete_component_text_is_optional_not_hard (tests.test_photo_harem_visual_semantics.PhotoHaremVisualSemanticsTests.test_complete_component_text_is_optional_not_hard) ... ok
test_homonyms_and_broad_names_remain_advisory (tests.test_photo_historical_womenswear_semantics.HistoricalWomenswearTests.test_homonyms_and_broad_names_remain_advisory) ... ok
test_lone_surrogate_raw_string_survives_file_and_ledger_binding (tests.test_photo_image_attempt_evidence.NativeCaptureTests.test_lone_surrogate_raw_string_survives_file_and_ledger_binding) ... ok
test_emphasis_stores_selected_and_effective_choices_without_changing_intensities (tests.test_photo_initial_creative_controls.CreativeControlResolverTests.test_emphasis_stores_selected_and_effective_choices_without_changing_intensities) ... ok
test_level_and_choice_definitions_must_be_complete (tests.test_photo_initial_creative_controls.CreativeControlResolverTests.test_level_and_choice_definitions_must_be_complete) ... ok
test_no_people_and_nonsexual_meaning_keep_requested_values_but_disable_additions (tests.test_photo_initial_creative_controls.CreativeControlResolverTests.test_no_people_and_nonsexual_meaning_keep_requested_values_but_disable_additions) ... ok
test_creativity_and_emphasis_reach_public_pack_with_their_initial_brief (tests.test_photo_initial_creative_controls.InitialDirectionIntegrationTests.test_creativity_and_emphasis_reach_public_pack_with_their_initial_brief) ... ok
test_ordinary_candidate_cannot_bypass_the_same_property_boundary (tests.test_photo_initial_creative_controls.InitialDirectionIntegrationTests.test_ordinary_candidate_cannot_bypass_the_same_property_boundary) ... ok
test_property_lock_preserves_color_and_type_but_allows_neckline (tests.test_photo_initial_creative_controls.InitialDirectionIntegrationTests.test_property_lock_preserves_color_and_type_but_allows_neckline) ... ok
test_sensual_wardrobe_candidates_exist_when_garment_is_open (tests.test_photo_initial_creative_controls.InitialDirectionIntegrationTests.test_sensual_wardrobe_candidates_exist_when_garment_is_open) ... ok
test_shared_wind_pose_preserves_support_as_a_hand_role (tests.test_photo_instrument_hand_roles.InstrumentHandRoleDataTests.test_shared_wind_pose_preserves_support_as_a_hand_role) ... ok
test_plain_and_embroidered_material_preserve_required_components (tests.test_photo_kebaya_material_alternative.KebayaMaterialAlternativeTests.test_plain_and_embroidered_material_preserve_required_components) ... ok
test_plain_cloth_does_not_override_exclusions (tests.test_photo_kebaya_material_alternative.KebayaMaterialAlternativeTests.test_plain_cloth_does_not_override_exclusions) ... ok
test_candidate_aliases_and_nonvisual_boundaries_are_encoded (tests.test_photo_korean_emotional_visual_semantics.PhotoKoreanEmotionalVisualSemanticsTests.test_candidate_aliases_and_nonvisual_boundaries_are_encoded) ... ok
test_three_arm_fixture_is_frozen_independent_and_reference_bound (tests.test_photo_korean_emotional_visual_semantics.PhotoKoreanEmotionalVisualSemanticsTests.test_three_arm_fixture_is_frozen_independent_and_reference_bound) ... ok
test_generic_lattice_decoration_does_not_supply_occluder_evidence (tests.test_photo_lattice_shadow_alternative.LatticeShadowAlternativeTests.test_generic_lattice_decoration_does_not_supply_occluder_evidence) ... ok
test_narrow_exact_terms_route_to_exactly_one_new_profile (tests.test_photo_legend_visual_semantics.PhotoLegendVisualSemanticsTests.test_narrow_exact_terms_route_to_exactly_one_new_profile) ... ok
test_real_generated_index_contains_new_profiles_and_vectors (tests.test_photo_legend_visual_semantics.PhotoLegendVisualSemanticsTests.test_real_generated_index_contains_new_profiles_and_vectors) ... ok
test_registry_schema_accepts_legend_profiles (tests.test_photo_legend_visual_semantics.PhotoLegendVisualSemanticsTests.test_registry_schema_accepts_legend_profiles) ... ok
test_authored_complete_contexts_do_not_self_exclude (tests.test_photo_lighting_composition_boundary_data.LightingCompositionBoundaryDataTests.test_authored_complete_contexts_do_not_self_exclude) ... ok
test_narrow_exact_terms_route_to_one_profile (tests.test_photo_lighting_visual_semantics.PhotoLightingVisualSemanticsTests.test_narrow_exact_terms_route_to_one_profile) ... ok
test_archived_korean_catalog_changes_one_line_and_current_text_preserves_it (tests.test_photo_liminal_active_use_korean_data_cleanup.LiminalActiveUseKoreanDataCleanupTests.test_archived_korean_catalog_changes_one_line_and_current_text_preserves_it) ... ok
test_existing_component_alternative_is_accepted_without_rewording (tests.test_photo_liminal_maintained_alternative.LiminalMaintainedAlternativeTests.test_existing_component_alternative_is_accepted_without_rewording) ... ok
test_registry_schema_is_valid_after_generated_index_refresh (tests.test_photo_luxury_semantics.PhotoLuxurySemanticsTests.test_registry_schema_is_valid_after_generated_index_refresh) ... ok
test_profile_is_an_eight_component_fail_closed_pixel_contract (tests.test_photo_makeup_reference_balance.PhotoMakeupReferenceBalanceTests.test_profile_is_an_eight_component_fail_closed_pixel_contract) ... ok
test_candidate_pack_covers_each_independent_makeup_axis (tests.test_photo_makeup_visual_semantics.PhotoMakeupVisualSemanticsTests.test_candidate_pack_covers_each_independent_makeup_axis) ... ok
test_makeup_profiles_are_component_and_pixel_contracts (tests.test_photo_makeup_visual_semantics.PhotoMakeupVisualSemanticsTests.test_makeup_profiles_are_component_and_pixel_contracts) ... ok
test_research_evidence_is_approved_source_bound_and_candidate_bound (tests.test_photo_makeup_visual_semantics.PhotoMakeupVisualSemanticsTests.test_research_evidence_is_approved_source_bound_and_candidate_bound) ... ok
test_runtime_semantics_do_not_encode_demographic_or_beauty_values (tests.test_photo_makeup_visual_semantics.PhotoMakeupVisualSemanticsTests.test_runtime_semantics_do_not_encode_demographic_or_beauty_values) ... ok
test_ten_profiles_have_five_component_evidence_and_render_gates (tests.test_photo_mythology_visual_semantics.PhotoMythologyVisualSemanticsTests.test_ten_profiles_have_five_component_evidence_and_render_gates) ... ok
test_visual_semantic_manifest_binds_each_cluster_to_one_profile (tests.test_photo_mythology_visual_semantics.PhotoMythologyVisualSemanticsTests.test_visual_semantic_manifest_binds_each_cluster_to_one_profile) ... ok
test_complete_current_raw_extension_has_only_one_accepted_unit (tests.test_photo_narrative_unit_data_cleanup.NarrativeUnitDataCleanupTests.test_complete_current_raw_extension_has_only_one_accepted_unit) ... ok
test_eight_hard_profiles_are_complete_fail_closed_contracts (tests.test_photo_natural_environment_semantics.PhotoNaturalEnvironmentSemanticsTests.test_eight_hard_profiles_are_complete_fail_closed_contracts) ... ok
test_environment_candidates_do_not_own_human_body_or_identity_slots (tests.test_photo_natural_environment_semantics.PhotoNaturalEnvironmentSemanticsTests.test_environment_candidates_do_not_own_human_body_or_identity_slots) ... ok
test_exact_hard_routes_and_paired_confusion_negatives (tests.test_photo_natural_environment_semantics.PhotoNaturalEnvironmentSemanticsTests.test_exact_hard_routes_and_paired_confusion_negatives) ... ok
test_extension_has_75_decomposed_candidates_and_is_runtime_loaded (tests.test_photo_natural_environment_semantics.PhotoNaturalEnvironmentSemanticsTests.test_extension_has_75_decomposed_candidates_and_is_runtime_loaded) ... ok
test_research_evidence_is_approved_and_bound_to_current_data (tests.test_photo_natural_environment_semantics.PhotoNaturalEnvironmentSemanticsTests.test_research_evidence_is_approved_and_bound_to_current_data) ... ok
test_interpretation_limits_do_not_pollute_positive_retrieval (tests.test_photo_neutral_expression_alternatives.PhotoNeutralExpressionAlternativesTests.test_interpretation_limits_do_not_pollute_positive_retrieval) ... ok
test_structure_and_action_have_independent_carriers (tests.test_photo_neutral_expression_alternatives.PhotoNeutralExpressionAlternativesTests.test_structure_and_action_have_independent_carriers) ... ok
test_human_applicability_and_original_weights_stay_exact (tests.test_photo_occupation_korean_label_data_cleanup.OccupationKoreanLabelDataCleanupTests.test_human_applicability_and_original_weights_stay_exact) ... ok
test_candidates_available_in_merged_public_data (tests.test_photo_opening_era_semantics.OpeningEraTests.test_candidates_available_in_merged_public_data) ... ok
test_embedding_paraphrase_hits_remain_optional (tests.test_photo_opening_era_semantics.OpeningEraTests.test_embedding_paraphrase_hits_remain_optional) ... ok
test_no_broad_panning_alias_or_gate_relaxation (tests.test_photo_panning_direction_scope.PanningDirectionScopeDataTests.test_no_broad_panning_alias_or_gate_relaxation) ... ok
test_all_researched_visual_rows_are_optional_candidates (tests.test_photo_photorealism_elements_semantics.PhotorealismElementsTests.test_all_researched_visual_rows_are_optional_candidates) ... ok
test_generated_indexes_bind_sources (tests.test_photo_photorealism_elements_semantics.PhotorealismElementsTests.test_generated_indexes_bind_sources) ... ok
test_deferred_noise_owner_keeps_original_conditions (tests.test_photo_photorealism_owner_data_cleanup.PhotorealismOwnerDataCleanupTests.test_deferred_noise_owner_keeps_original_conditions) ... ok
test_physical_print_and_mixed_surveillance_camcorder_scopes_stay_exact (tests.test_photo_photorealism_owner_data_cleanup.PhotorealismOwnerDataCleanupTests.test_physical_print_and_mixed_surveillance_camcorder_scopes_stay_exact) ... ok
test_bundles_are_joint_optional_and_respect_all_locked_dimensions (tests.test_photo_portrait_fashion_exposure.PortraitFashionExposureTests.test_bundles_are_joint_optional_and_respect_all_locked_dimensions) ... ok
test_property_scope_cannot_change_a_locked_hand_configuration_or_reference_appearance (tests.test_photo_pose_vocabulary_semantics.PhotoPoseVocabularySemanticsTests.test_property_scope_cannot_change_a_locked_hand_configuration_or_reference_appearance) ... ok
test_exact_names_keep_their_separate_authority_lane (tests.test_photo_positive_retrieval.PositiveVisualRetrievalTests.test_exact_names_keep_their_separate_authority_lane) ... ok
test_positive_meaning_mutation_changes_both_retrieval_lanes (tests.test_photo_positive_retrieval.PositiveVisualRetrievalTests.test_positive_meaning_mutation_changes_both_retrieval_lanes) ... ok
test_baseline_normalizer_matches_the_generator (tests.test_photo_precore_feature_selection.PhotoPrecoreFeatureSelectionTests.test_baseline_normalizer_matches_the_generator) ... ok
test_property_anchor_in_an_open_dimension_still_binds_literal_evidence (tests.test_photo_precore_feature_selection.PhotoPrecoreFeatureSelectionTests.test_property_anchor_in_an_open_dimension_still_binds_literal_evidence) ... ok
test_selection_binds_five_categories_to_request_and_baseline (tests.test_photo_precore_feature_selection.PhotoPrecoreFeatureSelectionTests.test_selection_binds_five_categories_to_request_and_baseline) ... ok
test_existing_name_and_disk_outflow_specialization_are_unchanged (tests.test_photo_protostar_korean_alias_data_cleanup.ProtostarKoreanAliasDataCleanupTests.test_existing_name_and_disk_outflow_specialization_are_unchanged) ... ok
test_candidates_are_original_and_do_not_encode_fixed_identity (tests.test_photo_punk_aesthetic_semantics.PunkAestheticSemanticsTests.test_candidates_are_original_and_do_not_encode_fixed_identity) ... ok
test_broad_nonvisual_collection_terms_never_hard_activate (tests.test_photo_rare_photo_visual_semantics.PhotoRarePhotoVisualSemanticsTests.test_broad_nonvisual_collection_terms_never_hard_activate) ... ok
test_advisory_candidates_cover_research_topics_without_negative_footer (tests.test_photo_reactorprompt_visual_relations.PhotoReactorPromptVisualRelationsTests.test_advisory_candidates_cover_research_topics_without_negative_footer) ... ok
test_short_discovery_units_remain_optional_and_scene_owner_is_not_lobby_only (tests.test_photo_realistic_background_semantics.RealisticBackgroundTests.test_short_discovery_units_remain_optional_and_scene_owner_is_not_lobby_only) ... ok
test_visual_component_schema_accepts_positive_units_and_rejects_malformed_data (tests.test_photo_realistic_background_semantics.RealisticBackgroundTests.test_visual_component_schema_accepts_positive_units_and_rejects_malformed_data) ... ok
test_single_relation_is_not_a_complete_paraphrase (tests.test_photo_receiver_material_response.ReceiverMaterialResponseTests.test_single_relation_is_not_a_complete_paraphrase) ... ok
test_frozen_separate_proposal_queries_and_cost_bound (tests.test_photo_reef_explicit_unit_data_cleanup.ReefExplicitUnitDataCleanupTests.test_frozen_separate_proposal_queries_and_cost_bound) ... ok
test_original_trial_stays_deferred_and_portability_preserves_values (tests.test_photo_reef_explicit_unit_data_cleanup.ReefExplicitUnitDataCleanupTests.test_original_trial_stays_deferred_and_portability_preserves_values) ... ok
test_pending_variants_have_no_hard_profile_link (tests.test_photo_religion_iconography_alternatives.ReligionIconographyAlternativesTests.test_pending_variants_have_no_hard_profile_link) ... ok
test_composed_audit_recomputes_contract_and_rejects_evasive_prompt (tests.test_photo_render_repair.PhotoRenderRepairTests.test_composed_audit_recomputes_contract_and_rejects_evasive_prompt) ... ok
test_v2_lineage_compiles_generic_prompt_and_pixel_contract (tests.test_photo_render_repair.PhotoRenderRepairTests.test_v2_lineage_compiles_generic_prompt_and_pixel_contract) ... ok
test_nonvisual_records_and_locked_face_scope_are_not_smuggled_into_adult_route (tests.test_photo_research_integration.ResearchIntegrationTests.test_nonvisual_records_and_locked_face_scope_are_not_smuggled_into_adult_route) ... ok
test_event_phase_does_not_fabricate_clock_time (tests.test_photo_scene_data_cleanup.SceneContextCleanupTests.test_event_phase_does_not_fabricate_clock_time) ... ok
test_diary_preserves_blank_or_marked_alternatives (tests.test_photo_scene_data_cleanup.ScenePropCleanupTests.test_diary_preserves_blank_or_marked_alternatives) ... ok
test_neutral_relation_evidence_must_remain_literal_in_composed_prompt (tests.test_photo_semantic_guidance_data.PhotoSemanticGuidanceDataTests.test_neutral_relation_evidence_must_remain_literal_in_composed_prompt) ... ok
test_both_actor_paths_keep_all_five_required_relations (tests.test_photo_single_allocator_recovery.SingleAllocatorRecoveryTests.test_both_actor_paths_keep_all_five_required_relations) ... ok
test_invalid_successor_lineage_fails_before_replay (tests.test_photo_slang_boundary_history.SlangBoundaryHistoryTests.test_invalid_successor_lineage_fails_before_replay) ... ok
test_parent_property_effects_cannot_bypass_child_locks (tests.test_photo_slang_visual_alternatives.PhotoSlangVisualAlternativesTests.test_parent_property_effects_cannot_bypass_child_locks) ... ok
test_research_and_interpretation_limits_stay_out_of_positive_index_text (tests.test_photo_slang_visual_alternatives.PhotoSlangVisualAlternativesTests.test_research_and_interpretation_limits_stay_out_of_positive_index_text) ... ok
test_actor_dependent_surveillance_is_preserved (tests.test_photo_slot_data_cleanup.PhotoSlotDataCleanupTests.test_actor_dependent_surveillance_is_preserved) ... ok
test_clean_observation_uses_positive_search_expression (tests.test_photo_slot_data_cleanup.PhotoSlotDataCleanupTests.test_clean_observation_uses_positive_search_expression) ... ok
test_crowd_premise_does_not_become_main_subject_guard (tests.test_photo_slot_data_cleanup.PhotoSlotDataCleanupTests.test_crowd_premise_does_not_become_main_subject_guard) ... ok
test_repair_pit_korean_output_preserves_subject_type (tests.test_photo_slot_data_cleanup.PhotoSlotDataCleanupTests.test_repair_pit_korean_output_preserves_subject_type) ... ok
test_real_generated_index_contains_all_space_profiles_and_vectors (tests.test_photo_space_visual_semantics.PhotoSpaceVisualSemanticsTests.test_real_generated_index_contains_all_space_profiles_and_vectors) ... ok
test_invalid_lineage_or_frozen_meaning_fails_before_replay (tests.test_photo_subculture_appearance_boundary_history.AppearanceBoundaryHistoryTests.test_invalid_lineage_or_frozen_meaning_fails_before_replay) ... ok
test_figure_coverage_requires_primary_nonredundant_carrier (tests.test_photo_suggestive_editorial_visual_semantics.PhotoSuggestiveEditorialVisualSemanticsTests.test_figure_coverage_requires_primary_nonredundant_carrier) ... ok
test_skill_fail_closes_uncovered_focal_meaning (tests.test_photo_suggestive_editorial_visual_semantics.PhotoSuggestiveEditorialVisualSemanticsTests.test_skill_fail_closes_uncovered_focal_meaning) ... ok
test_complete_relations_activate_but_single_components_do_not (tests.test_photo_swimwear_semantics.SwimwearSemanticsTests.test_complete_relations_activate_but_single_components_do_not) ... ok
test_independent_axes_do_not_activate_their_confounds (tests.test_photo_swimwear_semantics.SwimwearSemanticsTests.test_independent_axes_do_not_activate_their_confounds) ... ok
test_real_index_contains_new_candidates (tests.test_photo_swimwear_semantics.SwimwearSemanticsTests.test_real_index_contains_new_candidates) ... ok
test_selected_variants_keep_literal_evidence_and_gates_together (tests.test_photo_swimwear_semantics.SwimwearSemanticsTests.test_selected_variants_keep_literal_evidence_and_gates_together) ... ok
test_unrelated_ordinary_objects_do_not_suppress_a_real_environment_target (tests.test_photo_tactile_reality_semantics.PhotoTactileRealitySemanticsTests.test_unrelated_ordinary_objects_do_not_suppress_a_real_environment_target) ... ok
test_compound_aliases_retain_legitimate_standalone_moire (tests.test_photo_texture_data_cleanup.TextureDataCleanupTests.test_compound_aliases_retain_legitimate_standalone_moire) ... ok
test_only_eight_alias_arrays_and_one_translation_are_changed (tests.test_photo_texture_data_cleanup.TextureDataCleanupTests.test_only_eight_alias_arrays_and_one_translation_are_changed) ... ok
test_twenty_profiles_have_relation_evidence_and_pixel_gates (tests.test_photo_violence_crime_visual_semantics.PhotoViolenceCrimeVisualSemanticsTests.test_twenty_profiles_have_relation_evidence_and_pixel_gates) ... ok
test_composition_relation_false_substitutes_do_not_hard_activate (tests.test_photo_visual_obligations.PhotoVisualObligationTests.test_composition_relation_false_substitutes_do_not_hard_activate) ... ok
test_general_profile_adult_eligibility_must_be_an_explicit_boolean (tests.test_photo_visual_obligations.PhotoVisualObligationTests.test_general_profile_adult_eligibility_must_be_an_explicit_boolean) ... ok
test_exact_terms_route_to_only_the_intended_weapon_profile (tests.test_photo_weapon_visual_semantics.PhotoWeaponVisualSemanticsTests.test_exact_terms_route_to_only_the_intended_weapon_profile) ... ok
test_research_evidence_is_approved_source_bound_and_limited (tests.test_photo_weapon_visual_semantics.PhotoWeaponVisualSemanticsTests.test_research_evidence_is_approved_source_bound_and_limited) ... ok
test_registry_schema_accepts_professional_uniform_profiles (tests.test_photo_womens_professional_uniform_visual_semantics.WomensProfessionalUniformVisualSemanticsTests.test_registry_schema_accepts_professional_uniform_profiles) ... ok
test_embedding_only_component_paraphrase_remains_optional (tests.test_photo_womens_summer_trend_visual_semantics.PhotoWomensSummerTrendVisualSemanticsTests.test_embedding_only_component_paraphrase_remains_optional) ... ok
test_research_evidence_is_approved_and_candidate_bound (tests.test_photo_womens_summer_trend_visual_semantics.PhotoWomensSummerTrendVisualSemanticsTests.test_research_evidence_is_approved_and_candidate_bound) ... ok
test_three_arm_pixel_cases_bind_profiles_cores_and_reference (tests.test_photo_womens_summer_trend_visual_semantics.PhotoWomensSummerTrendVisualSemanticsTests.test_three_arm_pixel_cases_bind_profiles_cores_and_reference) ... ok
test_evidence_keeps_front_and_adds_side_at_same_floor (tests.test_photo_wrap_skirt_side_alternative.WrapSkirtSideAlternativeTests.test_evidence_keeps_front_and_adds_side_at_same_floor) ... ok
test_front_neutral_korean_and_explicit_side_variants (tests.test_photo_wrap_skirt_side_alternative.WrapSkirtSideAlternativeTests.test_front_neutral_korean_and_explicit_side_variants) ... ok
test_candidate_pack_contains_neutral_event_components (tests.test_photo_wuxia_visual_semantics.PhotoWuxiaVisualSemanticsTests.test_candidate_pack_contains_neutral_event_components) ... ok
test_registry_schema_is_valid_after_wuxia_profiles (tests.test_photo_wuxia_visual_semantics.PhotoWuxiaVisualSemanticsTests.test_registry_schema_is_valid_after_wuxia_profiles) ... ok
test_clothing_proportions_preserve_anatomy (tests.test_photo_y2k_visual_semantics.PhotoY2KVisualSemanticsTests.test_clothing_proportions_preserve_anatomy) ... ok
test_complete_forms_activate_and_excluded_forms_do_not (tests.test_photo_y2k_visual_semantics.PhotoY2KVisualSemanticsTests.test_complete_forms_activate_and_excluded_forms_do_not) ... ok
test_case01_v2_preflight_is_clean_frozen_and_generation_free (tests.test_subculture_illustration_contract_v1.SubcultureIllustrationContractV1Tests.test_case01_v2_preflight_is_clean_frozen_and_generation_free) ... ok
test_case01_v2_successor_cannot_promote_a_failed_carrier (tests.test_subculture_illustration_contract_v1.SubcultureIllustrationContractV1Tests.test_case01_v2_successor_cannot_promote_a_failed_carrier) ... ok
test_case01_v3_primary_hash_or_role_mutations_fail_closed (tests.test_subculture_illustration_contract_v1.SubcultureIllustrationContractV1Tests.test_case01_v3_primary_hash_or_role_mutations_fail_closed) ... ok
test_case01_v3_primary_pass_preserves_prior_failures (tests.test_subculture_illustration_contract_v1.SubcultureIllustrationContractV1Tests.test_case01_v3_primary_pass_preserves_prior_failures) ... ok
test_constructed_equal_priority_route_collision_fails_closed (tests.test_subculture_illustration_contract_v1.SubcultureIllustrationContractV1Tests.test_constructed_equal_priority_route_collision_fails_closed) ... ok
test_same_input_is_canonically_deterministic (tests.test_subculture_illustration_contract_v1.SubcultureIllustrationContractV1Tests.test_same_input_is_canonically_deterministic) ... ok
test_all_29_neutral_requests_choose_canonical_research_candidates (tests.test_subculture_illustration_moe_elements.SubcultureIllustrationMoeGrammarV2Tests.test_all_29_neutral_requests_choose_canonical_research_candidates) ... ok
test_compiled_grammar_is_reproducible_and_research_rich (tests.test_subculture_illustration_moe_elements.SubcultureIllustrationMoeGrammarV2Tests.test_compiled_grammar_is_reproducible_and_research_rich) ... ok
test_complete_reviewed_aliases_are_explicit_inputs_not_concept_scans (tests.test_subculture_illustration_moe_elements.SubcultureIllustrationMoeGrammarV2Tests.test_complete_reviewed_aliases_are_explicit_inputs_not_concept_scans) ... ok
test_visual_addition_hash_mutation_fails_even_after_pack_rehash (tests.test_subculture_illustration_moe_elements.SubcultureIllustrationMoeGrammarV5Tests.test_visual_addition_hash_mutation_fails_even_after_pack_rehash) ... ok
test_illustration_introduction_did_not_modify_photo_runtime (tests.test_subculture_illustration_photo_boundary.SubcultureIllustrationPhotoBoundaryTests.test_illustration_introduction_did_not_modify_photo_runtime) ... ok
test_current_contract_scope_binding_and_relative_pointer_mutations_reject (tests.test_subculture_illustration_universal_scene_v3.UniversalSceneCurrentOracleV2Tests.test_current_contract_scope_binding_and_relative_pointer_mutations_reject) ... ok
test_current_contract_v2_is_literal_partitioned_and_case12_is_actor_scoped (tests.test_subculture_illustration_universal_scene_v3.UniversalSceneCurrentOracleV2Tests.test_current_contract_v2_is_literal_partitioned_and_case12_is_actor_scoped) ... ok
test_frozen_trace_source_authorities_fail_closed (tests.test_subculture_illustration_universal_scene_v3.UniversalSceneDataContractTests.test_frozen_trace_source_authorities_fail_closed) ... ok
test_scene_contracts_are_literal_hash_bound_and_cover_all_topics (tests.test_subculture_illustration_universal_scene_v3.UniversalSceneDataContractTests.test_scene_contracts_are_literal_hash_bound_and_cover_all_topics) ... ok
test_semantic_effect_registry_is_independently_empty_for_all_126_sources (tests.test_subculture_illustration_universal_scene_v3.UniversalSceneDataContractTests.test_semantic_effect_registry_is_independently_empty_for_all_126_sources) ... ok
test_all_24_execute_every_compiled_obligation_deterministically (tests.test_subculture_illustration_universal_scene_v3.UniversalSceneRuntimeContractTests.test_all_24_execute_every_compiled_obligation_deterministically) ... ok
test_coordinated_weapon_negative_list_keeps_scope_at_ingress (tests.test_subculture_illustration_universal_scene_v3.UniversalSceneRuntimeContractTests.test_coordinated_weapon_negative_list_keeps_scope_at_ingress) ... ok
test_runtime_selected_role_sources_reject_authority_substitution (tests.test_subculture_illustration_universal_scene_v3.UniversalSceneRuntimeContractTests.test_runtime_selected_role_sources_reject_authority_substitution) ... ok
test_v1_v2_exact_replay_and_photo_baseline_remain_immutable (tests.test_subculture_illustration_universal_scene_v3.UniversalSceneRuntimeContractTests.test_v1_v2_exact_replay_and_photo_baseline_remain_immutable) ... ok
test_asset_freezes_exact_locale_marker_directions (tests.test_universal_scene_directional_substitution.DirectionalSubstitutionPolarityTests.test_asset_freezes_exact_locale_marker_directions) ... ok
test_apple_payload_matches_frozen_positive_control (tests.test_universal_scene_directional_substitution.SemanticFamilyPayloadTests.test_apple_payload_matches_frozen_positive_control) ... ok
test_raw_claim_reduction_sums_exclusive_and_maxes_shared (tests.test_universal_scene_directional_substitution.SemanticFamilyPayloadTests.test_raw_claim_reduction_sums_exclusive_and_maxes_shared) ... ok

----------------------------------------------------------------------
Ran 194 tests in 924.776s

OK
