{
  "result": "pass",
  "cases": [
    {
      "case": "slots-empty-array",
      "exit_code": 1,
      "validation_status": "invalid",
      "error_count": 2,
      "traceback": false,
      "all_input_raw_bytes_archived": true,
      "input_manifest_checksums_match": true,
      "draft_not_queryable": true,
      "fixture_json_bytes": 11172,
      "rules": [
        "authored_contract_invalid",
        "source_records_invalid"
      ],
      "report_directory": "/Users/chasoik/.cache/image-prompt/photo-data-quality-links-20261007/qa/code-review/final-json-fixtures/slots-empty-array/report",
      "stdout_log": "/Users/chasoik/.cache/image-prompt/photo-data-quality-links-20261007/qa/code-review/final-json-fixtures/slots-empty-array/cli.stdout",
      "stderr_log": "/Users/chasoik/.cache/image-prompt/photo-data-quality-links-20261007/qa/code-review/final-json-fixtures/slots-empty-array/cli.stderr"
    },
    {
      "case": "slots-string",
      "exit_code": 1,
      "validation_status": "invalid",
      "error_count": 2,
      "traceback": false,
      "all_input_raw_bytes_archived": true,
      "input_manifest_checksums_match": true,
      "draft_not_queryable": true,
      "fixture_json_bytes": 11182,
      "rules": [
        "authored_contract_invalid",
        "source_records_invalid"
      ],
      "report_directory": "/Users/chasoik/.cache/image-prompt/photo-data-quality-links-20261007/qa/code-review/final-json-fixtures/slots-string/report",
      "stdout_log": "/Users/chasoik/.cache/image-prompt/photo-data-quality-links-20261007/qa/code-review/final-json-fixtures/slots-string/cli.stdout",
      "stderr_log": "/Users/chasoik/.cache/image-prompt/photo-data-quality-links-20261007/qa/code-review/final-json-fixtures/slots-string/cli.stderr"
    },
    {
      "case": "semantics-string",
      "exit_code": 1,
      "validation_status": "invalid",
      "error_count": 1,
      "traceback": false,
      "all_input_raw_bytes_archived": true,
      "input_manifest_checksums_match": true,
      "draft_not_queryable": true,
      "fixture_json_bytes": 9485,
      "rules": [
        "authored_contract_invalid"
      ],
      "report_directory": "/Users/chasoik/.cache/image-prompt/photo-data-quality-links-20261007/qa/code-review/final-json-fixtures/semantics-string/report",
      "stdout_log": "/Users/chasoik/.cache/image-prompt/photo-data-quality-links-20261007/qa/code-review/final-json-fixtures/semantics-string/cli.stdout",
      "stderr_log": "/Users/chasoik/.cache/image-prompt/photo-data-quality-links-20261007/qa/code-review/final-json-fixtures/semantics-string/cli.stderr"
    },
    {
      "case": "quality-invalid-type",
      "exit_code": 1,
      "validation_status": "invalid",
      "error_count": 2,
      "traceback": false,
      "all_input_raw_bytes_archived": true,
      "input_manifest_checksums_match": true,
      "draft_not_queryable": true,
      "fixture_json_bytes": 11235,
      "rules": [
        "authored_contract_invalid",
        "source_json_invalid"
      ],
      "report_directory": "/Users/chasoik/.cache/image-prompt/photo-data-quality-links-20261007/qa/code-review/final-json-fixtures/quality-invalid-type/report",
      "stdout_log": "/Users/chasoik/.cache/image-prompt/photo-data-quality-links-20261007/qa/code-review/final-json-fixtures/quality-invalid-type/cli.stdout",
      "stderr_log": "/Users/chasoik/.cache/image-prompt/photo-data-quality-links-20261007/qa/code-review/final-json-fixtures/quality-invalid-type/cli.stderr"
    },
    {
      "case": "quality-capture",
      "quality_input_collected_byte_exact": true,
      "capture_changed_detected": true,
      "capture_error": "capture_changed: source registration/presence/content changed while collecting draft",
      "fixture_directory": "/Users/chasoik/.cache/image-prompt/photo-data-quality-links-20261007/qa/code-review/final-json-fixtures/quality-capture"
    }
  ],
  "code_binding": {
    "__init__.py": "34df313affe525ae97466656ac4a35fd39ebac5ebc5a7824871604442542b02b",
    "cli.py": "2277b23398d49d7baacdb4fe009440a506775a08cca33a08317e16eca18a859f",
    "common.py": "a21ed400e57aeae5681027a8d8f50de50f59141e98cd5ba9a44fea1b7ada8fba",
    "corpus.py": "1345c6ff9e8434ce638e5a18fdfb21c4612fa988e1efc42aff45c509cba2eee9",
    "links.py": "1a7ac5d5bb44c335ad1f3313038971302031d7e1ae38d84b6eeac778ea38504a",
    "quality.py": "665f1b308248403ed8fc4a3f7f1c930fb714d19d85cd8f19422296721f2cdf05",
    "report.py": "64593d79dbbafa6e74f142868d35abd9d6a9f979034f713072551429a60dcee3",
    "reviews.py": "b4927365f25cc0a793a86e51dd8a701b604ddba672adbd8d3dfc6296b7220070"
  },
  "scope": "Local JSON draft regression only; no runtime publication or external calls."
}
