{
  "quality_policy": {
    "input_archived_byte_exact": true,
    "manifest_input_checksum_matches": true,
    "capture_changed_detected": true,
    "capture_error": "capture_changed: source registration/presence/content changed while collecting draft",
    "stable_report_validation_status": "invalid",
    "fixture_json_bytes": 7526,
    "report_path": "/Users/chasoik/.cache/image-prompt/photo-data-quality-links-20261007/qa/code-review/small-fixtures/quality/stable-report"
  },
  "malformed_semantics": {
    "cli_exit_code": 1,
    "traceback": false,
    "report_preserved": true,
    "invalid_diagnosis_preserved": true,
    "malformed_semantics_preserved": "unfinished draft semantics",
    "error_count": 1,
    "fixture_json_bytes": 6025,
    "report_path": "/Users/chasoik/.cache/image-prompt/photo-data-quality-links-20261007/qa/code-review/small-fixtures/semantics/report",
    "stdout_path": "/Users/chasoik/.cache/image-prompt/photo-data-quality-links-20261007/qa/code-review/small-fixtures/semantics/cli.stdout",
    "stderr_path": "/Users/chasoik/.cache/image-prompt/photo-data-quality-links-20261007/qa/code-review/small-fixtures/semantics/cli.stderr"
  },
  "code_binding": {
    "__init__.py": "34df313affe525ae97466656ac4a35fd39ebac5ebc5a7824871604442542b02b",
    "cli.py": "2277b23398d49d7baacdb4fe009440a506775a08cca33a08317e16eca18a859f",
    "common.py": "a21ed400e57aeae5681027a8d8f50de50f59141e98cd5ba9a44fea1b7ada8fba",
    "corpus.py": "4a342811acbaf2a070a2e8f6fb1245a2fea1b7c99afe6f958e1a64ea96e6f329",
    "links.py": "1a7ac5d5bb44c335ad1f3313038971302031d7e1ae38d84b6eeac778ea38504a",
    "quality.py": "665f1b308248403ed8fc4a3f7f1c930fb714d19d85cd8f19422296721f2cdf05",
    "report.py": "64593d79dbbafa6e74f142868d35abd9d6a9f979034f713072551429a60dcee3",
    "reviews.py": "b4927365f25cc0a793a86e51dd8a701b604ddba672adbd8d3dfc6296b7220070"
  }
}
