......................................EEEEEEEEEEEEEEEEEEEEEEEEE................EEEEEEEEEEEEEEEEEEEEEEEEEE.......................EEEEEEEEEE..............................................EEEEEEEEE.................EEEEEEEE...............EEEEEEE.......EEEEEE.........................................
======================================================================
ERROR: test_photo_initial_creative_controls (unittest.loader._FailedTest.test_photo_initial_creative_controls)
----------------------------------------------------------------------
ImportError: Failed to import test module: test_photo_initial_creative_controls
Traceback (most recent call last):
  File "/opt/homebrew/Cellar/python@3.14/3.14.3_1/Frameworks/Python.framework/Versions/3.14/lib/python3.14/unittest/loader.py", line 137, in loadTestsFromName
    module = __import__(module_name)
  File "/Users/chasoik/Projects/image-prompt/tests/test_photo_initial_creative_controls.py", line 3, in <module>
    from tests import photo_prompt_fixtures as current_fixtures
ModuleNotFoundError: No module named 'tests'


======================================================================
ERROR: test_photo_initial_creative_controls (unittest.loader._FailedTest.test_photo_initial_creative_controls)
----------------------------------------------------------------------
ImportError: Failed to import test module: test_photo_initial_creative_controls
Traceback (most recent call last):
  File "/opt/homebrew/Cellar/python@3.14/3.14.3_1/Frameworks/Python.framework/Versions/3.14/lib/python3.14/unittest/loader.py", line 137, in loadTestsFromName
    module = __import__(module_name)
  File "/Users/chasoik/Projects/image-prompt/tests/test_photo_initial_creative_controls.py", line 3, in <module>
    from tests import photo_prompt_fixtures as current_fixtures
ModuleNotFoundError: No module named 'tests'


======================================================================
ERROR: test_photo_initial_creative_controls (unittest.loader._FailedTest.test_photo_initial_creative_controls)
----------------------------------------------------------------------
ImportError: Failed to import test module: test_photo_initial_creative_controls
Traceback (most recent call last):
  File "/opt/homebrew/Cellar/python@3.14/3.14.3_1/Frameworks/Python.framework/Versions/3.14/lib/python3.14/unittest/loader.py", line 137, in loadTestsFromName
    module = __import__(module_name)
  File "/Users/chasoik/Projects/image-prompt/tests/test_photo_initial_creative_controls.py", line 3, in <module>
    from tests import photo_prompt_fixtures as current_fixtures
ModuleNotFoundError: No module named 'tests'


======================================================================
ERROR: test_photo_initial_creative_controls (unittest.loader._FailedTest.test_photo_initial_creative_controls)
----------------------------------------------------------------------
ImportError: Failed to import test module: test_photo_initial_creative_controls
Traceback (most recent call last):
  File "/opt/homebrew/Cellar/python@3.14/3.14.3_1/Frameworks/Python.framework/Versions/3.14/lib/python3.14/unittest/loader.py", line 137, in loadTestsFromName
    module = __import__(module_name)
  File "/Users/chasoik/Projects/image-prompt/tests/test_photo_initial_creative_controls.py", line 3, in <module>
    from tests import photo_prompt_fixtures as current_fixtures
ModuleNotFoundError: No module named 'tests'


======================================================================
ERROR: test_photo_initial_creative_controls (unittest.loader._FailedTest.test_photo_initial_creative_controls)
----------------------------------------------------------------------
ImportError: Failed to import test module: test_photo_initial_creative_controls
Traceback (most recent call last):
  File "/opt/homebrew/Cellar/python@3.14/3.14.3_1/Frameworks/Python.framework/Versions/3.14/lib/python3.14/unittest/loader.py", line 137, in loadTestsFromName
    module = __import__(module_name)
  File "/Users/chasoik/Projects/image-prompt/tests/test_photo_initial_creative_controls.py", line 3, in <module>
    from tests import photo_prompt_fixtures as current_fixtures
ModuleNotFoundError: No module named 'tests'


======================================================================
ERROR: test_photo_initial_creative_controls (unittest.loader._FailedTest.test_photo_initial_creative_controls)
----------------------------------------------------------------------
ImportError: Failed to import test module: test_photo_initial_creative_controls
Traceback (most recent call last):
  File "/opt/homebrew/Cellar/python@3.14/3.14.3_1/Frameworks/Python.framework/Versions/3.14/lib/python3.14/unittest/loader.py", line 137, in loadTestsFromName
    module = __import__(module_name)
  File "/Users/chasoik/Projects/image-prompt/tests/test_photo_initial_creative_controls.py", line 3, in <module>
    from tests import photo_prompt_fixtures as current_fixtures
ModuleNotFoundError: No module named 'tests'


======================================================================
ERROR: test_photo_initial_creative_controls (unittest.loader._FailedTest.test_photo_initial_creative_controls)
----------------------------------------------------------------------
ImportError: Failed to import test module: test_photo_initial_creative_controls
Traceback (most recent call last):
  File "/opt/homebrew/Cellar/python@3.14/3.14.3_1/Frameworks/Python.framework/Versions/3.14/lib/python3.14/unittest/loader.py", line 137, in loadTestsFromName
    module = __import__(module_name)
  File "/Users/chasoik/Projects/image-prompt/tests/test_photo_initial_creative_controls.py", line 3, in <module>
    from tests import photo_prompt_fixtures as current_fixtures
ModuleNotFoundError: No module named 'tests'


======================================================================
ERROR: test_photo_initial_creative_controls (unittest.loader._FailedTest.test_photo_initial_creative_controls)
----------------------------------------------------------------------
ImportError: Failed to import test module: test_photo_initial_creative_controls
Traceback (most recent call last):
  File "/opt/homebrew/Cellar/python@3.14/3.14.3_1/Frameworks/Python.framework/Versions/3.14/lib/python3.14/unittest/loader.py", line 137, in loadTestsFromName
    module = __import__(module_name)
  File "/Users/chasoik/Projects/image-prompt/tests/test_photo_initial_creative_controls.py", line 3, in <module>
    from tests import photo_prompt_fixtures as current_fixtures
ModuleNotFoundError: No module named 'tests'


======================================================================
ERROR: test_photo_initial_creative_controls (unittest.loader._FailedTest.test_photo_initial_creative_controls)
----------------------------------------------------------------------
ImportError: Failed to import test module: test_photo_initial_creative_controls
Traceback (most recent call last):
  File "/opt/homebrew/Cellar/python@3.14/3.14.3_1/Frameworks/Python.framework/Versions/3.14/lib/python3.14/unittest/loader.py", line 137, in loadTestsFromName
    module = __import__(module_name)
  File "/Users/chasoik/Projects/image-prompt/tests/test_photo_initial_creative_controls.py", line 3, in <module>
    from tests import photo_prompt_fixtures as current_fixtures
ModuleNotFoundError: No module named 'tests'


======================================================================
ERROR: test_photo_initial_creative_controls (unittest.loader._FailedTest.test_photo_initial_creative_controls)
----------------------------------------------------------------------
ImportError: Failed to import test module: test_photo_initial_creative_controls
Traceback (most recent call last):
  File "/opt/homebrew/Cellar/python@3.14/3.14.3_1/Frameworks/Python.framework/Versions/3.14/lib/python3.14/unittest/loader.py", line 137, in loadTestsFromName
    module = __import__(module_name)
  File "/Users/chasoik/Projects/image-prompt/tests/test_photo_initial_creative_controls.py", line 3, in <module>
    from tests import photo_prompt_fixtures as current_fixtures
ModuleNotFoundError: No module named 'tests'


======================================================================
ERROR: test_photo_initial_creative_controls (unittest.loader._FailedTest.test_photo_initial_creative_controls)
----------------------------------------------------------------------
ImportError: Failed to import test module: test_photo_initial_creative_controls
Traceback (most recent call last):
  File "/opt/homebrew/Cellar/python@3.14/3.14.3_1/Frameworks/Python.framework/Versions/3.14/lib/python3.14/unittest/loader.py", line 137, in loadTestsFromName
    module = __import__(module_name)
  File "/Users/chasoik/Projects/image-prompt/tests/test_photo_initial_creative_controls.py", line 3, in <module>
    from tests import photo_prompt_fixtures as current_fixtures
ModuleNotFoundError: No module named 'tests'


======================================================================
ERROR: test_photo_initial_creative_controls (unittest.loader._FailedTest.test_photo_initial_creative_controls)
----------------------------------------------------------------------
ImportError: Failed to import test module: test_photo_initial_creative_controls
Traceback (most recent call last):
  File "/opt/homebrew/Cellar/python@3.14/3.14.3_1/Frameworks/Python.framework/Versions/3.14/lib/python3.14/unittest/loader.py", line 137, in loadTestsFromName
    module = __import__(module_name)
  File "/Users/chasoik/Projects/image-prompt/tests/test_photo_initial_creative_controls.py", line 3, in <module>
    from tests import photo_prompt_fixtures as current_fixtures
ModuleNotFoundError: No module named 'tests'


======================================================================
ERROR: test_photo_initial_creative_controls (unittest.loader._FailedTest.test_photo_initial_creative_controls)
----------------------------------------------------------------------
ImportError: Failed to import test module: test_photo_initial_creative_controls
Traceback (most recent call last):
  File "/opt/homebrew/Cellar/python@3.14/3.14.3_1/Frameworks/Python.framework/Versions/3.14/lib/python3.14/unittest/loader.py", line 137, in loadTestsFromName
    module = __import__(module_name)
  File "/Users/chasoik/Projects/image-prompt/tests/test_photo_initial_creative_controls.py", line 3, in <module>
    from tests import photo_prompt_fixtures as current_fixtures
ModuleNotFoundError: No module named 'tests'


======================================================================
ERROR: test_photo_initial_creative_controls (unittest.loader._FailedTest.test_photo_initial_creative_controls)
----------------------------------------------------------------------
ImportError: Failed to import test module: test_photo_initial_creative_controls
Traceback (most recent call last):
  File "/opt/homebrew/Cellar/python@3.14/3.14.3_1/Frameworks/Python.framework/Versions/3.14/lib/python3.14/unittest/loader.py", line 137, in loadTestsFromName
    module = __import__(module_name)
  File "/Users/chasoik/Projects/image-prompt/tests/test_photo_initial_creative_controls.py", line 3, in <module>
    from tests import photo_prompt_fixtures as current_fixtures
ModuleNotFoundError: No module named 'tests'


======================================================================
ERROR: test_photo_initial_creative_controls (unittest.loader._FailedTest.test_photo_initial_creative_controls)
----------------------------------------------------------------------
ImportError: Failed to import test module: test_photo_initial_creative_controls
Traceback (most recent call last):
  File "/opt/homebrew/Cellar/python@3.14/3.14.3_1/Frameworks/Python.framework/Versions/3.14/lib/python3.14/unittest/loader.py", line 137, in loadTestsFromName
    module = __import__(module_name)
  File "/Users/chasoik/Projects/image-prompt/tests/test_photo_initial_creative_controls.py", line 3, in <module>
    from tests import photo_prompt_fixtures as current_fixtures
ModuleNotFoundError: No module named 'tests'


======================================================================
ERROR: test_photo_initial_creative_controls (unittest.loader._FailedTest.test_photo_initial_creative_controls)
----------------------------------------------------------------------
ImportError: Failed to import test module: test_photo_initial_creative_controls
Traceback (most recent call last):
  File "/opt/homebrew/Cellar/python@3.14/3.14.3_1/Frameworks/Python.framework/Versions/3.14/lib/python3.14/unittest/loader.py", line 137, in loadTestsFromName
    module = __import__(module_name)
  File "/Users/chasoik/Projects/image-prompt/tests/test_photo_initial_creative_controls.py", line 3, in <module>
    from tests import photo_prompt_fixtures as current_fixtures
ModuleNotFoundError: No module named 'tests'


======================================================================
ERROR: test_photo_initial_creative_controls (unittest.loader._FailedTest.test_photo_initial_creative_controls)
----------------------------------------------------------------------
ImportError: Failed to import test module: test_photo_initial_creative_controls
Traceback (most recent call last):
  File "/opt/homebrew/Cellar/python@3.14/3.14.3_1/Frameworks/Python.framework/Versions/3.14/lib/python3.14/unittest/loader.py", line 137, in loadTestsFromName
    module = __import__(module_name)
  File "/Users/chasoik/Projects/image-prompt/tests/test_photo_initial_creative_controls.py", line 3, in <module>
    from tests import photo_prompt_fixtures as current_fixtures
ModuleNotFoundError: No module named 'tests'


======================================================================
ERROR: test_photo_initial_creative_controls (unittest.loader._FailedTest.test_photo_initial_creative_controls)
----------------------------------------------------------------------
ImportError: Failed to import test module: test_photo_initial_creative_controls
Traceback (most recent call last):
  File "/opt/homebrew/Cellar/python@3.14/3.14.3_1/Frameworks/Python.framework/Versions/3.14/lib/python3.14/unittest/loader.py", line 137, in loadTestsFromName
    module = __import__(module_name)
  File "/Users/chasoik/Projects/image-prompt/tests/test_photo_initial_creative_controls.py", line 3, in <module>
    from tests import photo_prompt_fixtures as current_fixtures
ModuleNotFoundError: No module named 'tests'


======================================================================
ERROR: test_photo_initial_creative_controls (unittest.loader._FailedTest.test_photo_initial_creative_controls)
----------------------------------------------------------------------
ImportError: Failed to import test module: test_photo_initial_creative_controls
Traceback (most recent call last):
  File "/opt/homebrew/Cellar/python@3.14/3.14.3_1/Frameworks/Python.framework/Versions/3.14/lib/python3.14/unittest/loader.py", line 137, in loadTestsFromName
    module = __import__(module_name)
  File "/Users/chasoik/Projects/image-prompt/tests/test_photo_initial_creative_controls.py", line 3, in <module>
    from tests import photo_prompt_fixtures as current_fixtures
ModuleNotFoundError: No module named 'tests'


======================================================================
ERROR: test_photo_initial_creative_controls (unittest.loader._FailedTest.test_photo_initial_creative_controls)
----------------------------------------------------------------------
ImportError: Failed to import test module: test_photo_initial_creative_controls
Traceback (most recent call last):
  File "/opt/homebrew/Cellar/python@3.14/3.14.3_1/Frameworks/Python.framework/Versions/3.14/lib/python3.14/unittest/loader.py", line 137, in loadTestsFromName
    module = __import__(module_name)
  File "/Users/chasoik/Projects/image-prompt/tests/test_photo_initial_creative_controls.py", line 3, in <module>
    from tests import photo_prompt_fixtures as current_fixtures
ModuleNotFoundError: No module named 'tests'


======================================================================
ERROR: test_photo_initial_creative_controls (unittest.loader._FailedTest.test_photo_initial_creative_controls)
----------------------------------------------------------------------
ImportError: Failed to import test module: test_photo_initial_creative_controls
Traceback (most recent call last):
  File "/opt/homebrew/Cellar/python@3.14/3.14.3_1/Frameworks/Python.framework/Versions/3.14/lib/python3.14/unittest/loader.py", line 137, in loadTestsFromName
    module = __import__(module_name)
  File "/Users/chasoik/Projects/image-prompt/tests/test_photo_initial_creative_controls.py", line 3, in <module>
    from tests import photo_prompt_fixtures as current_fixtures
ModuleNotFoundError: No module named 'tests'


======================================================================
ERROR: test_photo_initial_creative_controls (unittest.loader._FailedTest.test_photo_initial_creative_controls)
----------------------------------------------------------------------
ImportError: Failed to import test module: test_photo_initial_creative_controls
Traceback (most recent call last):
  File "/opt/homebrew/Cellar/python@3.14/3.14.3_1/Frameworks/Python.framework/Versions/3.14/lib/python3.14/unittest/loader.py", line 137, in loadTestsFromName
    module = __import__(module_name)
  File "/Users/chasoik/Projects/image-prompt/tests/test_photo_initial_creative_controls.py", line 3, in <module>
    from tests import photo_prompt_fixtures as current_fixtures
ModuleNotFoundError: No module named 'tests'


======================================================================
ERROR: test_photo_initial_creative_controls (unittest.loader._FailedTest.test_photo_initial_creative_controls)
----------------------------------------------------------------------
ImportError: Failed to import test module: test_photo_initial_creative_controls
Traceback (most recent call last):
  File "/opt/homebrew/Cellar/python@3.14/3.14.3_1/Frameworks/Python.framework/Versions/3.14/lib/python3.14/unittest/loader.py", line 137, in loadTestsFromName
    module = __import__(module_name)
  File "/Users/chasoik/Projects/image-prompt/tests/test_photo_initial_creative_controls.py", line 3, in <module>
    from tests import photo_prompt_fixtures as current_fixtures
ModuleNotFoundError: No module named 'tests'


======================================================================
ERROR: test_photo_initial_creative_controls (unittest.loader._FailedTest.test_photo_initial_creative_controls)
----------------------------------------------------------------------
ImportError: Failed to import test module: test_photo_initial_creative_controls
Traceback (most recent call last):
  File "/opt/homebrew/Cellar/python@3.14/3.14.3_1/Frameworks/Python.framework/Versions/3.14/lib/python3.14/unittest/loader.py", line 137, in loadTestsFromName
    module = __import__(module_name)
  File "/Users/chasoik/Projects/image-prompt/tests/test_photo_initial_creative_controls.py", line 3, in <module>
    from tests import photo_prompt_fixtures as current_fixtures
ModuleNotFoundError: No module named 'tests'


======================================================================
ERROR: test_photo_initial_creative_controls (unittest.loader._FailedTest.test_photo_initial_creative_controls)
----------------------------------------------------------------------
ImportError: Failed to import test module: test_photo_initial_creative_controls
Traceback (most recent call last):
  File "/opt/homebrew/Cellar/python@3.14/3.14.3_1/Frameworks/Python.framework/Versions/3.14/lib/python3.14/unittest/loader.py", line 137, in loadTestsFromName
    module = __import__(module_name)
  File "/Users/chasoik/Projects/image-prompt/tests/test_photo_initial_creative_controls.py", line 3, in <module>
    from tests import photo_prompt_fixtures as current_fixtures
ModuleNotFoundError: No module named 'tests'


======================================================================
ERROR: test_photo_religion_iconography_alternatives (unittest.loader._FailedTest.test_photo_religion_iconography_alternatives)
----------------------------------------------------------------------
ImportError: Failed to import test module: test_photo_religion_iconography_alternatives
Traceback (most recent call last):
  File "/opt/homebrew/Cellar/python@3.14/3.14.3_1/Frameworks/Python.framework/Versions/3.14/lib/python3.14/unittest/loader.py", line 137, in loadTestsFromName
    module = __import__(module_name)
  File "/Users/chasoik/Projects/image-prompt/tests/test_photo_religion_iconography_alternatives.py", line 15, in <module>
    from tests import photo_prompt_fixtures as fixtures
ModuleNotFoundError: No module named 'tests'


======================================================================
ERROR: test_photo_religion_iconography_alternatives (unittest.loader._FailedTest.test_photo_religion_iconography_alternatives)
----------------------------------------------------------------------
ImportError: Failed to import test module: test_photo_religion_iconography_alternatives
Traceback (most recent call last):
  File "/opt/homebrew/Cellar/python@3.14/3.14.3_1/Frameworks/Python.framework/Versions/3.14/lib/python3.14/unittest/loader.py", line 137, in loadTestsFromName
    module = __import__(module_name)
  File "/Users/chasoik/Projects/image-prompt/tests/test_photo_religion_iconography_alternatives.py", line 15, in <module>
    from tests import photo_prompt_fixtures as fixtures
ModuleNotFoundError: No module named 'tests'


======================================================================
ERROR: test_photo_religion_iconography_alternatives (unittest.loader._FailedTest.test_photo_religion_iconography_alternatives)
----------------------------------------------------------------------
ImportError: Failed to import test module: test_photo_religion_iconography_alternatives
Traceback (most recent call last):
  File "/opt/homebrew/Cellar/python@3.14/3.14.3_1/Frameworks/Python.framework/Versions/3.14/lib/python3.14/unittest/loader.py", line 137, in loadTestsFromName
    module = __import__(module_name)
  File "/Users/chasoik/Projects/image-prompt/tests/test_photo_religion_iconography_alternatives.py", line 15, in <module>
    from tests import photo_prompt_fixtures as fixtures
ModuleNotFoundError: No module named 'tests'


======================================================================
ERROR: test_photo_religion_iconography_alternatives (unittest.loader._FailedTest.test_photo_religion_iconography_alternatives)
----------------------------------------------------------------------
ImportError: Failed to import test module: test_photo_religion_iconography_alternatives
Traceback (most recent call last):
  File "/opt/homebrew/Cellar/python@3.14/3.14.3_1/Frameworks/Python.framework/Versions/3.14/lib/python3.14/unittest/loader.py", line 137, in loadTestsFromName
    module = __import__(module_name)
  File "/Users/chasoik/Projects/image-prompt/tests/test_photo_religion_iconography_alternatives.py", line 15, in <module>
    from tests import photo_prompt_fixtures as fixtures
ModuleNotFoundError: No module named 'tests'


======================================================================
ERROR: test_photo_religion_iconography_alternatives (unittest.loader._FailedTest.test_photo_religion_iconography_alternatives)
----------------------------------------------------------------------
ImportError: Failed to import test module: test_photo_religion_iconography_alternatives
Traceback (most recent call last):
  File "/opt/homebrew/Cellar/python@3.14/3.14.3_1/Frameworks/Python.framework/Versions/3.14/lib/python3.14/unittest/loader.py", line 137, in loadTestsFromName
    module = __import__(module_name)
  File "/Users/chasoik/Projects/image-prompt/tests/test_photo_religion_iconography_alternatives.py", line 15, in <module>
    from tests import photo_prompt_fixtures as fixtures
ModuleNotFoundError: No module named 'tests'


======================================================================
ERROR: test_photo_religion_iconography_alternatives (unittest.loader._FailedTest.test_photo_religion_iconography_alternatives)
----------------------------------------------------------------------
ImportError: Failed to import test module: test_photo_religion_iconography_alternatives
Traceback (most recent call last):
  File "/opt/homebrew/Cellar/python@3.14/3.14.3_1/Frameworks/Python.framework/Versions/3.14/lib/python3.14/unittest/loader.py", line 137, in loadTestsFromName
    module = __import__(module_name)
  File "/Users/chasoik/Projects/image-prompt/tests/test_photo_religion_iconography_alternatives.py", line 15, in <module>
    from tests import photo_prompt_fixtures as fixtures
ModuleNotFoundError: No module named 'tests'


======================================================================
ERROR: test_photo_religion_iconography_alternatives (unittest.loader._FailedTest.test_photo_religion_iconography_alternatives)
----------------------------------------------------------------------
ImportError: Failed to import test module: test_photo_religion_iconography_alternatives
Traceback (most recent call last):
  File "/opt/homebrew/Cellar/python@3.14/3.14.3_1/Frameworks/Python.framework/Versions/3.14/lib/python3.14/unittest/loader.py", line 137, in loadTestsFromName
    module = __import__(module_name)
  File "/Users/chasoik/Projects/image-prompt/tests/test_photo_religion_iconography_alternatives.py", line 15, in <module>
    from tests import photo_prompt_fixtures as fixtures
ModuleNotFoundError: No module named 'tests'


======================================================================
ERROR: test_photo_religion_iconography_alternatives (unittest.loader._FailedTest.test_photo_religion_iconography_alternatives)
----------------------------------------------------------------------
ImportError: Failed to import test module: test_photo_religion_iconography_alternatives
Traceback (most recent call last):
  File "/opt/homebrew/Cellar/python@3.14/3.14.3_1/Frameworks/Python.framework/Versions/3.14/lib/python3.14/unittest/loader.py", line 137, in loadTestsFromName
    module = __import__(module_name)
  File "/Users/chasoik/Projects/image-prompt/tests/test_photo_religion_iconography_alternatives.py", line 15, in <module>
    from tests import photo_prompt_fixtures as fixtures
ModuleNotFoundError: No module named 'tests'


======================================================================
ERROR: test_photo_religion_iconography_alternatives (unittest.loader._FailedTest.test_photo_religion_iconography_alternatives)
----------------------------------------------------------------------
ImportError: Failed to import test module: test_photo_religion_iconography_alternatives
Traceback (most recent call last):
  File "/opt/homebrew/Cellar/python@3.14/3.14.3_1/Frameworks/Python.framework/Versions/3.14/lib/python3.14/unittest/loader.py", line 137, in loadTestsFromName
    module = __import__(module_name)
  File "/Users/chasoik/Projects/image-prompt/tests/test_photo_religion_iconography_alternatives.py", line 15, in <module>
    from tests import photo_prompt_fixtures as fixtures
ModuleNotFoundError: No module named 'tests'


======================================================================
ERROR: test_photo_religion_iconography_alternatives (unittest.loader._FailedTest.test_photo_religion_iconography_alternatives)
----------------------------------------------------------------------
ImportError: Failed to import test module: test_photo_religion_iconography_alternatives
Traceback (most recent call last):
  File "/opt/homebrew/Cellar/python@3.14/3.14.3_1/Frameworks/Python.framework/Versions/3.14/lib/python3.14/unittest/loader.py", line 137, in loadTestsFromName
    module = __import__(module_name)
  File "/Users/chasoik/Projects/image-prompt/tests/test_photo_religion_iconography_alternatives.py", line 15, in <module>
    from tests import photo_prompt_fixtures as fixtures
ModuleNotFoundError: No module named 'tests'


======================================================================
ERROR: test_photo_religion_iconography_alternatives (unittest.loader._FailedTest.test_photo_religion_iconography_alternatives)
----------------------------------------------------------------------
ImportError: Failed to import test module: test_photo_religion_iconography_alternatives
Traceback (most recent call last):
  File "/opt/homebrew/Cellar/python@3.14/3.14.3_1/Frameworks/Python.framework/Versions/3.14/lib/python3.14/unittest/loader.py", line 137, in loadTestsFromName
    module = __import__(module_name)
  File "/Users/chasoik/Projects/image-prompt/tests/test_photo_religion_iconography_alternatives.py", line 15, in <module>
    from tests import photo_prompt_fixtures as fixtures
ModuleNotFoundError: No module named 'tests'


======================================================================
ERROR: test_photo_religion_iconography_alternatives (unittest.loader._FailedTest.test_photo_religion_iconography_alternatives)
----------------------------------------------------------------------
ImportError: Failed to import test module: test_photo_religion_iconography_alternatives
Traceback (most recent call last):
  File "/opt/homebrew/Cellar/python@3.14/3.14.3_1/Frameworks/Python.framework/Versions/3.14/lib/python3.14/unittest/loader.py", line 137, in loadTestsFromName
    module = __import__(module_name)
  File "/Users/chasoik/Projects/image-prompt/tests/test_photo_religion_iconography_alternatives.py", line 15, in <module>
    from tests import photo_prompt_fixtures as fixtures
ModuleNotFoundError: No module named 'tests'


======================================================================
ERROR: test_photo_religion_iconography_alternatives (unittest.loader._FailedTest.test_photo_religion_iconography_alternatives)
----------------------------------------------------------------------
ImportError: Failed to import test module: test_photo_religion_iconography_alternatives
Traceback (most recent call last):
  File "/opt/homebrew/Cellar/python@3.14/3.14.3_1/Frameworks/Python.framework/Versions/3.14/lib/python3.14/unittest/loader.py", line 137, in loadTestsFromName
    module = __import__(module_name)
  File "/Users/chasoik/Projects/image-prompt/tests/test_photo_religion_iconography_alternatives.py", line 15, in <module>
    from tests import photo_prompt_fixtures as fixtures
ModuleNotFoundError: No module named 'tests'


======================================================================
ERROR: test_photo_religion_iconography_alternatives (unittest.loader._FailedTest.test_photo_religion_iconography_alternatives)
----------------------------------------------------------------------
ImportError: Failed to import test module: test_photo_religion_iconography_alternatives
Traceback (most recent call last):
  File "/opt/homebrew/Cellar/python@3.14/3.14.3_1/Frameworks/Python.framework/Versions/3.14/lib/python3.14/unittest/loader.py", line 137, in loadTestsFromName
    module = __import__(module_name)
  File "/Users/chasoik/Projects/image-prompt/tests/test_photo_religion_iconography_alternatives.py", line 15, in <module>
    from tests import photo_prompt_fixtures as fixtures
ModuleNotFoundError: No module named 'tests'


======================================================================
ERROR: test_photo_neutral_expression_alternatives (unittest.loader._FailedTest.test_photo_neutral_expression_alternatives)
----------------------------------------------------------------------
ImportError: Failed to import test module: test_photo_neutral_expression_alternatives
Traceback (most recent call last):
  File "/opt/homebrew/Cellar/python@3.14/3.14.3_1/Frameworks/Python.framework/Versions/3.14/lib/python3.14/unittest/loader.py", line 137, in loadTestsFromName
    module = __import__(module_name)
  File "/Users/chasoik/Projects/image-prompt/tests/test_photo_neutral_expression_alternatives.py", line 15, in <module>
    from tests import photo_prompt_fixtures as fixtures
ModuleNotFoundError: No module named 'tests'


======================================================================
ERROR: test_photo_neutral_expression_alternatives (unittest.loader._FailedTest.test_photo_neutral_expression_alternatives)
----------------------------------------------------------------------
ImportError: Failed to import test module: test_photo_neutral_expression_alternatives
Traceback (most recent call last):
  File "/opt/homebrew/Cellar/python@3.14/3.14.3_1/Frameworks/Python.framework/Versions/3.14/lib/python3.14/unittest/loader.py", line 137, in loadTestsFromName
    module = __import__(module_name)
  File "/Users/chasoik/Projects/image-prompt/tests/test_photo_neutral_expression_alternatives.py", line 15, in <module>
    from tests import photo_prompt_fixtures as fixtures
ModuleNotFoundError: No module named 'tests'


======================================================================
ERROR: test_photo_neutral_expression_alternatives (unittest.loader._FailedTest.test_photo_neutral_expression_alternatives)
----------------------------------------------------------------------
ImportError: Failed to import test module: test_photo_neutral_expression_alternatives
Traceback (most recent call last):
  File "/opt/homebrew/Cellar/python@3.14/3.14.3_1/Frameworks/Python.framework/Versions/3.14/lib/python3.14/unittest/loader.py", line 137, in loadTestsFromName
    module = __import__(module_name)
  File "/Users/chasoik/Projects/image-prompt/tests/test_photo_neutral_expression_alternatives.py", line 15, in <module>
    from tests import photo_prompt_fixtures as fixtures
ModuleNotFoundError: No module named 'tests'


======================================================================
ERROR: test_photo_neutral_expression_alternatives (unittest.loader._FailedTest.test_photo_neutral_expression_alternatives)
----------------------------------------------------------------------
ImportError: Failed to import test module: test_photo_neutral_expression_alternatives
Traceback (most recent call last):
  File "/opt/homebrew/Cellar/python@3.14/3.14.3_1/Frameworks/Python.framework/Versions/3.14/lib/python3.14/unittest/loader.py", line 137, in loadTestsFromName
    module = __import__(module_name)
  File "/Users/chasoik/Projects/image-prompt/tests/test_photo_neutral_expression_alternatives.py", line 15, in <module>
    from tests import photo_prompt_fixtures as fixtures
ModuleNotFoundError: No module named 'tests'


======================================================================
ERROR: test_photo_neutral_expression_alternatives (unittest.loader._FailedTest.test_photo_neutral_expression_alternatives)
----------------------------------------------------------------------
ImportError: Failed to import test module: test_photo_neutral_expression_alternatives
Traceback (most recent call last):
  File "/opt/homebrew/Cellar/python@3.14/3.14.3_1/Frameworks/Python.framework/Versions/3.14/lib/python3.14/unittest/loader.py", line 137, in loadTestsFromName
    module = __import__(module_name)
  File "/Users/chasoik/Projects/image-prompt/tests/test_photo_neutral_expression_alternatives.py", line 15, in <module>
    from tests import photo_prompt_fixtures as fixtures
ModuleNotFoundError: No module named 'tests'


======================================================================
ERROR: test_photo_neutral_expression_alternatives (unittest.loader._FailedTest.test_photo_neutral_expression_alternatives)
----------------------------------------------------------------------
ImportError: Failed to import test module: test_photo_neutral_expression_alternatives
Traceback (most recent call last):
  File "/opt/homebrew/Cellar/python@3.14/3.14.3_1/Frameworks/Python.framework/Versions/3.14/lib/python3.14/unittest/loader.py", line 137, in loadTestsFromName
    module = __import__(module_name)
  File "/Users/chasoik/Projects/image-prompt/tests/test_photo_neutral_expression_alternatives.py", line 15, in <module>
    from tests import photo_prompt_fixtures as fixtures
ModuleNotFoundError: No module named 'tests'


======================================================================
ERROR: test_photo_neutral_expression_alternatives (unittest.loader._FailedTest.test_photo_neutral_expression_alternatives)
----------------------------------------------------------------------
ImportError: Failed to import test module: test_photo_neutral_expression_alternatives
Traceback (most recent call last):
  File "/opt/homebrew/Cellar/python@3.14/3.14.3_1/Frameworks/Python.framework/Versions/3.14/lib/python3.14/unittest/loader.py", line 137, in loadTestsFromName
    module = __import__(module_name)
  File "/Users/chasoik/Projects/image-prompt/tests/test_photo_neutral_expression_alternatives.py", line 15, in <module>
    from tests import photo_prompt_fixtures as fixtures
ModuleNotFoundError: No module named 'tests'


======================================================================
ERROR: test_photo_neutral_expression_alternatives (unittest.loader._FailedTest.test_photo_neutral_expression_alternatives)
----------------------------------------------------------------------
ImportError: Failed to import test module: test_photo_neutral_expression_alternatives
Traceback (most recent call last):
  File "/opt/homebrew/Cellar/python@3.14/3.14.3_1/Frameworks/Python.framework/Versions/3.14/lib/python3.14/unittest/loader.py", line 137, in loadTestsFromName
    module = __import__(module_name)
  File "/Users/chasoik/Projects/image-prompt/tests/test_photo_neutral_expression_alternatives.py", line 15, in <module>
    from tests import photo_prompt_fixtures as fixtures
ModuleNotFoundError: No module named 'tests'


======================================================================
ERROR: test_photo_neutral_expression_alternatives (unittest.loader._FailedTest.test_photo_neutral_expression_alternatives)
----------------------------------------------------------------------
ImportError: Failed to import test module: test_photo_neutral_expression_alternatives
Traceback (most recent call last):
  File "/opt/homebrew/Cellar/python@3.14/3.14.3_1/Frameworks/Python.framework/Versions/3.14/lib/python3.14/unittest/loader.py", line 137, in loadTestsFromName
    module = __import__(module_name)
  File "/Users/chasoik/Projects/image-prompt/tests/test_photo_neutral_expression_alternatives.py", line 15, in <module>
    from tests import photo_prompt_fixtures as fixtures
ModuleNotFoundError: No module named 'tests'


======================================================================
ERROR: test_photo_neutral_expression_alternatives (unittest.loader._FailedTest.test_photo_neutral_expression_alternatives)
----------------------------------------------------------------------
ImportError: Failed to import test module: test_photo_neutral_expression_alternatives
Traceback (most recent call last):
  File "/opt/homebrew/Cellar/python@3.14/3.14.3_1/Frameworks/Python.framework/Versions/3.14/lib/python3.14/unittest/loader.py", line 137, in loadTestsFromName
    module = __import__(module_name)
  File "/Users/chasoik/Projects/image-prompt/tests/test_photo_neutral_expression_alternatives.py", line 15, in <module>
    from tests import photo_prompt_fixtures as fixtures
ModuleNotFoundError: No module named 'tests'


======================================================================
ERROR: test_photo_neutral_expression_alternatives (unittest.loader._FailedTest.test_photo_neutral_expression_alternatives)
----------------------------------------------------------------------
ImportError: Failed to import test module: test_photo_neutral_expression_alternatives
Traceback (most recent call last):
  File "/opt/homebrew/Cellar/python@3.14/3.14.3_1/Frameworks/Python.framework/Versions/3.14/lib/python3.14/unittest/loader.py", line 137, in loadTestsFromName
    module = __import__(module_name)
  File "/Users/chasoik/Projects/image-prompt/tests/test_photo_neutral_expression_alternatives.py", line 15, in <module>
    from tests import photo_prompt_fixtures as fixtures
ModuleNotFoundError: No module named 'tests'


======================================================================
ERROR: test_photo_neutral_expression_alternatives (unittest.loader._FailedTest.test_photo_neutral_expression_alternatives)
----------------------------------------------------------------------
ImportError: Failed to import test module: test_photo_neutral_expression_alternatives
Traceback (most recent call last):
  File "/opt/homebrew/Cellar/python@3.14/3.14.3_1/Frameworks/Python.framework/Versions/3.14/lib/python3.14/unittest/loader.py", line 137, in loadTestsFromName
    module = __import__(module_name)
  File "/Users/chasoik/Projects/image-prompt/tests/test_photo_neutral_expression_alternatives.py", line 15, in <module>
    from tests import photo_prompt_fixtures as fixtures
ModuleNotFoundError: No module named 'tests'


======================================================================
ERROR: test_photo_render_repair (unittest.loader._FailedTest.test_photo_render_repair)
----------------------------------------------------------------------
ImportError: Failed to import test module: test_photo_render_repair
Traceback (most recent call last):
  File "/opt/homebrew/Cellar/python@3.14/3.14.3_1/Frameworks/Python.framework/Versions/3.14/lib/python3.14/unittest/loader.py", line 137, in loadTestsFromName
    module = __import__(module_name)
  File "/Users/chasoik/Projects/image-prompt/tests/test_photo_render_repair.py", line 3, in <module>
    from tests import photo_prompt_fixtures as current_fixtures
ModuleNotFoundError: No module named 'tests'


======================================================================
ERROR: test_photo_render_repair (unittest.loader._FailedTest.test_photo_render_repair)
----------------------------------------------------------------------
ImportError: Failed to import test module: test_photo_render_repair
Traceback (most recent call last):
  File "/opt/homebrew/Cellar/python@3.14/3.14.3_1/Frameworks/Python.framework/Versions/3.14/lib/python3.14/unittest/loader.py", line 137, in loadTestsFromName
    module = __import__(module_name)
  File "/Users/chasoik/Projects/image-prompt/tests/test_photo_render_repair.py", line 3, in <module>
    from tests import photo_prompt_fixtures as current_fixtures
ModuleNotFoundError: No module named 'tests'


======================================================================
ERROR: test_photo_render_repair (unittest.loader._FailedTest.test_photo_render_repair)
----------------------------------------------------------------------
ImportError: Failed to import test module: test_photo_render_repair
Traceback (most recent call last):
  File "/opt/homebrew/Cellar/python@3.14/3.14.3_1/Frameworks/Python.framework/Versions/3.14/lib/python3.14/unittest/loader.py", line 137, in loadTestsFromName
    module = __import__(module_name)
  File "/Users/chasoik/Projects/image-prompt/tests/test_photo_render_repair.py", line 3, in <module>
    from tests import photo_prompt_fixtures as current_fixtures
ModuleNotFoundError: No module named 'tests'


======================================================================
ERROR: test_photo_render_repair (unittest.loader._FailedTest.test_photo_render_repair)
----------------------------------------------------------------------
ImportError: Failed to import test module: test_photo_render_repair
Traceback (most recent call last):
  File "/opt/homebrew/Cellar/python@3.14/3.14.3_1/Frameworks/Python.framework/Versions/3.14/lib/python3.14/unittest/loader.py", line 137, in loadTestsFromName
    module = __import__(module_name)
  File "/Users/chasoik/Projects/image-prompt/tests/test_photo_render_repair.py", line 3, in <module>
    from tests import photo_prompt_fixtures as current_fixtures
ModuleNotFoundError: No module named 'tests'


======================================================================
ERROR: test_photo_render_repair (unittest.loader._FailedTest.test_photo_render_repair)
----------------------------------------------------------------------
ImportError: Failed to import test module: test_photo_render_repair
Traceback (most recent call last):
  File "/opt/homebrew/Cellar/python@3.14/3.14.3_1/Frameworks/Python.framework/Versions/3.14/lib/python3.14/unittest/loader.py", line 137, in loadTestsFromName
    module = __import__(module_name)
  File "/Users/chasoik/Projects/image-prompt/tests/test_photo_render_repair.py", line 3, in <module>
    from tests import photo_prompt_fixtures as current_fixtures
ModuleNotFoundError: No module named 'tests'


======================================================================
ERROR: test_photo_render_repair (unittest.loader._FailedTest.test_photo_render_repair)
----------------------------------------------------------------------
ImportError: Failed to import test module: test_photo_render_repair
Traceback (most recent call last):
  File "/opt/homebrew/Cellar/python@3.14/3.14.3_1/Frameworks/Python.framework/Versions/3.14/lib/python3.14/unittest/loader.py", line 137, in loadTestsFromName
    module = __import__(module_name)
  File "/Users/chasoik/Projects/image-prompt/tests/test_photo_render_repair.py", line 3, in <module>
    from tests import photo_prompt_fixtures as current_fixtures
ModuleNotFoundError: No module named 'tests'


======================================================================
ERROR: test_photo_render_repair (unittest.loader._FailedTest.test_photo_render_repair)
----------------------------------------------------------------------
ImportError: Failed to import test module: test_photo_render_repair
Traceback (most recent call last):
  File "/opt/homebrew/Cellar/python@3.14/3.14.3_1/Frameworks/Python.framework/Versions/3.14/lib/python3.14/unittest/loader.py", line 137, in loadTestsFromName
    module = __import__(module_name)
  File "/Users/chasoik/Projects/image-prompt/tests/test_photo_render_repair.py", line 3, in <module>
    from tests import photo_prompt_fixtures as current_fixtures
ModuleNotFoundError: No module named 'tests'


======================================================================
ERROR: test_photo_render_repair (unittest.loader._FailedTest.test_photo_render_repair)
----------------------------------------------------------------------
ImportError: Failed to import test module: test_photo_render_repair
Traceback (most recent call last):
  File "/opt/homebrew/Cellar/python@3.14/3.14.3_1/Frameworks/Python.framework/Versions/3.14/lib/python3.14/unittest/loader.py", line 137, in loadTestsFromName
    module = __import__(module_name)
  File "/Users/chasoik/Projects/image-prompt/tests/test_photo_render_repair.py", line 3, in <module>
    from tests import photo_prompt_fixtures as current_fixtures
ModuleNotFoundError: No module named 'tests'


======================================================================
ERROR: test_photo_render_repair (unittest.loader._FailedTest.test_photo_render_repair)
----------------------------------------------------------------------
ImportError: Failed to import test module: test_photo_render_repair
Traceback (most recent call last):
  File "/opt/homebrew/Cellar/python@3.14/3.14.3_1/Frameworks/Python.framework/Versions/3.14/lib/python3.14/unittest/loader.py", line 137, in loadTestsFromName
    module = __import__(module_name)
  File "/Users/chasoik/Projects/image-prompt/tests/test_photo_render_repair.py", line 3, in <module>
    from tests import photo_prompt_fixtures as current_fixtures
ModuleNotFoundError: No module named 'tests'


======================================================================
ERROR: test_photo_render_repair (unittest.loader._FailedTest.test_photo_render_repair)
----------------------------------------------------------------------
ImportError: Failed to import test module: test_photo_render_repair
Traceback (most recent call last):
  File "/opt/homebrew/Cellar/python@3.14/3.14.3_1/Frameworks/Python.framework/Versions/3.14/lib/python3.14/unittest/loader.py", line 137, in loadTestsFromName
    module = __import__(module_name)
  File "/Users/chasoik/Projects/image-prompt/tests/test_photo_render_repair.py", line 3, in <module>
    from tests import photo_prompt_fixtures as current_fixtures
ModuleNotFoundError: No module named 'tests'


======================================================================
ERROR: test_photo_research_integration (unittest.loader._FailedTest.test_photo_research_integration)
----------------------------------------------------------------------
ImportError: Failed to import test module: test_photo_research_integration
Traceback (most recent call last):
  File "/opt/homebrew/Cellar/python@3.14/3.14.3_1/Frameworks/Python.framework/Versions/3.14/lib/python3.14/unittest/loader.py", line 137, in loadTestsFromName
    module = __import__(module_name)
  File "/Users/chasoik/Projects/image-prompt/tests/test_photo_research_integration.py", line 14, in <module>
    from tests.test_photo_contextual_appeal import fixture
ModuleNotFoundError: No module named 'tests'


======================================================================
ERROR: test_photo_research_integration (unittest.loader._FailedTest.test_photo_research_integration)
----------------------------------------------------------------------
ImportError: Failed to import test module: test_photo_research_integration
Traceback (most recent call last):
  File "/opt/homebrew/Cellar/python@3.14/3.14.3_1/Frameworks/Python.framework/Versions/3.14/lib/python3.14/unittest/loader.py", line 137, in loadTestsFromName
    module = __import__(module_name)
  File "/Users/chasoik/Projects/image-prompt/tests/test_photo_research_integration.py", line 14, in <module>
    from tests.test_photo_contextual_appeal import fixture
ModuleNotFoundError: No module named 'tests'


======================================================================
ERROR: test_photo_research_integration (unittest.loader._FailedTest.test_photo_research_integration)
----------------------------------------------------------------------
ImportError: Failed to import test module: test_photo_research_integration
Traceback (most recent call last):
  File "/opt/homebrew/Cellar/python@3.14/3.14.3_1/Frameworks/Python.framework/Versions/3.14/lib/python3.14/unittest/loader.py", line 137, in loadTestsFromName
    module = __import__(module_name)
  File "/Users/chasoik/Projects/image-prompt/tests/test_photo_research_integration.py", line 14, in <module>
    from tests.test_photo_contextual_appeal import fixture
ModuleNotFoundError: No module named 'tests'


======================================================================
ERROR: test_photo_research_integration (unittest.loader._FailedTest.test_photo_research_integration)
----------------------------------------------------------------------
ImportError: Failed to import test module: test_photo_research_integration
Traceback (most recent call last):
  File "/opt/homebrew/Cellar/python@3.14/3.14.3_1/Frameworks/Python.framework/Versions/3.14/lib/python3.14/unittest/loader.py", line 137, in loadTestsFromName
    module = __import__(module_name)
  File "/Users/chasoik/Projects/image-prompt/tests/test_photo_research_integration.py", line 14, in <module>
    from tests.test_photo_contextual_appeal import fixture
ModuleNotFoundError: No module named 'tests'


======================================================================
ERROR: test_photo_research_integration (unittest.loader._FailedTest.test_photo_research_integration)
----------------------------------------------------------------------
ImportError: Failed to import test module: test_photo_research_integration
Traceback (most recent call last):
  File "/opt/homebrew/Cellar/python@3.14/3.14.3_1/Frameworks/Python.framework/Versions/3.14/lib/python3.14/unittest/loader.py", line 137, in loadTestsFromName
    module = __import__(module_name)
  File "/Users/chasoik/Projects/image-prompt/tests/test_photo_research_integration.py", line 14, in <module>
    from tests.test_photo_contextual_appeal import fixture
ModuleNotFoundError: No module named 'tests'


======================================================================
ERROR: test_photo_research_integration (unittest.loader._FailedTest.test_photo_research_integration)
----------------------------------------------------------------------
ImportError: Failed to import test module: test_photo_research_integration
Traceback (most recent call last):
  File "/opt/homebrew/Cellar/python@3.14/3.14.3_1/Frameworks/Python.framework/Versions/3.14/lib/python3.14/unittest/loader.py", line 137, in loadTestsFromName
    module = __import__(module_name)
  File "/Users/chasoik/Projects/image-prompt/tests/test_photo_research_integration.py", line 14, in <module>
    from tests.test_photo_contextual_appeal import fixture
ModuleNotFoundError: No module named 'tests'


======================================================================
ERROR: test_photo_research_integration (unittest.loader._FailedTest.test_photo_research_integration)
----------------------------------------------------------------------
ImportError: Failed to import test module: test_photo_research_integration
Traceback (most recent call last):
  File "/opt/homebrew/Cellar/python@3.14/3.14.3_1/Frameworks/Python.framework/Versions/3.14/lib/python3.14/unittest/loader.py", line 137, in loadTestsFromName
    module = __import__(module_name)
  File "/Users/chasoik/Projects/image-prompt/tests/test_photo_research_integration.py", line 14, in <module>
    from tests.test_photo_contextual_appeal import fixture
ModuleNotFoundError: No module named 'tests'


======================================================================
ERROR: test_photo_research_integration (unittest.loader._FailedTest.test_photo_research_integration)
----------------------------------------------------------------------
ImportError: Failed to import test module: test_photo_research_integration
Traceback (most recent call last):
  File "/opt/homebrew/Cellar/python@3.14/3.14.3_1/Frameworks/Python.framework/Versions/3.14/lib/python3.14/unittest/loader.py", line 137, in loadTestsFromName
    module = __import__(module_name)
  File "/Users/chasoik/Projects/image-prompt/tests/test_photo_research_integration.py", line 14, in <module>
    from tests.test_photo_contextual_appeal import fixture
ModuleNotFoundError: No module named 'tests'


======================================================================
ERROR: test_photo_research_integration (unittest.loader._FailedTest.test_photo_research_integration)
----------------------------------------------------------------------
ImportError: Failed to import test module: test_photo_research_integration
Traceback (most recent call last):
  File "/opt/homebrew/Cellar/python@3.14/3.14.3_1/Frameworks/Python.framework/Versions/3.14/lib/python3.14/unittest/loader.py", line 137, in loadTestsFromName
    module = __import__(module_name)
  File "/Users/chasoik/Projects/image-prompt/tests/test_photo_research_integration.py", line 14, in <module>
    from tests.test_photo_contextual_appeal import fixture
ModuleNotFoundError: No module named 'tests'


======================================================================
ERROR: test_photo_protostar_korean_alias_data_cleanup (unittest.loader._FailedTest.test_photo_protostar_korean_alias_data_cleanup)
----------------------------------------------------------------------
ImportError: Failed to import test module: test_photo_protostar_korean_alias_data_cleanup
Traceback (most recent call last):
  File "/opt/homebrew/Cellar/python@3.14/3.14.3_1/Frameworks/Python.framework/Versions/3.14/lib/python3.14/unittest/loader.py", line 137, in loadTestsFromName
    module = __import__(module_name)
  File "/Users/chasoik/Projects/image-prompt/tests/test_photo_protostar_korean_alias_data_cleanup.py", line 10, in <module>
    from tests import photo_prompt_fixtures as fixtures
ModuleNotFoundError: No module named 'tests'


======================================================================
ERROR: test_photo_protostar_korean_alias_data_cleanup (unittest.loader._FailedTest.test_photo_protostar_korean_alias_data_cleanup)
----------------------------------------------------------------------
ImportError: Failed to import test module: test_photo_protostar_korean_alias_data_cleanup
Traceback (most recent call last):
  File "/opt/homebrew/Cellar/python@3.14/3.14.3_1/Frameworks/Python.framework/Versions/3.14/lib/python3.14/unittest/loader.py", line 137, in loadTestsFromName
    module = __import__(module_name)
  File "/Users/chasoik/Projects/image-prompt/tests/test_photo_protostar_korean_alias_data_cleanup.py", line 10, in <module>
    from tests import photo_prompt_fixtures as fixtures
ModuleNotFoundError: No module named 'tests'


======================================================================
ERROR: test_photo_protostar_korean_alias_data_cleanup (unittest.loader._FailedTest.test_photo_protostar_korean_alias_data_cleanup)
----------------------------------------------------------------------
ImportError: Failed to import test module: test_photo_protostar_korean_alias_data_cleanup
Traceback (most recent call last):
  File "/opt/homebrew/Cellar/python@3.14/3.14.3_1/Frameworks/Python.framework/Versions/3.14/lib/python3.14/unittest/loader.py", line 137, in loadTestsFromName
    module = __import__(module_name)
  File "/Users/chasoik/Projects/image-prompt/tests/test_photo_protostar_korean_alias_data_cleanup.py", line 10, in <module>
    from tests import photo_prompt_fixtures as fixtures
ModuleNotFoundError: No module named 'tests'


======================================================================
ERROR: test_photo_protostar_korean_alias_data_cleanup (unittest.loader._FailedTest.test_photo_protostar_korean_alias_data_cleanup)
----------------------------------------------------------------------
ImportError: Failed to import test module: test_photo_protostar_korean_alias_data_cleanup
Traceback (most recent call last):
  File "/opt/homebrew/Cellar/python@3.14/3.14.3_1/Frameworks/Python.framework/Versions/3.14/lib/python3.14/unittest/loader.py", line 137, in loadTestsFromName
    module = __import__(module_name)
  File "/Users/chasoik/Projects/image-prompt/tests/test_photo_protostar_korean_alias_data_cleanup.py", line 10, in <module>
    from tests import photo_prompt_fixtures as fixtures
ModuleNotFoundError: No module named 'tests'


======================================================================
ERROR: test_photo_protostar_korean_alias_data_cleanup (unittest.loader._FailedTest.test_photo_protostar_korean_alias_data_cleanup)
----------------------------------------------------------------------
ImportError: Failed to import test module: test_photo_protostar_korean_alias_data_cleanup
Traceback (most recent call last):
  File "/opt/homebrew/Cellar/python@3.14/3.14.3_1/Frameworks/Python.framework/Versions/3.14/lib/python3.14/unittest/loader.py", line 137, in loadTestsFromName
    module = __import__(module_name)
  File "/Users/chasoik/Projects/image-prompt/tests/test_photo_protostar_korean_alias_data_cleanup.py", line 10, in <module>
    from tests import photo_prompt_fixtures as fixtures
ModuleNotFoundError: No module named 'tests'


======================================================================
ERROR: test_photo_protostar_korean_alias_data_cleanup (unittest.loader._FailedTest.test_photo_protostar_korean_alias_data_cleanup)
----------------------------------------------------------------------
ImportError: Failed to import test module: test_photo_protostar_korean_alias_data_cleanup
Traceback (most recent call last):
  File "/opt/homebrew/Cellar/python@3.14/3.14.3_1/Frameworks/Python.framework/Versions/3.14/lib/python3.14/unittest/loader.py", line 137, in loadTestsFromName
    module = __import__(module_name)
  File "/Users/chasoik/Projects/image-prompt/tests/test_photo_protostar_korean_alias_data_cleanup.py", line 10, in <module>
    from tests import photo_prompt_fixtures as fixtures
ModuleNotFoundError: No module named 'tests'


======================================================================
ERROR: test_photo_protostar_korean_alias_data_cleanup (unittest.loader._FailedTest.test_photo_protostar_korean_alias_data_cleanup)
----------------------------------------------------------------------
ImportError: Failed to import test module: test_photo_protostar_korean_alias_data_cleanup
Traceback (most recent call last):
  File "/opt/homebrew/Cellar/python@3.14/3.14.3_1/Frameworks/Python.framework/Versions/3.14/lib/python3.14/unittest/loader.py", line 137, in loadTestsFromName
    module = __import__(module_name)
  File "/Users/chasoik/Projects/image-prompt/tests/test_photo_protostar_korean_alias_data_cleanup.py", line 10, in <module>
    from tests import photo_prompt_fixtures as fixtures
ModuleNotFoundError: No module named 'tests'


======================================================================
ERROR: test_photo_protostar_korean_alias_data_cleanup (unittest.loader._FailedTest.test_photo_protostar_korean_alias_data_cleanup)
----------------------------------------------------------------------
ImportError: Failed to import test module: test_photo_protostar_korean_alias_data_cleanup
Traceback (most recent call last):
  File "/opt/homebrew/Cellar/python@3.14/3.14.3_1/Frameworks/Python.framework/Versions/3.14/lib/python3.14/unittest/loader.py", line 137, in loadTestsFromName
    module = __import__(module_name)
  File "/Users/chasoik/Projects/image-prompt/tests/test_photo_protostar_korean_alias_data_cleanup.py", line 10, in <module>
    from tests import photo_prompt_fixtures as fixtures
ModuleNotFoundError: No module named 'tests'


======================================================================
ERROR: test_photo_jurisdiction_record_unit_data_cleanup (unittest.loader._FailedTest.test_photo_jurisdiction_record_unit_data_cleanup)
----------------------------------------------------------------------
ImportError: Failed to import test module: test_photo_jurisdiction_record_unit_data_cleanup
Traceback (most recent call last):
  File "/opt/homebrew/Cellar/python@3.14/3.14.3_1/Frameworks/Python.framework/Versions/3.14/lib/python3.14/unittest/loader.py", line 137, in loadTestsFromName
    module = __import__(module_name)
  File "/Users/chasoik/Projects/image-prompt/tests/test_photo_jurisdiction_record_unit_data_cleanup.py", line 8, in <module>
    from tests import photo_prompt_fixtures as fixtures
ModuleNotFoundError: No module named 'tests'


======================================================================
ERROR: test_photo_jurisdiction_record_unit_data_cleanup (unittest.loader._FailedTest.test_photo_jurisdiction_record_unit_data_cleanup)
----------------------------------------------------------------------
ImportError: Failed to import test module: test_photo_jurisdiction_record_unit_data_cleanup
Traceback (most recent call last):
  File "/opt/homebrew/Cellar/python@3.14/3.14.3_1/Frameworks/Python.framework/Versions/3.14/lib/python3.14/unittest/loader.py", line 137, in loadTestsFromName
    module = __import__(module_name)
  File "/Users/chasoik/Projects/image-prompt/tests/test_photo_jurisdiction_record_unit_data_cleanup.py", line 8, in <module>
    from tests import photo_prompt_fixtures as fixtures
ModuleNotFoundError: No module named 'tests'


======================================================================
ERROR: test_photo_jurisdiction_record_unit_data_cleanup (unittest.loader._FailedTest.test_photo_jurisdiction_record_unit_data_cleanup)
----------------------------------------------------------------------
ImportError: Failed to import test module: test_photo_jurisdiction_record_unit_data_cleanup
Traceback (most recent call last):
  File "/opt/homebrew/Cellar/python@3.14/3.14.3_1/Frameworks/Python.framework/Versions/3.14/lib/python3.14/unittest/loader.py", line 137, in loadTestsFromName
    module = __import__(module_name)
  File "/Users/chasoik/Projects/image-prompt/tests/test_photo_jurisdiction_record_unit_data_cleanup.py", line 8, in <module>
    from tests import photo_prompt_fixtures as fixtures
ModuleNotFoundError: No module named 'tests'


======================================================================
ERROR: test_photo_jurisdiction_record_unit_data_cleanup (unittest.loader._FailedTest.test_photo_jurisdiction_record_unit_data_cleanup)
----------------------------------------------------------------------
ImportError: Failed to import test module: test_photo_jurisdiction_record_unit_data_cleanup
Traceback (most recent call last):
  File "/opt/homebrew/Cellar/python@3.14/3.14.3_1/Frameworks/Python.framework/Versions/3.14/lib/python3.14/unittest/loader.py", line 137, in loadTestsFromName
    module = __import__(module_name)
  File "/Users/chasoik/Projects/image-prompt/tests/test_photo_jurisdiction_record_unit_data_cleanup.py", line 8, in <module>
    from tests import photo_prompt_fixtures as fixtures
ModuleNotFoundError: No module named 'tests'


======================================================================
ERROR: test_photo_jurisdiction_record_unit_data_cleanup (unittest.loader._FailedTest.test_photo_jurisdiction_record_unit_data_cleanup)
----------------------------------------------------------------------
ImportError: Failed to import test module: test_photo_jurisdiction_record_unit_data_cleanup
Traceback (most recent call last):
  File "/opt/homebrew/Cellar/python@3.14/3.14.3_1/Frameworks/Python.framework/Versions/3.14/lib/python3.14/unittest/loader.py", line 137, in loadTestsFromName
    module = __import__(module_name)
  File "/Users/chasoik/Projects/image-prompt/tests/test_photo_jurisdiction_record_unit_data_cleanup.py", line 8, in <module>
    from tests import photo_prompt_fixtures as fixtures
ModuleNotFoundError: No module named 'tests'


======================================================================
ERROR: test_photo_jurisdiction_record_unit_data_cleanup (unittest.loader._FailedTest.test_photo_jurisdiction_record_unit_data_cleanup)
----------------------------------------------------------------------
ImportError: Failed to import test module: test_photo_jurisdiction_record_unit_data_cleanup
Traceback (most recent call last):
  File "/opt/homebrew/Cellar/python@3.14/3.14.3_1/Frameworks/Python.framework/Versions/3.14/lib/python3.14/unittest/loader.py", line 137, in loadTestsFromName
    module = __import__(module_name)
  File "/Users/chasoik/Projects/image-prompt/tests/test_photo_jurisdiction_record_unit_data_cleanup.py", line 8, in <module>
    from tests import photo_prompt_fixtures as fixtures
ModuleNotFoundError: No module named 'tests'


======================================================================
ERROR: test_photo_jurisdiction_record_unit_data_cleanup (unittest.loader._FailedTest.test_photo_jurisdiction_record_unit_data_cleanup)
----------------------------------------------------------------------
ImportError: Failed to import test module: test_photo_jurisdiction_record_unit_data_cleanup
Traceback (most recent call last):
  File "/opt/homebrew/Cellar/python@3.14/3.14.3_1/Frameworks/Python.framework/Versions/3.14/lib/python3.14/unittest/loader.py", line 137, in loadTestsFromName
    module = __import__(module_name)
  File "/Users/chasoik/Projects/image-prompt/tests/test_photo_jurisdiction_record_unit_data_cleanup.py", line 8, in <module>
    from tests import photo_prompt_fixtures as fixtures
ModuleNotFoundError: No module named 'tests'


======================================================================
ERROR: test_photo_prepack_isolation (unittest.loader._FailedTest.test_photo_prepack_isolation)
----------------------------------------------------------------------
ImportError: Failed to import test module: test_photo_prepack_isolation
Traceback (most recent call last):
  File "/opt/homebrew/Cellar/python@3.14/3.14.3_1/Frameworks/Python.framework/Versions/3.14/lib/python3.14/unittest/loader.py", line 137, in loadTestsFromName
    module = __import__(module_name)
  File "/Users/chasoik/Projects/image-prompt/tests/test_photo_prepack_isolation.py", line 24, in <module>
    from tests import photo_prompt_fixtures as fixtures
ModuleNotFoundError: No module named 'tests'


======================================================================
ERROR: test_photo_prepack_isolation (unittest.loader._FailedTest.test_photo_prepack_isolation)
----------------------------------------------------------------------
ImportError: Failed to import test module: test_photo_prepack_isolation
Traceback (most recent call last):
  File "/opt/homebrew/Cellar/python@3.14/3.14.3_1/Frameworks/Python.framework/Versions/3.14/lib/python3.14/unittest/loader.py", line 137, in loadTestsFromName
    module = __import__(module_name)
  File "/Users/chasoik/Projects/image-prompt/tests/test_photo_prepack_isolation.py", line 24, in <module>
    from tests import photo_prompt_fixtures as fixtures
ModuleNotFoundError: No module named 'tests'


======================================================================
ERROR: test_photo_prepack_isolation (unittest.loader._FailedTest.test_photo_prepack_isolation)
----------------------------------------------------------------------
ImportError: Failed to import test module: test_photo_prepack_isolation
Traceback (most recent call last):
  File "/opt/homebrew/Cellar/python@3.14/3.14.3_1/Frameworks/Python.framework/Versions/3.14/lib/python3.14/unittest/loader.py", line 137, in loadTestsFromName
    module = __import__(module_name)
  File "/Users/chasoik/Projects/image-prompt/tests/test_photo_prepack_isolation.py", line 24, in <module>
    from tests import photo_prompt_fixtures as fixtures
ModuleNotFoundError: No module named 'tests'


======================================================================
ERROR: test_photo_prepack_isolation (unittest.loader._FailedTest.test_photo_prepack_isolation)
----------------------------------------------------------------------
ImportError: Failed to import test module: test_photo_prepack_isolation
Traceback (most recent call last):
  File "/opt/homebrew/Cellar/python@3.14/3.14.3_1/Frameworks/Python.framework/Versions/3.14/lib/python3.14/unittest/loader.py", line 137, in loadTestsFromName
    module = __import__(module_name)
  File "/Users/chasoik/Projects/image-prompt/tests/test_photo_prepack_isolation.py", line 24, in <module>
    from tests import photo_prompt_fixtures as fixtures
ModuleNotFoundError: No module named 'tests'


======================================================================
ERROR: test_photo_prepack_isolation (unittest.loader._FailedTest.test_photo_prepack_isolation)
----------------------------------------------------------------------
ImportError: Failed to import test module: test_photo_prepack_isolation
Traceback (most recent call last):
  File "/opt/homebrew/Cellar/python@3.14/3.14.3_1/Frameworks/Python.framework/Versions/3.14/lib/python3.14/unittest/loader.py", line 137, in loadTestsFromName
    module = __import__(module_name)
  File "/Users/chasoik/Projects/image-prompt/tests/test_photo_prepack_isolation.py", line 24, in <module>
    from tests import photo_prompt_fixtures as fixtures
ModuleNotFoundError: No module named 'tests'


======================================================================
ERROR: test_photo_prepack_isolation (unittest.loader._FailedTest.test_photo_prepack_isolation)
----------------------------------------------------------------------
ImportError: Failed to import test module: test_photo_prepack_isolation
Traceback (most recent call last):
  File "/opt/homebrew/Cellar/python@3.14/3.14.3_1/Frameworks/Python.framework/Versions/3.14/lib/python3.14/unittest/loader.py", line 137, in loadTestsFromName
    module = __import__(module_name)
  File "/Users/chasoik/Projects/image-prompt/tests/test_photo_prepack_isolation.py", line 24, in <module>
    from tests import photo_prompt_fixtures as fixtures
ModuleNotFoundError: No module named 'tests'


----------------------------------------------------------------------
Ran 294 tests in 408.368s

FAILED (errors=91)
