E.................................EEEEEEEEEEEEEEEEEEEEEEEEEEEEEEEEEEEEEEEEEEE............................................................EEEEEEEEEE..............................................EEEEEEEE.............................................................................................
======================================================================
ERROR: test_aggregate_validator_does_not_hide_partial_pixel_qualification (test_subculture_illustration_contract_v1.SubcultureIllustrationContractV1Tests.test_aggregate_validator_does_not_hide_partial_pixel_qualification)
----------------------------------------------------------------------
Traceback (most recent call last):
  File "/Users/chasoik/Projects/image-prompt/tests/test_subculture_illustration_contract_v1.py", line 504, in test_aggregate_validator_does_not_hide_partial_pixel_qualification
    summary = validate_all(ASSET_ROOT)
  File "/Users/chasoik/Projects/image-prompt/skills/subculture-illustration-image-generator/scripts/validate_illustration_assets.py", line 11587, in validate_all
    photo_regression = validate_photo_regression_baseline(root)
  File "/Users/chasoik/Projects/image-prompt/skills/subculture-illustration-image-generator/scripts/validate_illustration_assets.py", line 6509, in validate_photo_regression_baseline
    _require(
    ~~~~~~~~^
        digest == baseline.get("sha256"),
        ^^^^^^^^^^^^^^^^^^^^^^^^^^^^^^^^^
        "current photo baseline candidate-pack bytes drift",
        ^^^^^^^^^^^^^^^^^^^^^^^^^^^^^^^^^^^^^^^^^^^^^^^^^^^^
    )
    ^
  File "/Users/chasoik/Projects/image-prompt/skills/subculture-illustration-image-generator/scripts/validate_illustration_assets.py", line 1280, in _require
    raise ValidationFailure(message)
validate_illustration_assets.ValidationFailure: current photo baseline candidate-pack bytes drift

======================================================================
ERROR: test_photo_visual_obligations (unittest.loader._FailedTest.test_photo_visual_obligations)
----------------------------------------------------------------------
ImportError: Failed to import test module: test_photo_visual_obligations
Traceback (most recent call last):
  File "/opt/homebrew/Cellar/python@3.14/3.14.3_1/Frameworks/Python.framework/Versions/3.14/lib/python3.14/unittest/loader.py", line 137, in loadTestsFromName
    module = __import__(module_name)
  File "/Users/chasoik/Projects/image-prompt/tests/test_photo_visual_obligations.py", line 38, in <module>
    from tests import photo_prompt_fixtures as fixtures
ModuleNotFoundError: No module named 'tests'


======================================================================
ERROR: test_photo_visual_obligations (unittest.loader._FailedTest.test_photo_visual_obligations)
----------------------------------------------------------------------
ImportError: Failed to import test module: test_photo_visual_obligations
Traceback (most recent call last):
  File "/opt/homebrew/Cellar/python@3.14/3.14.3_1/Frameworks/Python.framework/Versions/3.14/lib/python3.14/unittest/loader.py", line 137, in loadTestsFromName
    module = __import__(module_name)
  File "/Users/chasoik/Projects/image-prompt/tests/test_photo_visual_obligations.py", line 38, in <module>
    from tests import photo_prompt_fixtures as fixtures
ModuleNotFoundError: No module named 'tests'


======================================================================
ERROR: test_photo_visual_obligations (unittest.loader._FailedTest.test_photo_visual_obligations)
----------------------------------------------------------------------
ImportError: Failed to import test module: test_photo_visual_obligations
Traceback (most recent call last):
  File "/opt/homebrew/Cellar/python@3.14/3.14.3_1/Frameworks/Python.framework/Versions/3.14/lib/python3.14/unittest/loader.py", line 137, in loadTestsFromName
    module = __import__(module_name)
  File "/Users/chasoik/Projects/image-prompt/tests/test_photo_visual_obligations.py", line 38, in <module>
    from tests import photo_prompt_fixtures as fixtures
ModuleNotFoundError: No module named 'tests'


======================================================================
ERROR: test_photo_visual_obligations (unittest.loader._FailedTest.test_photo_visual_obligations)
----------------------------------------------------------------------
ImportError: Failed to import test module: test_photo_visual_obligations
Traceback (most recent call last):
  File "/opt/homebrew/Cellar/python@3.14/3.14.3_1/Frameworks/Python.framework/Versions/3.14/lib/python3.14/unittest/loader.py", line 137, in loadTestsFromName
    module = __import__(module_name)
  File "/Users/chasoik/Projects/image-prompt/tests/test_photo_visual_obligations.py", line 38, in <module>
    from tests import photo_prompt_fixtures as fixtures
ModuleNotFoundError: No module named 'tests'


======================================================================
ERROR: test_photo_visual_obligations (unittest.loader._FailedTest.test_photo_visual_obligations)
----------------------------------------------------------------------
ImportError: Failed to import test module: test_photo_visual_obligations
Traceback (most recent call last):
  File "/opt/homebrew/Cellar/python@3.14/3.14.3_1/Frameworks/Python.framework/Versions/3.14/lib/python3.14/unittest/loader.py", line 137, in loadTestsFromName
    module = __import__(module_name)
  File "/Users/chasoik/Projects/image-prompt/tests/test_photo_visual_obligations.py", line 38, in <module>
    from tests import photo_prompt_fixtures as fixtures
ModuleNotFoundError: No module named 'tests'


======================================================================
ERROR: test_photo_visual_obligations (unittest.loader._FailedTest.test_photo_visual_obligations)
----------------------------------------------------------------------
ImportError: Failed to import test module: test_photo_visual_obligations
Traceback (most recent call last):
  File "/opt/homebrew/Cellar/python@3.14/3.14.3_1/Frameworks/Python.framework/Versions/3.14/lib/python3.14/unittest/loader.py", line 137, in loadTestsFromName
    module = __import__(module_name)
  File "/Users/chasoik/Projects/image-prompt/tests/test_photo_visual_obligations.py", line 38, in <module>
    from tests import photo_prompt_fixtures as fixtures
ModuleNotFoundError: No module named 'tests'


======================================================================
ERROR: test_photo_visual_obligations (unittest.loader._FailedTest.test_photo_visual_obligations)
----------------------------------------------------------------------
ImportError: Failed to import test module: test_photo_visual_obligations
Traceback (most recent call last):
  File "/opt/homebrew/Cellar/python@3.14/3.14.3_1/Frameworks/Python.framework/Versions/3.14/lib/python3.14/unittest/loader.py", line 137, in loadTestsFromName
    module = __import__(module_name)
  File "/Users/chasoik/Projects/image-prompt/tests/test_photo_visual_obligations.py", line 38, in <module>
    from tests import photo_prompt_fixtures as fixtures
ModuleNotFoundError: No module named 'tests'


======================================================================
ERROR: test_photo_visual_obligations (unittest.loader._FailedTest.test_photo_visual_obligations)
----------------------------------------------------------------------
ImportError: Failed to import test module: test_photo_visual_obligations
Traceback (most recent call last):
  File "/opt/homebrew/Cellar/python@3.14/3.14.3_1/Frameworks/Python.framework/Versions/3.14/lib/python3.14/unittest/loader.py", line 137, in loadTestsFromName
    module = __import__(module_name)
  File "/Users/chasoik/Projects/image-prompt/tests/test_photo_visual_obligations.py", line 38, in <module>
    from tests import photo_prompt_fixtures as fixtures
ModuleNotFoundError: No module named 'tests'


======================================================================
ERROR: test_photo_visual_obligations (unittest.loader._FailedTest.test_photo_visual_obligations)
----------------------------------------------------------------------
ImportError: Failed to import test module: test_photo_visual_obligations
Traceback (most recent call last):
  File "/opt/homebrew/Cellar/python@3.14/3.14.3_1/Frameworks/Python.framework/Versions/3.14/lib/python3.14/unittest/loader.py", line 137, in loadTestsFromName
    module = __import__(module_name)
  File "/Users/chasoik/Projects/image-prompt/tests/test_photo_visual_obligations.py", line 38, in <module>
    from tests import photo_prompt_fixtures as fixtures
ModuleNotFoundError: No module named 'tests'


======================================================================
ERROR: test_photo_visual_obligations (unittest.loader._FailedTest.test_photo_visual_obligations)
----------------------------------------------------------------------
ImportError: Failed to import test module: test_photo_visual_obligations
Traceback (most recent call last):
  File "/opt/homebrew/Cellar/python@3.14/3.14.3_1/Frameworks/Python.framework/Versions/3.14/lib/python3.14/unittest/loader.py", line 137, in loadTestsFromName
    module = __import__(module_name)
  File "/Users/chasoik/Projects/image-prompt/tests/test_photo_visual_obligations.py", line 38, in <module>
    from tests import photo_prompt_fixtures as fixtures
ModuleNotFoundError: No module named 'tests'


======================================================================
ERROR: test_photo_visual_obligations (unittest.loader._FailedTest.test_photo_visual_obligations)
----------------------------------------------------------------------
ImportError: Failed to import test module: test_photo_visual_obligations
Traceback (most recent call last):
  File "/opt/homebrew/Cellar/python@3.14/3.14.3_1/Frameworks/Python.framework/Versions/3.14/lib/python3.14/unittest/loader.py", line 137, in loadTestsFromName
    module = __import__(module_name)
  File "/Users/chasoik/Projects/image-prompt/tests/test_photo_visual_obligations.py", line 38, in <module>
    from tests import photo_prompt_fixtures as fixtures
ModuleNotFoundError: No module named 'tests'


======================================================================
ERROR: test_photo_visual_obligations (unittest.loader._FailedTest.test_photo_visual_obligations)
----------------------------------------------------------------------
ImportError: Failed to import test module: test_photo_visual_obligations
Traceback (most recent call last):
  File "/opt/homebrew/Cellar/python@3.14/3.14.3_1/Frameworks/Python.framework/Versions/3.14/lib/python3.14/unittest/loader.py", line 137, in loadTestsFromName
    module = __import__(module_name)
  File "/Users/chasoik/Projects/image-prompt/tests/test_photo_visual_obligations.py", line 38, in <module>
    from tests import photo_prompt_fixtures as fixtures
ModuleNotFoundError: No module named 'tests'


======================================================================
ERROR: test_photo_visual_obligations (unittest.loader._FailedTest.test_photo_visual_obligations)
----------------------------------------------------------------------
ImportError: Failed to import test module: test_photo_visual_obligations
Traceback (most recent call last):
  File "/opt/homebrew/Cellar/python@3.14/3.14.3_1/Frameworks/Python.framework/Versions/3.14/lib/python3.14/unittest/loader.py", line 137, in loadTestsFromName
    module = __import__(module_name)
  File "/Users/chasoik/Projects/image-prompt/tests/test_photo_visual_obligations.py", line 38, in <module>
    from tests import photo_prompt_fixtures as fixtures
ModuleNotFoundError: No module named 'tests'


======================================================================
ERROR: test_photo_visual_obligations (unittest.loader._FailedTest.test_photo_visual_obligations)
----------------------------------------------------------------------
ImportError: Failed to import test module: test_photo_visual_obligations
Traceback (most recent call last):
  File "/opt/homebrew/Cellar/python@3.14/3.14.3_1/Frameworks/Python.framework/Versions/3.14/lib/python3.14/unittest/loader.py", line 137, in loadTestsFromName
    module = __import__(module_name)
  File "/Users/chasoik/Projects/image-prompt/tests/test_photo_visual_obligations.py", line 38, in <module>
    from tests import photo_prompt_fixtures as fixtures
ModuleNotFoundError: No module named 'tests'


======================================================================
ERROR: test_photo_visual_obligations (unittest.loader._FailedTest.test_photo_visual_obligations)
----------------------------------------------------------------------
ImportError: Failed to import test module: test_photo_visual_obligations
Traceback (most recent call last):
  File "/opt/homebrew/Cellar/python@3.14/3.14.3_1/Frameworks/Python.framework/Versions/3.14/lib/python3.14/unittest/loader.py", line 137, in loadTestsFromName
    module = __import__(module_name)
  File "/Users/chasoik/Projects/image-prompt/tests/test_photo_visual_obligations.py", line 38, in <module>
    from tests import photo_prompt_fixtures as fixtures
ModuleNotFoundError: No module named 'tests'


======================================================================
ERROR: test_photo_visual_obligations (unittest.loader._FailedTest.test_photo_visual_obligations)
----------------------------------------------------------------------
ImportError: Failed to import test module: test_photo_visual_obligations
Traceback (most recent call last):
  File "/opt/homebrew/Cellar/python@3.14/3.14.3_1/Frameworks/Python.framework/Versions/3.14/lib/python3.14/unittest/loader.py", line 137, in loadTestsFromName
    module = __import__(module_name)
  File "/Users/chasoik/Projects/image-prompt/tests/test_photo_visual_obligations.py", line 38, in <module>
    from tests import photo_prompt_fixtures as fixtures
ModuleNotFoundError: No module named 'tests'


======================================================================
ERROR: test_photo_visual_obligations (unittest.loader._FailedTest.test_photo_visual_obligations)
----------------------------------------------------------------------
ImportError: Failed to import test module: test_photo_visual_obligations
Traceback (most recent call last):
  File "/opt/homebrew/Cellar/python@3.14/3.14.3_1/Frameworks/Python.framework/Versions/3.14/lib/python3.14/unittest/loader.py", line 137, in loadTestsFromName
    module = __import__(module_name)
  File "/Users/chasoik/Projects/image-prompt/tests/test_photo_visual_obligations.py", line 38, in <module>
    from tests import photo_prompt_fixtures as fixtures
ModuleNotFoundError: No module named 'tests'


======================================================================
ERROR: test_photo_visual_obligations (unittest.loader._FailedTest.test_photo_visual_obligations)
----------------------------------------------------------------------
ImportError: Failed to import test module: test_photo_visual_obligations
Traceback (most recent call last):
  File "/opt/homebrew/Cellar/python@3.14/3.14.3_1/Frameworks/Python.framework/Versions/3.14/lib/python3.14/unittest/loader.py", line 137, in loadTestsFromName
    module = __import__(module_name)
  File "/Users/chasoik/Projects/image-prompt/tests/test_photo_visual_obligations.py", line 38, in <module>
    from tests import photo_prompt_fixtures as fixtures
ModuleNotFoundError: No module named 'tests'


======================================================================
ERROR: test_photo_visual_obligations (unittest.loader._FailedTest.test_photo_visual_obligations)
----------------------------------------------------------------------
ImportError: Failed to import test module: test_photo_visual_obligations
Traceback (most recent call last):
  File "/opt/homebrew/Cellar/python@3.14/3.14.3_1/Frameworks/Python.framework/Versions/3.14/lib/python3.14/unittest/loader.py", line 137, in loadTestsFromName
    module = __import__(module_name)
  File "/Users/chasoik/Projects/image-prompt/tests/test_photo_visual_obligations.py", line 38, in <module>
    from tests import photo_prompt_fixtures as fixtures
ModuleNotFoundError: No module named 'tests'


======================================================================
ERROR: test_photo_visual_obligations (unittest.loader._FailedTest.test_photo_visual_obligations)
----------------------------------------------------------------------
ImportError: Failed to import test module: test_photo_visual_obligations
Traceback (most recent call last):
  File "/opt/homebrew/Cellar/python@3.14/3.14.3_1/Frameworks/Python.framework/Versions/3.14/lib/python3.14/unittest/loader.py", line 137, in loadTestsFromName
    module = __import__(module_name)
  File "/Users/chasoik/Projects/image-prompt/tests/test_photo_visual_obligations.py", line 38, in <module>
    from tests import photo_prompt_fixtures as fixtures
ModuleNotFoundError: No module named 'tests'


======================================================================
ERROR: test_photo_visual_obligations (unittest.loader._FailedTest.test_photo_visual_obligations)
----------------------------------------------------------------------
ImportError: Failed to import test module: test_photo_visual_obligations
Traceback (most recent call last):
  File "/opt/homebrew/Cellar/python@3.14/3.14.3_1/Frameworks/Python.framework/Versions/3.14/lib/python3.14/unittest/loader.py", line 137, in loadTestsFromName
    module = __import__(module_name)
  File "/Users/chasoik/Projects/image-prompt/tests/test_photo_visual_obligations.py", line 38, in <module>
    from tests import photo_prompt_fixtures as fixtures
ModuleNotFoundError: No module named 'tests'


======================================================================
ERROR: test_photo_visual_obligations (unittest.loader._FailedTest.test_photo_visual_obligations)
----------------------------------------------------------------------
ImportError: Failed to import test module: test_photo_visual_obligations
Traceback (most recent call last):
  File "/opt/homebrew/Cellar/python@3.14/3.14.3_1/Frameworks/Python.framework/Versions/3.14/lib/python3.14/unittest/loader.py", line 137, in loadTestsFromName
    module = __import__(module_name)
  File "/Users/chasoik/Projects/image-prompt/tests/test_photo_visual_obligations.py", line 38, in <module>
    from tests import photo_prompt_fixtures as fixtures
ModuleNotFoundError: No module named 'tests'


======================================================================
ERROR: test_photo_visual_obligations (unittest.loader._FailedTest.test_photo_visual_obligations)
----------------------------------------------------------------------
ImportError: Failed to import test module: test_photo_visual_obligations
Traceback (most recent call last):
  File "/opt/homebrew/Cellar/python@3.14/3.14.3_1/Frameworks/Python.framework/Versions/3.14/lib/python3.14/unittest/loader.py", line 137, in loadTestsFromName
    module = __import__(module_name)
  File "/Users/chasoik/Projects/image-prompt/tests/test_photo_visual_obligations.py", line 38, in <module>
    from tests import photo_prompt_fixtures as fixtures
ModuleNotFoundError: No module named 'tests'


======================================================================
ERROR: test_photo_visual_obligations (unittest.loader._FailedTest.test_photo_visual_obligations)
----------------------------------------------------------------------
ImportError: Failed to import test module: test_photo_visual_obligations
Traceback (most recent call last):
  File "/opt/homebrew/Cellar/python@3.14/3.14.3_1/Frameworks/Python.framework/Versions/3.14/lib/python3.14/unittest/loader.py", line 137, in loadTestsFromName
    module = __import__(module_name)
  File "/Users/chasoik/Projects/image-prompt/tests/test_photo_visual_obligations.py", line 38, in <module>
    from tests import photo_prompt_fixtures as fixtures
ModuleNotFoundError: No module named 'tests'


======================================================================
ERROR: test_photo_visual_obligations (unittest.loader._FailedTest.test_photo_visual_obligations)
----------------------------------------------------------------------
ImportError: Failed to import test module: test_photo_visual_obligations
Traceback (most recent call last):
  File "/opt/homebrew/Cellar/python@3.14/3.14.3_1/Frameworks/Python.framework/Versions/3.14/lib/python3.14/unittest/loader.py", line 137, in loadTestsFromName
    module = __import__(module_name)
  File "/Users/chasoik/Projects/image-prompt/tests/test_photo_visual_obligations.py", line 38, in <module>
    from tests import photo_prompt_fixtures as fixtures
ModuleNotFoundError: No module named 'tests'


======================================================================
ERROR: test_photo_visual_obligations (unittest.loader._FailedTest.test_photo_visual_obligations)
----------------------------------------------------------------------
ImportError: Failed to import test module: test_photo_visual_obligations
Traceback (most recent call last):
  File "/opt/homebrew/Cellar/python@3.14/3.14.3_1/Frameworks/Python.framework/Versions/3.14/lib/python3.14/unittest/loader.py", line 137, in loadTestsFromName
    module = __import__(module_name)
  File "/Users/chasoik/Projects/image-prompt/tests/test_photo_visual_obligations.py", line 38, in <module>
    from tests import photo_prompt_fixtures as fixtures
ModuleNotFoundError: No module named 'tests'


======================================================================
ERROR: test_photo_visual_obligations (unittest.loader._FailedTest.test_photo_visual_obligations)
----------------------------------------------------------------------
ImportError: Failed to import test module: test_photo_visual_obligations
Traceback (most recent call last):
  File "/opt/homebrew/Cellar/python@3.14/3.14.3_1/Frameworks/Python.framework/Versions/3.14/lib/python3.14/unittest/loader.py", line 137, in loadTestsFromName
    module = __import__(module_name)
  File "/Users/chasoik/Projects/image-prompt/tests/test_photo_visual_obligations.py", line 38, in <module>
    from tests import photo_prompt_fixtures as fixtures
ModuleNotFoundError: No module named 'tests'


======================================================================
ERROR: test_photo_precore_feature_selection (unittest.loader._FailedTest.test_photo_precore_feature_selection)
----------------------------------------------------------------------
ImportError: Failed to import test module: test_photo_precore_feature_selection
Traceback (most recent call last):
  File "/opt/homebrew/Cellar/python@3.14/3.14.3_1/Frameworks/Python.framework/Versions/3.14/lib/python3.14/unittest/loader.py", line 137, in loadTestsFromName
    module = __import__(module_name)
  File "/Users/chasoik/Projects/image-prompt/tests/test_photo_precore_feature_selection.py", line 24, in <module>
    from tests import photo_prompt_fixtures  # noqa: E402
    ^^^^^^^^^^^^^^^^^^^^^^^^^^^^^^^^^^^^^^^
ModuleNotFoundError: No module named 'tests'


======================================================================
ERROR: test_photo_precore_feature_selection (unittest.loader._FailedTest.test_photo_precore_feature_selection)
----------------------------------------------------------------------
ImportError: Failed to import test module: test_photo_precore_feature_selection
Traceback (most recent call last):
  File "/opt/homebrew/Cellar/python@3.14/3.14.3_1/Frameworks/Python.framework/Versions/3.14/lib/python3.14/unittest/loader.py", line 137, in loadTestsFromName
    module = __import__(module_name)
  File "/Users/chasoik/Projects/image-prompt/tests/test_photo_precore_feature_selection.py", line 24, in <module>
    from tests import photo_prompt_fixtures  # noqa: E402
    ^^^^^^^^^^^^^^^^^^^^^^^^^^^^^^^^^^^^^^^
ModuleNotFoundError: No module named 'tests'


======================================================================
ERROR: test_photo_precore_feature_selection (unittest.loader._FailedTest.test_photo_precore_feature_selection)
----------------------------------------------------------------------
ImportError: Failed to import test module: test_photo_precore_feature_selection
Traceback (most recent call last):
  File "/opt/homebrew/Cellar/python@3.14/3.14.3_1/Frameworks/Python.framework/Versions/3.14/lib/python3.14/unittest/loader.py", line 137, in loadTestsFromName
    module = __import__(module_name)
  File "/Users/chasoik/Projects/image-prompt/tests/test_photo_precore_feature_selection.py", line 24, in <module>
    from tests import photo_prompt_fixtures  # noqa: E402
    ^^^^^^^^^^^^^^^^^^^^^^^^^^^^^^^^^^^^^^^
ModuleNotFoundError: No module named 'tests'


======================================================================
ERROR: test_photo_precore_feature_selection (unittest.loader._FailedTest.test_photo_precore_feature_selection)
----------------------------------------------------------------------
ImportError: Failed to import test module: test_photo_precore_feature_selection
Traceback (most recent call last):
  File "/opt/homebrew/Cellar/python@3.14/3.14.3_1/Frameworks/Python.framework/Versions/3.14/lib/python3.14/unittest/loader.py", line 137, in loadTestsFromName
    module = __import__(module_name)
  File "/Users/chasoik/Projects/image-prompt/tests/test_photo_precore_feature_selection.py", line 24, in <module>
    from tests import photo_prompt_fixtures  # noqa: E402
    ^^^^^^^^^^^^^^^^^^^^^^^^^^^^^^^^^^^^^^^
ModuleNotFoundError: No module named 'tests'


======================================================================
ERROR: test_photo_precore_feature_selection (unittest.loader._FailedTest.test_photo_precore_feature_selection)
----------------------------------------------------------------------
ImportError: Failed to import test module: test_photo_precore_feature_selection
Traceback (most recent call last):
  File "/opt/homebrew/Cellar/python@3.14/3.14.3_1/Frameworks/Python.framework/Versions/3.14/lib/python3.14/unittest/loader.py", line 137, in loadTestsFromName
    module = __import__(module_name)
  File "/Users/chasoik/Projects/image-prompt/tests/test_photo_precore_feature_selection.py", line 24, in <module>
    from tests import photo_prompt_fixtures  # noqa: E402
    ^^^^^^^^^^^^^^^^^^^^^^^^^^^^^^^^^^^^^^^
ModuleNotFoundError: No module named 'tests'


======================================================================
ERROR: test_photo_precore_feature_selection (unittest.loader._FailedTest.test_photo_precore_feature_selection)
----------------------------------------------------------------------
ImportError: Failed to import test module: test_photo_precore_feature_selection
Traceback (most recent call last):
  File "/opt/homebrew/Cellar/python@3.14/3.14.3_1/Frameworks/Python.framework/Versions/3.14/lib/python3.14/unittest/loader.py", line 137, in loadTestsFromName
    module = __import__(module_name)
  File "/Users/chasoik/Projects/image-prompt/tests/test_photo_precore_feature_selection.py", line 24, in <module>
    from tests import photo_prompt_fixtures  # noqa: E402
    ^^^^^^^^^^^^^^^^^^^^^^^^^^^^^^^^^^^^^^^
ModuleNotFoundError: No module named 'tests'


======================================================================
ERROR: test_photo_precore_feature_selection (unittest.loader._FailedTest.test_photo_precore_feature_selection)
----------------------------------------------------------------------
ImportError: Failed to import test module: test_photo_precore_feature_selection
Traceback (most recent call last):
  File "/opt/homebrew/Cellar/python@3.14/3.14.3_1/Frameworks/Python.framework/Versions/3.14/lib/python3.14/unittest/loader.py", line 137, in loadTestsFromName
    module = __import__(module_name)
  File "/Users/chasoik/Projects/image-prompt/tests/test_photo_precore_feature_selection.py", line 24, in <module>
    from tests import photo_prompt_fixtures  # noqa: E402
    ^^^^^^^^^^^^^^^^^^^^^^^^^^^^^^^^^^^^^^^
ModuleNotFoundError: No module named 'tests'


======================================================================
ERROR: test_photo_precore_feature_selection (unittest.loader._FailedTest.test_photo_precore_feature_selection)
----------------------------------------------------------------------
ImportError: Failed to import test module: test_photo_precore_feature_selection
Traceback (most recent call last):
  File "/opt/homebrew/Cellar/python@3.14/3.14.3_1/Frameworks/Python.framework/Versions/3.14/lib/python3.14/unittest/loader.py", line 137, in loadTestsFromName
    module = __import__(module_name)
  File "/Users/chasoik/Projects/image-prompt/tests/test_photo_precore_feature_selection.py", line 24, in <module>
    from tests import photo_prompt_fixtures  # noqa: E402
    ^^^^^^^^^^^^^^^^^^^^^^^^^^^^^^^^^^^^^^^
ModuleNotFoundError: No module named 'tests'


======================================================================
ERROR: test_photo_precore_feature_selection (unittest.loader._FailedTest.test_photo_precore_feature_selection)
----------------------------------------------------------------------
ImportError: Failed to import test module: test_photo_precore_feature_selection
Traceback (most recent call last):
  File "/opt/homebrew/Cellar/python@3.14/3.14.3_1/Frameworks/Python.framework/Versions/3.14/lib/python3.14/unittest/loader.py", line 137, in loadTestsFromName
    module = __import__(module_name)
  File "/Users/chasoik/Projects/image-prompt/tests/test_photo_precore_feature_selection.py", line 24, in <module>
    from tests import photo_prompt_fixtures  # noqa: E402
    ^^^^^^^^^^^^^^^^^^^^^^^^^^^^^^^^^^^^^^^
ModuleNotFoundError: No module named 'tests'


======================================================================
ERROR: test_photo_precore_feature_selection (unittest.loader._FailedTest.test_photo_precore_feature_selection)
----------------------------------------------------------------------
ImportError: Failed to import test module: test_photo_precore_feature_selection
Traceback (most recent call last):
  File "/opt/homebrew/Cellar/python@3.14/3.14.3_1/Frameworks/Python.framework/Versions/3.14/lib/python3.14/unittest/loader.py", line 137, in loadTestsFromName
    module = __import__(module_name)
  File "/Users/chasoik/Projects/image-prompt/tests/test_photo_precore_feature_selection.py", line 24, in <module>
    from tests import photo_prompt_fixtures  # noqa: E402
    ^^^^^^^^^^^^^^^^^^^^^^^^^^^^^^^^^^^^^^^
ModuleNotFoundError: No module named 'tests'


======================================================================
ERROR: test_photo_precore_feature_selection (unittest.loader._FailedTest.test_photo_precore_feature_selection)
----------------------------------------------------------------------
ImportError: Failed to import test module: test_photo_precore_feature_selection
Traceback (most recent call last):
  File "/opt/homebrew/Cellar/python@3.14/3.14.3_1/Frameworks/Python.framework/Versions/3.14/lib/python3.14/unittest/loader.py", line 137, in loadTestsFromName
    module = __import__(module_name)
  File "/Users/chasoik/Projects/image-prompt/tests/test_photo_precore_feature_selection.py", line 24, in <module>
    from tests import photo_prompt_fixtures  # noqa: E402
    ^^^^^^^^^^^^^^^^^^^^^^^^^^^^^^^^^^^^^^^
ModuleNotFoundError: No module named 'tests'


======================================================================
ERROR: test_photo_precore_feature_selection (unittest.loader._FailedTest.test_photo_precore_feature_selection)
----------------------------------------------------------------------
ImportError: Failed to import test module: test_photo_precore_feature_selection
Traceback (most recent call last):
  File "/opt/homebrew/Cellar/python@3.14/3.14.3_1/Frameworks/Python.framework/Versions/3.14/lib/python3.14/unittest/loader.py", line 137, in loadTestsFromName
    module = __import__(module_name)
  File "/Users/chasoik/Projects/image-prompt/tests/test_photo_precore_feature_selection.py", line 24, in <module>
    from tests import photo_prompt_fixtures  # noqa: E402
    ^^^^^^^^^^^^^^^^^^^^^^^^^^^^^^^^^^^^^^^
ModuleNotFoundError: No module named 'tests'


======================================================================
ERROR: test_photo_precore_feature_selection (unittest.loader._FailedTest.test_photo_precore_feature_selection)
----------------------------------------------------------------------
ImportError: Failed to import test module: test_photo_precore_feature_selection
Traceback (most recent call last):
  File "/opt/homebrew/Cellar/python@3.14/3.14.3_1/Frameworks/Python.framework/Versions/3.14/lib/python3.14/unittest/loader.py", line 137, in loadTestsFromName
    module = __import__(module_name)
  File "/Users/chasoik/Projects/image-prompt/tests/test_photo_precore_feature_selection.py", line 24, in <module>
    from tests import photo_prompt_fixtures  # noqa: E402
    ^^^^^^^^^^^^^^^^^^^^^^^^^^^^^^^^^^^^^^^
ModuleNotFoundError: No module named 'tests'


======================================================================
ERROR: test_photo_precore_feature_selection (unittest.loader._FailedTest.test_photo_precore_feature_selection)
----------------------------------------------------------------------
ImportError: Failed to import test module: test_photo_precore_feature_selection
Traceback (most recent call last):
  File "/opt/homebrew/Cellar/python@3.14/3.14.3_1/Frameworks/Python.framework/Versions/3.14/lib/python3.14/unittest/loader.py", line 137, in loadTestsFromName
    module = __import__(module_name)
  File "/Users/chasoik/Projects/image-prompt/tests/test_photo_precore_feature_selection.py", line 24, in <module>
    from tests import photo_prompt_fixtures  # noqa: E402
    ^^^^^^^^^^^^^^^^^^^^^^^^^^^^^^^^^^^^^^^
ModuleNotFoundError: No module named 'tests'


======================================================================
ERROR: test_photo_precore_feature_selection (unittest.loader._FailedTest.test_photo_precore_feature_selection)
----------------------------------------------------------------------
ImportError: Failed to import test module: test_photo_precore_feature_selection
Traceback (most recent call last):
  File "/opt/homebrew/Cellar/python@3.14/3.14.3_1/Frameworks/Python.framework/Versions/3.14/lib/python3.14/unittest/loader.py", line 137, in loadTestsFromName
    module = __import__(module_name)
  File "/Users/chasoik/Projects/image-prompt/tests/test_photo_precore_feature_selection.py", line 24, in <module>
    from tests import photo_prompt_fixtures  # noqa: E402
    ^^^^^^^^^^^^^^^^^^^^^^^^^^^^^^^^^^^^^^^
ModuleNotFoundError: No module named 'tests'


======================================================================
ERROR: test_photo_precore_feature_selection (unittest.loader._FailedTest.test_photo_precore_feature_selection)
----------------------------------------------------------------------
ImportError: Failed to import test module: test_photo_precore_feature_selection
Traceback (most recent call last):
  File "/opt/homebrew/Cellar/python@3.14/3.14.3_1/Frameworks/Python.framework/Versions/3.14/lib/python3.14/unittest/loader.py", line 137, in loadTestsFromName
    module = __import__(module_name)
  File "/Users/chasoik/Projects/image-prompt/tests/test_photo_precore_feature_selection.py", line 24, in <module>
    from tests import photo_prompt_fixtures  # noqa: E402
    ^^^^^^^^^^^^^^^^^^^^^^^^^^^^^^^^^^^^^^^
ModuleNotFoundError: No module named 'tests'


======================================================================
ERROR: test_photo_shelf_return_korean_state_data_cleanup (unittest.loader._FailedTest.test_photo_shelf_return_korean_state_data_cleanup)
----------------------------------------------------------------------
ImportError: Failed to import test module: test_photo_shelf_return_korean_state_data_cleanup
Traceback (most recent call last):
  File "/opt/homebrew/Cellar/python@3.14/3.14.3_1/Frameworks/Python.framework/Versions/3.14/lib/python3.14/unittest/loader.py", line 137, in loadTestsFromName
    module = __import__(module_name)
  File "/Users/chasoik/Projects/image-prompt/tests/test_photo_shelf_return_korean_state_data_cleanup.py", line 10, in <module>
    from tests import photo_prompt_fixtures as fixtures
ModuleNotFoundError: No module named 'tests'


======================================================================
ERROR: test_photo_shelf_return_korean_state_data_cleanup (unittest.loader._FailedTest.test_photo_shelf_return_korean_state_data_cleanup)
----------------------------------------------------------------------
ImportError: Failed to import test module: test_photo_shelf_return_korean_state_data_cleanup
Traceback (most recent call last):
  File "/opt/homebrew/Cellar/python@3.14/3.14.3_1/Frameworks/Python.framework/Versions/3.14/lib/python3.14/unittest/loader.py", line 137, in loadTestsFromName
    module = __import__(module_name)
  File "/Users/chasoik/Projects/image-prompt/tests/test_photo_shelf_return_korean_state_data_cleanup.py", line 10, in <module>
    from tests import photo_prompt_fixtures as fixtures
ModuleNotFoundError: No module named 'tests'


======================================================================
ERROR: test_photo_shelf_return_korean_state_data_cleanup (unittest.loader._FailedTest.test_photo_shelf_return_korean_state_data_cleanup)
----------------------------------------------------------------------
ImportError: Failed to import test module: test_photo_shelf_return_korean_state_data_cleanup
Traceback (most recent call last):
  File "/opt/homebrew/Cellar/python@3.14/3.14.3_1/Frameworks/Python.framework/Versions/3.14/lib/python3.14/unittest/loader.py", line 137, in loadTestsFromName
    module = __import__(module_name)
  File "/Users/chasoik/Projects/image-prompt/tests/test_photo_shelf_return_korean_state_data_cleanup.py", line 10, in <module>
    from tests import photo_prompt_fixtures as fixtures
ModuleNotFoundError: No module named 'tests'


======================================================================
ERROR: test_photo_shelf_return_korean_state_data_cleanup (unittest.loader._FailedTest.test_photo_shelf_return_korean_state_data_cleanup)
----------------------------------------------------------------------
ImportError: Failed to import test module: test_photo_shelf_return_korean_state_data_cleanup
Traceback (most recent call last):
  File "/opt/homebrew/Cellar/python@3.14/3.14.3_1/Frameworks/Python.framework/Versions/3.14/lib/python3.14/unittest/loader.py", line 137, in loadTestsFromName
    module = __import__(module_name)
  File "/Users/chasoik/Projects/image-prompt/tests/test_photo_shelf_return_korean_state_data_cleanup.py", line 10, in <module>
    from tests import photo_prompt_fixtures as fixtures
ModuleNotFoundError: No module named 'tests'


======================================================================
ERROR: test_photo_shelf_return_korean_state_data_cleanup (unittest.loader._FailedTest.test_photo_shelf_return_korean_state_data_cleanup)
----------------------------------------------------------------------
ImportError: Failed to import test module: test_photo_shelf_return_korean_state_data_cleanup
Traceback (most recent call last):
  File "/opt/homebrew/Cellar/python@3.14/3.14.3_1/Frameworks/Python.framework/Versions/3.14/lib/python3.14/unittest/loader.py", line 137, in loadTestsFromName
    module = __import__(module_name)
  File "/Users/chasoik/Projects/image-prompt/tests/test_photo_shelf_return_korean_state_data_cleanup.py", line 10, in <module>
    from tests import photo_prompt_fixtures as fixtures
ModuleNotFoundError: No module named 'tests'


======================================================================
ERROR: test_photo_shelf_return_korean_state_data_cleanup (unittest.loader._FailedTest.test_photo_shelf_return_korean_state_data_cleanup)
----------------------------------------------------------------------
ImportError: Failed to import test module: test_photo_shelf_return_korean_state_data_cleanup
Traceback (most recent call last):
  File "/opt/homebrew/Cellar/python@3.14/3.14.3_1/Frameworks/Python.framework/Versions/3.14/lib/python3.14/unittest/loader.py", line 137, in loadTestsFromName
    module = __import__(module_name)
  File "/Users/chasoik/Projects/image-prompt/tests/test_photo_shelf_return_korean_state_data_cleanup.py", line 10, in <module>
    from tests import photo_prompt_fixtures as fixtures
ModuleNotFoundError: No module named 'tests'


======================================================================
ERROR: test_photo_shelf_return_korean_state_data_cleanup (unittest.loader._FailedTest.test_photo_shelf_return_korean_state_data_cleanup)
----------------------------------------------------------------------
ImportError: Failed to import test module: test_photo_shelf_return_korean_state_data_cleanup
Traceback (most recent call last):
  File "/opt/homebrew/Cellar/python@3.14/3.14.3_1/Frameworks/Python.framework/Versions/3.14/lib/python3.14/unittest/loader.py", line 137, in loadTestsFromName
    module = __import__(module_name)
  File "/Users/chasoik/Projects/image-prompt/tests/test_photo_shelf_return_korean_state_data_cleanup.py", line 10, in <module>
    from tests import photo_prompt_fixtures as fixtures
ModuleNotFoundError: No module named 'tests'


======================================================================
ERROR: test_photo_shelf_return_korean_state_data_cleanup (unittest.loader._FailedTest.test_photo_shelf_return_korean_state_data_cleanup)
----------------------------------------------------------------------
ImportError: Failed to import test module: test_photo_shelf_return_korean_state_data_cleanup
Traceback (most recent call last):
  File "/opt/homebrew/Cellar/python@3.14/3.14.3_1/Frameworks/Python.framework/Versions/3.14/lib/python3.14/unittest/loader.py", line 137, in loadTestsFromName
    module = __import__(module_name)
  File "/Users/chasoik/Projects/image-prompt/tests/test_photo_shelf_return_korean_state_data_cleanup.py", line 10, in <module>
    from tests import photo_prompt_fixtures as fixtures
ModuleNotFoundError: No module named 'tests'


======================================================================
ERROR: test_photo_shelf_return_korean_state_data_cleanup (unittest.loader._FailedTest.test_photo_shelf_return_korean_state_data_cleanup)
----------------------------------------------------------------------
ImportError: Failed to import test module: test_photo_shelf_return_korean_state_data_cleanup
Traceback (most recent call last):
  File "/opt/homebrew/Cellar/python@3.14/3.14.3_1/Frameworks/Python.framework/Versions/3.14/lib/python3.14/unittest/loader.py", line 137, in loadTestsFromName
    module = __import__(module_name)
  File "/Users/chasoik/Projects/image-prompt/tests/test_photo_shelf_return_korean_state_data_cleanup.py", line 10, in <module>
    from tests import photo_prompt_fixtures as fixtures
ModuleNotFoundError: No module named 'tests'


======================================================================
ERROR: test_photo_shelf_return_korean_state_data_cleanup (unittest.loader._FailedTest.test_photo_shelf_return_korean_state_data_cleanup)
----------------------------------------------------------------------
ImportError: Failed to import test module: test_photo_shelf_return_korean_state_data_cleanup
Traceback (most recent call last):
  File "/opt/homebrew/Cellar/python@3.14/3.14.3_1/Frameworks/Python.framework/Versions/3.14/lib/python3.14/unittest/loader.py", line 137, in loadTestsFromName
    module = __import__(module_name)
  File "/Users/chasoik/Projects/image-prompt/tests/test_photo_shelf_return_korean_state_data_cleanup.py", line 10, in <module>
    from tests import photo_prompt_fixtures as fixtures
ModuleNotFoundError: No module named 'tests'


======================================================================
ERROR: test_photo_krummholz_korean_alias_data_cleanup (unittest.loader._FailedTest.test_photo_krummholz_korean_alias_data_cleanup)
----------------------------------------------------------------------
ImportError: Failed to import test module: test_photo_krummholz_korean_alias_data_cleanup
Traceback (most recent call last):
  File "/opt/homebrew/Cellar/python@3.14/3.14.3_1/Frameworks/Python.framework/Versions/3.14/lib/python3.14/unittest/loader.py", line 137, in loadTestsFromName
    module = __import__(module_name)
  File "/Users/chasoik/Projects/image-prompt/tests/test_photo_krummholz_korean_alias_data_cleanup.py", line 9, in <module>
    from tests import photo_prompt_fixtures as fixtures
ModuleNotFoundError: No module named 'tests'


======================================================================
ERROR: test_photo_krummholz_korean_alias_data_cleanup (unittest.loader._FailedTest.test_photo_krummholz_korean_alias_data_cleanup)
----------------------------------------------------------------------
ImportError: Failed to import test module: test_photo_krummholz_korean_alias_data_cleanup
Traceback (most recent call last):
  File "/opt/homebrew/Cellar/python@3.14/3.14.3_1/Frameworks/Python.framework/Versions/3.14/lib/python3.14/unittest/loader.py", line 137, in loadTestsFromName
    module = __import__(module_name)
  File "/Users/chasoik/Projects/image-prompt/tests/test_photo_krummholz_korean_alias_data_cleanup.py", line 9, in <module>
    from tests import photo_prompt_fixtures as fixtures
ModuleNotFoundError: No module named 'tests'


======================================================================
ERROR: test_photo_krummholz_korean_alias_data_cleanup (unittest.loader._FailedTest.test_photo_krummholz_korean_alias_data_cleanup)
----------------------------------------------------------------------
ImportError: Failed to import test module: test_photo_krummholz_korean_alias_data_cleanup
Traceback (most recent call last):
  File "/opt/homebrew/Cellar/python@3.14/3.14.3_1/Frameworks/Python.framework/Versions/3.14/lib/python3.14/unittest/loader.py", line 137, in loadTestsFromName
    module = __import__(module_name)
  File "/Users/chasoik/Projects/image-prompt/tests/test_photo_krummholz_korean_alias_data_cleanup.py", line 9, in <module>
    from tests import photo_prompt_fixtures as fixtures
ModuleNotFoundError: No module named 'tests'


======================================================================
ERROR: test_photo_krummholz_korean_alias_data_cleanup (unittest.loader._FailedTest.test_photo_krummholz_korean_alias_data_cleanup)
----------------------------------------------------------------------
ImportError: Failed to import test module: test_photo_krummholz_korean_alias_data_cleanup
Traceback (most recent call last):
  File "/opt/homebrew/Cellar/python@3.14/3.14.3_1/Frameworks/Python.framework/Versions/3.14/lib/python3.14/unittest/loader.py", line 137, in loadTestsFromName
    module = __import__(module_name)
  File "/Users/chasoik/Projects/image-prompt/tests/test_photo_krummholz_korean_alias_data_cleanup.py", line 9, in <module>
    from tests import photo_prompt_fixtures as fixtures
ModuleNotFoundError: No module named 'tests'


======================================================================
ERROR: test_photo_krummholz_korean_alias_data_cleanup (unittest.loader._FailedTest.test_photo_krummholz_korean_alias_data_cleanup)
----------------------------------------------------------------------
ImportError: Failed to import test module: test_photo_krummholz_korean_alias_data_cleanup
Traceback (most recent call last):
  File "/opt/homebrew/Cellar/python@3.14/3.14.3_1/Frameworks/Python.framework/Versions/3.14/lib/python3.14/unittest/loader.py", line 137, in loadTestsFromName
    module = __import__(module_name)
  File "/Users/chasoik/Projects/image-prompt/tests/test_photo_krummholz_korean_alias_data_cleanup.py", line 9, in <module>
    from tests import photo_prompt_fixtures as fixtures
ModuleNotFoundError: No module named 'tests'


======================================================================
ERROR: test_photo_krummholz_korean_alias_data_cleanup (unittest.loader._FailedTest.test_photo_krummholz_korean_alias_data_cleanup)
----------------------------------------------------------------------
ImportError: Failed to import test module: test_photo_krummholz_korean_alias_data_cleanup
Traceback (most recent call last):
  File "/opt/homebrew/Cellar/python@3.14/3.14.3_1/Frameworks/Python.framework/Versions/3.14/lib/python3.14/unittest/loader.py", line 137, in loadTestsFromName
    module = __import__(module_name)
  File "/Users/chasoik/Projects/image-prompt/tests/test_photo_krummholz_korean_alias_data_cleanup.py", line 9, in <module>
    from tests import photo_prompt_fixtures as fixtures
ModuleNotFoundError: No module named 'tests'


======================================================================
ERROR: test_photo_krummholz_korean_alias_data_cleanup (unittest.loader._FailedTest.test_photo_krummholz_korean_alias_data_cleanup)
----------------------------------------------------------------------
ImportError: Failed to import test module: test_photo_krummholz_korean_alias_data_cleanup
Traceback (most recent call last):
  File "/opt/homebrew/Cellar/python@3.14/3.14.3_1/Frameworks/Python.framework/Versions/3.14/lib/python3.14/unittest/loader.py", line 137, in loadTestsFromName
    module = __import__(module_name)
  File "/Users/chasoik/Projects/image-prompt/tests/test_photo_krummholz_korean_alias_data_cleanup.py", line 9, in <module>
    from tests import photo_prompt_fixtures as fixtures
ModuleNotFoundError: No module named 'tests'


======================================================================
ERROR: test_photo_krummholz_korean_alias_data_cleanup (unittest.loader._FailedTest.test_photo_krummholz_korean_alias_data_cleanup)
----------------------------------------------------------------------
ImportError: Failed to import test module: test_photo_krummholz_korean_alias_data_cleanup
Traceback (most recent call last):
  File "/opt/homebrew/Cellar/python@3.14/3.14.3_1/Frameworks/Python.framework/Versions/3.14/lib/python3.14/unittest/loader.py", line 137, in loadTestsFromName
    module = __import__(module_name)
  File "/Users/chasoik/Projects/image-prompt/tests/test_photo_krummholz_korean_alias_data_cleanup.py", line 9, in <module>
    from tests import photo_prompt_fixtures as fixtures
ModuleNotFoundError: No module named 'tests'


----------------------------------------------------------------------
Ran 294 tests in 511.381s

FAILED (errors=62)
