visual obligation registry.profiles[3686].semantics.paraphrase_examples: must not duplicate exact activation terms ['a visible button row joins the two front panels of the same collared shirt.']
visual obligation registry.profiles[3687].semantics.paraphrase_examples: must not duplicate exact activation terms ["the same fitted tee has short sleeves and a hem ending above the wearer's waist line."]
visual obligation registry.profiles[3688].semantics.paraphrase_examples: must not duplicate exact activation terms ['two armhole edges bound the same ribbed sleeveless top beneath its open outer shirt.']
visual obligation registry.profiles[3689].semantics.paraphrase_examples: must not duplicate exact activation terms ['the horizontal upper edge of the bandeau remains distinct from the separately attached low shoulder sleeves.']
visual obligation registry.profiles[3690].semantics.paraphrase_examples: must not duplicate exact activation terms ["the open sleeveless vest frames the same wearer's sleeved knit top as a separate outer layer."]
visual obligation registry.profiles[3691].semantics.paraphrase_examples: must not duplicate exact activation terms ["the outer shirt's two open front edges reveal the separate inner top; folded cuffs remain on the outer shirt."]
visual obligation registry.profiles[3692].semantics.paraphrase_examples: must not duplicate exact activation terms ['the long outer garment hangs away from the torso with a visible gap beside its side panel.']
visual obligation registry.profiles[3693].semantics.paraphrase_examples: must not duplicate exact activation terms ["the robe's open edge reveals a separate dress; the dress's inner slip remains a distinct covered layer."]
visual obligation registry.profiles[3694].semantics.paraphrase_examples: must not duplicate exact activation terms ['a short crimson cape hangs from its visible neckline attachment behind the black dress.']
visual obligation registry.profiles[3695].semantics.paraphrase_examples: must not duplicate exact activation terms ["the black blazer rests on the bedside surface while the person's worn blouse remains separate."]
visual obligation registry.profiles[3696].semantics.paraphrase_examples: must not duplicate exact activation terms ['lacing crosses between two visible eyelet rows on the same shaped bodice.']
visual obligation registry.profiles[3697].semantics.paraphrase_examples: must not duplicate exact activation terms ['horizontal tier seams join successive gathered panels of the same long skirt.']
visual obligation registry.profiles[3698].semantics.paraphrase_examples: must not duplicate exact activation terms ['the swimsuit bodice continues into its lower section while the back opening remains a separate boundary.']
visual obligation registry.profiles[3699].semantics.paraphrase_examples: must not duplicate exact activation terms ["ordered pleat ridges extend from the same skirt's waistband toward its hem."]
visual obligation registry.profiles[3700].semantics.paraphrase_examples: must not duplicate exact activation terms ["separate ruffle edges overlap below the same short skirt's waistband and side adjustment channel."]
visual obligation registry.profiles[3701].semantics.paraphrase_examples: must not duplicate exact activation terms ["the same skirt's front hem ends above its longer rear hem; diagonal panel edges remain distinct."]
visual obligation registry.profiles[3702].semantics.paraphrase_examples: must not duplicate exact activation terms ["a separate curved overskirt edge overlaps outside the same wearer's shorts."]
visual obligation registry.profiles[3703].semantics.paraphrase_examples: must not duplicate exact activation terms ['the upright collar edge rises above its visible junction with the same bodice.']
visual obligation registry.profiles[3704].semantics.paraphrase_examples: must not duplicate exact activation terms ["two front panels overlap diagonally to form the same garment's v-shaped opening."]
visual obligation registry.profiles[3705].semantics.paraphrase_examples: must not duplicate exact activation terms ['the neckline of the same top forms a shallow rounded edge close to the neck base.']
visual obligation registry.profiles[3706].semantics.paraphrase_examples: must not duplicate exact activation terms ['the neckline of the same top forms a wider rounded opening below the neck base.']
visual obligation registry.profiles[3707].semantics.paraphrase_examples: must not duplicate exact activation terms ['two neckline corners connect the straighter side edges to the same horizontal lower edge.']
visual obligation registry.profiles[3708].semantics.paraphrase_examples: must not duplicate exact activation terms ['the same garment has a broad, shallow neckline running laterally near the collarbones.']
visual obligation registry.profiles[3709].semantics.paraphrase_examples: must not duplicate exact activation terms ['the broad neckline reaches a different height at the two shoulders of the same wearer.']
visual obligation registry.profiles[3710].semantics.paraphrase_examples: must not duplicate exact activation terms ["a narrow scalloped trim follows the inside of the same garment's neckline edge."]
visual obligation registry.profiles[3711].semantics.paraphrase_examples: must not duplicate exact activation terms ['a continuous upper edge crosses the same bodice; its front and side panels remain joined around the torso.']
visual obligation registry.profiles[3712].semantics.paraphrase_examples: must not duplicate exact activation terms ['the garment and sleeve attachment edges sit below the same wearer’s shoulder tops.']
visual obligation registry.profiles[3713].semantics.paraphrase_examples: must not duplicate exact activation terms ['two narrow straps join the same front bodice to its back over the declared shoulders.']
visual obligation registry.profiles[3714].semantics.paraphrase_examples: must not duplicate exact activation terms ['the support straps of the same bodice rise toward the neck and join at the declared neck attachment.']
visual obligation registry.profiles[3715].semantics.paraphrase_examples: must not duplicate exact activation terms ['a continuous textile edge encloses the small opening below the same high neckline.']
visual obligation registry.profiles[3716].semantics.paraphrase_examples: must not duplicate exact activation terms ["the garment's back edges bound a local opening on the same wearer's back."]
visual obligation registry.profiles[3717].semantics.paraphrase_examples: must not duplicate exact activation terms ['the short sleeve gathers at its shoulder attachment and its narrower lower edge, enclosing a rounded upper volume.']
visual obligation registry.profiles[3718].semantics.paraphrase_examples: must not duplicate exact activation terms ['the upper sleeve has a local shoulder puff while the lower sleeve remains narrow along the same arm.']
visual obligation registry.profiles[3719].semantics.paraphrase_examples: must not duplicate exact activation terms ['the loose sleeve hem ends on the same forearm below the elbow and above the wrist.']
visual obligation registry.profiles[3720].semantics.paraphrase_examples: must not duplicate exact activation terms ['wide cloth hangs below the same elbow from the attached lower sleeve section.']
visual obligation registry.profiles[3721].semantics.paraphrase_examples: must not duplicate exact activation terms ['long folds run along the same sleeve from its upper attachment to the wrist edge.']
visual obligation registry.profiles[3722].semantics.paraphrase_examples: must not duplicate exact activation terms ['the separate translucent sleeve attaches to a visible upper-arm band with a gap from the bodice.']
visual obligation registry.profiles[3723].semantics.paraphrase_examples: must not duplicate exact activation terms ['a lace cuff joins the same opaque sleeve at its wrist edge.']
visual obligation registry.profiles[3724].semantics.paraphrase_examples: must not duplicate exact activation terms ['folded layers of the same shirt sleeve form a visible rolled edge on the forearm.']
visual obligation registry.profiles[3725].semantics.paraphrase_examples: must not duplicate exact activation terms ['a separate white cuff closes around the wrist with an independent edge beside the garment sleeve.']
visual obligation registry.profiles[3726].semantics.paraphrase_examples: must not duplicate exact activation terms ['the same garment touches selected torso regions while separate folds hang between those contact regions.']
visual obligation registry.profiles[3727].semantics.paraphrase_examples: must not duplicate exact activation terms ["the same skirt hem reaches the wearer's knee, with the knee and textile edge visible together."]
visual obligation registry.profiles[3728].semantics.paraphrase_examples: must not duplicate exact activation terms ['the same waistband sits visibly above the wearer’s natural waist landmark.']
visual obligation registry.profiles[3729].semantics.paraphrase_examples: must not duplicate exact activation terms ['the same waistband follows the wearer’s declared natural waist landmark.']
visual obligation registry.profiles[3730].semantics.paraphrase_examples: must not duplicate exact activation terms ['the same waistband sits visibly below the wearer’s natural waist landmark.']
visual obligation registry.profiles[3731].semantics.paraphrase_examples: must not duplicate exact activation terms ['the same skirt’s side outlines widen gradually from its waist toward the hem.']
visual obligation registry.profiles[3732].semantics.paraphrase_examples: must not duplicate exact activation terms ['the skirt rounds outward below its gathered waistband before returning toward its hem.']
visual obligation registry.profiles[3733].semantics.paraphrase_examples: must not duplicate exact activation terms ['two distinct skirt layers hang within a comparatively narrow outer silhouette.']
visual obligation registry.profiles[3734].semantics.paraphrase_examples: must not duplicate exact activation terms ['the gown’s upper bodice stays comparatively narrow while its lower skirt carries the outward volume.']
visual obligation registry.profiles[3735].semantics.paraphrase_examples: must not duplicate exact activation terms ['one diagonal textile panel edge visibly overlaps the adjacent panel of the same skirt.']
visual obligation registry.profiles[3736].semantics.paraphrase_examples: must not duplicate exact activation terms ['the same textile panel has a bounded crescent-shaped edge at its declared attachment.']
visual obligation registry.profiles[3737].semantics.paraphrase_examples: must not duplicate exact activation terms ['a curved leather-like overlay follows the same boot’s surface with a visible separate edge.']
visual obligation registry.profiles[3738].semantics.paraphrase_examples: must not duplicate exact activation terms ['the moving outer panel edge reveals a distinct lining belonging to the same skirt.']
visual obligation registry.profiles[3739].semantics.paraphrase_examples: must not duplicate exact activation terms ['a single opening separates two skirt edges from a visible upper endpoint to the hem.']
visual obligation registry.profiles[3740].semantics.paraphrase_examples: must not duplicate exact activation terms ['the visible gap lies between two overlapping panels of the same skirt.']
visual obligation registry.profiles[3741].semantics.paraphrase_examples: must not duplicate exact activation terms ['two cord ends emerge from the same gathered side channel and join at its adjustment point.']
visual obligation registry.profiles[3742].semantics.paraphrase_examples: must not duplicate exact activation terms ['the compact sash wraps outside the same overlap bodice; its tied end remains shorter than the outer robe.']
visual obligation registry.profiles[3743].semantics.paraphrase_examples: must not duplicate exact activation terms ["the narrow goreum fastens the same jeogori's overlapping front above the separate chima."]
visual obligation registry.profiles[3744].semantics.paraphrase_examples: must not duplicate exact activation terms ['the apron straps cross on the same back and join the apron at a visible tie point.']
visual obligation registry.profiles[3745].semantics.paraphrase_examples: must not duplicate exact activation terms ["a closed zipper joins the same trousers' front edges below the waistband button; the pocket opening remains a separate edge."]
visual obligation registry.profiles[3746].semantics.paraphrase_examples: must not duplicate exact activation terms ['fine interlaced yarns remain visible across the same textile surface beside its stitched edge.']
visual obligation registry.profiles[3747].semantics.paraphrase_examples: must not duplicate exact activation terms ['the sheer layer transmits light while its edge and the distinct underlayer remain readable.']
visual obligation registry.profiles[3748].semantics.paraphrase_examples: must not duplicate exact activation terms ['small mesh openings repeat across a distinct textile layer beneath its attached decorations.']
visual obligation registry.profiles[3749].semantics.paraphrase_examples: must not duplicate exact activation terms ['fine transverse ribs remain visible across the same faille-like textile panel.']
visual obligation registry.profiles[3750].semantics.paraphrase_examples: must not duplicate exact activation terms ['a broad smooth sheen follows the folds of the same satin-like panel.']
visual obligation registry.profiles[3751].semantics.paraphrase_examples: must not duplicate exact activation terms ['the same garment has a soft directional pile panel beside a separate smooth reflective panel; their joining edge remains visible.']
visual obligation registry.profiles[3752].semantics.paraphrase_examples: must not duplicate exact activation terms ['fine irregular surface grain covers the selected crepe-like panel without replacing its visible seams.']
visual obligation registry.profiles[3753].semantics.paraphrase_examples: must not duplicate exact activation terms ['parallel raised knit ribs remain visible along the same garment panel.']
visual obligation registry.profiles[3754].semantics.paraphrase_examples: must not duplicate exact activation terms ['raised knit columns cross over each other along the same sweater panel.']
visual obligation registry.profiles[3755].semantics.paraphrase_examples: must not duplicate exact activation terms ['ordered small openings remain within the same knitted sock panel.']
visual obligation registry.profiles[3756].semantics.paraphrase_examples: must not duplicate exact activation terms ['local lighter crease marks remain on the same denim panel beside its darker base regions.']
visual obligation registry.profiles[3757].semantics.paraphrase_examples: must not duplicate exact activation terms ['the glossy highlight follows the same garment surface curvature while seams remain distinct.']
visual obligation registry.profiles[3758].semantics.paraphrase_examples: must not duplicate exact activation terms ['small edged openings remain within the same ground fabric and end at its scalloped trim.']
visual obligation registry.profiles[3759].semantics.paraphrase_examples: must not duplicate exact activation terms ['mesh-like texture remains on the same sports panel beside its separate seam and fitted edge.']
visual obligation registry.profiles[3760].semantics.paraphrase_examples: must not duplicate exact activation terms ['a low-contrast woven motif remains integrated in the same cloth surface rather than sitting above it.']
visual obligation registry.profiles[3761].semantics.paraphrase_examples: must not duplicate exact activation terms ['small flower motifs repeat within the same garment panel and follow its folds.']
visual obligation registry.profiles[3762].semantics.paraphrase_examples: must not duplicate exact activation terms ['two intersecting stripe directions form repeated checks on the same skirt panel.']
visual obligation registry.profiles[3763].semantics.paraphrase_examples: must not duplicate exact activation terms ['thin parallel stripes repeat along the same skirt panel and follow its fold direction.']
visual obligation registry.profiles[3764].semantics.paraphrase_examples: must not duplicate exact activation terms ['raised thread paths remain on the same fabric ground beside separate buttons.']
visual obligation registry.profiles[3765].semantics.paraphrase_examples: must not duplicate exact activation terms ["the number 10 is visibly printed on the same jersey's front panel and follows its fabric folds."]
visual obligation registry.profiles[3766].semantics.paraphrase_examples: must not duplicate exact activation terms ['attached flower petals rise above the same fabric surface with small local shadows.']
visual obligation registry.profiles[3767].semantics.paraphrase_examples: must not duplicate exact activation terms ['small faceted reflective ornaments remain attached at distinct points on the same garment.']
visual obligation registry.profiles[3768].semantics.paraphrase_examples: must not duplicate exact activation terms ['small rounded pearl-like ornaments remain attached at distinct points on the same garment.']
visual obligation registry.profiles[3769].semantics.paraphrase_examples: must not duplicate exact activation terms ['one bow knot anchors its two tails at the declared side of the same garment.']
visual obligation registry.profiles[3770].semantics.paraphrase_examples: must not duplicate exact activation terms ['a thin contrasting piping follows the same panel boundary without filling the panel interior.']
visual obligation registry.profiles[3771].semantics.paraphrase_examples: must not duplicate exact activation terms ["visible repair stitches bridge the same frill's worn edge as a local surface trace."]
visual obligation registry.profiles[3772].semantics.paraphrase_examples: must not duplicate exact activation terms ['a butterfly-shaped ornament attaches to the same bodice panel at one visible junction.']
visual obligation registry.profiles[3773].semantics.paraphrase_examples: must not duplicate exact activation terms ['the ivory color remains on the same bodice panel, whose textile edge separates it from the blue background.']
visual obligation registry.profiles[3774].semantics.paraphrase_examples: must not duplicate exact activation terms ['the same skirt surface changes from white at the waist to pale pink at its hem along one continuous vertical gradient.']
visual obligation registry.profiles[3775].semantics.paraphrase_examples: must not duplicate exact activation terms ["one saturated red fabric plane begins at the same black garment's waist attachment and extends down one side; the remaining garment panels stay black."]
visual obligation registry.profiles[3776].semantics.paraphrase_examples: must not duplicate exact activation terms ['localized darkened regions remain on the same reflective metal fitting beside its brighter edges.']
visual obligation registry.profiles[3777].semantics.paraphrase_examples: must not duplicate exact activation terms ['two black garment regions remain separable by their local texture and reflection rather than different hue families.']
visual obligation registry.profiles[3778].semantics.paraphrase_examples: must not duplicate exact activation terms ['the same garment has an opaque bodice and a distinct sheer sleeve with a readable joining boundary.']
visual obligation registry.profiles[3779].semantics.paraphrase_examples: must not duplicate exact activation terms ['the same knitted sock has a visible top edge below the knee.']
visual obligation registry.profiles[3780].semantics.paraphrase_examples: must not duplicate exact activation terms ['the same legwear has a visible top band above the knee on the thigh.']
visual obligation registry.profiles[3781].semantics.paraphrase_examples: must not duplicate exact activation terms ['the same tights extend from both legs into one hip section, with the upper textile boundary readable at the waist.']
visual obligation registry.profiles[3782].semantics.paraphrase_examples: must not duplicate exact activation terms ["the same person's fingers touch the visible top edge of the sock on that person's leg."]
visual obligation registry.profiles[3783].semantics.paraphrase_examples: must not duplicate exact activation terms ['a strap crosses the same shoe’s instep and joins the shoe at its fastening point.']
visual obligation registry.profiles[3784].semantics.paraphrase_examples: must not duplicate exact activation terms ['a sandal strap wraps around the same ankle and joins the sandal’s supporting straps.']
visual obligation registry.profiles[3785].semantics.paraphrase_examples: must not duplicate exact activation terms ['the same boot shaft ends near the knee and remains distinct from the legwear edge.']
visual obligation registry.profiles[3786].semantics.paraphrase_examples: must not duplicate exact activation terms ["the same boot's toe outline splits between the big-toe region and the remaining toe region."]
visual obligation registry.profiles[3787].semantics.paraphrase_examples: must not duplicate exact activation terms ["the same bag's strap supports its body from two visible attachment fittings."]
visual obligation registry.profiles[3788].semantics.paraphrase_examples: must not duplicate exact activation terms ['two costume horns attach to the visible headband worn by the same person.']
visual obligation registry.profiles[3789].semantics.paraphrase_examples: must not duplicate exact activation terms ['two long costume ears attach to the visible headband worn by the same person.']
visual obligation registry.profiles[3790].semantics.paraphrase_examples: must not duplicate exact activation terms ['the hair ribbon’s knot and tails join the same declared hair fastening.']
visual obligation registry.profiles[3791].semantics.paraphrase_examples: must not duplicate exact activation terms ['the long glove ends above the same elbow, with a separate garment cuff edge beside it.']
visual obligation registry.profiles[3792].semantics.paraphrase_examples: must not duplicate exact activation terms ['a distinct pendant hangs from its chain on the same wearer.']
visual obligation registry.profiles[3793].semantics.paraphrase_examples: must not duplicate exact activation terms ['a brooch attaches at one visible point on the same garment surface.']
visual obligation registry.profiles[3794].semantics.paraphrase_examples: must not duplicate exact activation terms ['a separate armor-like collar surrounds the same neck above the garment neckline.']
visual obligation registry.profiles[3795].semantics.paraphrase_examples: must not duplicate exact activation terms ['one earring hangs longer than the separate stud on the other declared ear.']
visual obligation registry.profiles[3796].semantics.paraphrase_examples: must not duplicate exact activation terms ['a sagging chain span hangs between two visible attachment fittings on the same outfit.']
visual obligation registry.profiles[3797].semantics.paraphrase_examples: must not duplicate exact activation terms ["the same person raises one arm; folds in that person's shirt converge toward the armhole beneath the raised arm."]
visual obligation registry.profiles[3798].semantics.paraphrase_examples: must not duplicate exact activation terms ["the fingers pinch the same skirt's visible hem and draw its edge locally downward."]
visual obligation registry.profiles[3799].semantics.paraphrase_examples: must not duplicate exact activation terms ["the same person's fingers hold a local fold at the worn blouse hem."]
visual obligation registry.profiles[3800].semantics.paraphrase_examples: must not duplicate exact activation terms ["the hand holds the same skirt's side edge during a step, revealing a local lining boundary."]
visual obligation registry.profiles[3801].semantics.paraphrase_examples: must not duplicate exact activation terms ["one tray rests on the giver's hands while the receiver's hands approach its opposite edge; the two people remain distinct."]
visual obligation registry.profiles[3802].semantics.paraphrase_examples: must not duplicate exact activation terms ["the giver holds a bowl and extends one wrapped candy toward the receiver's approaching hand."]
visual obligation registry.profiles[3803].semantics.paraphrase_examples: must not duplicate exact activation terms ['the same person holds the paper food bag near the face while its opening remains distinct.']
visual obligation registry.profiles[3804].semantics.paraphrase_examples: must not duplicate exact activation terms ['the same person stands with both feet on the floor and reaches one connected arm toward an open upper cabinet.']
visual obligation registry.profiles[3805].semantics.paraphrase_examples: must not duplicate exact activation terms ["the seated person's skirt gathers into compressed folds where the same skirt meets the chair seat."]
visual obligation registry.profiles[3806].semantics.paraphrase_examples: must not duplicate exact activation terms ['the person floats with the back at the water surface; visible water contact traces the sides of the supported torso.']
visual obligation registry.profiles[3807].semantics.paraphrase_examples: must not duplicate exact activation terms ['the crouching person looks toward the same cat across a visible gap at the seawall.']
visual obligation registry.profiles[3808].semantics.paraphrase_examples: must not duplicate exact activation terms ["the same skirt hem and its attached ribbon's free tail extend toward the same side; the ribbon knot and skirt waistband remain attached."]
visual obligation registry.profiles[3809].semantics.paraphrase_examples: must not duplicate exact activation terms ['the water-contact region of the same cloth has a local darker value while its specified coverage remains readable.']
visual obligation registry.profiles[3810].semantics.paraphrase_examples: must not duplicate exact activation terms ['visible stitches follow the same joined textile edge beside its local worn or repaired region.']
visual obligation registry.profiles[3811].semantics.paraphrase_examples: must not duplicate exact activation terms ['a suspended textile fragment carries the same floral print and color as the visible edge of the source dress beside it.']
visual obligation registry.profiles[3812].semantics.paraphrase_examples: must not duplicate exact activation terms ['a waist-up frame includes both upper-arm sleeve bands and the visible gaps separating those sleeves from the bodice.']
visual obligation registry.profiles[3813].semantics.paraphrase_examples: must not duplicate exact activation terms ['a front three-quarter viewpoint keeps the upper-arm sleeve band, its separate sleeve, and the gap beside the bodice visible.']
visual obligation registry.profiles[3814].semantics.paraphrase_examples: must not duplicate exact activation terms ["the hand nearest the camera appears larger than the same person's torso behind it in the close, wide-perspective frame."]
visual obligation registry.profiles[3815].semantics.paraphrase_examples: must not duplicate exact activation terms ['the direct flash lights the nearby subject against the darker scene while the handheld frame has a slight tilt.']
visual obligation registry.profiles[3816].semantics.paraphrase_examples: must not duplicate exact activation terms ["side light casts small shadows along the same garment's raised embroidery while its separate metal buttons carry sharper highlights."]
visual obligation registry.profiles[3817].semantics.paraphrase_examples: must not duplicate exact activation terms ["the white garment's seams and folds remain readable against the bright background."]
visual obligation registry.profiles[3818].semantics.paraphrase_examples: must not duplicate exact activation terms ['warm light falls on the foreground subject while separate cooler light remains in the background.']
visual obligation registry.profiles[3819].semantics.paraphrase_examples: must not duplicate exact activation terms ["fine image grain is spread across the frame while the sweater's raised knit ribs stay distinct local textile relief."]
visual obligation registry.profiles[3820].semantics.paraphrase_examples: must not duplicate exact activation terms ['a foreground door edge overlaps part of the shoulder while the ribbon knot and its garment-seam junction remain visible beside it.']
visual obligation registry.profiles[3821].semantics.paraphrase_examples: must not duplicate exact activation terms ["at the raised doorway threshold, the person holds the same skirt's side edge above that threshold while stepping across it."]
visual obligation registry.profiles[3822].semantics.paraphrase_examples: must not duplicate exact activation terms ["the vest's open edges reveal a separate ruffled shirt front on the same wearer."]
visual obligation registry.profiles[3823].semantics.paraphrase_examples: must not duplicate exact activation terms ['the short-sleeve cover-up reveals a separate swim layer through its front opening.']
visual obligation registry.profiles[3824].semantics.paraphrase_examples: must not duplicate exact activation terms ["the narrow dark sash wraps around the same garment's waist region and ends at its visible tie."]
visual obligation registry.profiles[3825].semantics.paraphrase_examples: must not duplicate exact activation terms ['the flared skirt section continues below its own waist attachment as one uninterrupted garment section.']
visual obligation registry.profiles[3826].semantics.paraphrase_examples: must not duplicate exact activation terms ['two wide trouser legs hang from the same hip section with their separate inner edges readable.']
visual obligation registry.profiles[3827].semantics.paraphrase_examples: must not duplicate exact activation terms ['the narrow tie bar crosses the same tie and visibly holds it near the shirt front.']
visual obligation registry.profiles[3828].semantics.paraphrase_examples: must not duplicate exact activation terms ['the watch band encircles the same wrist beside a separate thin bangle.']
visual obligation registry.profiles[3829].semantics.paraphrase_examples: must not duplicate exact activation terms ['the same leg bends at its visible knee with the lower section moving behind the person.']
visual obligation registry.profiles[3830].semantics.paraphrase_examples: must not duplicate exact activation terms ["the hand lowers the sunglasses frame below the same person's eyes while keeping contact with the frame."]
visual obligation registry.profiles[3831].semantics.paraphrase_examples: must not duplicate exact activation terms ['a small dark metal-like fitting attaches to the cream textile at a visible junction.']
visual profile index: visual profile index registry_sha256 does not match the visual registry; regenerate it with build_visual_profile_index.py
