{
  "report": "/Users/chasoik/Projects/image-prompt/docs/research-evidence/photo-prompt/wardrobe-keyword-integration-20261010/management-report-v2",
  "manifest": {
    "schema": "photo-data-report/v1",
    "binding": {
      "input_mode": "generation",
      "source_root": "/Users/chasoik/Projects/image-prompt/skills/photo-prompt-image-generator",
      "commit_observed": "a7c8f7fb0c09a989957b2d2e658df9b2d7aaf101",
      "dirty_observed": true,
      "generation_id": "c68a7d2e44db608a6372800dae6f51dc99ca907bfb561e6e5c8fd05aae262f14",
      "source_fingerprint": "c934e9f60126fe1f111ede9e80bf045907624404589b8d28fb45ebd669b73444",
      "source_manifest_sha256": "a72e48c0b487c0f6efaeb1e116383f674c0461c819ecc76279078ae65f25368e",
      "runtime_algorithm_sha256": "b12e7530cb4fae4a73274482bb3723782739a8babae525cc03b1169753d76285"
    },
    "recipes": {
      "tool": "photo-data-maintenance/v1",
      "normalization": "nfc-casefold-whitespace/v1",
      "entity": "complete-compiled-record/v1",
      "links": "explicit-bundle-paths/v1"
    },
    "tool_code": {
      "__init__.py": "34df313affe525ae97466656ac4a35fd39ebac5ebc5a7824871604442542b02b",
      "cli.py": "2277b23398d49d7baacdb4fe009440a506775a08cca33a08317e16eca18a859f",
      "common.py": "a21ed400e57aeae5681027a8d8f50de50f59141e98cd5ba9a44fea1b7ada8fba",
      "corpus.py": "1345c6ff9e8434ce638e5a18fdfb21c4612fa988e1efc42aff45c509cba2eee9",
      "links.py": "1a7ac5d5bb44c335ad1f3313038971302031d7e1ae38d84b6eeac778ea38504a",
      "quality.py": "665f1b308248403ed8fc4a3f7f1c930fb714d19d85cd8f19422296721f2cdf05",
      "report.py": "64593d79dbbafa6e74f142868d35abd9d6a9f979034f713072551429a60dcee3",
      "reviews.py": "b4927365f25cc0a793a86e51dd8a701b604ddba672adbd8d3dfc6296b7220070"
    },
    "created_at": "2026-10-10T00:19:43.883120+00:00",
    "findings_count": {
      "error": 0,
      "review": 46,
      "info": 0
    },
    "validation_status": "generation_validated",
    "files": {
      "SUMMARY.md": "a32ffed98c769001c3f2b9155c594dd0df6414a103a3288424ee028003e667f1",
      "findings.json": "54ae5271c0c19891d0d43757b4d6e9fb0443378ae96249ce9f603a80ca91b8b6",
      "inputs/photo_prompt_accessory_structure_extension.json": "fdd862af424227a2c697aaa6a096ecd747bb1774a92a0adb8d7a7e437f69872c",
      "inputs/photo_prompt_acting_expression_extension.json": "bc8b8773081fc586d988588c239ee3b35b50821b3732b628dfd8c778ddbe8906",
      "inputs/photo_prompt_autumn_fashion_extension.json": "1966e70f8dfb3bc221f7d2981911a5058ecb9b65dfd4f113d1368c1efe7ea1b4",
      "inputs/photo_prompt_body_morphology_extension.json": "60c3f94a2a25128bb61c19f9b8a2eeef46362721fa8b283c15904b2e96eda621",
      "inputs/photo_prompt_boundary_transition_extension.json": "032034a8e3c30fe10556e0e3102b49c27431b5c094bae8692b77b639b1f8b663",
      "inputs/photo_prompt_character_appearance_extension.json": "a58116ee49a0f1c573a50a9b223b6d0883e06e8ab05f43f7ff07e241feee5d99",
      "inputs/photo_prompt_character_hair_extension.json": "598f4837da61d53fd9dd1b049dfc7b8da2177635993f5e0f1d5f95b6cef354f0",
      "inputs/photo_prompt_character_moe_extension.json": "11d81ed8b6b0ed013825c0c5ea57fc52740b7d812526e0e394e580857132358f",
      "inputs/photo_prompt_cjk_worldbuilding_extension.json": "ed11f2bce9832ab4b3bfb1d4d61e51a240dcc9c8e065901fb34acf79f774a415",
      "inputs/photo_prompt_clothing_structure_extension.json": "e96b3cec8e62f2674cac22192c9c25985deabe3355932fdd48a4261ec37283d0",
      "inputs/photo_prompt_color_relations_extension.json": "3809228c8450e379be95fb0338d4910b492d5c0abacf7eb2a6fe9be16a4a14ae",
      "inputs/photo_prompt_contextual_appeal_extension.json": "3073344cf0eadb2503c15d4210388d66c17f65bb5c6ac6332bf85843a869806c",
      "inputs/photo_prompt_costume_cosplay_extension.json": "e0766d80ad8975f7b24e91856f0e0ef3e41c926726b8485c5b90c53202f1a932",
      "inputs/photo_prompt_cute_visual_forms_extension.json": "d73d51c65563d0e4b592ad6fd07ca28ffd086dc53ecd276d9c91e4309e60933d",
      "inputs/photo_prompt_desire_extension.json": "b6e1a6adcc710f44c29cc6932abe42e09df1c4be4993be000186f8e99da2b91a",
      "inputs/photo_prompt_editing_effects_extension.json": "1c10d388df677990d9591d8ce33695fb9476ab71d35256367f91a6bec0deb2bf",
      "inputs/photo_prompt_electrical_relations_extension.json": "9161731d92ed2e9535647a50ba8a1acc59e5f647f8062d91e6ac56115d3da8b6",
      "inputs/photo_prompt_emotional_place_extension.json": "a42fdee55f06e514a6b96667ba97b1acc9095aed38bbdbaf6612dfb972449679",
      "inputs/photo_prompt_ethereal_gothic_scene_extension.json": "5174ff19d9ff89743340e92d210ae4b7000d619730dd0ede6131e5632ccb21a4",
      "inputs/photo_prompt_everyday_scene_extension.json": "dcf97a69c87af59e576bca07fa7b9fea9e9694c419bc3b6caf29711ed3c09fde",
      "inputs/photo_prompt_fashion_fit_extension.json": "c8041383ecc63d18fb8d60ad928de55bace2642fc717cd325806612405bfed9e",
      "inputs/photo_prompt_fire_relations_extension.json": "9206db0f5e6e398810754340b425a9d1f94d0ea8aa0d8eb9f9d54e92a03c146e",
      "inputs/photo_prompt_harem_extension.json": "2808f98c9e1fd438ee2058d9df8e5e40a47a564cfdbfdf22e7a6917591f9a527",
      "inputs/photo_prompt_historical_womenswear_extension.json": "df59bac2ff68005a1161b3e7771b3fbba74d36d98ab16e8c71a9e6c5d0da9a60",
      "inputs/photo_prompt_horror_extension.json": "2946ce6b3c6b1e246831ba612ceda50f222e6f9970abc9f4e1012aaca1c553e7",
      "inputs/photo_prompt_imaginal_extension.json": "0c09f9fd3f97c7c4d46a09cb828fbef0d8cef9883d08f0e042fc5b0383195fb7",
      "inputs/photo_prompt_intellectual_activity_extension.json": "b4f83bade2e413b72433dbd370d0f0becf9b3b39299f0aae0883865dc8825c01",
      "inputs/photo_prompt_legacy_observable_relations_extension.json": "847ea65e0b175de7ccdd3a1ab134c34e98583fa20e3532c2ecb6199acabac9ee",
      "inputs/photo_prompt_legend_extension.json": "6aba5bb7903500fdd9e3bd4e89e52cf597777ede736ec1d5ea9d87aca320e50f",
      "inputs/photo_prompt_lighting_extension.json": "3d8580614b456ee66e0ddd7a82c1e55fdc5876ccf3f511541736513f6f8e7448",
      "inputs/photo_prompt_model_editorial_extension.json": "a63dc405e519d138810241ffbe438214f629caf0c651386d1a8edf96124fcae1",
      "inputs/photo_prompt_motion_graphics_extension.json": "689e1ec2a501255967d864c60b0da08b1b1edbcc78a796ade21a955e39b1253f",
      "inputs/photo_prompt_mythology_extension.json": "1f7d36b0e75aaca14995b95832f7bd30dbc54b51c4b1b8b84a3fcd1249db4a0e",
      "inputs/photo_prompt_natural_environment_extension.json": "06d0afe55504bfa6710739ece83eba75fb3cc41c147bb70f8c4f60538f77ba09",
      "inputs/photo_prompt_neutral_expression_extension.json": "2119a01a3386b43bf35a51aa922249b18f61d47d2bfddf0fc318adba182d1935",
      "inputs/photo_prompt_opening_era_extension.json": "1fe774064ca1deee2df63345b37ce8285c75b0af6b699e9251e2b51ea83c46d1",
      "inputs/photo_prompt_ornament_structure_extension.json": "2fd7e0111d71f504fa6b77311c618165b96556334cbfcd8d5b422dbf40626521",
      "inputs/photo_prompt_palace_fortification_extension.json": "7943be6a95f97da27e39876720c558459ea841c40bd6b53919c9c461b64217f1",
      "inputs/photo_prompt_palette_applications_extension.json": "2559415deabeb8f2676f0e27492c0692fd9088bdbc12c66c6f6852a071564a43",
      "inputs/photo_prompt_photo_era_extension.json": "95cab642572ed6745dbb3da187af22d0b79b786786eb929200ff1c9f4f03c293",
      "inputs/photo_prompt_photorealism_elements_extension.json": "22b278505539a36aaa88579b13e6c695d5ee4a194a71aeda1edce80eca09c1d8",
      "inputs/photo_prompt_portrait_composition_extension.json": "558bd6c28e2cc9de5bb8cf5f0ae83f6a3f81bc3a47fc08d1ebded0d3d87535cb",
      "inputs/photo_prompt_portrait_fashion_exposure_extension.json": "7c009353594dfbb4a7a0439dd507bb0be622e7c7f290d01b3d14ed37713b8d55",
      "inputs/photo_prompt_pose_vocabulary_extension.json": "2822a3677bb0225b7391029a2a96e17da9c6f66fa46ebf8c0fb21f335c22f214",
      "inputs/photo_prompt_poverty_extension.json": "8dff5605ed7735554d7fb5a3058c7f007912d9bec0b2b4c4f2c3ec294bb8a968",
      "inputs/photo_prompt_punk_aesthetics_extension.json": "c50f1c7e1471b2315f3b2e23b40592b11e2e82739641698ba4f0962ba16bf15a",
      "inputs/photo_prompt_quality_layers.json": "8c348126f41f71e6a284b755a329d82781c25493d6a3a862fb7e618bd678d23c",
      "inputs/photo_prompt_reactorprompt_visual_relations_extension.json": "412b6f97e46904258bf1744734274682f77cc0f963522af5ecbb6d71fa719d09",
      "inputs/photo_prompt_realistic_background_extension.json": "85e697cc3a8c6396873d533addf55c31079cb94a19b8f27a46d2b3f05500b778",
      "inputs/photo_prompt_religion_iconography_extension.json": "5efcd15bd0b12b504a585b27126258ade55cc861add3ee2bc2e0a74e6186a8d5",
      "inputs/photo_prompt_research_extension.json": "4f6cf6b1e77634d21c132596ffdae3ace2da421c03b0b5f8030e5f10be9aaed9",
      "inputs/photo_prompt_seduction_expression_extension.json": "0d1ec05ddef50295c9f250974bc4944a0316e28fd46cf73e1b22f406d50c9d08",
      "inputs/photo_prompt_selfie_pose_extension.json": "d630706572f6ff4aaa345a8e3fb4ec4261e3540c06e0ebbee5453ac39e4ce2d0",
      "inputs/photo_prompt_sensual_fetish_fashion_extension.json": "ba43beecd804ac6d07507234409530c4d92335e3285a2c847a5f4193d22bd504",
      "inputs/photo_prompt_slang_visual_extension.json": "288e24a399eed5dd0368a1aabc8d749262a7a530dc7d7d725b4ce9e6bb56e733",
      "inputs/photo_prompt_soil_earth_extension.json": "7f1062e1c86fa6e7576fe2c8ab42623dff080f569c6596aacd30393b2ae1f1e6",
      "inputs/photo_prompt_source_manifest.json": "a72e48c0b487c0f6efaeb1e116383f674c0461c819ecc76279078ae65f25368e",
      "inputs/photo_prompt_space_extension.json": "95c2b180ff99d377b82eaeb49655e001363157537852430f40d69365514f9e4a",
      "inputs/photo_prompt_subculture_appearance_extension.json": "2a87e2cadce61913689a927fc272ae59869094f4f2dfefa5fb927484c18e4a33",
      "inputs/photo_prompt_subculture_extension.json": "42bfa92466a7367c9890e26b16456a34394c4ea743ba91d801ffac0bc1ec69bb",
      "inputs/photo_prompt_summer_clothing_structure_extension.json": "4ff9792d466874936ede8505e61b11245f5a04e5ff0ecd1d1c543759ecde0bd0",
      "inputs/photo_prompt_summer_coverage_extension.json": "cc4a1df2580b63cd11580f8311120af075236a61d73207f9203fa344f0887dee",
      "inputs/photo_prompt_summer_fit_extension.json": "5dcb38b6968b9989f19f0f9d7d978517b18c236d1d000a38e55ad9f779bf1a9b",
      "inputs/photo_prompt_summer_ornament_extension.json": "f67888d8b8ebcfbc0ffa96ad195390ee64499198234d8bf6edd8a3fd6f3f93cf",
      "inputs/photo_prompt_summer_style_extension.json": "76ab3933b858388b50d26724fdd02fa0a8f966ce8e64ad36d7cc2550e2b06594",
      "inputs/photo_prompt_summer_swimwear_extension.json": "6bde77b2a826ecf54c2131fa0f348dca1c2b8c19450482e68911f5b91a72bcab",
      "inputs/photo_prompt_summer_textile_extension.json": "5a95b265f1a9deac2822943888321b580588da2ab832cc895e2dc42a5af6fd14",
      "inputs/photo_prompt_swimwear_extension.json": "358cafccc832c14d84ea536b0b085b3108988b4350134479a693d78751e7b55f",
      "inputs/photo_prompt_tactile_reality_extension.json": "ad2769b5dde6d10ced88d42279f26e47e53f34d282d9822f9817fe0fb85683da",
      "inputs/photo_prompt_tags.json": "8630ee7b60c5f30e42e948531bc8eec0645c9887d45902f465d04f9d94b64964",
      "inputs/photo_prompt_textile_surface_extension.json": "3aea8152a68530c53bf7536569355f7911dcb30c56ca3b62811bde965f9a9524",
      "inputs/photo_prompt_traditional_clothing_detail_extension.json": "8f1eca762e36e71db1751925b8d1b14d499fa20dddccfdfd6cad834af1be4350",
      "inputs/photo_prompt_vel_appearance_relations_extension.json": "e97978cc47aadf33736072e9fd0b61286ee885a120c508e51f65a08f016102b9",
      "inputs/photo_prompt_violence_crime_extension.json": "b97f5bb44f20ba0e707f007003c4f51da1c960db263eff1dedf3221b0f60f68a",
      "inputs/photo_prompt_visual_grammar_extension.json": "90f6742e7d8e0e91b770efe0137c1d799ade195c84be11fa203587cfe29656c2",
      "inputs/photo_prompt_visual_obligations.json": "8b52600549aa0bf7f9fe8238e5a583bb1dc403bb26ff1077d062627b0f6789ef",
      "inputs/photo_prompt_visual_obligations_accessory_structure.json": "c029152271b37d06fc67fe07072c1550b77986c05da3558837d850396f253be8",
      "inputs/photo_prompt_visual_obligations_acting_expression.json": "617b2cb64b81f80aff8d64f710f6b53dabac4ed80fb9495f157f26ab5ef82d0a",
      "inputs/photo_prompt_visual_obligations_appearance_relations.json": "e3819d4291893478545072dfa183cec3255b7e869da153b41d1065a369ae9fc4",
      "inputs/photo_prompt_visual_obligations_autumn_fashion.json": "4e6aee85470d2a6a9ad0fbf419fccbd4a39a8fe99dd686b282d54fdb54b8845a",
      "inputs/photo_prompt_visual_obligations_body_morphology.json": "0301baf56dff3849b6045b59d665ead7016fd9fffe23d5f5828fec840aaf0037",
      "inputs/photo_prompt_visual_obligations_character_appearance.json": "e0122232374f3e16ac8aefac4f623a36c0b1ee83d9f3f22e04c977921a0defe5",
      "inputs/photo_prompt_visual_obligations_character_hair.json": "9e70bd3bb96cb9c207bf02fd12fdee9efce68bcd4f59b12fa6e180981ae1c85d",
      "inputs/photo_prompt_visual_obligations_clothing_structure.json": "9fd3dd254f0c81ded2264d66b1e88138175062d1230fab8e7f8b17251e404b18",
      "inputs/photo_prompt_visual_obligations_color_relations.json": "636445bb5711cdc30690008a064a7083e348e3d420c3420bd481024003b3d4dc",
      "inputs/photo_prompt_visual_obligations_costume_cosplay.json": "b7323bcad63db25df69689f712d2eaa847570e36e56684e0808c8a08ae81fb07",
      "inputs/photo_prompt_visual_obligations_cute_visual_forms.json": "4530b796f480f49285381746400aa0f1b55ac0ec2463cc32a84be488ae6a8210",
      "inputs/photo_prompt_visual_obligations_editing_effects.json": "98840777b8f9ec20873c1f87aa95d3595362f6b1a1c8df9122254595e1993da3",
      "inputs/photo_prompt_visual_obligations_electrical_relations.json": "0dcdf5326cc17fdb2526e23e36a7267ce17c802057e38d2981992ea941fe6d2b",
      "inputs/photo_prompt_visual_obligations_ethereal_gothic_scene.json": "7a6eb1ef7fb926fcbaf5faaa0cdcd7b2c9f2fdafb3cdec605e2313eef65108b4",
      "inputs/photo_prompt_visual_obligations_everyday_scene.json": "15694554a1fcecce1a1aa7d1e03f36dc21ff52f2a428d842d53342bb72b1a890",
      "inputs/photo_prompt_visual_obligations_fashion_fit.json": "6148183319f518711adff797a755501e17e26cff03d3d1ca1bd2a10aa961e3e3",
      "inputs/photo_prompt_visual_obligations_fire_relations.json": "dafe3c7e2ffad588a6a5605ce969609b9536afe40a0c3f9cc712b1d4d55b8ee8",
      "inputs/photo_prompt_visual_obligations_historical_womenswear.json": "963de6bbe33af36e3af9b78b5d492fd8c732778cdf5a1d2d835435e16987be1b",
      "inputs/photo_prompt_visual_obligations_horror.json": "e49c95e5f31273b7e4ff8a9b558a529da8eb63a5b6910cf08c39fe930af5c7e0",
      "inputs/photo_prompt_visual_obligations_intellectual_activity.json": "2043743a8bff80799c2858fe35218cb728a29abc2286fe4d113c339b2fde4da6",
      "inputs/photo_prompt_visual_obligations_legacy_observable_relations.json": "22ecfbf48a17daa8cfd0bb6afe9613761780b4b3da3220066c5877833cc83520",
      "inputs/photo_prompt_visual_obligations_model_editorial.json": "dc77e2089d3b811080ef138d0e512a0bbb8a9a5a5c19bff447db55015ca48c72",
      "inputs/photo_prompt_visual_obligations_motion_graphics.json": "067be0181f27773ffe6daa52e305f6bfa23a9c1e363d501e3317b04ab7a219ff",
      "inputs/photo_prompt_visual_obligations_neutral_expression.json": "acc21f38c62187861f109bd647a0787aaad347f8efeb14d2492d5627bbbe3f8a",
      "inputs/photo_prompt_visual_obligations_opening_era.json": "179778f6835cf995ed206435e58f415e6f13ca6471c63c9e10a660d83df06881",
      "inputs/photo_prompt_visual_obligations_ornament_structure.json": "edcaa9fc01e6bdb99a2212ac740bd682afe26ff989d00eae7c98b3dc0a926799",
      "inputs/photo_prompt_visual_obligations_palace_fortification.json": "73b31f77aabc17b4ce21f774a541a1ef119b8faa1dacd5658a6014e395a372f7",
      "inputs/photo_prompt_visual_obligations_palette_applications.json": "c88449fc3fe7b782e7a3c63e32da951e250323a1246392ad7d5e9a95e88384b4",
      "inputs/photo_prompt_visual_obligations_photo_era.json": "252bfeae2cb2b3600a890120bd31e4297110be0b09221529231fe8d35f23f38c",
      "inputs/photo_prompt_visual_obligations_photorealism_elements.json": "baa8c742cb4f5f41bf9b3da058314b5ef5ed8b8aa5d67200f1f9253c3940d48c",
      "inputs/photo_prompt_visual_obligations_portrait_composition.json": "2845bf517ac4f4b6c9249089ae2c8cb45cb4afa33630ddf0c067617174018331",
      "inputs/photo_prompt_visual_obligations_portrait_fashion_exposure.json": "301a793790c9d7d50b1d249df51068eccb2a5ba801067a4df516d1f6a0ffd352",
      "inputs/photo_prompt_visual_obligations_pose_vocabulary.json": "4b7ef6f0f62d04aff853bfe630f2a8d97653a13fa5dd6c5d46cdd73d32bc4aaa",
      "inputs/photo_prompt_visual_obligations_poverty.json": "e2e9a415a340bd4959a19aee55a8d66496a2d8258e190e3f5a114e34e3bbbb30",
      "inputs/photo_prompt_visual_obligations_reactorprompt.json": "0c9fa4f3200c27ee39069ba553cf7dbdf4930e38f18c78aeecdf2f662c38a82f",
      "inputs/photo_prompt_visual_obligations_realistic_background.json": "65df3bd8256ae820e75ec0420859c16b2539ec722a50d314e052d84c32e612f9",
      "inputs/photo_prompt_visual_obligations_religion_iconography.json": "20e25f0f65b9a2831978d76942252d76808a0ede1aeca9a1e703a72d9f568135",
      "inputs/photo_prompt_visual_obligations_seduction_expression.json": "5d40210a683c914bc9f6b189c5d2c76ccdfeed2eca139f516b887c45a46811ec",
      "inputs/photo_prompt_visual_obligations_selfie_pose.json": "55ad9968536d0f5f9b087c3b1de8774a1525978bd6a366d8ecd22c57aca6085a",
      "inputs/photo_prompt_visual_obligations_slang_visual.json": "31b366a9361bae12549dd2537dab4e0296327e5a7f7bbd09604fd1d9f175f136",
      "inputs/photo_prompt_visual_obligations_soil_earth.json": "c4e5f5244ea3b00c244f4670952bfe67d83ee50be3fde253bc4f504ccb766b7e",
      "inputs/photo_prompt_visual_obligations_subculture_appearance.json": "b600fed593843397319e9f5ef30d7408498d826bc807102c3d9dba7741c2f07e",
      "inputs/photo_prompt_visual_obligations_summer_clothing_structure.json": "789bb9a5783c70523771722b0b71622acdfee594d0f59da1feba275f85d55863",
      "inputs/photo_prompt_visual_obligations_summer_coverage.json": "9ffb7af52843db230f56bdc811b55f5845854ed121a6506fbe4a62a0a4bbce0e",
      "inputs/photo_prompt_visual_obligations_summer_fit.json": "ceb34fa4ac67d268840e8835cb9472c05ca7bea0471d8a20bd7968e077e2cf33",
      "inputs/photo_prompt_visual_obligations_summer_ornament.json": "76ab37d6a55f2667d9d787fe7b0d396cf77ad2375bb528bd2181cb4174252dc7",
      "inputs/photo_prompt_visual_obligations_summer_style.json": "c025bd638e2f1cee1d653e1ae494bb7382db5bb18e7c02f2936a47d6049cbda1",
      "inputs/photo_prompt_visual_obligations_summer_swimwear.json": "c67c4ee72d23617a6228a0b879592a1d4394222995a66d8aa713189910a823e7",
      "inputs/photo_prompt_visual_obligations_summer_textile.json": "7e6d544a8e66da2fbc9b33cc5a63b9f5740cce5ac4c59f6be39e3418e97aff5c",
      "inputs/photo_prompt_visual_obligations_swimwear.json": "e34643ac131efe5f4135166bf791b25ad30c18a84e5413311fe9879ca4f05f15",
      "inputs/photo_prompt_visual_obligations_tactile_reality.json": "ada26e7ca50a68d3daac1d6fa7a3377cb8b772dd24fa86d0768ff99fe063cb3c",
      "inputs/photo_prompt_visual_obligations_textile_surface.json": "443e4dd2974a82cf003fbe04f7ece1d28ca44f66b1a45dfbe034261d65645c52",
      "inputs/photo_prompt_visual_obligations_traditional_clothing_detail.json": "4cc0e73b70da5aa9012d7476f8a838b5cfa33de34cf92471250c00661028a2ae",
      "inputs/photo_prompt_visual_obligations_vel_appearance_relations.json": "10968b3e56d6021f60353995bf52b6be511337220cb635d4007661dcbe8136b8",
      "inputs/photo_prompt_visual_obligations_visual_grammar.json": "5636040232ed20cbb81c19719943acf4dd2006021c2a76dc04b278c5e811cf34",
      "inputs/photo_prompt_visual_obligations_wardrobe_owner_relations.json": "e0790999c15068ec82e69a2a5b677272165d4562e5509dcad3e814bccdf36a0a",
      "inputs/photo_prompt_visual_obligations_water_relations.json": "5d2485f8ca81d7acc97cda3890310cb13a4a423aa168585e7feecd9b74891c8e",
      "inputs/photo_prompt_visual_obligations_winter_fashion.json": "06a662bd96d77890cb4b1f1d3791b3c656790bfaab28cbbf2ef7ab83c53ebe20",
      "inputs/photo_prompt_visual_obligations_y2k.json": "6ec28aecaa06d9be1adf91aa82d669056462434d30bfb4eb62c7d55a240a702e",
      "inputs/photo_prompt_wardrobe_owner_relations_extension.json": "91b11ffc0a523ffccff46219ffcb92b84d49b8fc2a4d172069c5008ae5f769f5",
      "inputs/photo_prompt_water_relations_extension.json": "c4879bcc899e04ea8d4bfcfda6a3de8b0540fa2c20dc494fcc822b47113ebfe5",
      "inputs/photo_prompt_winter_fashion_extension.json": "fedb671b06f4c47236c4aaa61eed652076e51412dedcd14d9ce6fc1aa7ab8dae",
      "inputs/photo_prompt_worldbuilding_extension.json": "7ec61a01a5262cbd7dd59f68f43b89471e91272d1b23666343f0578f531cb619",
      "inputs/photo_prompt_y2k_extension.json": "f807360e372a81d95705269eec7786a246c7f1c0ab6d5b540fd5a5ad45ba2a16",
      "inventory.json": "64dd146b2f5190e5eaca83d8bd783884d16375e82fd6e4326559ce97f551d360",
      "links.json": "48a9b26486e8439971ccf13ee950cadd7e63cafc2dfb444767e9c60b6fae2ae4",
      "reviews.json": "b107dd78405a3d31eafd0f472614780e7f88067b00a479dc936e3e1e3458f5cd"
    },
    "report_id": "6ed04fa20daff1df721dfeadc15c38ec3337d2a537691f06d481a24f926c74a2"
  }
}
