test_complete_relation_has_one_owner_and_no_sibling_obligation (tests.test_photo_wardrobe_owner_relations.WardrobeOwnerRelationsTests.test_complete_relation_has_one_owner_and_no_sibling_obligation) ... ok
test_family_labels_and_incomplete_layers_do_not_harden (tests.test_photo_wardrobe_owner_relations.WardrobeOwnerRelationsTests.test_family_labels_and_incomplete_layers_do_not_harden) ... ok
test_nonworn_and_two_actor_states_are_not_worn_or_single_hand_substitutes (tests.test_photo_wardrobe_owner_relations.WardrobeOwnerRelationsTests.test_nonworn_and_two_actor_states_are_not_worn_or_single_hand_substitutes) ... FAIL
test_seed_uncertainty_and_history_remain_external (tests.test_photo_wardrobe_owner_relations.WardrobeOwnerRelationsTests.test_seed_uncertainty_and_history_remain_external) ... ok
test_selected_sleeve_does_not_merge_bodice_transmission_or_neck_support (tests.test_photo_wardrobe_owner_relations.WardrobeOwnerRelationsTests.test_selected_sleeve_does_not_merge_bodice_transmission_or_neck_support) ... FAIL
test_single_accent_print_and_camera_effects_preserve_cross_carrier_locks (tests.test_photo_wardrobe_owner_relations.WardrobeOwnerRelationsTests.test_single_accent_print_and_camera_effects_preserve_cross_carrier_locks) ... ok
test_variant_relations_and_optional_bundles_are_complete (tests.test_photo_wardrobe_owner_relations.WardrobeOwnerRelationsTests.test_variant_relations_and_optional_bundles_are_complete) ... ok

======================================================================
FAIL: test_nonworn_and_two_actor_states_are_not_worn_or_single_hand_substitutes (tests.test_photo_wardrobe_owner_relations.WardrobeOwnerRelationsTests.test_nonworn_and_two_actor_states_are_not_worn_or_single_hand_substitutes)
----------------------------------------------------------------------
Traceback (most recent call last):
  File "/Users/chasoik/Projects/image-prompt/tests/test_photo_wardrobe_owner_relations.py", line 94, in test_nonworn_and_two_actor_states_are_not_worn_or_single_hand_substitutes
    self.assertEqual(tray['relations'][0]['subject'], tray['relations'][1]['subject'].replace(' opposite edge', ''))
    ~~~~~~~~~~~~~~~~^^^^^^^^^^^^^^^^^^^^^^^^^^^^^^^^^^^^^^^^^^^^^^^^^^^^^^^^^^^^^^^^^^^^^^^^^^^^^^^^^^^^^^^^^^^^^^^^
AssertionError: 'one tray' != 'same tray'
- one tray
+ same tray


======================================================================
FAIL: test_selected_sleeve_does_not_merge_bodice_transmission_or_neck_support (tests.test_photo_wardrobe_owner_relations.WardrobeOwnerRelationsTests.test_selected_sleeve_does_not_merge_bodice_transmission_or_neck_support)
----------------------------------------------------------------------
Traceback (most recent call last):
  File "/Users/chasoik/Projects/image-prompt/tests/test_photo_wardrobe_owner_relations.py", line 66, in test_selected_sleeve_does_not_merge_bodice_transmission_or_neck_support
    self.assertFalse(property_effects_allowed(lock, entry['affected_dimensions'], entry['affected_properties']))
    ~~~~~~~~~~~~~~~~^^^^^^^^^^^^^^^^^^^^^^^^^^^^^^^^^^^^^^^^^^^^^^^^^^^^^^^^^^^^^^^^^^^^^^^^^^^^^^^^^^^^^^^^^^^^
AssertionError: True is not false

----------------------------------------------------------------------
Ran 7 tests in 5.292s

FAILED (failures=2)
