Completed 1/162 modules: tests.test_makeup_layer_dictionary (0)
Completed 2/162 modules: tests.test_photo_acetate_distortion_alternative (0)
Completed 3/162 modules: tests.test_photo_action_context_effects_cleanup (0)
Completed 4/162 modules: tests.test_photo_acting_expression_data (0)
Completed 5/162 modules: tests.test_photo_aurora_anchor_alternative (0)
Completed 6/162 modules: tests.test_photo_adult_appeal_scope (0)
Completed 7/162 modules: tests.test_photo_affect_visual_semantics (0)
Completed 8/162 modules: tests.test_photo_authorial_direction_scope (0)
Completed 9/162 modules: tests.test_photo_adult_appeal_visual_semantics (0)
Completed 10/162 modules: tests.test_photo_bm25f_retrieval (0)
Completed 11/162 modules: tests.test_photo_authorial_core_v6 (0)
Completed 12/162 modules: tests.test_photo_authorship_policy (0)
Completed 13/162 modules: tests.test_photo_body_morphology_semantics (0)
Completed 14/162 modules: tests.test_photo_bound_context_surfaces (0)
Completed 15/162 modules: tests.test_photo_boundary_transition_visual_semantics (0)
Completed 16/162 modules: tests.test_photo_body_aesthetic_semantics (0)
Completed 17/162 modules: tests.test_photo_camera_owned_clauses (0)
Completed 18/162 modules: tests.test_photo_capture_boundary_data (0)
Completed 19/162 modules: tests.test_photo_capture_elements_visual_semantics (0)
Completed 20/162 modules: tests.test_photo_capture_owner_data_cleanup (0)
Completed 21/162 modules: tests.test_photo_capture_physics_alternatives (0)
Completed 22/162 modules: tests.test_photo_character_appearance_100 (0)
Completed 23/162 modules: tests.test_photo_candidate_semantics (0)
Completed 24/162 modules: tests.test_photo_character_response_concepts (0)
Completed 25/162 modules: tests.test_photo_clothing_terminology_semantics (0)
Completed 26/162 modules: tests.test_photo_authorial_core (0)
Completed 27/162 modules: tests.test_photo_composer_view (0)
Completed 28/162 modules: tests.test_photo_color_relations (0)
Completed 29/162 modules: tests.test_photo_contextual_appeal (0)
Completed 30/162 modules: tests.test_photo_control_assignment_punctuation (0)
Completed 31/162 modules: tests.test_photo_concept_candidate_expansion (0)
Completed 32/162 modules: tests.test_photo_convoy_route_alternative (0)
Completed 33/162 modules: tests.test_photo_core_retrieval (0)
Completed 34/162 modules: tests.test_photo_body_shape_semantics (0)
Completed 35/162 modules: tests.test_photo_cumulonimbus_anvil_alternative (0)
Completed 36/162 modules: tests.test_photo_current_boundary (0)
Completed 37/162 modules: tests.test_photo_current_boundary_snapshot (0)
Completed 38/162 modules: tests.test_photo_data_cleanup_public_surfaces (0)
Completed 39/162 modules: tests.test_photo_data_semantic_corrections (0)
Completed 40/162 modules: tests.test_photo_costume_cosplay_semantics (0)
Completed 41/162 modules: tests.test_photo_desire_visual_semantics (0)
Completed 42/162 modules: tests.test_photo_dress_positive_paraphrase (0)
Completed 43/162 modules: tests.test_photo_control_span_ownership (0)
Completed 44/162 modules: tests.test_photo_character_render_review (0)
Completed 45/162 modules: tests.test_photo_emotional_place_visual_semantics (0)
Completed 46/162 modules: tests.test_photo_environment_alternative_consistency (0)
Completed 47/162 modules: tests.test_photo_editing_effects_semantics (0)
Completed 48/162 modules: tests.test_photo_era_visual_semantics (0)
Completed 49/162 modules: tests.test_photo_death_afterlife_semantics (0)
Completed 50/162 modules: tests.test_photo_everyday_scene_semantics (0)
Completed 51/162 modules: tests.test_photo_ghost_ship_gate_alternative (0)
Completed 52/162 modules: tests.test_photo_glacier_surface_alternative (0)
Completed 53/162 modules: tests.test_photo_embodiment (0)
Completed 54/162 modules: tests.test_photo_harem_visual_semantics (0)
Completed 55/162 modules: tests.test_photo_historical_womenswear_semantics (0)
Completed 56/162 modules: tests.test_photo_hair_visual_semantics (0)
Completed 57/162 modules: tests.test_photo_image_attempt_evidence (0)
Completed 58/162 modules: tests.test_photo_imaginal_visual_semantics (0)
Completed 59/162 modules: tests.test_photo_face_shape_semantics (0)
Completed 60/162 modules: tests.test_photo_instrument_hand_roles (0)
Completed 61/162 modules: tests.test_photo_humanlike_semantics (0)
Completed 62/162 modules: tests.test_photo_jurisdiction_record_unit_data_cleanup (0)
Completed 63/162 modules: tests.test_photo_kebaya_material_alternative (0)
Completed 64/162 modules: tests.test_photo_korean_emotional_visual_semantics (0)
Completed 65/162 modules: tests.test_photo_fantasy_visual_semantics (0)
Completed 66/162 modules: tests.test_photo_lattice_shadow_alternative (0)
Completed 67/162 modules: tests.test_photo_leading_line_gate_alternatives (0)
Completed 68/162 modules: tests.test_photo_krummholz_korean_alias_data_cleanup (0)
Completed 69/162 modules: tests.test_photo_legend_visual_semantics (0)
Completed 70/162 modules: tests.test_photo_lighting_color_owner_data_cleanup (0)
Completed 71/162 modules: tests.test_photo_lighting_composition_boundary_data (0)
Completed 72/162 modules: tests.test_photo_liminal_active_use_korean_data_cleanup (0)
Completed 73/162 modules: tests.test_photo_liminal_maintained_alternative (0)
Completed 74/162 modules: tests.test_photo_loading (0)
Completed 75/162 modules: tests.test_photo_initial_creative_controls (0)
Completed 76/162 modules: tests.test_photo_lighting_visual_semantics (0)
Completed 77/162 modules: tests.test_photo_makeup_reference_balance (0)
Completed 78/162 modules: tests.test_photo_material_data_cleanup (0)
Completed 79/162 modules: tests.test_photo_model_editorial_semantics (0)
Completed 80/162 modules: tests.test_photo_motion_artifact_owner_data_cleanup (0)
Completed 81/162 modules: tests.test_photo_instrument_semantics (0)
Completed 82/162 modules: tests.test_photo_luxury_semantics (0)
Completed 83/162 modules: tests.test_photo_narrative_unit_data_cleanup (0)
Completed 84/162 modules: tests.test_photo_motion_graphics_semantics (0)
Completed 85/162 modules: tests.test_photo_neutral_expression_alternatives (0)
Completed 86/162 modules: tests.test_photo_next_slot_data_cleanup (0)
Completed 87/162 modules: tests.test_photo_nonhuman_source_alternatives (0)
Completed 88/162 modules: tests.test_photo_makeup_visual_semantics (0)
Completed 89/162 modules: tests.test_photo_object_morphology_ownership (0)
Completed 90/162 modules: tests.test_photo_oneiric_anchor_alternative (0)
Completed 91/162 modules: tests.test_photo_occupation_korean_label_data_cleanup (0)
Completed 92/162 modules: tests.test_photo_overhead_hand_alternative (0)
Completed 93/162 modules: tests.test_photo_palace_fortification_semantics (0)
Completed 94/162 modules: tests.test_photo_panning_direction_scope (0)
Completed 95/162 modules: tests.test_photo_opening_era_semantics (0)
Completed 96/162 modules: tests.test_photo_photorealism_owner_data_cleanup (0)
Completed 97/162 modules: tests.test_photo_photorealism_elements_semantics (0)
Completed 98/162 modules: tests.test_photo_portrait_composition_semantics (0)
Completed 99/162 modules: tests.test_photo_portrait_fashion_exposure (0)
Completed 100/162 modules: tests.test_photo_mythology_visual_semantics (0)
Completed 101/162 modules: tests.test_photo_positive_retrieval (0)
Completed 102/162 modules: tests.test_photo_natural_environment_semantics (0)
Completed 103/162 modules: tests.test_photo_precore_feature_selection (0)
Completed 104/162 modules: tests.test_photo_prepack_isolation (0)
Completed 105/162 modules: tests.test_photo_prop_conditional_contact (0)
Completed 106/162 modules: tests.test_photo_pose_visual_semantics (0)
Completed 107/162 modules: tests.test_photo_protostar_korean_alias_data_cleanup (0)
Completed 108/162 modules: tests.test_photo_punk_aesthetic_semantics (0)
Completed 109/162 modules: tests.test_photo_poverty_visual_semantics (0)
Completed 110/162 modules: tests.test_photo_pose_vocabulary_semantics (0)
Completed 111/162 modules: tests.test_photo_receiver_material_response (0)
Completed 112/162 modules: tests.test_photo_realistic_background_semantics (0)
Completed 113/162 modules: tests.test_photo_reef_explicit_unit_data_cleanup (0)
Completed 114/162 modules: tests.test_photo_religion_iconography_boundary_history (0)
Completed 115/162 modules: tests.test_photo_remaining_boundary_data (0)
Completed 116/162 modules: tests.test_photo_render_repair (0)
Completed 117/162 modules: tests.test_photo_research_integration (0)
Completed 118/162 modules: tests.test_photo_residual_positive_guards (0)
Completed 119/162 modules: tests.test_photo_reactorprompt_visual_relations (0)
Completed 120/162 modules: tests.test_photo_role_garment_candidate_expansion (0)
Completed 121/162 modules: tests.test_photo_run_manifest (0)
Completed 122/162 modules: tests.test_photo_scene_data_cleanup (0)
Completed 123/162 modules: tests.test_photo_seduction_expression_integration (0)
Completed 124/162 modules: tests.test_photo_semantic_guidance_data (0)
Completed 125/162 modules: tests.test_photo_semantic_index (0)
Completed 126/162 modules: tests.test_photo_shelf_return_korean_state_data_cleanup (0)
Completed 127/162 modules: tests.test_photo_single_allocator_recovery (0)
Completed 128/162 modules: tests.test_photo_slang_boundary_history (0)
Completed 129/162 modules: tests.test_photo_retrieval_runtime_improvement (0)
Completed 130/162 modules: tests.test_photo_slide_thickness_alternative (0)
Completed 131/162 modules: tests.test_photo_slot_data_cleanup (0)
Completed 132/162 modules: tests.test_photo_slot_query_fusion (0)
Completed 133/162 modules: tests.test_photo_rare_photo_visual_semantics (0)
Completed 134/162 modules: tests.test_photo_subculture_appearance_alternatives (0)
Completed 135/162 modules: tests.test_photo_religion_iconography_alternatives (0)
Completed 136/162 modules: tests.test_photo_subculture_appearance_boundary_history (0)
Completed 137/162 modules: tests.test_photo_swimwear_semantics (0)
Completed 138/162 modules: tests.test_photo_tactile_reality_semantics (0)
Completed 139/162 modules: tests.test_photo_texture_data_cleanup (0)
Completed 140/162 modules: tests.test_photo_traditional_clothing_semantics (0)
Completed 141/162 modules: tests.test_photo_suggestive_editorial_visual_semantics (0)
Completed 142/162 modules: tests.test_photo_slang_visual_alternatives (0)
Completed 143/162 modules: tests.test_photo_space_visual_semantics (0)
Completed 144/162 modules: tests.test_photo_uniform_costume_paraphrases (0)
Completed 145/162 modules: tests.test_photo_vocaloid_appearance_paraphrases (0)
Completed 146/162 modules: tests.test_photo_visual_profile_retrieval (0)
Completed 147/162 modules: tests.test_photo_wet_hair_weight_alternative (0)
Completed 148/162 modules: tests.test_photo_violence_crime_visual_semantics (0)
Completed 149/162 modules: tests.test_photo_weapon_visual_semantics (0)
Completed 150/162 modules: tests.test_photo_womens_professional_uniform_visual_semantics (0)
Completed 151/162 modules: tests.test_photo_womens_casualwear_visual_semantics (0)
Completed 152/162 modules: tests.test_photo_wrap_skirt_side_alternative (0)
Completed 153/162 modules: tests.test_photo_womens_activewear_visual_semantics (0)
Completed 154/162 modules: tests.test_photo_womens_summer_trend_visual_semantics (0)
Completed 155/162 modules: tests.test_photo_y2k_visual_semantics (0)
Completed 156/162 modules: tests.test_subculture_illustration_moe_elements (0)
Completed 157/162 modules: tests.test_subculture_illustration_photo_boundary (0)
Completed 158/162 modules: tests.test_subculture_illustration_contract_v1 (0)
Completed 159/162 modules: tests.test_universal_scene_directional_substitution (0)
Completed 160/162 modules: tests.test_photo_visual_obligations (0)
Completed 161/162 modules: tests.test_photo_wuxia_visual_semantics (0)
Completed 162/162 modules: tests.test_subculture_illustration_universal_scene_v3 (0)
{"full_unittest_discovery": true, "execution": "four isolated module processes", "discovered_test_count": 1416, "executed_test_count": 1416, "module_count": 162, "elapsed_seconds": 1331.886, "all_discovered_executed": true, "successful": true}
