test_added_maintenance_seals_resolve_to_canonical_external_records (tests.test_photo_seduction_expression_integration.SeductionExpressionIntegrationTests.test_added_maintenance_seals_resolve_to_canonical_external_records) ... ok
test_advisory_exact_terms_never_become_requester_obligations (tests.test_photo_seduction_expression_integration.SeductionExpressionIntegrationTests.test_advisory_exact_terms_never_become_requester_obligations) ... ok
test_bilingual_components_are_all_of_and_one_missing_component_is_not_complete (tests.test_photo_seduction_expression_integration.SeductionExpressionIntegrationTests.test_bilingual_components_are_all_of_and_one_missing_component_is_not_complete) ... ok
test_broad_mood_and_motion_labels_do_not_exact_activate_new_shapes (tests.test_photo_seduction_expression_integration.SeductionExpressionIntegrationTests.test_broad_mood_and_motion_labels_do_not_exact_activate_new_shapes) ... ok
test_coarse_wardrobe_and_hair_effects_respect_partial_locks (tests.test_photo_seduction_expression_integration.SeductionExpressionIntegrationTests.test_coarse_wardrobe_and_hair_effects_respect_partial_locks) ... ok
test_current_contact_is_distinct_from_a_tongue_crossing_the_lip_boundary (tests.test_photo_seduction_expression_integration.SeductionExpressionIntegrationTests.test_current_contact_is_distinct_from_a_tongue_crossing_the_lip_boundary) ... ok
test_different_owner_or_target_does_not_complete_the_self_cheek_profile (tests.test_photo_seduction_expression_integration.SeductionExpressionIntegrationTests.test_different_owner_or_target_does_not_complete_the_self_cheek_profile) ... ok
test_existing_candidate_labels_and_real_prerequisites_survive (tests.test_photo_seduction_expression_integration.SeductionExpressionIntegrationTests.test_existing_candidate_labels_and_real_prerequisites_survive) ... ok
test_generated_visual_index_contains_alternatives_without_maintenance_prose (tests.test_photo_seduction_expression_integration.SeductionExpressionIntegrationTests.test_generated_visual_index_contains_alternatives_without_maintenance_prose) ... ok
test_head_eye_relation_declares_both_effects_and_respects_each_lock (tests.test_photo_seduction_expression_integration.SeductionExpressionIntegrationTests.test_head_eye_relation_declares_both_effects_and_respects_each_lock) ... ok
test_historical_scope_projection_rejects_unsealed_member_changes (tests.test_photo_seduction_expression_integration.SeductionExpressionIntegrationTests.test_historical_scope_projection_rejects_unsealed_member_changes) ... ok
test_hover_does_not_become_loaded_chin_support (tests.test_photo_seduction_expression_integration.SeductionExpressionIntegrationTests.test_hover_does_not_become_loaded_chin_support) ... ok
test_lapel_touch_cannot_substitute_for_gripping_and_opposing_cloth (tests.test_photo_seduction_expression_integration.SeductionExpressionIntegrationTests.test_lapel_touch_cannot_substitute_for_gripping_and_opposing_cloth) ... ok
test_optional_bundle_members_keep_independent_profile_activation (tests.test_photo_seduction_expression_integration.SeductionExpressionIntegrationTests.test_optional_bundle_members_keep_independent_profile_activation) ... ok
test_profile_alternatives_keep_all_original_duties_and_pixel_gates (tests.test_photo_seduction_expression_integration.SeductionExpressionIntegrationTests.test_profile_alternatives_keep_all_original_duties_and_pixel_gates) ... ok
test_resealing_preserves_every_prior_maintenance_evidence_field (tests.test_photo_seduction_expression_integration.SeductionExpressionIntegrationTests.test_resealing_preserves_every_prior_maintenance_evidence_field) ... ok
test_task_expression_cannot_claim_compatibility_with_locked_task (tests.test_photo_seduction_expression_integration.SeductionExpressionIntegrationTests.test_task_expression_cannot_claim_compatibility_with_locked_task) ... ok
test_acceptance_binds_lexical_gain_dense_cost_and_all_attempts (tests.test_photo_krummholz_korean_alias_data_cleanup.KrummholzKoreanAliasDataCleanupTests.test_acceptance_binds_lexical_gain_dense_cost_and_all_attempts) ... ok
test_bare_names_and_independent_probe_texts_remain_frozen (tests.test_photo_krummholz_korean_alias_data_cleanup.KrummholzKoreanAliasDataCleanupTests.test_bare_names_and_independent_probe_texts_remain_frozen) ... ok
test_complete_raw_extension_has_only_one_alias_append (tests.test_photo_krummholz_korean_alias_data_cleanup.KrummholzKoreanAliasDataCleanupTests.test_complete_raw_extension_has_only_one_alias_append) ... ok
test_current_semantic_surface_preserves_frozen_krummholz_meaning (tests.test_photo_krummholz_korean_alias_data_cleanup.KrummholzKoreanAliasDataCleanupTests.test_current_semantic_surface_preserves_frozen_krummholz_meaning) ... ok
test_exact_frozen_scope_queries_and_budget (tests.test_photo_krummholz_korean_alias_data_cleanup.KrummholzKoreanAliasDataCleanupTests.test_exact_frozen_scope_queries_and_budget) ... ok
test_historical_merged_state_and_current_ten_keeps_are_exact (tests.test_photo_krummholz_korean_alias_data_cleanup.KrummholzKoreanAliasDataCleanupTests.test_historical_merged_state_and_current_ten_keeps_are_exact) ... ok
test_previous_reef_correction_and_all_other_source_rows_remain_intact (tests.test_photo_krummholz_korean_alias_data_cleanup.KrummholzKoreanAliasDataCleanupTests.test_previous_reef_correction_and_all_other_source_rows_remain_intact) ... ok
test_specialization_existing_names_and_every_other_field_are_preserved (tests.test_photo_krummholz_korean_alias_data_cleanup.KrummholzKoreanAliasDataCleanupTests.test_specialization_existing_names_and_every_other_field_are_preserved) ... ok
test_acceptance_binds_name_gain_score_costs_and_target_absence (tests.test_photo_protostar_korean_alias_data_cleanup.ProtostarKoreanAliasDataCleanupTests.test_acceptance_binds_name_gain_score_costs_and_target_absence) ... ok
test_complete_raw_space_extension_has_only_one_qualified_alias_append (tests.test_photo_protostar_korean_alias_data_cleanup.ProtostarKoreanAliasDataCleanupTests.test_complete_raw_space_extension_has_only_one_qualified_alias_append) ... ok
test_existing_name_and_disk_outflow_specialization_are_unchanged (tests.test_photo_protostar_korean_alias_data_cleanup.ProtostarKoreanAliasDataCleanupTests.test_existing_name_and_disk_outflow_specialization_are_unchanged) ... ok
test_frozen_inventory_probes_and_bounded_cost (tests.test_photo_protostar_korean_alias_data_cleanup.ProtostarKoreanAliasDataCleanupTests.test_frozen_inventory_probes_and_bounded_cost) ... ok
test_historical_merged_state_and_current_nineteen_keeps_are_exact (tests.test_photo_protostar_korean_alias_data_cleanup.ProtostarKoreanAliasDataCleanupTests.test_historical_merged_state_and_current_nineteen_keeps_are_exact) ... ok
test_historical_other_merged_rows_and_current_natural_rows_are_exact (tests.test_photo_protostar_korean_alias_data_cleanup.ProtostarKoreanAliasDataCleanupTests.test_historical_other_merged_rows_and_current_natural_rows_are_exact) ... ok
test_historical_v6_full_pack_detail_and_overview_preserve_genuine_subject_context (tests.test_photo_protostar_korean_alias_data_cleanup.ProtostarKoreanAliasDataCleanupTests.test_historical_v6_full_pack_detail_and_overview_preserve_genuine_subject_context) ... ok
test_independent_probes_names_and_controls_are_existing_subjects (tests.test_photo_protostar_korean_alias_data_cleanup.ProtostarKoreanAliasDataCleanupTests.test_independent_probes_names_and_controls_are_existing_subjects) ... ok
test_acceptance_binds_catalog_benefit_and_all_adverse_evidence (tests.test_photo_shelf_return_korean_state_data_cleanup.ShelfReturnKoreanStateDataCleanupTests.test_acceptance_binds_catalog_benefit_and_all_adverse_evidence) ... ok
test_complete_raw_extension_changes_only_the_one_korean_state (tests.test_photo_shelf_return_korean_state_data_cleanup.ShelfReturnKoreanStateDataCleanupTests.test_complete_raw_extension_changes_only_the_one_korean_state) ... ok
test_frozen_inventory_probes_and_bounded_cost (tests.test_photo_shelf_return_korean_state_data_cleanup.ShelfReturnKoreanStateDataCleanupTests.test_frozen_inventory_probes_and_bounded_cost) ... ok
test_historical_merged_state_and_current_eleven_keeps_are_exact (tests.test_photo_shelf_return_korean_state_data_cleanup.ShelfReturnKoreanStateDataCleanupTests.test_historical_merged_state_and_current_eleven_keeps_are_exact) ... ok
test_historical_v6_full_pack_detail_and_overview_preserve_genuine_adult_context (tests.test_photo_shelf_return_korean_state_data_cleanup.ShelfReturnKoreanStateDataCleanupTests.test_historical_v6_full_pack_detail_and_overview_preserve_genuine_adult_context) ... ok
test_korean_field_projection_changes_only_the_local_aftermath (tests.test_photo_shelf_return_korean_state_data_cleanup.ShelfReturnKoreanStateDataCleanupTests.test_korean_field_projection_changes_only_the_local_aftermath) ... ok
test_maintenance_revision_preserves_experiment_and_original_record (tests.test_photo_shelf_return_korean_state_data_cleanup.ShelfReturnKoreanStateDataCleanupTests.test_maintenance_revision_preserves_experiment_and_original_record) ... ok
test_previous_published_aliases_and_reef_unit_remain_exact (tests.test_photo_shelf_return_korean_state_data_cleanup.ShelfReturnKoreanStateDataCleanupTests.test_previous_published_aliases_and_reef_unit_remain_exact) ... ok
test_returned_item_owns_its_restored_position_without_global_stock_rule (tests.test_photo_shelf_return_korean_state_data_cleanup.ShelfReturnKoreanStateDataCleanupTests.test_returned_item_owns_its_restored_position_without_global_stock_rule) ... ok
test_scout_and_reviewer_state_contrasts_remain_frozen (tests.test_photo_shelf_return_korean_state_data_cleanup.ShelfReturnKoreanStateDataCleanupTests.test_scout_and_reviewer_state_contrasts_remain_frozen) ... ok
test_absent_activity_allows_traces_without_changing_scope_or_guards (tests.test_photo_liminal_active_use_korean_data_cleanup.LiminalActiveUseKoreanDataCleanupTests.test_absent_activity_allows_traces_without_changing_scope_or_guards) ... ok
test_acceptance_binds_gains_costs_and_immutable_recovery_history (tests.test_photo_liminal_active_use_korean_data_cleanup.LiminalActiveUseKoreanDataCleanupTests.test_acceptance_binds_gains_costs_and_immutable_recovery_history) ... ok
test_archived_korean_catalog_changes_one_line_and_current_text_preserves_it (tests.test_photo_liminal_active_use_korean_data_cleanup.LiminalActiveUseKoreanDataCleanupTests.test_archived_korean_catalog_changes_one_line_and_current_text_preserves_it) ... ok
test_complete_merged_state_and_twenty_one_keeps_remain_exact (tests.test_photo_liminal_active_use_korean_data_cleanup.LiminalActiveUseKoreanDataCleanupTests.test_complete_merged_state_and_twenty_one_keeps_remain_exact) ... ok
test_complete_raw_source_changes_only_ko_and_predeclared_reference (tests.test_photo_liminal_active_use_korean_data_cleanup.LiminalActiveUseKoreanDataCleanupTests.test_complete_raw_source_changes_only_ko_and_predeclared_reference) ... ok
test_frozen_source_inventory_queries_and_bounded_workload (tests.test_photo_liminal_active_use_korean_data_cleanup.LiminalActiveUseKoreanDataCleanupTests.test_frozen_source_inventory_queries_and_bounded_workload) ... ok
test_historical_provenance_is_preserved_and_current_source_is_bound (tests.test_photo_liminal_active_use_korean_data_cleanup.LiminalActiveUseKoreanDataCleanupTests.test_historical_provenance_is_preserved_and_current_source_is_bound) ... ok
test_historical_v6_preservation_and_current_candidate_projection (tests.test_photo_liminal_active_use_korean_data_cleanup.LiminalActiveUseKoreanDataCleanupTests.test_historical_v6_preservation_and_current_candidate_projection) ... ok
test_independent_queries_and_same_slot_controls_stay_exact (tests.test_photo_liminal_active_use_korean_data_cleanup.LiminalActiveUseKoreanDataCleanupTests.test_independent_queries_and_same_slot_controls_stay_exact) ... ok
test_negation_and_bare_homonyms_do_not_activate_new_pose_profiles (tests.test_photo_pose_vocabulary_semantics.PhotoPoseVocabularySemanticsTests.test_negation_and_bare_homonyms_do_not_activate_new_pose_profiles) ... ok
test_partner_contacts_require_grounded_partner_context_and_bundle_links_are_optional (tests.test_photo_pose_vocabulary_semantics.PhotoPoseVocabularySemanticsTests.test_partner_contacts_require_grounded_partner_context_and_bundle_links_are_optional) ... ok
test_profile_components_bind_every_gate_and_require_visible_complete_relations (tests.test_photo_pose_vocabulary_semantics.PhotoPoseVocabularySemanticsTests.test_profile_components_bind_every_gate_and_require_visible_complete_relations) ... ok
test_promotions_have_traceable_dispositions_and_unreviewed_terms_stay_out (tests.test_photo_pose_vocabulary_semantics.PhotoPoseVocabularySemanticsTests.test_promotions_have_traceable_dispositions_and_unreviewed_terms_stay_out) ... ok
test_property_scope_cannot_change_a_locked_hand_configuration_or_reference_appearance (tests.test_photo_pose_vocabulary_semantics.PhotoPoseVocabularySemanticsTests.test_property_scope_cannot_change_a_locked_hand_configuration_or_reference_appearance) ... ok
test_real_core_retrieval_exposes_the_matching_geometry_and_is_recomputable (tests.test_photo_pose_vocabulary_semantics.PhotoPoseVocabularySemanticsTests.test_real_core_retrieval_exposes_the_matching_geometry_and_is_recomputable) ... ok
test_reuse_appends_context_without_changing_existing_meaning_or_guards (tests.test_photo_pose_vocabulary_semantics.PhotoPoseVocabularySemanticsTests.test_reuse_appends_context_without_changing_existing_meaning_or_guards) ... ok
test_seated_crossing_and_kneeling_variants_do_not_share_hard_meaning (tests.test_photo_pose_vocabulary_semantics.PhotoPoseVocabularySemanticsTests.test_seated_crossing_and_kneeling_variants_do_not_share_hard_meaning) ... ok
test_after_sunset_blue_hour_is_dusk_not_dawn (tests.test_photo_scene_data_cleanup.SceneContextCleanupTests.test_after_sunset_blue_hour_is_dusk_not_dawn) ... ok
test_depth_and_occlusion_relations_remain (tests.test_photo_scene_data_cleanup.SceneContextCleanupTests.test_depth_and_occlusion_relations_remain) ... ok
test_empty_surroundings_do_not_require_or_forbid_a_primary_person (tests.test_photo_scene_data_cleanup.SceneContextCleanupTests.test_empty_surroundings_do_not_require_or_forbid_a_primary_person) ... ok
test_event_phase_does_not_fabricate_clock_time (tests.test_photo_scene_data_cleanup.SceneContextCleanupTests.test_event_phase_does_not_fabricate_clock_time) ... ok
test_storm_caption_retains_weather_and_existing_context_guard (tests.test_photo_scene_data_cleanup.SceneContextCleanupTests.test_storm_caption_retains_weather_and_existing_context_guard) ... ok
test_floral_room_indexes_positive_room_evidence (tests.test_photo_scene_data_cleanup.SceneLocationCleanupTests.test_floral_room_indexes_positive_room_evidence) ... ok
test_physical_location_captions_keep_authored_specialized_associations (tests.test_photo_scene_data_cleanup.SceneLocationCleanupTests.test_physical_location_captions_keep_authored_specialized_associations) ... ok
test_switchboard_keeps_real_connections_and_half_plugged_state (tests.test_photo_scene_data_cleanup.SceneLocationCleanupTests.test_switchboard_keeps_real_connections_and_half_plugged_state) ... ok
test_welding_korean_fields_preserve_sparks_without_human_guard (tests.test_photo_scene_data_cleanup.SceneLocationCleanupTests.test_welding_korean_fields_preserve_sparks_without_human_guard) ... ok
test_frozen_inventory_and_queries_remain_bound (tests.test_photo_scene_data_cleanup.ScenePreservationTests.test_frozen_inventory_and_queries_remain_bound) ... ok
test_prior_twenty_three_edited_rows_are_byte_semantically_preserved (tests.test_photo_scene_data_cleanup.ScenePreservationTests.test_prior_twenty_three_edited_rows_are_byte_semantically_preserved) ... ok
test_cafe_and_laundry_owner_state_relations_remain (tests.test_photo_scene_data_cleanup.ScenePropCleanupTests.test_cafe_and_laundry_owner_state_relations_remain) ... ok
test_coffee_gesture_is_preserved_in_both_languages (tests.test_photo_scene_data_cleanup.ScenePropCleanupTests.test_coffee_gesture_is_preserved_in_both_languages) ... ok
test_diary_preserves_blank_or_marked_alternatives (tests.test_photo_scene_data_cleanup.ScenePropCleanupTests.test_diary_preserves_blank_or_marked_alternatives) ... ok
test_genealogy_records_content_not_proof_of_subject_identity (tests.test_photo_scene_data_cleanup.ScenePropCleanupTests.test_genealogy_records_content_not_proof_of_subject_identity) ... ok
test_shared_umbrella_keeps_two_people_and_transparency (tests.test_photo_scene_data_cleanup.ScenePropCleanupTests.test_shared_umbrella_keeps_two_people_and_transparency) ... ok
test_age_and_biography_are_not_inferred_from_generic_composition (tests.test_photo_portrait_composition_semantics.PortraitCompositionTests.test_age_and_biography_are_not_inferred_from_generic_composition) ... ok
test_all_component_gates_survive_compilation_and_duplicate_owner_evidence_fails (tests.test_photo_portrait_composition_semantics.PortraitCompositionTests.test_all_component_gates_survive_compilation_and_duplicate_owner_evidence_fails) ... ok
test_bilingual_retrieval_keeps_directed_atomic_relations (tests.test_photo_portrait_composition_semantics.PortraitCompositionTests.test_bilingual_retrieval_keeps_directed_atomic_relations) ... ok
test_bundles_require_every_visible_member_and_open_dimension (tests.test_photo_portrait_composition_semantics.PortraitCompositionTests.test_bundles_require_every_visible_member_and_open_dimension) ... ok
test_camera_direction_owner_and_optical_confusions_do_not_harden (tests.test_photo_portrait_composition_semantics.PortraitCompositionTests.test_camera_direction_owner_and_optical_confusions_do_not_harden) ... ok
test_complete_owner_relation_is_exact_and_partial_or_negated_is_not (tests.test_photo_portrait_composition_semantics.PortraitCompositionTests.test_complete_owner_relation_is_exact_and_partial_or_negated_is_not) ... ok
test_english_negation_of_nonascii_terms_is_shared_and_local (tests.test_photo_portrait_composition_semantics.PortraitCompositionTests.test_english_negation_of_nonascii_terms_is_shared_and_local) ... ok
test_real_generated_indexes_cover_current_source (tests.test_photo_portrait_composition_semantics.PortraitCompositionTests.test_real_generated_indexes_cover_current_source) ... ok
test_reflected_focus_is_visible_and_not_an_unobservable_distance_gate (tests.test_photo_portrait_composition_semantics.PortraitCompositionTests.test_reflected_focus_is_visible_and_not_an_unobservable_distance_gate) ... ok
test_series_trend_and_source_provenance_remain_maintenance_only (tests.test_photo_portrait_composition_semantics.PortraitCompositionTests.test_series_trend_and_source_provenance_remain_maintenance_only) ... ok

----------------------------------------------------------------------
Ran 86 tests in 83.555s

OK
