test_added_maintenance_seals_resolve_to_canonical_external_records (tests.test_photo_seduction_expression_integration.SeductionExpressionIntegrationTests.test_added_maintenance_seals_resolve_to_canonical_external_records) ... ok
test_advisory_exact_terms_never_become_requester_obligations (tests.test_photo_seduction_expression_integration.SeductionExpressionIntegrationTests.test_advisory_exact_terms_never_become_requester_obligations) ... ok
test_bilingual_components_are_all_of_and_one_missing_component_is_not_complete (tests.test_photo_seduction_expression_integration.SeductionExpressionIntegrationTests.test_bilingual_components_are_all_of_and_one_missing_component_is_not_complete) ... ok
test_broad_mood_and_motion_labels_do_not_exact_activate_new_shapes (tests.test_photo_seduction_expression_integration.SeductionExpressionIntegrationTests.test_broad_mood_and_motion_labels_do_not_exact_activate_new_shapes) ... ok
test_coarse_wardrobe_and_hair_effects_respect_partial_locks (tests.test_photo_seduction_expression_integration.SeductionExpressionIntegrationTests.test_coarse_wardrobe_and_hair_effects_respect_partial_locks) ... ok
test_current_contact_is_distinct_from_a_tongue_crossing_the_lip_boundary (tests.test_photo_seduction_expression_integration.SeductionExpressionIntegrationTests.test_current_contact_is_distinct_from_a_tongue_crossing_the_lip_boundary) ... ok
test_different_owner_or_target_does_not_complete_the_self_cheek_profile (tests.test_photo_seduction_expression_integration.SeductionExpressionIntegrationTests.test_different_owner_or_target_does_not_complete_the_self_cheek_profile) ... ok
test_existing_candidate_labels_and_real_prerequisites_survive (tests.test_photo_seduction_expression_integration.SeductionExpressionIntegrationTests.test_existing_candidate_labels_and_real_prerequisites_survive) ... ok
test_generated_visual_index_contains_alternatives_without_maintenance_prose (tests.test_photo_seduction_expression_integration.SeductionExpressionIntegrationTests.test_generated_visual_index_contains_alternatives_without_maintenance_prose) ... ok
test_head_eye_relation_declares_both_effects_and_respects_each_lock (tests.test_photo_seduction_expression_integration.SeductionExpressionIntegrationTests.test_head_eye_relation_declares_both_effects_and_respects_each_lock) ... ok
test_hover_does_not_become_loaded_chin_support (tests.test_photo_seduction_expression_integration.SeductionExpressionIntegrationTests.test_hover_does_not_become_loaded_chin_support) ... ok
test_lapel_touch_cannot_substitute_for_gripping_and_opposing_cloth (tests.test_photo_seduction_expression_integration.SeductionExpressionIntegrationTests.test_lapel_touch_cannot_substitute_for_gripping_and_opposing_cloth) ... ok
test_optional_bundle_members_keep_independent_profile_activation (tests.test_photo_seduction_expression_integration.SeductionExpressionIntegrationTests.test_optional_bundle_members_keep_independent_profile_activation) ... ok
test_profile_alternatives_keep_all_original_duties_and_pixel_gates (tests.test_photo_seduction_expression_integration.SeductionExpressionIntegrationTests.test_profile_alternatives_keep_all_original_duties_and_pixel_gates) ... ok
test_task_expression_cannot_claim_compatibility_with_locked_task (tests.test_photo_seduction_expression_integration.SeductionExpressionIntegrationTests.test_task_expression_cannot_claim_compatibility_with_locked_task) ... ok
test_action_captions_remove_only_comparison_or_rewrite_prose (tests.test_photo_action_context_effects_cleanup.ActionContextEffectsCleanupTests.test_action_captions_remove_only_comparison_or_rewrite_prose) ... ok
test_all_thirty_six_keep_decisions_are_exactly_preserved (tests.test_photo_action_context_effects_cleanup.ActionContextEffectsCleanupTests.test_all_thirty_six_keep_decisions_are_exactly_preserved) ... ok
test_bilingual_relational_geometry_is_preserved (tests.test_photo_action_context_effects_cleanup.ActionContextEffectsCleanupTests.test_bilingual_relational_geometry_is_preserved) ... ok
test_compound_situation_aliases_retain_keywords_and_rendering (tests.test_photo_action_context_effects_cleanup.ActionContextEffectsCleanupTests.test_compound_situation_aliases_retain_keywords_and_rendering) ... ok
test_discovery_and_property_locks_survive_source_projection (tests.test_photo_action_context_effects_cleanup.ActionContextEffectsCleanupTests.test_discovery_and_property_locks_survive_source_projection) ... ok
test_frozen_inventory_and_queries_are_unchanged (tests.test_photo_action_context_effects_cleanup.ActionContextEffectsCleanupTests.test_frozen_inventory_and_queries_are_unchanged) ... ok
test_nine_effect_owner_relations_match_candidate_scope (tests.test_photo_action_context_effects_cleanup.ActionContextEffectsCleanupTests.test_nine_effect_owner_relations_match_candidate_scope) ... ok
test_prior_thirty_seven_published_source_rows_are_preserved (tests.test_photo_action_context_effects_cleanup.ActionContextEffectsCleanupTests.test_prior_thirty_seven_published_source_rows_are_preserved) ... ok

----------------------------------------------------------------------
Ran 23 tests in 2.916s

OK
