test_natural_moe_response_contract_materializes_through_public_wrapper (tests.test_photo_prompt_contract_v2.PhotoPromptContractV2Tests.test_natural_moe_response_contract_materializes_through_public_wrapper) ... FAIL

======================================================================
FAIL: test_natural_moe_response_contract_materializes_through_public_wrapper (tests.test_photo_prompt_contract_v2.PhotoPromptContractV2Tests.test_natural_moe_response_contract_materializes_through_public_wrapper)
----------------------------------------------------------------------
Traceback (most recent call last):
  File "/private/var/folders/4x/l_6vrtjj4rsbvgmq7t6tfgsh0000gn/T/photo-color-baseline-tm91dup7/tests/test_photo_prompt_contract_v2.py", line 1885, in test_natural_moe_response_contract_materializes_through_public_wrapper
    self.assertEqual(
    ~~~~~~~~~~~~~~~~^
        pack["provenance"]["preset_id"],
        ^^^^^^^^^^^^^^^^^^^^^^^^^^^^^^^^
        role_contract["preset_id"],
        ^^^^^^^^^^^^^^^^^^^^^^^^^^^
        case["id"],
        ^^^^^^^^^^^
    )
    ^
AssertionError: 'species_id_card_daily_diptych' != 'security_guard_watch_portrait'
- species_id_card_daily_diptych
+ security_guard_watch_portrait
 : ko_gap_moe_guard

----------------------------------------------------------------------
Ran 1 test in 25.361s

FAILED (failures=1)
