test_all_concept_recipe_forced_slots_are_registered (tests.test_prompt_generator.PromptGeneratorRegressionTests.test_all_concept_recipe_forced_slots_are_registered) ... FAIL
test_company_worker_mixin_preserves_role_costumes_and_adds_corporate_layer (tests.test_prompt_generator.PromptGeneratorRegressionTests.test_company_worker_mixin_preserves_role_costumes_and_adds_corporate_layer) ... 
  test_company_worker_mixin_preserves_role_costumes_and_adds_corporate_layer (tests.test_prompt_generator.PromptGeneratorRegressionTests.test_company_worker_mixin_preserves_role_costumes_and_adds_corporate_layer) (concept='윈터 간호사 회사원') ... FAIL
  test_company_worker_mixin_preserves_role_costumes_and_adds_corporate_layer (tests.test_prompt_generator.PromptGeneratorRegressionTests.test_company_worker_mixin_preserves_role_costumes_and_adds_corporate_layer) (concept='닝닝 경찰 회사원') ... FAIL
test_concept_recipe_explain_combines_role_and_assassin_mixin (tests.test_prompt_generator.PromptGeneratorRegressionTests.test_concept_recipe_explain_combines_role_and_assassin_mixin) ... FAIL
test_concept_soft_spec_carries_v3_group_guard_and_priority_terms (tests.test_prompt_generator.PromptGeneratorRegressionTests.test_concept_soft_spec_carries_v3_group_guard_and_priority_terms) ... FAIL
test_menhera_sensitive_role_prompts_keep_safe_anchors (tests.test_prompt_generator.PromptGeneratorRegressionTests.test_menhera_sensitive_role_prompts_keep_safe_anchors) ... FAIL
test_menhera_weak_role_prompts_include_explicit_anxiety_anchors (tests.test_prompt_generator.PromptGeneratorRegressionTests.test_menhera_weak_role_prompts_include_explicit_anxiety_anchors) ... FAIL
test_semantic_index_builder_subprocess_uses_project_env_file (tests.test_prompt_generator.PromptGeneratorRegressionTests.test_semantic_index_builder_subprocess_uses_project_env_file) ... FAIL
test_vampire_weak_role_prompts_include_positive_anchors (tests.test_prompt_generator.PromptGeneratorRegressionTests.test_vampire_weak_role_prompts_include_positive_anchors) ... FAIL

======================================================================
FAIL: test_all_concept_recipe_forced_slots_are_registered (tests.test_prompt_generator.PromptGeneratorRegressionTests.test_all_concept_recipe_forced_slots_are_registered)
----------------------------------------------------------------------
Traceback (most recent call last):
  File "/private/var/folders/4x/l_6vrtjj4rsbvgmq7t6tfgsh0000gn/T/photo-color-baseline-tm91dup7/tests/test_prompt_generator.py", line 9129, in test_all_concept_recipe_forced_slots_are_registered
    self.assertEqual(missing, [])
    ~~~~~~~~~~~~~~~~^^^^^^^^^^^^^
AssertionError: Lists differ: [('mixins.노령림 구조.set', 'aesthetic_trend', [11363 chars]me')] != []

First list contains 140 additional elements.
First extra element 0:
('mixins.노령림 구조.set', 'aesthetic_trend', 'old_growth_forest_structure_aesthetic')

Diff is 12427 characters long. Set self.maxDiff to None to see it.

======================================================================
FAIL: test_company_worker_mixin_preserves_role_costumes_and_adds_corporate_layer (tests.test_prompt_generator.PromptGeneratorRegressionTests.test_company_worker_mixin_preserves_role_costumes_and_adds_corporate_layer) (concept='윈터 간호사 회사원')
----------------------------------------------------------------------
Traceback (most recent call last):
  File "/private/var/folders/4x/l_6vrtjj4rsbvgmq7t6tfgsh0000gn/T/photo-color-baseline-tm91dup7/tests/test_prompt_generator.py", line 1999, in test_company_worker_mixin_preserves_role_costumes_and_adds_corporate_layer
    self.assertIn(expected_id, combined[slot], slot)
    ~~~~~~~~~~~~~^^^^^^^^^^^^^^^^^^^^^^^^^^^^^^^^^^^
AssertionError: 'nurse_uniform_costume' not found in ['clinical_nursing_scrub_duty_system'] : costume_style

======================================================================
FAIL: test_company_worker_mixin_preserves_role_costumes_and_adds_corporate_layer (tests.test_prompt_generator.PromptGeneratorRegressionTests.test_company_worker_mixin_preserves_role_costumes_and_adds_corporate_layer) (concept='닝닝 경찰 회사원')
----------------------------------------------------------------------
Traceback (most recent call last):
  File "/private/var/folders/4x/l_6vrtjj4rsbvgmq7t6tfgsh0000gn/T/photo-color-baseline-tm91dup7/tests/test_prompt_generator.py", line 1999, in test_company_worker_mixin_preserves_role_costumes_and_adds_corporate_layer
    self.assertIn(expected_id, combined[slot], slot)
    ~~~~~~~~~~~~~^^^^^^^^^^^^^^^^^^^^^^^^^^^^^^^^^^^
AssertionError: 'police_uniform_costume' not found in ['police_public_safety_duty_uniform'] : costume_style

======================================================================
FAIL: test_concept_recipe_explain_combines_role_and_assassin_mixin (tests.test_prompt_generator.PromptGeneratorRegressionTests.test_concept_recipe_explain_combines_role_and_assassin_mixin)
----------------------------------------------------------------------
Traceback (most recent call last):
  File "/private/var/folders/4x/l_6vrtjj4rsbvgmq7t6tfgsh0000gn/T/photo-color-baseline-tm91dup7/tests/test_prompt_generator.py", line 5743, in test_concept_recipe_explain_combines_role_and_assassin_mixin
    self.assertEqual(concept["combined_forced_slots"]["costume_style"], ["police_uniform_costume"])
    ~~~~~~~~~~~~~~~~^^^^^^^^^^^^^^^^^^^^^^^^^^^^^^^^^^^^^^^^^^^^^^^^^^^^^^^^^^^^^^^^^^^^^^^^^^^^^^^
AssertionError: Lists differ: ['police_public_safety_duty_uniform'] != ['police_uniform_costume']

First differing element 0:
'police_public_safety_duty_uniform'
'police_uniform_costume'

- ['police_public_safety_duty_uniform']
+ ['police_uniform_costume']

======================================================================
FAIL: test_concept_soft_spec_carries_v3_group_guard_and_priority_terms (tests.test_prompt_generator.PromptGeneratorRegressionTests.test_concept_soft_spec_carries_v3_group_guard_and_priority_terms)
----------------------------------------------------------------------
Traceback (most recent call last):
  File "/private/var/folders/4x/l_6vrtjj4rsbvgmq7t6tfgsh0000gn/T/photo-color-baseline-tm91dup7/tests/test_prompt_generator.py", line 2270, in test_concept_soft_spec_carries_v3_group_guard_and_priority_terms
    self.assertIn("police_uniform_costume", role_costume[0]["pool"])
    ~~~~~~~~~~~~~^^^^^^^^^^^^^^^^^^^^^^^^^^^^^^^^^^^^^^^^^^^^^^^^^^^
AssertionError: 'police_uniform_costume' not found in ['police_public_safety_duty_uniform']

======================================================================
FAIL: test_menhera_sensitive_role_prompts_keep_safe_anchors (tests.test_prompt_generator.PromptGeneratorRegressionTests.test_menhera_sensitive_role_prompts_keep_safe_anchors)
----------------------------------------------------------------------
Traceback (most recent call last):
  File "/private/var/folders/4x/l_6vrtjj4rsbvgmq7t6tfgsh0000gn/T/photo-color-baseline-tm91dup7/tests/test_prompt_generator.py", line 4451, in test_menhera_sensitive_role_prompts_keep_safe_anchors
    self.assertEqual(nurse["choices"]["costume_style"]["id"], "nurse_uniform_costume")
    ~~~~~~~~~~~~~~~~^^^^^^^^^^^^^^^^^^^^^^^^^^^^^^^^^^^^^^^^^^^^^^^^^^^^^^^^^^^^^^^^^^
AssertionError: 'clinical_nursing_scrub_duty_system' != 'nurse_uniform_costume'
- clinical_nursing_scrub_duty_system
+ nurse_uniform_costume


======================================================================
FAIL: test_menhera_weak_role_prompts_include_explicit_anxiety_anchors (tests.test_prompt_generator.PromptGeneratorRegressionTests.test_menhera_weak_role_prompts_include_explicit_anxiety_anchors)
----------------------------------------------------------------------
Traceback (most recent call last):
  File "/private/var/folders/4x/l_6vrtjj4rsbvgmq7t6tfgsh0000gn/T/photo-color-baseline-tm91dup7/tests/test_prompt_generator.py", line 4591, in test_menhera_weak_role_prompts_include_explicit_anxiety_anchors
    self.assertEqual(police["choices"]["costume_style"]["id"], "police_uniform_costume")
    ~~~~~~~~~~~~~~~~^^^^^^^^^^^^^^^^^^^^^^^^^^^^^^^^^^^^^^^^^^^^^^^^^^^^^^^^^^^^^^^^^^^^
AssertionError: 'police_public_safety_duty_uniform' != 'police_uniform_costume'
- police_public_safety_duty_uniform
+ police_uniform_costume


======================================================================
FAIL: test_semantic_index_builder_subprocess_uses_project_env_file (tests.test_prompt_generator.PromptGeneratorRegressionTests.test_semantic_index_builder_subprocess_uses_project_env_file)
----------------------------------------------------------------------
Traceback (most recent call last):
  File "/private/var/folders/4x/l_6vrtjj4rsbvgmq7t6tfgsh0000gn/T/photo-color-baseline-tm91dup7/tests/test_prompt_generator.py", line 11922, in test_semantic_index_builder_subprocess_uses_project_env_file
    self.assertEqual(result.returncode, 0, result.stderr)
    ~~~~~~~~~~~~~~~~^^^^^^^^^^^^^^^^^^^^^^^^^^^^^^^^^^^^^
AssertionError: 1 != 0 : Traceback (most recent call last):
  File "/var/folders/4x/l_6vrtjj4rsbvgmq7t6tfgsh0000gn/T/tmpuv63vaer/source/skills/photo-prompt-image-generator/scripts/build_semantic_index.py", line 16, in <module>
    from prompt_generator import (
    ...<14 lines>...
    )
  File "/private/var/folders/4x/l_6vrtjj4rsbvgmq7t6tfgsh0000gn/T/tmpuv63vaer/source/skills/photo-prompt-image-generator/scripts/prompt_generator.py", line 42, in <module>
    import photo_candidate_semantics
ModuleNotFoundError: No module named 'photo_candidate_semantics'


======================================================================
FAIL: test_vampire_weak_role_prompts_include_positive_anchors (tests.test_prompt_generator.PromptGeneratorRegressionTests.test_vampire_weak_role_prompts_include_positive_anchors)
----------------------------------------------------------------------
Traceback (most recent call last):
  File "/private/var/folders/4x/l_6vrtjj4rsbvgmq7t6tfgsh0000gn/T/photo-color-baseline-tm91dup7/tests/test_prompt_generator.py", line 3249, in test_vampire_weak_role_prompts_include_positive_anchors
    self.assertEqual(police["choices"]["costume_style"]["id"], "police_uniform_costume")
    ~~~~~~~~~~~~~~~~^^^^^^^^^^^^^^^^^^^^^^^^^^^^^^^^^^^^^^^^^^^^^^^^^^^^^^^^^^^^^^^^^^^^
AssertionError: 'police_public_safety_duty_uniform' != 'police_uniform_costume'
- police_public_safety_duty_uniform
+ police_uniform_costume


----------------------------------------------------------------------
Ran 8 tests in 12.027s

FAILED (failures=9)
