test_exact_candidate_and_hard_negative_routing_fixture (tests.test_photo_traditional_clothing_semantics.PhotoTraditionalClothingSemanticsTests.test_exact_candidate_and_hard_negative_routing_fixture) ... 
  test_exact_candidate_and_hard_negative_routing_fixture (tests.test_photo_traditional_clothing_semantics.PhotoTraditionalClothingSemanticsTests.test_exact_candidate_and_hard_negative_routing_fixture) (case='exact_kebaya_en') ... FAIL
  test_exact_candidate_and_hard_negative_routing_fixture (tests.test_photo_traditional_clothing_semantics.PhotoTraditionalClothingSemanticsTests.test_exact_candidate_and_hard_negative_routing_fixture) (case='exact_kebaya_ko') ... FAIL
  test_exact_candidate_and_hard_negative_routing_fixture (tests.test_photo_traditional_clothing_semantics.PhotoTraditionalClothingSemanticsTests.test_exact_candidate_and_hard_negative_routing_fixture) (case='exact_nivi_sari_en') ... FAIL
  test_exact_candidate_and_hard_negative_routing_fixture (tests.test_photo_traditional_clothing_semantics.PhotoTraditionalClothingSemanticsTests.test_exact_candidate_and_hard_negative_routing_fixture) (case='candidate_nivi_components') ... FAIL

======================================================================
FAIL: test_exact_candidate_and_hard_negative_routing_fixture (tests.test_photo_traditional_clothing_semantics.PhotoTraditionalClothingSemanticsTests.test_exact_candidate_and_hard_negative_routing_fixture) (case='exact_kebaya_en')
----------------------------------------------------------------------
Traceback (most recent call last):
  File "/private/var/folders/4x/l_6vrtjj4rsbvgmq7t6tfgsh0000gn/T/photo-color-baseline-tm91dup7/tests/test_photo_traditional_clothing_semantics.py", line 274, in test_exact_candidate_and_hard_negative_routing_fixture
    self.assertEqual(
    ~~~~~~~~~~~~~~~~^
        sorted(optional_matches),
        ^^^^^^^^^^^^^^^^^^^^^^^^^
        sorted(case["expected_candidate_profile_ids"]),
        ^^^^^^^^^^^^^^^^^^^^^^^^^^^^^^^^^^^^^^^^^^^^^^^
    )
    ^
AssertionError: Lists differ: ['sw_wrapcover'] != []

First list contains 1 additional elements.
First extra element 0:
'sw_wrapcover'

- ['sw_wrapcover']
+ []

======================================================================
FAIL: test_exact_candidate_and_hard_negative_routing_fixture (tests.test_photo_traditional_clothing_semantics.PhotoTraditionalClothingSemanticsTests.test_exact_candidate_and_hard_negative_routing_fixture) (case='exact_kebaya_ko')
----------------------------------------------------------------------
Traceback (most recent call last):
  File "/private/var/folders/4x/l_6vrtjj4rsbvgmq7t6tfgsh0000gn/T/photo-color-baseline-tm91dup7/tests/test_photo_traditional_clothing_semantics.py", line 274, in test_exact_candidate_and_hard_negative_routing_fixture
    self.assertEqual(
    ~~~~~~~~~~~~~~~~^
        sorted(optional_matches),
        ^^^^^^^^^^^^^^^^^^^^^^^^^
        sorted(case["expected_candidate_profile_ids"]),
        ^^^^^^^^^^^^^^^^^^^^^^^^^^^^^^^^^^^^^^^^^^^^^^^
    )
    ^
AssertionError: Lists differ: ['sw_wrapcover'] != []

First list contains 1 additional elements.
First extra element 0:
'sw_wrapcover'

- ['sw_wrapcover']
+ []

======================================================================
FAIL: test_exact_candidate_and_hard_negative_routing_fixture (tests.test_photo_traditional_clothing_semantics.PhotoTraditionalClothingSemanticsTests.test_exact_candidate_and_hard_negative_routing_fixture) (case='exact_nivi_sari_en')
----------------------------------------------------------------------
Traceback (most recent call last):
  File "/private/var/folders/4x/l_6vrtjj4rsbvgmq7t6tfgsh0000gn/T/photo-color-baseline-tm91dup7/tests/test_photo_traditional_clothing_semantics.py", line 274, in test_exact_candidate_and_hard_negative_routing_fixture
    self.assertEqual(
    ~~~~~~~~~~~~~~~~^
        sorted(optional_matches),
        ^^^^^^^^^^^^^^^^^^^^^^^^^
        sorted(case["expected_candidate_profile_ids"]),
        ^^^^^^^^^^^^^^^^^^^^^^^^^^^^^^^^^^^^^^^^^^^^^^^
    )
    ^
AssertionError: Lists differ: ['sw_pleats'] != []

First list contains 1 additional elements.
First extra element 0:
'sw_pleats'

- ['sw_pleats']
+ []

======================================================================
FAIL: test_exact_candidate_and_hard_negative_routing_fixture (tests.test_photo_traditional_clothing_semantics.PhotoTraditionalClothingSemanticsTests.test_exact_candidate_and_hard_negative_routing_fixture) (case='candidate_nivi_components')
----------------------------------------------------------------------
Traceback (most recent call last):
  File "/private/var/folders/4x/l_6vrtjj4rsbvgmq7t6tfgsh0000gn/T/photo-color-baseline-tm91dup7/tests/test_photo_traditional_clothing_semantics.py", line 274, in test_exact_candidate_and_hard_negative_routing_fixture
    self.assertEqual(
    ~~~~~~~~~~~~~~~~^
        sorted(optional_matches),
        ^^^^^^^^^^^^^^^^^^^^^^^^^
        sorted(case["expected_candidate_profile_ids"]),
        ^^^^^^^^^^^^^^^^^^^^^^^^^^^^^^^^^^^^^^^^^^^^^^^
    )
    ^
AssertionError: Lists differ: ['nivi_sari_continuous_pleat_pallu_system', 'sw_pleats'] != ['nivi_sari_continuous_pleat_pallu_system']

First list contains 1 additional elements.
First extra element 1:
'sw_pleats'

- ['nivi_sari_continuous_pleat_pallu_system', 'sw_pleats']
?                                           -------------

+ ['nivi_sari_continuous_pleat_pallu_system']

----------------------------------------------------------------------
Ran 1 test in 158.108s

FAILED (failures=4)
