1/76 test_anchor_expansion: exit 0
2/76 test_creativity: exit 0
3/76 test_beastkin_improvements: exit 1
4/76 test_makeup_layer_dictionary: exit 0
5/76 test_photo_bm25f_retrieval: exit 0
6/76 test_golden_snapshots: exit 1
7/76 test_photo_authorial_core_v6: exit 0
8/76 test_photo_boundary_transition_visual_semantics: exit 0
9/76 test_photo_capture_elements_visual_semantics: exit 0
10/76 test_photo_color_relations: exit 0
11/76 test_photo_composer_view: exit 0
12/76 test_photo_concept_candidate_expansion: exit 0
13/76 test_photo_affect_visual_semantics: exit 0
14/76 test_photo_data_semantic_corrections: exit 0
15/76 test_photo_desire_visual_semantics: exit 0
16/76 test_photo_adult_appeal_visual_semantics: exit 0
17/76 test_photo_body_aesthetic_semantics: exit 0
18/76 test_photo_embodiment: exit 0
19/76 test_photo_era_visual_semantics: exit 0
20/76 test_photo_emotional_place_visual_semantics: exit 0
21/76 test_photo_authorial_core_v5: exit 0
22/76 test_photo_harem_visual_semantics: exit 0
23/76 test_photo_historical_womenswear_semantics: exit 0
24/76 test_photo_death_afterlife_semantics: exit 0
25/76 test_photo_imaginal_visual_semantics: exit 0
26/76 test_photo_hair_visual_semantics: exit 0
27/76 test_photo_body_shape_semantics: exit 0
28/76 test_photo_legend_visual_semantics: exit 0
29/76 test_photo_korean_emotional_visual_semantics: exit 0
30/76 test_photo_lighting_visual_semantics: exit 0
31/76 test_photo_face_shape_semantics: exit 0
32/76 test_photo_makeup_reference_balance: exit 0
33/76 test_photo_humanlike_semantics: exit 0
34/76 test_photo_instrument_semantics: exit 0
35/76 test_photo_opening_era_semantics: exit 0
36/76 test_photo_luxury_semantics: exit 0
37/76 test_photo_fantasy_visual_semantics: exit 0
38/76 test_photo_positive_retrieval: exit 0
39/76 test_photo_palace_fortification_semantics: exit 0
40/76 test_photo_poverty_visual_semantics: exit 0
41/76 test_photo_prepack_isolation_v5: exit 0
42/76 test_photo_pose_visual_semantics: exit 0
43/76 test_photo_punk_aesthetic_semantics: exit 0
44/76 test_photo_makeup_visual_semantics: exit 0
45/76 test_photo_render_repair: exit 0
46/76 test_photo_role_garment_candidate_expansion: exit 0
47/76 test_photo_run_manifest: exit 0
48/76 test_photo_reactorprompt_visual_relations: exit 0
49/76 test_photo_natural_environment_semantics: exit 0
50/76 test_photo_mythology_visual_semantics: exit 0
51/76 test_photo_rare_photo_visual_semantics: exit 0
52/76 test_photo_suggestive_editorial_visual_semantics: exit 1
53/76 test_photo_swimwear_semantics: exit 0
54/76 test_photo_traditional_clothing_semantics: exit 1
55/76 test_photo_space_visual_semantics: exit 0
56/76 test_photo_visual_profile_retrieval: exit 0
57/76 test_photo_weapon_visual_semantics: exit 0
58/76 test_photo_womens_professional_uniform_visual_semantics: exit 0
59/76 test_photo_womens_casualwear_visual_semantics: exit 0
60/76 test_photo_womens_activewear_visual_semantics: exit 0
61/76 test_prompt_expansion_routes: exit 0
62/76 test_photo_womens_summer_trend_visual_semantics: exit 0
63/76 test_review_gates: exit 0
64/76 test_photo_violence_crime_visual_semantics: exit 0
65/76 test_soft_anchor_pools: exit 0
66/76 test_slot_conflicts: exit 0
67/76 test_subculture_illustration_contract_v1: exit 1
68/76 test_subculture_illustration_photo_boundary: exit 1
69/76 test_subculture_illustration_moe_elements: exit 0
70/76 test_universal_scene_directional_substitution: exit 0
71/76 unittest.loader: exit 1
72/76 test_photo_wuxia_visual_semantics: exit 0
73/76 test_subculture_illustration_universal_scene_v3: exit 1
74/76 test_prompt_generator: exit 1
75/76 test_photo_prompt_contract_v2: exit 1
76/76 test_photo_visual_obligations: exit 1
