test_all_semantic_inputs_exclude_control_and_process_metadata (tests.test_prompt_generator.PromptGeneratorRegressionTests.test_all_semantic_inputs_exclude_control_and_process_metadata) ... FAIL

======================================================================
FAIL: test_all_semantic_inputs_exclude_control_and_process_metadata (tests.test_prompt_generator.PromptGeneratorRegressionTests.test_all_semantic_inputs_exclude_control_and_process_metadata)
----------------------------------------------------------------------
Traceback (most recent call last):
  File "/Users/chasoik/Projects/image-prompt/tests/test_prompt_generator.py", line 11528, in test_all_semantic_inputs_exclude_control_and_process_metadata
    self.assertEqual(failures, [])
    ~~~~~~~~~~~~~~~~^^^^^^^^^^^^^^
AssertionError: Lists differ: [('slot:lighting:controlled_gemstone_specu[264 chars]ig')] != []

First list contains 1 additional elements.
First extra element 0:
('slot:lighting:controlled_gemstone_specular_lighting', 'facet ', 'Photographic lighting concept: small controlled highlights reveal gemstone facet geometry while dark reflection cards preserve prongs bezel rims pavé beads and metal gallery; blown sparkle must not erase the mounting. It should retrieve lig')

+ []
- [('slot:lighting:controlled_gemstone_specular_lighting',
-   'facet ',
-   'Photographic lighting concept: small controlled highlights reveal gemstone '
-   'facet geometry while dark reflection cards preserve prongs bezel rims pavé '
-   'beads and metal gallery; blown sparkle must not erase the mounting. It '
-   'should retrieve lig')]

----------------------------------------------------------------------
Ran 1 test in 1.818s

FAILED (failures=1)
