{
  "existing_profiles_enriched": 24,
  "existing_profile_paraphrases_added": 96,
  "existing_candidates_enriched": 34,
  "existing_candidate_paraphrases_added": 112,
  "new_profiles": 13,
  "new_candidates": 13,
  "new_descriptive_paraphrases": 27,
  "new_component_alternative_expressions": 78,
  "activation_and_obligations_of_existing_profiles_preserved": true,
  "changed_profile_files": [
    "photo_prompt_visual_obligations.json",
    "photo_prompt_visual_obligations_ethereal_gothic_scene.json",
    "photo_prompt_visual_obligations_horror.json",
    "photo_prompt_visual_obligations_model_editorial.json",
    "photo_prompt_visual_obligations_portrait_fashion_exposure.json",
    "photo_prompt_visual_obligations_pose_vocabulary.json",
    "photo_prompt_visual_obligations_reactorprompt.json",
    "photo_prompt_visual_obligations_realistic_background.json",
    "photo_prompt_visual_obligations_swimwear.json",
    "photo_prompt_visual_obligations_visual_grammar.json",
    "photo_prompt_visual_obligations_y2k.json"
  ],
  "new_files": [
    "photo_prompt_vel_appearance_relations_extension.json",
    "photo_prompt_visual_obligations_vel_appearance_relations.json"
  ]
}
