{"completed": 1, "total_modules": 224, "module": "test_photo_contextual_appeal", "exit_code": 0, "cases": 30}
{"completed": 2, "total_modules": 224, "module": "test_subculture_illustration_moe_elements", "exit_code": 0, "cases": 38}
{"completed": 3, "total_modules": 224, "module": "test_subculture_illustration_contract_v1", "exit_code": 1, "cases": 34}
{"completed": 4, "total_modules": 224, "module": "test_photo_data_maintenance", "exit_code": 0, "cases": 32}
{"completed": 5, "total_modules": 224, "module": "test_photo_visual_profile_shards", "exit_code": 0, "cases": 22}
{"completed": 6, "total_modules": 224, "module": "test_photo_data_semantic_corrections", "exit_code": 0, "cases": 21}
{"completed": 7, "total_modules": 224, "module": "test_photo_camera_evidence_structure", "exit_code": 0, "cases": 23}
{"completed": 8, "total_modules": 224, "module": "test_photo_ct073_boundary_history", "exit_code": 1, "cases": 0}
{"completed": 9, "total_modules": 224, "module": "test_photo_image_attempt_evidence", "exit_code": 0, "cases": 21}
{"completed": 10, "total_modules": 224, "module": "test_photo_architecture_zero_delta_boundary", "exit_code": 0, "cases": 19}
{"completed": 11, "total_modules": 224, "module": "test_photo_embodiment", "exit_code": 0, "cases": 20}
{"completed": 12, "total_modules": 224, "module": "test_photo_initial_creative_controls", "exit_code": 0, "cases": 26}
{"completed": 13, "total_modules": 224, "module": "test_photo_camera_owned_clauses", "exit_code": 0, "cases": 18}
{"completed": 14, "total_modules": 224, "module": "test_photo_glass_inventory_boundary_history", "exit_code": 0, "cases": 17}
{"completed": 15, "total_modules": 224, "module": "test_photo_seduction_expression_integration", "exit_code": 0, "cases": 17}
{"completed": 16, "total_modules": 224, "module": "test_photo_cute_inventory_boundary_history", "exit_code": 0, "cases": 16}
{"completed": 17, "total_modules": 224, "module": "test_photo_precore_feature_selection", "exit_code": 0, "cases": 16}
{"completed": 18, "total_modules": 224, "module": "test_photo_authorial_core_v6", "exit_code": 0, "cases": 18}
{"completed": 19, "total_modules": 224, "module": "test_photo_slot_data_cleanup", "exit_code": 0, "cases": 16}
{"completed": 20, "total_modules": 224, "module": "test_photo_scene_data_cleanup", "exit_code": 0, "cases": 16}
{"completed": 21, "total_modules": 224, "module": "test_universal_scene_directional_substitution", "exit_code": 0, "cases": 15}
{"completed": 22, "total_modules": 224, "module": "test_photo_retrieval_runtime_improvement", "exit_code": 0, "cases": 17}
{"completed": 23, "total_modules": 224, "module": "test_photo_appearance_boundary_history", "exit_code": 1, "cases": 7}
{"completed": 24, "total_modules": 224, "module": "test_photo_editing_effects_semantics", "exit_code": 0, "cases": 14}
{"completed": 25, "total_modules": 224, "module": "test_photo_adult_appeal_scope", "exit_code": 0, "cases": 14}
{"completed": 26, "total_modules": 224, "module": "test_photo_api_render_preflight", "exit_code": 0, "cases": 14}
{"completed": 27, "total_modules": 224, "module": "test_photo_b5_guidance_boundary_history", "exit_code": 0, "cases": 13}
{"completed": 28, "total_modules": 224, "module": "test_photo_candidate_semantics", "exit_code": 0, "cases": 13}
{"completed": 29, "total_modules": 224, "module": "test_photo_cf40_source_boundary_history", "exit_code": 0, "cases": 13}
{"completed": 30, "total_modules": 224, "module": "test_photo_ct073_back_band_data", "exit_code": 1, "cases": 0}
{"completed": 31, "total_modules": 224, "module": "test_subculture_illustration_universal_scene_v3", "exit_code": 1, "cases": 43}
{"completed": 32, "total_modules": 224, "module": "test_photo_character_appearance_100", "exit_code": 1, "cases": 13}
{"completed": 33, "total_modules": 224, "module": "test_photo_harem_visual_semantics", "exit_code": 0, "cases": 13}
{"completed": 34, "total_modules": 224, "module": "test_photo_religion_iconography_alternatives", "exit_code": 0, "cases": 14}
{"completed": 35, "total_modules": 224, "module": "test_photo_poverty_visual_semantics", "exit_code": 0, "cases": 13}
{"completed": 36, "total_modules": 224, "module": "test_photo_lobe_boundary_history", "exit_code": 0, "cases": 13}
{"completed": 37, "total_modules": 224, "module": "test_photo_runtime_freshness", "exit_code": 0, "cases": 25}
{"completed": 38, "total_modules": 224, "module": "test_photo_visual_obligations", "exit_code": 0, "cases": 27}
{"completed": 39, "total_modules": 224, "module": "test_photo_visual_storage_boundary_history", "exit_code": 0, "cases": 13}
{"completed": 40, "total_modules": 224, "module": "test_photo_acting_expression_data", "exit_code": 0, "cases": 12}
{"completed": 41, "total_modules": 224, "module": "test_photo_meaning_diagnostics", "exit_code": 0, "cases": 12}
{"completed": 42, "total_modules": 224, "module": "test_photo_ethereal_gothic_scene", "exit_code": 1, "cases": 12}
{"completed": 43, "total_modules": 224, "module": "test_photo_muted_color_boundary_history", "exit_code": 1, "cases": 0}
{"completed": 44, "total_modules": 224, "module": "test_photo_ornament_structure", "exit_code": 0, "cases": 12}
{"completed": 45, "total_modules": 224, "module": "test_photo_portrait_fashion_exposure", "exit_code": 1, "cases": 12}
{"completed": 46, "total_modules": 224, "module": "test_photo_control_span_ownership", "exit_code": 0, "cases": 12}
{"completed": 47, "total_modules": 224, "module": "test_photo_authorship_policy", "exit_code": 0, "cases": 12}
{"completed": 48, "total_modules": 224, "module": "test_photo_visual_profile_retrieval", "exit_code": 0, "cases": 13}
{"completed": 49, "total_modules": 224, "module": "test_photo_v24_historical_fixture", "exit_code": 0, "cases": 12}
{"completed": 50, "total_modules": 224, "module": "test_photo_y2k_visual_semantics", "exit_code": 0, "cases": 12}
{"completed": 51, "total_modules": 224, "module": "test_photo_character_response_concepts", "exit_code": 0, "cases": 11}
{"completed": 52, "total_modules": 224, "module": "test_photo_liminal_active_use_korean_data_cleanup", "exit_code": 0, "cases": 11}
{"completed": 53, "total_modules": 224, "module": "test_photo_uniform_costume_paraphrases", "exit_code": 0, "cases": 13}
{"completed": 54, "total_modules": 224, "module": "test_photo_structure_maintenance", "exit_code": 1, "cases": 11}
{"completed": 55, "total_modules": 224, "module": "test_photo_korean_emotional_visual_semantics", "exit_code": 0, "cases": 11}
{"completed": 56, "total_modules": 224, "module": "test_photo_fire_relations", "exit_code": 0, "cases": 10}
{"completed": 57, "total_modules": 224, "module": "test_photo_neutral_expression_alternatives", "exit_code": 0, "cases": 12}
{"completed": 58, "total_modules": 224, "module": "test_photo_horror_visual_semantics", "exit_code": 0, "cases": 10}
{"completed": 59, "total_modules": 224, "module": "test_photo_palette_applications", "exit_code": 0, "cases": 10}
{"completed": 60, "total_modules": 224, "module": "test_photo_photorealism_owner_data_cleanup", "exit_code": 0, "cases": 10}
{"completed": 61, "total_modules": 224, "module": "test_photo_portrait_composition_semantics", "exit_code": 0, "cases": 10}
{"completed": 62, "total_modules": 224, "module": "test_photo_lighting_visual_semantics", "exit_code": 0, "cases": 10}
{"completed": 63, "total_modules": 224, "module": "test_photo_structure_boundary_history", "exit_code": 0, "cases": 11}
{"completed": 64, "total_modules": 224, "module": "test_photo_realistic_background_semantics", "exit_code": 0, "cases": 10}
{"completed": 65, "total_modules": 224, "module": "test_photo_scene_budget_boundary_history", "exit_code": 1, "cases": 0}
{"completed": 66, "total_modules": 224, "module": "test_photo_shelf_return_korean_state_data_cleanup", "exit_code": 1, "cases": 10}
{"completed": 67, "total_modules": 224, "module": "test_photo_suggestive_editorial_visual_semantics", "exit_code": 0, "cases": 11}
{"completed": 68, "total_modules": 224, "module": "test_photo_tactile_reality_semantics", "exit_code": 0, "cases": 10}
{"completed": 69, "total_modules": 224, "module": "test_photo_render_repair", "exit_code": 0, "cases": 10}
{"completed": 70, "total_modules": 224, "module": "test_photo_visual_grammar_integration", "exit_code": 0, "cases": 10}
{"completed": 71, "total_modules": 224, "module": "test_photo_action_context_effects_cleanup", "exit_code": 0, "cases": 9}
{"completed": 72, "total_modules": 224, "module": "test_photo_bm25f_retrieval", "exit_code": 0, "cases": 9}
{"completed": 73, "total_modules": 224, "module": "test_photo_face_shape_semantics", "exit_code": 0, "cases": 11}
{"completed": 74, "total_modules": 224, "module": "test_photo_body_morphology_semantics", "exit_code": 0, "cases": 9}
{"completed": 75, "total_modules": 224, "module": "test_photo_boundary_transition_visual_semantics", "exit_code": 0, "cases": 9}
{"completed": 76, "total_modules": 224, "module": "test_photo_womens_summer_trend_visual_semantics", "exit_code": 0, "cases": 10}
{"completed": 77, "total_modules": 224, "module": "test_photo_composer_view", "exit_code": 0, "cases": 9}
{"completed": 78, "total_modules": 224, "module": "test_photo_current_boundary", "exit_code": 0, "cases": 9}
{"completed": 79, "total_modules": 224, "module": "test_photo_desire_visual_semantics", "exit_code": 0, "cases": 9}
{"completed": 80, "total_modules": 224, "module": "test_photo_slang_visual_alternatives", "exit_code": 0, "cases": 10}
{"completed": 81, "total_modules": 224, "module": "test_photo_emotional_place_visual_semantics", "exit_code": 0, "cases": 9}
{"completed": 82, "total_modules": 224, "module": "test_photo_camera_clause_polarity", "exit_code": 0, "cases": 9}
{"completed": 83, "total_modules": 224, "module": "test_photo_harry_appearance_semantics", "exit_code": 0, "cases": 9}
{"completed": 84, "total_modules": 224, "module": "test_photo_horror_main_boundary_history", "exit_code": 1, "cases": 0}
{"completed": 85, "total_modules": 224, "module": "test_photo_imaginal_visual_semantics", "exit_code": 0, "cases": 9}
{"completed": 86, "total_modules": 224, "module": "test_photo_space_visual_semantics", "exit_code": 0, "cases": 11}
{"completed": 87, "total_modules": 224, "module": "test_photo_lighting_color_owner_data_cleanup", "exit_code": 0, "cases": 9}
{"completed": 88, "total_modules": 224, "module": "test_photo_legend_visual_semantics", "exit_code": 0, "cases": 9}
{"completed": 89, "total_modules": 224, "module": "test_photo_motion_artifact_owner_data_cleanup", "exit_code": 0, "cases": 9}
{"completed": 90, "total_modules": 224, "module": "test_photo_narrative_unit_data_cleanup", "exit_code": 0, "cases": 9}
{"completed": 91, "total_modules": 224, "module": "test_photo_next_slot_data_cleanup", "exit_code": 0, "cases": 9}
{"completed": 92, "total_modules": 224, "module": "test_photo_model_editorial_semantics", "exit_code": 0, "cases": 9}
{"completed": 93, "total_modules": 224, "module": "test_photo_research_integration", "exit_code": 0, "cases": 9}
{"completed": 94, "total_modules": 224, "module": "test_photo_reef_explicit_unit_data_cleanup", "exit_code": 0, "cases": 9}
{"completed": 95, "total_modules": 224, "module": "test_photo_swimwear_semantics", "exit_code": 0, "cases": 9}
{"completed": 96, "total_modules": 224, "module": "test_photo_hair_visual_semantics", "exit_code": 0, "cases": 9}
{"completed": 97, "total_modules": 224, "module": "test_photo_violence_crime_visual_semantics", "exit_code": 0, "cases": 10}
{"completed": 98, "total_modules": 224, "module": "test_photo_body_shape_semantics", "exit_code": 0, "cases": 9}
{"completed": 99, "total_modules": 224, "module": "test_photo_womens_activewear_visual_semantics", "exit_code": 0, "cases": 9}
{"completed": 100, "total_modules": 224, "module": "test_photo_capture_elements_visual_semantics", "exit_code": 0, "cases": 8}
{"completed": 101, "total_modules": 224, "module": "test_photo_capture_owner_data_cleanup", "exit_code": 0, "cases": 8}
{"completed": 102, "total_modules": 224, "module": "test_photo_bound_context_surfaces", "exit_code": 0, "cases": 8}
{"completed": 103, "total_modules": 224, "module": "test_photo_color_relations", "exit_code": 0, "cases": 8}
{"completed": 104, "total_modules": 224, "module": "test_photo_era_visual_semantics", "exit_code": 0, "cases": 8}
{"completed": 105, "total_modules": 224, "module": "test_photo_krummholz_korean_alias_data_cleanup", "exit_code": 1, "cases": 8}
{"completed": 106, "total_modules": 224, "module": "test_photo_material_data_cleanup", "exit_code": 0, "cases": 8}
{"completed": 107, "total_modules": 224, "module": "test_photo_wuxia_visual_semantics", "exit_code": 0, "cases": 9}
{"completed": 108, "total_modules": 224, "module": "test_photo_fantasy_visual_semantics", "exit_code": 0, "cases": 9}
{"completed": 109, "total_modules": 224, "module": "test_photo_occupation_korean_label_data_cleanup", "exit_code": 0, "cases": 8}
{"completed": 110, "total_modules": 224, "module": "test_photo_adult_appeal_visual_semantics", "exit_code": 0, "cases": 8}
{"completed": 111, "total_modules": 224, "module": "test_photo_ornament_boundary_history", "exit_code": 0, "cases": 8}
{"completed": 112, "total_modules": 224, "module": "test_photo_protostar_korean_alias_data_cleanup", "exit_code": 1, "cases": 8}
{"completed": 113, "total_modules": 224, "module": "test_photo_body_aesthetic_semantics", "exit_code": 0, "cases": 8}
{"completed": 114, "total_modules": 224, "module": "test_photo_retry_context", "exit_code": 0, "cases": 8}
{"completed": 115, "total_modules": 224, "module": "test_photo_semantic_index", "exit_code": 0, "cases": 8}
{"completed": 116, "total_modules": 224, "module": "test_photo_traditional_clothing_semantics", "exit_code": 0, "cases": 8}
{"completed": 117, "total_modules": 224, "module": "test_photo_pose_vocabulary_semantics", "exit_code": 0, "cases": 8}
{"completed": 118, "total_modules": 224, "module": "test_photo_v22_historical_fixture", "exit_code": 0, "cases": 8}
{"completed": 119, "total_modules": 224, "module": "test_photo_makeup_visual_semantics", "exit_code": 0, "cases": 8}
{"completed": 120, "total_modules": 224, "module": "test_photo_mythology_visual_semantics", "exit_code": 0, "cases": 8}
{"completed": 121, "total_modules": 224, "module": "test_photo_rare_photo_visual_semantics", "exit_code": 0, "cases": 8}
{"completed": 122, "total_modules": 224, "module": "test_photo_natural_environment_semantics", "exit_code": 0, "cases": 8}
{"completed": 123, "total_modules": 224, "module": "test_photo_womens_casualwear_visual_semantics", "exit_code": 0, "cases": 8}
{"completed": 124, "total_modules": 224, "module": "test_photo_vel_alternative_expressions", "exit_code": 0, "cases": 8}
{"completed": 125, "total_modules": 224, "module": "test_photo_weapon_visual_semantics", "exit_code": 0, "cases": 8}
{"completed": 126, "total_modules": 224, "module": "test_photo_clothing_terminology_semantics", "exit_code": 0, "cases": 7}
{"completed": 127, "total_modules": 224, "module": "test_photo_affect_visual_semantics", "exit_code": 0, "cases": 7}
{"completed": 128, "total_modules": 224, "module": "test_photo_ethereal_v35_boundary_history", "exit_code": 0, "cases": 7}
{"completed": 129, "total_modules": 224, "module": "test_photo_historical_womenswear_semantics", "exit_code": 0, "cases": 7}
{"completed": 130, "total_modules": 224, "module": "test_photo_costume_cosplay_semantics", "exit_code": 0, "cases": 7}
{"completed": 131, "total_modules": 224, "module": "test_photo_jurisdiction_record_unit_data_cleanup", "exit_code": 0, "cases": 7}
{"completed": 132, "total_modules": 224, "module": "test_photo_latest_metadata_boundary_history", "exit_code": 0, "cases": 7}
{"completed": 133, "total_modules": 224, "module": "test_photo_makeup_reference_balance", "exit_code": 0, "cases": 7}
{"completed": 134, "total_modules": 224, "module": "test_photo_nape_metadata_boundary_history", "exit_code": 0, "cases": 7}
{"completed": 135, "total_modules": 224, "module": "test_photo_character_render_review", "exit_code": 0, "cases": 7}
{"completed": 136, "total_modules": 224, "module": "test_photo_texture_data_cleanup", "exit_code": 0, "cases": 7}
{"completed": 137, "total_modules": 224, "module": "test_photo_uniform_metadata_boundary_history", "exit_code": 0, "cases": 7}
{"completed": 138, "total_modules": 224, "module": "test_photo_vocaloid_metadata_boundary_history", "exit_code": 0, "cases": 7}
{"completed": 139, "total_modules": 224, "module": "test_photo_water_main_boundary_history", "exit_code": 1, "cases": 0}
{"completed": 140, "total_modules": 224, "module": "test_photo_water_relations", "exit_code": 0, "cases": 7}
{"completed": 141, "total_modules": 224, "module": "test_photo_current_boundary_snapshot", "exit_code": 0, "cases": 6}
{"completed": 142, "total_modules": 224, "module": "test_photo_reactorprompt_visual_relations", "exit_code": 0, "cases": 7}
{"completed": 143, "total_modules": 224, "module": "test_photo_loading", "exit_code": 0, "cases": 6}
{"completed": 144, "total_modules": 224, "module": "test_photo_cute_visual_forms", "exit_code": 1, "cases": 7}
{"completed": 145, "total_modules": 224, "module": "test_photo_motion_graphics_semantics", "exit_code": 0, "cases": 6}
{"completed": 146, "total_modules": 224, "module": "test_photo_motion_inventory_boundary_history", "exit_code": 0, "cases": 6}
{"completed": 147, "total_modules": 224, "module": "test_photo_instrument_semantics", "exit_code": 0, "cases": 7}
{"completed": 148, "total_modules": 224, "module": "test_photo_death_afterlife_semantics", "exit_code": 0, "cases": 6}
{"completed": 149, "total_modules": 224, "module": "test_photo_opening_era_semantics", "exit_code": 0, "cases": 6}
{"completed": 150, "total_modules": 224, "module": "test_photo_palace_fortification_semantics", "exit_code": 0, "cases": 6}
{"completed": 151, "total_modules": 224, "module": "test_photo_luxury_semantics", "exit_code": 0, "cases": 6}
{"completed": 152, "total_modules": 224, "module": "test_photo_runtime_boundary_history", "exit_code": 1, "cases": 0}
{"completed": 153, "total_modules": 224, "module": "test_photo_subculture_appearance_alternatives", "exit_code": 0, "cases": 6}
{"completed": 154, "total_modules": 224, "module": "test_photo_textile_opacity_effect_scope", "exit_code": 0, "cases": 6}
{"completed": 155, "total_modules": 224, "module": "test_photo_prepack_isolation", "exit_code": 0, "cases": 6}
{"completed": 156, "total_modules": 224, "module": "test_photo_womens_professional_uniform_visual_semantics", "exit_code": 0, "cases": 6}
{"completed": 157, "total_modules": 224, "module": "test_photo_vocaloid_appearance_paraphrases", "exit_code": 0, "cases": 6}
{"completed": 158, "total_modules": 224, "module": "test_photo_workflow_state", "exit_code": 0, "cases": 6}
{"completed": 159, "total_modules": 224, "module": "test_photo_lighting_composition_boundary_data", "exit_code": 0, "cases": 5}
{"completed": 160, "total_modules": 224, "module": "test_photo_portcullis_korean_state", "exit_code": 0, "cases": 6}
{"completed": 161, "total_modules": 224, "module": "test_photo_nape_effect_scope", "exit_code": 0, "cases": 5}
{"completed": 162, "total_modules": 224, "module": "test_photo_positive_retrieval", "exit_code": 0, "cases": 5}
{"completed": 163, "total_modules": 224, "module": "test_photo_core_retrieval", "exit_code": 0, "cases": 5}
{"completed": 164, "total_modules": 224, "module": "test_photo_seduction_source_boundary_history", "exit_code": 0, "cases": 5}
{"completed": 165, "total_modules": 224, "module": "test_photo_semantic_guidance_data", "exit_code": 0, "cases": 5}
{"completed": 166, "total_modules": 224, "module": "test_photo_acetate_distortion_alternative", "exit_code": 0, "cases": 4}
{"completed": 167, "total_modules": 224, "module": "test_photo_authorial_core", "exit_code": 0, "cases": 7}
{"completed": 168, "total_modules": 224, "module": "test_photo_capture_boundary_data", "exit_code": 0, "cases": 4}
{"completed": 169, "total_modules": 224, "module": "test_photo_capture_physics_alternatives", "exit_code": 0, "cases": 4}
{"completed": 170, "total_modules": 224, "module": "test_photo_convoy_route_alternative", "exit_code": 0, "cases": 4}
{"completed": 171, "total_modules": 224, "module": "test_photo_data_cleanup_public_surfaces", "exit_code": 0, "cases": 4}
{"completed": 172, "total_modules": 224, "module": "test_photo_data_quality_scopes", "exit_code": 0, "cases": 4}
{"completed": 173, "total_modules": 224, "module": "test_photo_authorial_direction_scope", "exit_code": 0, "cases": 4}
{"completed": 174, "total_modules": 224, "module": "test_photo_lattice_shadow_alternative", "exit_code": 0, "cases": 4}
{"completed": 175, "total_modules": 224, "module": "test_photo_liminal_maintained_alternative", "exit_code": 0, "cases": 4}
{"completed": 176, "total_modules": 224, "module": "test_photo_nonhuman_source_alternatives", "exit_code": 0, "cases": 4}
{"completed": 177, "total_modules": 224, "module": "test_photo_oneiric_anchor_alternative", "exit_code": 0, "cases": 4}
{"completed": 178, "total_modules": 224, "module": "test_photo_everyday_scene_semantics", "exit_code": 0, "cases": 4}
{"completed": 179, "total_modules": 224, "module": "test_photo_punk_aesthetic_semantics", "exit_code": 0, "cases": 4}
{"completed": 180, "total_modules": 224, "module": "test_photo_remaining_boundary_data", "exit_code": 0, "cases": 4}
{"completed": 181, "total_modules": 224, "module": "test_photo_robe_back_source_consistency", "exit_code": 0, "cases": 4}
{"completed": 182, "total_modules": 224, "module": "test_photo_run_manifest", "exit_code": 0, "cases": 4}
{"completed": 183, "total_modules": 224, "module": "test_photo_single_allocator_recovery", "exit_code": 0, "cases": 4}
{"completed": 184, "total_modules": 224, "module": "test_photo_slide_thickness_alternative", "exit_code": 0, "cases": 4}
{"completed": 185, "total_modules": 224, "module": "test_photo_slot_query_fusion", "exit_code": 0, "cases": 4}
{"completed": 186, "total_modules": 224, "module": "test_photo_photorealism_elements_semantics", "exit_code": 0, "cases": 4}
{"completed": 187, "total_modules": 224, "module": "test_photo_v19_historical_fixture", "exit_code": 0, "cases": 4}
{"completed": 188, "total_modules": 224, "module": "test_photo_v20_historical_fixture", "exit_code": 0, "cases": 4}
{"completed": 189, "total_modules": 224, "module": "test_photo_workflow_precore", "exit_code": 0, "cases": 4}
{"completed": 190, "total_modules": 224, "module": "test_photo_workflow_transport_bindings", "exit_code": 0, "cases": 4}
{"completed": 191, "total_modules": 224, "module": "test_makeup_layer_dictionary", "exit_code": 0, "cases": 3}
{"completed": 192, "total_modules": 224, "module": "test_photo_aurora_anchor_alternative", "exit_code": 0, "cases": 3}
{"completed": 193, "total_modules": 224, "module": "test_photo_concept_candidate_expansion", "exit_code": 0, "cases": 3}
{"completed": 194, "total_modules": 224, "module": "test_photo_control_assignment_punctuation", "exit_code": 0, "cases": 3}
{"completed": 195, "total_modules": 224, "module": "test_photo_v21_historical_fixture", "exit_code": 0, "cases": 4}
{"completed": 196, "total_modules": 224, "module": "test_photo_dress_positive_paraphrase", "exit_code": 0, "cases": 3}
{"completed": 197, "total_modules": 224, "module": "test_photo_environment_alternative_consistency", "exit_code": 0, "cases": 3}
{"completed": 198, "total_modules": 224, "module": "test_photo_ghost_ship_gate_alternative", "exit_code": 0, "cases": 3}
{"completed": 199, "total_modules": 224, "module": "test_photo_kebaya_material_alternative", "exit_code": 0, "cases": 3}
{"completed": 200, "total_modules": 224, "module": "test_photo_leading_line_gate_alternatives", "exit_code": 0, "cases": 3}
{"completed": 201, "total_modules": 224, "module": "test_photo_object_morphology_ownership", "exit_code": 0, "cases": 3}
{"completed": 202, "total_modules": 224, "module": "test_photo_overhead_hand_alternative", "exit_code": 0, "cases": 3}
{"completed": 203, "total_modules": 224, "module": "test_photo_panning_direction_scope", "exit_code": 0, "cases": 3}
{"completed": 204, "total_modules": 224, "module": "test_photo_prop_conditional_contact", "exit_code": 0, "cases": 3}
{"completed": 205, "total_modules": 224, "module": "test_photo_receiver_material_response", "exit_code": 0, "cases": 3}
{"completed": 206, "total_modules": 224, "module": "test_photo_religion_iconography_boundary_history", "exit_code": 0, "cases": 3}
{"completed": 207, "total_modules": 224, "module": "test_photo_residual_positive_guards", "exit_code": 0, "cases": 3}
{"completed": 208, "total_modules": 224, "module": "test_photo_wet_hair_weight_alternative", "exit_code": 0, "cases": 3}
{"completed": 209, "total_modules": 224, "module": "test_photo_wrap_skirt_side_alternative", "exit_code": 0, "cases": 3}
{"completed": 210, "total_modules": 224, "module": "test_subculture_illustration_photo_boundary", "exit_code": 0, "cases": 3}
{"completed": 211, "total_modules": 224, "module": "test_photo_cumulonimbus_anvil_alternative", "exit_code": 0, "cases": 2}
{"completed": 212, "total_modules": 224, "module": "test_photo_glacier_surface_alternative", "exit_code": 0, "cases": 2}
{"completed": 213, "total_modules": 224, "module": "test_photo_role_garment_candidate_expansion", "exit_code": 0, "cases": 2}
{"completed": 214, "total_modules": 224, "module": "test_photo_instrument_hand_roles", "exit_code": 0, "cases": 2}
{"completed": 215, "total_modules": 224, "module": "test_photo_slang_boundary_history", "exit_code": 0, "cases": 2}
{"completed": 216, "total_modules": 224, "module": "test_photo_subculture_appearance_boundary_history", "exit_code": 0, "cases": 2}
{"completed": 217, "total_modules": 224, "module": "test_photo_data_scope_boundary_history", "exit_code": 1, "cases": 1}
{"completed": 218, "total_modules": 224, "module": "test_photo_data_scope_v34_boundary_history", "exit_code": 1, "cases": 1}
{"completed": 219, "total_modules": 224, "module": "test_photo_palette_boundary_history", "exit_code": 1, "cases": 1}
{"completed": 220, "total_modules": 224, "module": "test_photo_robe_source_boundary_history", "exit_code": 1, "cases": 1}
{"completed": 221, "total_modules": 224, "module": "test_photo_pose_visual_semantics", "exit_code": 0, "cases": 5}
{"completed": 222, "total_modules": 224, "module": "test_photo_humanlike_semantics", "exit_code": 0, "cases": 4}
{"completed": 223, "total_modules": 224, "module": "test_photo_palace_korean_relation_alignment", "exit_code": 0, "cases": 6}
{"completed": 224, "total_modules": 224, "module": "test_photo_workflow_runtime_bridge", "exit_code": 0, "cases": 8}
{"schema_version": "photo-full-discovery-module-run/v1", "workers": 6, "seconds": 2184.018, "discovered_cases": 2031, "modules": 224, "reported_cases": 1947, "passed_modules": 202, "failed_modules": 22, "all_cases_accounted": false}
