test_all_29_direct_selections_compile_and_audit (tests.test_subculture_illustration_moe_elements.SubcultureIllustrationMoeElementTests.test_all_29_direct_selections_compile_and_audit) ... ok
test_inventory_is_exact_34_origin_articles_to_29_elements (tests.test_subculture_illustration_moe_elements.SubcultureIllustrationMoeElementTests.test_inventory_is_exact_34_origin_articles_to_29_elements) ... ok
test_all_29_neutral_requests_choose_canonical_research_candidates (tests.test_subculture_illustration_moe_elements.SubcultureIllustrationMoeGrammarV2Tests.test_all_29_neutral_requests_choose_canonical_research_candidates) ... ok
test_all_29_preferences_select_the_expected_material_variant (tests.test_subculture_illustration_moe_elements.SubcultureIllustrationMoeGrammarV2Tests.test_all_29_preferences_select_the_expected_material_variant) ... ok
test_compiled_grammar_is_reproducible_and_research_rich (tests.test_subculture_illustration_moe_elements.SubcultureIllustrationMoeGrammarV2Tests.test_compiled_grammar_is_reproducible_and_research_rich) ... ok
test_complete_reviewed_aliases_are_explicit_inputs_not_concept_scans (tests.test_subculture_illustration_moe_elements.SubcultureIllustrationMoeGrammarV2Tests.test_complete_reviewed_aliases_are_explicit_inputs_not_concept_scans) ... ok
test_conflicts_and_representation_limits_fail_closed (tests.test_subculture_illustration_moe_elements.SubcultureIllustrationMoeGrammarV2Tests.test_conflicts_and_representation_limits_fail_closed) ... ok
test_creative_cue_changes_development_not_stored_creativity (tests.test_subculture_illustration_moe_elements.SubcultureIllustrationMoeGrammarV2Tests.test_creative_cue_changes_development_not_stored_creativity) ... ok
test_existing_safety_retry_and_photo_baseline_assets_are_byte_stable (tests.test_subculture_illustration_moe_elements.SubcultureIllustrationMoeGrammarV2Tests.test_existing_safety_retry_and_photo_baseline_assets_are_byte_stable) ... ok
test_prompt_and_plan_mutations_are_rejected (tests.test_subculture_illustration_moe_elements.SubcultureIllustrationMoeGrammarV2Tests.test_prompt_and_plan_mutations_are_rejected) ... ok
test_six_cross_element_cases_use_one_global_primary_and_two_supports (tests.test_subculture_illustration_moe_elements.SubcultureIllustrationMoeGrammarV2Tests.test_six_cross_element_cases_use_one_global_primary_and_two_supports) ... ok
test_six_representative_combinations (tests.test_subculture_illustration_moe_elements.SubcultureIllustrationMoeGrammarV2Tests.test_six_representative_combinations) ... ok
test_twelve_prompt_evidence_comparisons_are_bound_to_current_grammar (tests.test_subculture_illustration_moe_elements.SubcultureIllustrationMoeGrammarV2Tests.test_twelve_prompt_evidence_comparisons_are_bound_to_current_grammar) ... ok
test_unrequested_elements_and_sparse_evidence_mutations_fail_closed (tests.test_subculture_illustration_moe_elements.SubcultureIllustrationMoeGrammarV2Tests.test_unrequested_elements_and_sparse_evidence_mutations_fail_closed) ... ok
test_all_neutral_and_preference_requests_bind_and_audit_meaning (tests.test_subculture_illustration_moe_elements.SubcultureIllustrationMoeGrammarV3Tests.test_all_neutral_and_preference_requests_bind_and_audit_meaning) ... ok
test_safe_analogue_and_medium_capability_cannot_be_overclaimed (tests.test_subculture_illustration_moe_elements.SubcultureIllustrationMoeGrammarV3Tests.test_safe_analogue_and_medium_capability_cannot_be_overclaimed) ... ok
test_sensitive_label_component_and_contract_mutations_fail_closed (tests.test_subculture_illustration_moe_elements.SubcultureIllustrationMoeGrammarV3Tests.test_sensitive_label_component_and_contract_mutations_fail_closed) ... ok
test_v3_compile_is_reproducible_and_all_meanings_are_normalized (tests.test_subculture_illustration_moe_elements.SubcultureIllustrationMoeGrammarV3Tests.test_v3_compile_is_reproducible_and_all_meanings_are_normalized) ... ok
test_v3_qualification_is_bound_to_current_assets (tests.test_subculture_illustration_moe_elements.SubcultureIllustrationMoeGrammarV3Tests.test_v3_qualification_is_bound_to_current_assets) ... ok
test_alias_relations_activate_or_reject_without_silent_substitution (tests.test_subculture_illustration_moe_elements.SubcultureIllustrationMoeGrammarV4Tests.test_alias_relations_activate_or_reject_without_silent_substitution) ... ok
test_all_29_canonical_elements_emit_and_audit_visual_evidence (tests.test_subculture_illustration_moe_elements.SubcultureIllustrationMoeGrammarV4Tests.test_all_29_canonical_elements_emit_and_audit_visual_evidence) ... ok
test_negative_confound_is_pixel_review_not_a_lexical_ban (tests.test_subculture_illustration_moe_elements.SubcultureIllustrationMoeGrammarV4Tests.test_negative_confound_is_pixel_review_not_a_lexical_ban) ... ok
test_sensitive_label_is_omitted_while_visual_geometry_stays_exact (tests.test_subculture_illustration_moe_elements.SubcultureIllustrationMoeGrammarV4Tests.test_sensitive_label_is_omitted_while_visual_geometry_stays_exact) ... ok
test_six_multi_element_cases_share_visual_mode_and_sparse_budget (tests.test_subculture_illustration_moe_elements.SubcultureIllustrationMoeGrammarV4Tests.test_six_multi_element_cases_share_visual_mode_and_sparse_budget) ... ok
test_v4_qualification_covers_all_canonical_and_alias_contracts (tests.test_subculture_illustration_moe_elements.SubcultureIllustrationMoeGrammarV4Tests.test_v4_qualification_covers_all_canonical_and_alias_contracts) ... ok
test_variant_alias_forces_one_lineage_without_cross_variant_mixing (tests.test_subculture_illustration_moe_elements.SubcultureIllustrationMoeGrammarV4Tests.test_variant_alias_forces_one_lineage_without_cross_variant_mixing) ... ok
test_visual_assets_and_v4_grammar_are_reproducible_and_complete (tests.test_subculture_illustration_moe_elements.SubcultureIllustrationMoeGrammarV4Tests.test_visual_assets_and_v4_grammar_are_reproducible_and_complete) ... ok
test_visual_phrase_contract_and_medium_mutations_fail_closed (tests.test_subculture_illustration_moe_elements.SubcultureIllustrationMoeGrammarV4Tests.test_visual_phrase_contract_and_medium_mutations_fail_closed) ... ok
test_added_keyword_variants_remain_semantically_separate (tests.test_subculture_illustration_moe_elements.SubcultureIllustrationMoeGrammarV5Tests.test_added_keyword_variants_remain_semantically_separate) ... ok
test_added_related_terms_fail_closed (tests.test_subculture_illustration_moe_elements.SubcultureIllustrationMoeGrammarV5Tests.test_added_related_terms_fail_closed) ... ok
test_additions_manifest_and_qualification_are_reproducible (tests.test_subculture_illustration_moe_elements.SubcultureIllustrationMoeGrammarV5Tests.test_additions_manifest_and_qualification_are_reproducible) ... ok
test_all_seven_requested_keywords_bind_and_audit (tests.test_subculture_illustration_moe_elements.SubcultureIllustrationMoeGrammarV5Tests.test_all_seven_requested_keywords_bind_and_audit) ... ok
test_ambiguous_cat_pose_and_related_terms_fail_closed (tests.test_subculture_illustration_moe_elements.SubcultureIllustrationMoeGrammarV5Tests.test_ambiguous_cat_pose_and_related_terms_fail_closed) ... ok
test_non_equivalent_archetypes_do_not_silently_activate_each_other (tests.test_subculture_illustration_moe_elements.SubcultureIllustrationMoeGrammarV5Tests.test_non_equivalent_archetypes_do_not_silently_activate_each_other) ... ok
test_ntr_variants_separate_viewpoint_and_prior_relationship (tests.test_subculture_illustration_moe_elements.SubcultureIllustrationMoeGrammarV5Tests.test_ntr_variants_separate_viewpoint_and_prior_relationship) ... ok
test_sensitive_runtime_labels_are_omitted_but_geometry_remains (tests.test_subculture_illustration_moe_elements.SubcultureIllustrationMoeGrammarV5Tests.test_sensitive_runtime_labels_are_omitted_but_geometry_remains) ... ok
test_ten_added_visual_keywords_bind_and_audit (tests.test_subculture_illustration_moe_elements.SubcultureIllustrationMoeGrammarV5Tests.test_ten_added_visual_keywords_bind_and_audit) ... ok
test_visual_addition_hash_mutation_fails_even_after_pack_rehash (tests.test_subculture_illustration_moe_elements.SubcultureIllustrationMoeGrammarV5Tests.test_visual_addition_hash_mutation_fails_even_after_pack_rehash) ... ok
test_authored_components_derive_every_evidence_gate_and_group (tests.test_photo_data_semantic_corrections.PhotoDataSemanticCorrectionsTests.test_authored_components_derive_every_evidence_gate_and_group) ... ok
test_bare_menhera_label_does_not_claim_the_project_interpretation (tests.test_photo_data_semantic_corrections.PhotoDataSemanticCorrectionsTests.test_bare_menhera_label_does_not_claim_the_project_interpretation) ... ok
test_body_area_product_and_incidental_detail_stay_advisory (tests.test_photo_data_semantic_corrections.PhotoDataSemanticCorrectionsTests.test_body_area_product_and_incidental_detail_stay_advisory) ... ok
test_claim_limits_do_not_enter_positive_retrieval (tests.test_photo_data_semantic_corrections.PhotoDataSemanticCorrectionsTests.test_claim_limits_do_not_enter_positive_retrieval) ... ok
test_closed_eyes_omit_only_clamshell_catchlight_evidence (tests.test_photo_data_semantic_corrections.PhotoDataSemanticCorrectionsTests.test_closed_eyes_omit_only_clamshell_catchlight_evidence) ... ok
test_compiled_evidence_stays_literal_and_missing_invariants_fail_audit (tests.test_photo_data_semantic_corrections.PhotoDataSemanticCorrectionsTests.test_compiled_evidence_stays_literal_and_missing_invariants_fail_audit) ... ok
test_diopter_gate_checks_visible_continuity_not_production_history (tests.test_photo_data_semantic_corrections.PhotoDataSemanticCorrectionsTests.test_diopter_gate_checks_visible_continuity_not_production_history) ... ok
test_every_professional_role_separates_rest_from_operational_action (tests.test_photo_data_semantic_corrections.PhotoDataSemanticCorrectionsTests.test_every_professional_role_separates_rest_from_operational_action) ... ok
test_explicit_body_area_salience_stays_hard_in_three_languages (tests.test_photo_data_semantic_corrections.PhotoDataSemanticCorrectionsTests.test_explicit_body_area_salience_stays_hard_in_three_languages) ... ok
test_explicit_catchlight_request_is_not_silently_dropped (tests.test_photo_data_semantic_corrections.PhotoDataSemanticCorrectionsTests.test_explicit_catchlight_request_is_not_silently_dropped) ... ok
test_explicit_operational_roles_keep_hard_causal_contract (tests.test_photo_data_semantic_corrections.PhotoDataSemanticCorrectionsTests.test_explicit_operational_roles_keep_hard_causal_contract) ... ok
test_freely_authored_duty_does_not_relabel_the_user_role (tests.test_photo_data_semantic_corrections.PhotoDataSemanticCorrectionsTests.test_freely_authored_duty_does_not_relabel_the_user_role) ... ok
test_invalid_authored_component_and_activation_are_rejected (tests.test_photo_data_semantic_corrections.PhotoDataSemanticCorrectionsTests.test_invalid_authored_component_and_activation_are_rejected) ... ok
test_negated_duty_cannot_support_hard_activation (tests.test_photo_data_semantic_corrections.PhotoDataSemanticCorrectionsTests.test_negated_duty_cannot_support_hard_activation) ... ok
test_negated_visibility_and_catchlight_phrases_do_not_change_obligations (tests.test_photo_data_semantic_corrections.PhotoDataSemanticCorrectionsTests.test_negated_visibility_and_catchlight_phrases_do_not_change_obligations) ... ok
test_nursing_uniform_and_yandere_relation_do_not_request_patient_care (tests.test_photo_data_semantic_corrections.PhotoDataSemanticCorrectionsTests.test_nursing_uniform_and_yandere_relation_do_not_request_patient_care) ... ok
test_related_exact_match_survives_the_compatibility_candidate_path (tests.test_photo_data_semantic_corrections.PhotoDataSemanticCorrectionsTests.test_related_exact_match_survives_the_compatibility_candidate_path) ... ok
test_rembrandt_preserves_geometry_for_both_camera_orientations (tests.test_photo_data_semantic_corrections.PhotoDataSemanticCorrectionsTests.test_rembrandt_preserves_geometry_for_both_camera_orientations) ... ok
test_role_identity_is_advisory_without_requested_duty (tests.test_photo_data_semantic_corrections.PhotoDataSemanticCorrectionsTests.test_role_identity_is_advisory_without_requested_duty) ... ok
test_telephoto_uses_narrow_field_of_view (tests.test_photo_data_semantic_corrections.PhotoDataSemanticCorrectionsTests.test_telephoto_uses_narrow_field_of_view) ... ok
test_yandere_retains_same_target_action_and_consequence_without_scene_recipe (tests.test_photo_data_semantic_corrections.PhotoDataSemanticCorrectionsTests.test_yandere_retains_same_target_action_and_consequence_without_scene_recipe) ... ok
test_a_new_object_actor_cannot_supply_camera_direction (tests.test_photo_camera_owned_clauses.CameraOwnedClauseTests.test_a_new_object_actor_cannot_supply_camera_direction) ... ok
test_bare_coordinated_actors_are_not_part_of_a_camera_query (tests.test_photo_camera_owned_clauses.CameraOwnedClauseTests.test_bare_coordinated_actors_are_not_part_of_a_camera_query) ... ok
test_coordinated_background_does_not_describe_the_camera (tests.test_photo_camera_owned_clauses.CameraOwnedClauseTests.test_coordinated_background_does_not_describe_the_camera) ... ok
test_depicted_camera_subject_needs_explicit_owner_evidence (tests.test_photo_camera_owned_clauses.CameraOwnedClauseTests.test_depicted_camera_subject_needs_explicit_owner_evidence) ... ok
test_excluded_clause_is_not_reused_as_a_redacted_positive_fragment (tests.test_photo_camera_owned_clauses.CameraOwnedClauseTests.test_excluded_clause_is_not_reused_as_a_redacted_positive_fragment) ... ok
test_explicit_owner_has_priority_over_a_legacy_baseline_clause (tests.test_photo_camera_owned_clauses.CameraOwnedClauseTests.test_explicit_owner_has_priority_over_a_legacy_baseline_clause) ... ok
test_height_alone_cannot_establish_upward_direction (tests.test_photo_camera_owned_clauses.CameraOwnedClauseTests.test_height_alone_cannot_establish_upward_direction) ... ok
test_negation_and_quoted_descriptions_cannot_create_positive_queries (tests.test_photo_camera_owned_clauses.CameraOwnedClauseTests.test_negation_and_quoted_descriptions_cannot_create_positive_queries) ... ok
test_passive_camera_action_is_literal_and_does_not_supply_height (tests.test_photo_camera_owned_clauses.CameraOwnedClauseTests.test_passive_camera_action_is_literal_and_does_not_supply_height) ... ok
test_prepatch_holdout_bytes_and_literal_projection (tests.test_photo_camera_owned_clauses.CameraOwnedClauseTests.test_prepatch_holdout_bytes_and_literal_projection) ... ok
test_query_uses_only_the_owned_clause_and_keeps_frozen_core (tests.test_photo_camera_owned_clauses.CameraOwnedClauseTests.test_query_uses_only_the_owned_clause_and_keeps_frozen_core) ... ok
test_unrelated_background_clause_does_not_remove_an_owned_camera_clause (tests.test_photo_camera_owned_clauses.CameraOwnedClauseTests.test_unrelated_background_clause_does_not_remove_an_owned_camera_clause) ... ok
test_unresolved_multiple_camera_ownership_fails_closed (tests.test_photo_camera_owned_clauses.CameraOwnedClauseTests.test_unresolved_multiple_camera_ownership_fails_closed) ... ok
test_both_frozen_arms_reach_upward_candidates_without_rewriting_the_core_or_unlocking_effects (tests.test_photo_camera_owned_clauses.FrozenUpwardCameraRetrievalTests.test_both_frozen_arms_reach_upward_candidates_without_rewriting_the_core_or_unlocking_effects) ... ok
test_cli_rejects_missing_declared_camera_evidence_before_loading_candidate_data (tests.test_photo_camera_owned_clauses.NewCameraAuthoringChecks.test_cli_rejects_missing_declared_camera_evidence_before_loading_candidate_data) ... ok
test_declared_direction_and_height_require_separate_or_combined_typed_evidence (tests.test_photo_camera_owned_clauses.NewCameraAuthoringChecks.test_declared_direction_and_height_require_separate_or_combined_typed_evidence) ... ok
test_focus_and_concept_evidence_do_not_satisfy_camera_requirements (tests.test_photo_camera_owned_clauses.NewCameraAuthoringChecks.test_focus_and_concept_evidence_do_not_satisfy_camera_requirements) ... ok
test_whole_camera_lock_and_legacy_unchecked_input_keep_their_contract (tests.test_photo_camera_owned_clauses.NewCameraAuthoringChecks.test_whole_camera_lock_and_legacy_unchecked_input_keep_their_contract) ... ok
test_after_sunset_blue_hour_is_dusk_not_dawn (tests.test_photo_scene_data_cleanup.SceneContextCleanupTests.test_after_sunset_blue_hour_is_dusk_not_dawn) ... ok
test_depth_and_occlusion_relations_remain (tests.test_photo_scene_data_cleanup.SceneContextCleanupTests.test_depth_and_occlusion_relations_remain) ... ok
test_empty_surroundings_do_not_require_or_forbid_a_primary_person (tests.test_photo_scene_data_cleanup.SceneContextCleanupTests.test_empty_surroundings_do_not_require_or_forbid_a_primary_person) ... ok
test_event_phase_does_not_fabricate_clock_time (tests.test_photo_scene_data_cleanup.SceneContextCleanupTests.test_event_phase_does_not_fabricate_clock_time) ... ok
test_storm_caption_retains_weather_and_existing_context_guard (tests.test_photo_scene_data_cleanup.SceneContextCleanupTests.test_storm_caption_retains_weather_and_existing_context_guard) ... ok
test_floral_room_indexes_positive_room_evidence (tests.test_photo_scene_data_cleanup.SceneLocationCleanupTests.test_floral_room_indexes_positive_room_evidence) ... ok
test_physical_location_captions_keep_authored_specialized_associations (tests.test_photo_scene_data_cleanup.SceneLocationCleanupTests.test_physical_location_captions_keep_authored_specialized_associations) ... ok
test_switchboard_keeps_real_connections_and_half_plugged_state (tests.test_photo_scene_data_cleanup.SceneLocationCleanupTests.test_switchboard_keeps_real_connections_and_half_plugged_state) ... ok
test_welding_korean_fields_preserve_sparks_without_human_guard (tests.test_photo_scene_data_cleanup.SceneLocationCleanupTests.test_welding_korean_fields_preserve_sparks_without_human_guard) ... ok
test_frozen_inventory_and_queries_remain_bound (tests.test_photo_scene_data_cleanup.ScenePreservationTests.test_frozen_inventory_and_queries_remain_bound) ... ok
test_prior_twenty_three_edited_rows_are_byte_semantically_preserved (tests.test_photo_scene_data_cleanup.ScenePreservationTests.test_prior_twenty_three_edited_rows_are_byte_semantically_preserved) ... ok
test_cafe_and_laundry_owner_state_relations_remain (tests.test_photo_scene_data_cleanup.ScenePropCleanupTests.test_cafe_and_laundry_owner_state_relations_remain) ... ok
test_coffee_gesture_is_preserved_in_both_languages (tests.test_photo_scene_data_cleanup.ScenePropCleanupTests.test_coffee_gesture_is_preserved_in_both_languages) ... ok
test_diary_preserves_blank_or_marked_alternatives (tests.test_photo_scene_data_cleanup.ScenePropCleanupTests.test_diary_preserves_blank_or_marked_alternatives) ... ok
test_genealogy_records_content_not_proof_of_subject_identity (tests.test_photo_scene_data_cleanup.ScenePropCleanupTests.test_genealogy_records_content_not_proof_of_subject_identity) ... ok
test_shared_umbrella_keeps_two_people_and_transparency (tests.test_photo_scene_data_cleanup.ScenePropCleanupTests.test_shared_umbrella_keeps_two_people_and_transparency) ... ok
test_all_components_required_including_owned_junction_and_count (tests.test_photo_religion_iconography_alternatives.ReligionIconographyAlternativesTests.test_all_components_required_including_owned_junction_and_count) ... ok
test_bare_names_and_polysemy_do_not_fix_a_variant (tests.test_photo_religion_iconography_alternatives.ReligionIconographyAlternativesTests.test_bare_names_and_polysemy_do_not_fix_a_variant) ... ok
test_complete_form_requires_request_evidence_and_respects_negation (tests.test_photo_religion_iconography_alternatives.ReligionIconographyAlternativesTests.test_complete_form_requires_request_evidence_and_respects_negation) ... ok
test_existing_candidate_context_preserves_all_prior_owned_fields (tests.test_photo_religion_iconography_alternatives.ReligionIconographyAlternativesTests.test_existing_candidate_context_preserves_all_prior_owned_fields) ... ok
test_existing_heart_owner_remains_feather_specific (tests.test_photo_religion_iconography_alternatives.ReligionIconographyAlternativesTests.test_existing_heart_owner_remains_feather_specific) ... ok
test_frozen_ordinary_portrait_cannot_admit_unrequested_iconography (tests.test_photo_religion_iconography_alternatives.ReligionIconographyAlternativesTests.test_frozen_ordinary_portrait_cannot_admit_unrequested_iconography) ... ok
test_layout_candidates_cannot_declare_anatomy_identity_or_prop_effects (tests.test_photo_religion_iconography_alternatives.ReligionIconographyAlternativesTests.test_layout_candidates_cannot_declare_anatomy_identity_or_prop_effects) ... ok
test_muqarnas_and_griffin_keep_existing_owners (tests.test_photo_religion_iconography_alternatives.ReligionIconographyAlternativesTests.test_muqarnas_and_griffin_keep_existing_owners) ... ok
test_new_korean_component_alternatives_preserve_the_complete_form (tests.test_photo_religion_iconography_alternatives.ReligionIconographyAlternativesTests.test_new_korean_component_alternatives_preserve_the_complete_form) ... ok
test_owned_junction_paraphrases_are_discovered_from_runtime_baseline (tests.test_photo_religion_iconography_alternatives.ReligionIconographyAlternativesTests.test_owned_junction_paraphrases_are_discovered_from_runtime_baseline) ... ok
test_pending_variants_have_no_hard_profile_link (tests.test_photo_religion_iconography_alternatives.ReligionIconographyAlternativesTests.test_pending_variants_have_no_hard_profile_link) ... ok
test_scoped_alternatives_are_optional_discovery_in_an_agent_core (tests.test_photo_religion_iconography_alternatives.ReligionIconographyAlternativesTests.test_scoped_alternatives_are_optional_discovery_in_an_agent_core) ... ok
test_semantic_only_paraphrase_does_not_harden_a_profile (tests.test_photo_religion_iconography_alternatives.ReligionIconographyAlternativesTests.test_semantic_only_paraphrase_does_not_harden_a_profile) ... ok
test_unrelated_even_embedding_close_context_cannot_expose_new_profiles (tests.test_photo_religion_iconography_alternatives.ReligionIconographyAlternativesTests.test_unrelated_even_embedding_close_context_cannot_expose_new_profiles) ... ok
test_bm25f_retrieval_surfaces_each_complete_cluster_near_the_top (tests.test_photo_harem_visual_semantics.PhotoHaremVisualSemanticsTests.test_bm25f_retrieval_surfaces_each_complete_cluster_near_the_top) ... ok
test_broad_polysemous_and_adjacent_terms_never_force_new_profiles (tests.test_photo_harem_visual_semantics.PhotoHaremVisualSemanticsTests.test_broad_polysemous_and_adjacent_terms_never_force_new_profiles) ... ok
test_complete_component_text_is_optional_not_hard (tests.test_photo_harem_visual_semantics.PhotoHaremVisualSemanticsTests.test_complete_component_text_is_optional_not_hard) ... ok
test_every_candidate_is_merged_source_bound_and_fail_closed (tests.test_photo_harem_visual_semantics.PhotoHaremVisualSemanticsTests.test_every_candidate_is_merged_source_bound_and_fail_closed) ... ok
test_existing_harem_trouser_profile_remains_the_only_exact_owner (tests.test_photo_harem_visual_semantics.PhotoHaremVisualSemanticsTests.test_existing_harem_trouser_profile_remains_the_only_exact_owner) ... ok
test_extension_registers_eight_complete_six_candidate_clusters (tests.test_photo_harem_visual_semantics.PhotoHaremVisualSemanticsTests.test_extension_registers_eight_complete_six_candidate_clusters) ... ok
test_five_profiles_are_complete_adult_five_group_pixel_contracts (tests.test_photo_harem_visual_semantics.PhotoHaremVisualSemanticsTests.test_five_profiles_are_complete_adult_five_group_pixel_contracts) ... ok
test_generated_indexes_contain_all_profiles_and_candidates (tests.test_photo_harem_visual_semantics.PhotoHaremVisualSemanticsTests.test_generated_indexes_contain_all_profiles_and_candidates) ... ok
test_narrow_context_complete_terms_route_to_one_profile (tests.test_photo_harem_visual_semantics.PhotoHaremVisualSemanticsTests.test_narrow_context_complete_terms_route_to_one_profile) ... ok
test_nearest_visual_substitutes_fail_closed (tests.test_photo_harem_visual_semantics.PhotoHaremVisualSemanticsTests.test_nearest_visual_substitutes_fail_closed) ... ok
test_registry_validator_accepts_profiles (tests.test_photo_harem_visual_semantics.PhotoHaremVisualSemanticsTests.test_registry_validator_accepts_profiles) ... ok
test_research_evidence_covers_sources_profiles_and_candidate_clusters (tests.test_photo_harem_visual_semantics.PhotoHaremVisualSemanticsTests.test_research_evidence_covers_sources_profiles_and_candidate_clusters) ... ok
test_research_note_keeps_claim_and_identity_boundaries (tests.test_photo_harem_visual_semantics.PhotoHaremVisualSemanticsTests.test_research_note_keeps_claim_and_identity_boundaries) ... ok
test_bilingual_form_requests_activate_but_negation_and_excluded_spans_do_not (tests.test_photo_acting_expression_data.ActingExpressionDataTests.test_bilingual_form_requests_activate_but_negation_and_excluded_spans_do_not) ... ok
test_context_guard_cannot_be_satisfied_by_its_own_candidate_tags (tests.test_photo_acting_expression_data.ActingExpressionDataTests.test_context_guard_cannot_be_satisfied_by_its_own_candidate_tags) ... ok
test_current_v6_exposes_new_candidates_when_expression_is_open (tests.test_photo_acting_expression_data.ActingExpressionDataTests.test_current_v6_exposes_new_candidates_when_expression_is_open) ... ok
test_existing_specific_meanings_and_hand_ownership_are_preserved (tests.test_photo_acting_expression_data.ActingExpressionDataTests.test_existing_specific_meanings_and_hand_ownership_are_preserved) ... ok
test_form_word_in_non_actor_domain_and_broad_affect_never_harden (tests.test_photo_acting_expression_data.ActingExpressionDataTests.test_form_word_in_non_actor_domain_and_broad_affect_never_harden) ... ok
test_held_tears_requires_the_narrow_requested_compound (tests.test_photo_acting_expression_data.ActingExpressionDataTests.test_held_tears_requires_the_narrow_requested_compound) ... ok
test_negative_or_provenance_text_is_not_positive_retrieval_evidence (tests.test_photo_acting_expression_data.ActingExpressionDataTests.test_negative_or_provenance_text_is_not_positive_retrieval_evidence) ... ok
test_new_forms_are_resolved_by_the_real_merged_registry_and_index (tests.test_photo_acting_expression_data.ActingExpressionDataTests.test_new_forms_are_resolved_by_the_real_merged_registry_and_index) ... ok
test_pose_and_gaze_effects_cannot_bypass_property_locks (tests.test_photo_acting_expression_data.ActingExpressionDataTests.test_pose_and_gaze_effects_cannot_bypass_property_locks) ... ok
test_press_tighten_and_mouth_opening_keep_distinct_requirements (tests.test_photo_acting_expression_data.ActingExpressionDataTests.test_press_tighten_and_mouth_opening_keep_distinct_requirements) ... ok
test_runtime_bundles_are_advisory_and_maintenance_records_are_canonically_bound (tests.test_photo_acting_expression_data.ActingExpressionDataTests.test_runtime_bundles_are_advisory_and_maintenance_records_are_canonically_bound) ... ok
test_sultry_weather_does_not_unlock_attraction_or_adult_without_flirtation (tests.test_photo_acting_expression_data.ActingExpressionDataTests.test_sultry_weather_does_not_unlock_attraction_or_adult_without_flirtation) ... ok
test_all_required_components_are_distinct_native_gates (tests.test_photo_ornament_structure.OrnamentStructureTests.test_all_required_components_are_distinct_native_gates) ... ok
test_approximate_retrieval_never_creates_hard_authority (tests.test_photo_ornament_structure.OrnamentStructureTests.test_approximate_retrieval_never_creates_hard_authority) ... ok
test_broad_styles_and_process_names_do_not_require_a_fixed_structure (tests.test_photo_ornament_structure.OrnamentStructureTests.test_broad_styles_and_process_names_do_not_require_a_fixed_structure) ... ok
test_clothing_lining_body_and_fabric_effects_respect_parent_locks (tests.test_photo_ornament_structure.OrnamentStructureTests.test_clothing_lining_body_and_fabric_effects_respect_parent_locks) ... ok
test_current_generated_indexes_bind_every_new_source (tests.test_photo_ornament_structure.OrnamentStructureTests.test_current_generated_indexes_bind_every_new_source) ... ok
test_filigree_backing_and_lobe_count_are_separate_variants (tests.test_photo_ornament_structure.OrnamentStructureTests.test_filigree_backing_and_lobe_count_are_separate_variants) ... ok
test_object_and_wearable_carriers_have_different_effect_owners (tests.test_photo_ornament_structure.OrnamentStructureTests.test_object_and_wearable_carriers_have_different_effect_owners) ... ok
test_optional_bundles_carry_complete_components_and_effect_union (tests.test_photo_ornament_structure.OrnamentStructureTests.test_optional_bundles_carry_complete_components_and_effect_union) ... ok
test_optional_selection_promotes_complete_gates_and_missing_component_fails (tests.test_photo_ornament_structure.OrnamentStructureTests.test_optional_selection_promotes_complete_gates_and_missing_component_fails) ... ok
test_precise_variant_labels_route_and_negation_removes_authority (tests.test_photo_ornament_structure.OrnamentStructureTests.test_precise_variant_labels_route_and_negation_removes_authority) ... ok
test_reused_candidates_preserve_every_existing_field_except_added_context (tests.test_photo_ornament_structure.OrnamentStructureTests.test_reused_candidates_preserve_every_existing_field_except_added_context) ... ok
test_sources_and_nonvisual_claims_are_maintenance_only (tests.test_photo_ornament_structure.OrnamentStructureTests.test_sources_and_nonvisual_claims_are_maintenance_only) ... ok
test_adjacent_visual_confounds_fail_closed (tests.test_photo_korean_emotional_visual_semantics.PhotoKoreanEmotionalVisualSemanticsTests.test_adjacent_visual_confounds_fail_closed) ... ok
test_bm25f_routes_researched_shorthand_to_expected_candidates (tests.test_photo_korean_emotional_visual_semantics.PhotoKoreanEmotionalVisualSemanticsTests.test_bm25f_routes_researched_shorthand_to_expected_candidates) ... ok
test_broad_or_metadata_terms_never_hard_activate (tests.test_photo_korean_emotional_visual_semantics.PhotoKoreanEmotionalVisualSemanticsTests.test_broad_or_metadata_terms_never_hard_activate) ... ok
test_candidate_aliases_and_nonvisual_boundaries_are_encoded (tests.test_photo_korean_emotional_visual_semantics.PhotoKoreanEmotionalVisualSemanticsTests.test_candidate_aliases_and_nonvisual_boundaries_are_encoded) ... ok
test_definition_only_profiles_hide_labels_at_runtime (tests.test_photo_korean_emotional_visual_semantics.PhotoKoreanEmotionalVisualSemanticsTests.test_definition_only_profiles_hide_labels_at_runtime) ... ok
test_generated_indexes_contain_current_profiles_and_candidates (tests.test_photo_korean_emotional_visual_semantics.PhotoKoreanEmotionalVisualSemanticsTests.test_generated_indexes_contain_current_profiles_and_candidates) ... ok
test_narrow_exact_terms_route_to_expected_profiles (tests.test_photo_korean_emotional_visual_semantics.PhotoKoreanEmotionalVisualSemanticsTests.test_narrow_exact_terms_route_to_expected_profiles) ... ok
test_profiles_are_complete_four_or_five_group_pixel_contracts (tests.test_photo_korean_emotional_visual_semantics.PhotoKoreanEmotionalVisualSemanticsTests.test_profiles_are_complete_four_or_five_group_pixel_contracts) ... ok
test_research_evidence_is_approved_source_and_candidate_bound (tests.test_photo_korean_emotional_visual_semantics.PhotoKoreanEmotionalVisualSemanticsTests.test_research_evidence_is_approved_source_and_candidate_bound) ... ok
test_research_note_preserves_semantic_and_identity_boundaries (tests.test_photo_korean_emotional_visual_semantics.PhotoKoreanEmotionalVisualSemanticsTests.test_research_note_preserves_semantic_and_identity_boundaries) ... ok
test_three_arm_fixture_is_frozen_independent_and_reference_bound (tests.test_photo_korean_emotional_visual_semantics.PhotoKoreanEmotionalVisualSemanticsTests.test_three_arm_fixture_is_frozen_independent_and_reference_bound) ... ok
test_bm25f_surfaces_each_complete_lighting_cluster_near_the_top (tests.test_photo_lighting_visual_semantics.PhotoLightingVisualSemanticsTests.test_bm25f_surfaces_each_complete_lighting_cluster_near_the_top) ... ok
test_complete_component_description_is_optional_not_hard (tests.test_photo_lighting_visual_semantics.PhotoLightingVisualSemanticsTests.test_complete_component_description_is_optional_not_hard) ... ok
test_equipment_and_measurement_metadata_do_not_hard_activate (tests.test_photo_lighting_visual_semantics.PhotoLightingVisualSemanticsTests.test_equipment_and_measurement_metadata_do_not_hard_activate) ... ok
test_generated_semantic_index_contains_every_lighting_candidate (tests.test_photo_lighting_visual_semantics.PhotoLightingVisualSemanticsTests.test_generated_semantic_index_contains_every_lighting_candidate) ... ok
test_generated_visual_index_contains_every_lighting_profile (tests.test_photo_lighting_visual_semantics.PhotoLightingVisualSemanticsTests.test_generated_visual_index_contains_every_lighting_profile) ... ok
test_narrow_exact_terms_route_to_one_profile (tests.test_photo_lighting_visual_semantics.PhotoLightingVisualSemanticsTests.test_narrow_exact_terms_route_to_one_profile) ... ok
test_negation_and_adjacent_substitutes_fail_closed (tests.test_photo_lighting_visual_semantics.PhotoLightingVisualSemanticsTests.test_negation_and_adjacent_substitutes_fail_closed) ... ok
test_three_arm_cases_are_frozen_profile_distinct_and_reference_bound (tests.test_photo_lighting_visual_semantics.PhotoLightingVisualSemanticsTests.test_three_arm_cases_are_frozen_profile_distinct_and_reference_bound) ... ok
test_twelve_candidate_clusters_merge_as_eighty_four_candidates (tests.test_photo_lighting_visual_semantics.PhotoLightingVisualSemanticsTests.test_twelve_candidate_clusters_merge_as_eighty_four_candidates) ... ok
test_twenty_two_profiles_are_complete_pixel_contracts (tests.test_photo_lighting_visual_semantics.PhotoLightingVisualSemanticsTests.test_twenty_two_profiles_are_complete_pixel_contracts) ... ok
test_age_and_biography_are_not_inferred_from_generic_composition (tests.test_photo_portrait_composition_semantics.PortraitCompositionTests.test_age_and_biography_are_not_inferred_from_generic_composition) ... ok
test_all_component_gates_survive_compilation_and_duplicate_owner_evidence_fails (tests.test_photo_portrait_composition_semantics.PortraitCompositionTests.test_all_component_gates_survive_compilation_and_duplicate_owner_evidence_fails) ... ok
test_bilingual_retrieval_keeps_directed_atomic_relations (tests.test_photo_portrait_composition_semantics.PortraitCompositionTests.test_bilingual_retrieval_keeps_directed_atomic_relations) ... ok
test_bundles_require_every_visible_member_and_open_dimension (tests.test_photo_portrait_composition_semantics.PortraitCompositionTests.test_bundles_require_every_visible_member_and_open_dimension) ... ok
test_camera_direction_owner_and_optical_confusions_do_not_harden (tests.test_photo_portrait_composition_semantics.PortraitCompositionTests.test_camera_direction_owner_and_optical_confusions_do_not_harden) ... ok
test_complete_owner_relation_is_exact_and_partial_or_negated_is_not (tests.test_photo_portrait_composition_semantics.PortraitCompositionTests.test_complete_owner_relation_is_exact_and_partial_or_negated_is_not) ... ok
test_english_negation_of_nonascii_terms_is_shared_and_local (tests.test_photo_portrait_composition_semantics.PortraitCompositionTests.test_english_negation_of_nonascii_terms_is_shared_and_local) ... ok
test_real_generated_indexes_cover_current_source (tests.test_photo_portrait_composition_semantics.PortraitCompositionTests.test_real_generated_indexes_cover_current_source) ... ok
test_reflected_focus_is_visible_and_not_an_unobservable_distance_gate (tests.test_photo_portrait_composition_semantics.PortraitCompositionTests.test_reflected_focus_is_visible_and_not_an_unobservable_distance_gate) ... ok
test_series_trend_and_source_provenance_remain_maintenance_only (tests.test_photo_portrait_composition_semantics.PortraitCompositionTests.test_series_trend_and_source_provenance_remain_maintenance_only) ... ok
test_existing_layer_preconditions_survive_normal_semantic_projection (tests.test_photo_tactile_reality_semantics.PhotoTactileRealitySemanticsTests.test_existing_layer_preconditions_survive_normal_semantic_projection) ... ok
test_independent_and_adjacent_negatives_cannot_activate_even_with_perfect_vector (tests.test_photo_tactile_reality_semantics.PhotoTactileRealitySemanticsTests.test_independent_and_adjacent_negatives_cannot_activate_even_with_perfect_vector) ... ok
test_independent_positive_components_admit_only_optional_discovery (tests.test_photo_tactile_reality_semantics.PhotoTactileRealitySemanticsTests.test_independent_positive_components_admit_only_optional_discovery) ... ok
test_operation_bundles_do_not_bypass_locked_action_or_material (tests.test_photo_tactile_reality_semantics.PhotoTactileRealitySemanticsTests.test_operation_bundles_do_not_bypass_locked_action_or_material) ... ok
test_precise_exact_labels_are_hard_but_broad_operation_labels_are_not (tests.test_photo_tactile_reality_semantics.PhotoTactileRealitySemanticsTests.test_precise_exact_labels_are_hard_but_broad_operation_labels_are_not) ... ok
test_provenance_is_separate_hash_bound_and_sources_resolve (tests.test_photo_tactile_reality_semantics.PhotoTactileRealitySemanticsTests.test_provenance_is_separate_hash_bound_and_sources_resolve) ... ok
test_real_indexes_include_changed_text_in_the_right_vector_space (tests.test_photo_tactile_reality_semantics.PhotoTactileRealitySemanticsTests.test_real_indexes_include_changed_text_in_the_right_vector_space) ... ok
test_registered_ten_candidates_and_four_distinct_optional_bundles (tests.test_photo_tactile_reality_semantics.PhotoTactileRealitySemanticsTests.test_registered_ten_candidates_and_four_distinct_optional_bundles) ... ok
test_reviewer_authored_multilingual_component_checks (tests.test_photo_tactile_reality_semantics.PhotoTactileRealitySemanticsTests.test_reviewer_authored_multilingual_component_checks) ... ok
test_unrelated_ordinary_objects_do_not_suppress_a_real_environment_target (tests.test_photo_tactile_reality_semantics.PhotoTactileRealitySemanticsTests.test_unrelated_ordinary_objects_do_not_suppress_a_real_environment_target) ... ok
test_actual_core_normalization_keeps_review_inputs_but_retrieval_abstains (tests.test_photo_camera_clause_polarity.CameraClausePolarityTests.test_actual_core_normalization_keeps_review_inputs_but_retrieval_abstains) ... ok
test_compatible_diagonal_and_repeated_predicates_preserve_complete_literal_clause (tests.test_photo_camera_clause_polarity.CameraClausePolarityTests.test_compatible_diagonal_and_repeated_predicates_preserve_complete_literal_clause) ... ok
test_foreign_subject_or_target_orientation_does_not_contradict_the_capture (tests.test_photo_camera_clause_polarity.CameraClausePolarityTests.test_foreign_subject_or_target_orientation_does_not_contradict_the_capture) ... ok
test_local_uncertainty_and_negative_continuations_cannot_leave_positive_prefixes (tests.test_photo_camera_clause_polarity.CameraClausePolarityTests.test_local_uncertainty_and_negative_continuations_cannot_leave_positive_prefixes) ... ok
test_same_capture_conflicting_coordinations_keep_the_tail_until_abstention (tests.test_photo_camera_clause_polarity.CameraClausePolarityTests.test_same_capture_conflicting_coordinations_keep_the_tail_until_abstention) ... ok
test_suffix_negation_cannot_be_projected_as_positive_direction (tests.test_photo_camera_clause_polarity.CameraClausePolarityTests.test_suffix_negation_cannot_be_projected_as_positive_direction) ... ok
test_two_camera_legacy_abstains_but_explicit_structured_capture_owner_remains (tests.test_photo_camera_clause_polarity.CameraClausePolarityTests.test_two_camera_legacy_abstains_but_explicit_structured_capture_owner_remains) ... ok
test_unselected_direction_choices_or_temporal_sequence_are_not_one_capture (tests.test_photo_camera_clause_polarity.CameraClausePolarityTests.test_unselected_direction_choices_or_temporal_sequence_are_not_one_capture) ... ok
test_legacy_public_cli_preserves_complete_inputs_and_optional_order_contract (tests.test_photo_camera_clause_polarity.CameraClausePublicLegacyTests.test_legacy_public_cli_preserves_complete_inputs_and_optional_order_contract) ... ok
test_actual_property_effects_respect_partial_locks (tests.test_photo_harry_appearance_semantics.HarryAppearanceSemanticsTests.test_actual_property_effects_respect_partial_locks) ... ok
test_authorial_candidates_negation_and_names_never_harden (tests.test_photo_harry_appearance_semantics.HarryAppearanceSemanticsTests.test_authorial_candidates_negation_and_names_never_harden) ... ok
test_bundle_components_remain_all_of_and_profile_activation_is_independent (tests.test_photo_harry_appearance_semantics.HarryAppearanceSemanticsTests.test_bundle_components_remain_all_of_and_profile_activation_is_independent) ... ok
test_complete_english_and_korean_components_and_each_omission (tests.test_photo_harry_appearance_semantics.HarryAppearanceSemanticsTests.test_complete_english_and_korean_components_and_each_omission) ... ok
test_existing_activation_and_pixel_duties_are_preserved (tests.test_photo_harry_appearance_semantics.HarryAppearanceSemanticsTests.test_existing_activation_and_pixel_duties_are_preserved) ... ok
test_neighbor_carriers_and_visually_different_forms_do_not_complete (tests.test_photo_harry_appearance_semantics.HarryAppearanceSemanticsTests.test_neighbor_carriers_and_visually_different_forms_do_not_complete) ... ok
test_optional_profile_registration_keeps_full_index_binding_fail_closed (tests.test_photo_harry_appearance_semantics.HarryAppearanceSemanticsTests.test_optional_profile_registration_keeps_full_index_binding_fail_closed) ... ok
test_positive_projection_excludes_character_case_metadata_and_confusions (tests.test_photo_harry_appearance_semantics.HarryAppearanceSemanticsTests.test_positive_projection_excludes_character_case_metadata_and_confusions) ... ok
test_slot_candidate_equivalents_preserve_original_fields_and_guards (tests.test_photo_harry_appearance_semantics.HarryAppearanceSemanticsTests.test_slot_candidate_equivalents_preserve_original_fields_and_guards) ... ok
test_broad_career_genre_and_nearby_visual_substitutes_do_not_harden (tests.test_photo_model_editorial_semantics.ModelEditorialTests.test_broad_career_genre_and_nearby_visual_substitutes_do_not_harden) ... ok
test_broad_catalog_is_not_a_paraphrase_of_garment_side_depth (tests.test_photo_model_editorial_semantics.ModelEditorialTests.test_broad_catalog_is_not_a_paraphrase_of_garment_side_depth) ... ok
test_bts_context_guards_do_not_leak_into_finished_portraits (tests.test_photo_model_editorial_semantics.ModelEditorialTests.test_bts_context_guards_do_not_leak_into_finished_portraits) ... ok
test_bundles_reject_missing_or_locked_members_and_never_promote_associated_profiles (tests.test_photo_model_editorial_semantics.ModelEditorialTests.test_bundles_reject_missing_or_locked_members_and_never_promote_associated_profiles) ... ok
test_full_owner_relation_only_and_negation (tests.test_photo_model_editorial_semantics.ModelEditorialTests.test_full_owner_relation_only_and_negation) ... ok
test_guarded_nonadult_context_does_not_gain_hard_human_profile (tests.test_photo_model_editorial_semantics.ModelEditorialTests.test_guarded_nonadult_context_does_not_gain_hard_human_profile) ... ok
test_real_indexes_cover_the_new_source (tests.test_photo_model_editorial_semantics.ModelEditorialTests.test_real_indexes_cover_the_new_source) ... ok
test_selected_contract_keeps_every_owner_component_and_rejects_duplicate_evidence (tests.test_photo_model_editorial_semantics.ModelEditorialTests.test_selected_contract_keeps_every_owner_component_and_rejects_duplicate_evidence) ... ok
test_series_layout_and_provenance_stay_outside_single_image_runtime (tests.test_photo_model_editorial_semantics.ModelEditorialTests.test_series_layout_and_provenance_stay_outside_single_image_runtime) ... ok
test_bandeau_and_halter_relations_can_coexist (tests.test_photo_swimwear_semantics.SwimwearSemanticsTests.test_bandeau_and_halter_relations_can_coexist) ... ok
test_broad_labels_and_unrelated_contexts_do_not_harden (tests.test_photo_swimwear_semantics.SwimwearSemanticsTests.test_broad_labels_and_unrelated_contexts_do_not_harden) ... ok
test_complete_relations_activate_but_single_components_do_not (tests.test_photo_swimwear_semantics.SwimwearSemanticsTests.test_complete_relations_activate_but_single_components_do_not) ... ok
test_independent_axes_do_not_activate_their_confounds (tests.test_photo_swimwear_semantics.SwimwearSemanticsTests.test_independent_axes_do_not_activate_their_confounds) ... ok
test_maintenance_and_source_binding (tests.test_photo_swimwear_semantics.SwimwearSemanticsTests.test_maintenance_and_source_binding) ... ok
test_optional_bundle_needs_all_members_and_open_dimensions (tests.test_photo_swimwear_semantics.SwimwearSemanticsTests.test_optional_bundle_needs_all_members_and_open_dimensions) ... ok
test_real_index_contains_new_candidates (tests.test_photo_swimwear_semantics.SwimwearSemanticsTests.test_real_index_contains_new_candidates) ... ok
test_selected_variants_keep_literal_evidence_and_gates_together (tests.test_photo_swimwear_semantics.SwimwearSemanticsTests.test_selected_variants_keep_literal_evidence_and_gates_together) ... ok
test_semantic_discovery_does_not_grant_hard_authority (tests.test_photo_swimwear_semantics.SwimwearSemanticsTests.test_semantic_discovery_does_not_grant_hard_authority) ... ok
test_adjacent_visual_substitutes_fail_closed (tests.test_photo_capture_elements_visual_semantics.PhotoCaptureElementsVisualSemanticsTests.test_adjacent_visual_substitutes_fail_closed) ... ok
test_broad_equipment_and_look_labels_never_force_hard_profiles (tests.test_photo_capture_elements_visual_semantics.PhotoCaptureElementsVisualSemanticsTests.test_broad_equipment_and_look_labels_never_force_hard_profiles) ... ok
test_generated_index_is_current_and_contains_every_profile (tests.test_photo_capture_elements_visual_semantics.PhotoCaptureElementsVisualSemanticsTests.test_generated_index_is_current_and_contains_every_profile) ... ok
test_narrow_exact_terms_route_to_one_profile (tests.test_photo_capture_elements_visual_semantics.PhotoCaptureElementsVisualSemanticsTests.test_narrow_exact_terms_route_to_one_profile) ... ok
test_profiles_are_complete_five_group_pixel_contracts (tests.test_photo_capture_elements_visual_semantics.PhotoCaptureElementsVisualSemanticsTests.test_profiles_are_complete_five_group_pixel_contracts) ... ok
test_research_note_preserves_metadata_and_evidence_boundaries (tests.test_photo_capture_elements_visual_semantics.PhotoCaptureElementsVisualSemanticsTests.test_research_note_preserves_metadata_and_evidence_boundaries) ... ok
test_semantic_panning_paraphrase_projects_optional_candidate_only (tests.test_photo_capture_elements_visual_semantics.PhotoCaptureElementsVisualSemanticsTests.test_semantic_panning_paraphrase_projects_optional_candidate_only) ... ok
test_three_arm_render_fixture_is_hash_bound_and_fail_closed (tests.test_photo_capture_elements_visual_semantics.PhotoCaptureElementsVisualSemanticsTests.test_three_arm_render_fixture_is_hash_bound_and_fail_closed) ... ok
test_candidate_pack_covers_each_independent_makeup_axis (tests.test_photo_makeup_visual_semantics.PhotoMakeupVisualSemanticsTests.test_candidate_pack_covers_each_independent_makeup_axis) ... ok
test_definition_only_profiles_hide_ambiguous_or_value_loaded_labels (tests.test_photo_makeup_visual_semantics.PhotoMakeupVisualSemanticsTests.test_definition_only_profiles_hide_ambiguous_or_value_loaded_labels) ... ok
test_embedding_only_component_paraphrase_remains_optional (tests.test_photo_makeup_visual_semantics.PhotoMakeupVisualSemanticsTests.test_embedding_only_component_paraphrase_remains_optional) ... ok
test_exact_terms_route_and_confusers_or_negations_fail_closed (tests.test_photo_makeup_visual_semantics.PhotoMakeupVisualSemanticsTests.test_exact_terms_route_and_confusers_or_negations_fail_closed) ... ok
test_generated_index_is_registry_bound_for_every_makeup_profile (tests.test_photo_makeup_visual_semantics.PhotoMakeupVisualSemanticsTests.test_generated_index_is_registry_bound_for_every_makeup_profile) ... ok
test_makeup_profiles_are_component_and_pixel_contracts (tests.test_photo_makeup_visual_semantics.PhotoMakeupVisualSemanticsTests.test_makeup_profiles_are_component_and_pixel_contracts) ... ok
test_research_evidence_is_approved_source_bound_and_candidate_bound (tests.test_photo_makeup_visual_semantics.PhotoMakeupVisualSemanticsTests.test_research_evidence_is_approved_source_bound_and_candidate_bound) ... ok
test_runtime_semantics_do_not_encode_demographic_or_beauty_values (tests.test_photo_makeup_visual_semantics.PhotoMakeupVisualSemanticsTests.test_runtime_semantics_do_not_encode_demographic_or_beauty_values) ... ok
test_negation_and_bare_homonyms_do_not_activate_new_pose_profiles (tests.test_photo_pose_vocabulary_semantics.PhotoPoseVocabularySemanticsTests.test_negation_and_bare_homonyms_do_not_activate_new_pose_profiles) ... ok
test_partner_contacts_require_grounded_partner_context_and_bundle_links_are_optional (tests.test_photo_pose_vocabulary_semantics.PhotoPoseVocabularySemanticsTests.test_partner_contacts_require_grounded_partner_context_and_bundle_links_are_optional) ... ok
test_profile_components_bind_every_gate_and_require_visible_complete_relations (tests.test_photo_pose_vocabulary_semantics.PhotoPoseVocabularySemanticsTests.test_profile_components_bind_every_gate_and_require_visible_complete_relations) ... ok
test_promotions_have_traceable_dispositions_and_unreviewed_terms_stay_out (tests.test_photo_pose_vocabulary_semantics.PhotoPoseVocabularySemanticsTests.test_promotions_have_traceable_dispositions_and_unreviewed_terms_stay_out) ... ok
test_property_scope_cannot_change_a_locked_hand_configuration_or_reference_appearance (tests.test_photo_pose_vocabulary_semantics.PhotoPoseVocabularySemanticsTests.test_property_scope_cannot_change_a_locked_hand_configuration_or_reference_appearance) ... ok
test_real_core_retrieval_exposes_the_matching_geometry_and_is_recomputable (tests.test_photo_pose_vocabulary_semantics.PhotoPoseVocabularySemanticsTests.test_real_core_retrieval_exposes_the_matching_geometry_and_is_recomputable) ... ok
test_reuse_appends_context_without_changing_existing_meaning_or_guards (tests.test_photo_pose_vocabulary_semantics.PhotoPoseVocabularySemanticsTests.test_reuse_appends_context_without_changing_existing_meaning_or_guards) ... ok
test_seated_crossing_and_kneeling_variants_do_not_share_hard_meaning (tests.test_photo_pose_vocabulary_semantics.PhotoPoseVocabularySemanticsTests.test_seated_crossing_and_kneeling_variants_do_not_share_hard_meaning) ... ok
test_adjacent_and_generic_terms_do_not_force_the_six_profiles (tests.test_photo_weapon_visual_semantics.PhotoWeaponVisualSemanticsTests.test_adjacent_and_generic_terms_do_not_force_the_six_profiles) ... ok
test_candidate_pack_contains_bounded_action_and_prop_pairs (tests.test_photo_weapon_visual_semantics.PhotoWeaponVisualSemanticsTests.test_candidate_pack_contains_bounded_action_and_prop_pairs) ... ok
test_exact_prop_aliases_do_not_collapse_adjacent_weapon_classes (tests.test_photo_weapon_visual_semantics.PhotoWeaponVisualSemanticsTests.test_exact_prop_aliases_do_not_collapse_adjacent_weapon_classes) ... ok
test_exact_terms_route_to_only_the_intended_weapon_profile (tests.test_photo_weapon_visual_semantics.PhotoWeaponVisualSemanticsTests.test_exact_terms_route_to_only_the_intended_weapon_profile) ... ok
test_profiles_describe_external_morphology_without_state_claims (tests.test_photo_weapon_visual_semantics.PhotoWeaponVisualSemanticsTests.test_profiles_describe_external_morphology_without_state_claims) ... ok
test_registry_schema_is_valid_after_weapon_profiles (tests.test_photo_weapon_visual_semantics.PhotoWeaponVisualSemanticsTests.test_registry_schema_is_valid_after_weapon_profiles) ... ok
test_research_evidence_is_approved_source_bound_and_limited (tests.test_photo_weapon_visual_semantics.PhotoWeaponVisualSemanticsTests.test_research_evidence_is_approved_source_bound_and_limited) ... ok
test_six_profiles_have_complete_component_evidence_and_pixel_gates (tests.test_photo_weapon_visual_semantics.PhotoWeaponVisualSemanticsTests.test_six_profiles_have_complete_component_evidence_and_pixel_gates) ... ok
test_bundle_selection_is_optional_and_does_not_activate_the_linked_profile (tests.test_photo_cute_visual_forms.CuteVisualFormsTests.test_bundle_selection_is_optional_and_does_not_activate_the_linked_profile) ... ok
test_contact_and_expression_effects_do_not_cross_partial_locks (tests.test_photo_cute_visual_forms.CuteVisualFormsTests.test_contact_and_expression_effects_do_not_cross_partial_locks) ... ok
test_cultural_and_unreviewed_labels_do_not_create_fixed_form_obligations (tests.test_photo_cute_visual_forms.CuteVisualFormsTests.test_cultural_and_unreviewed_labels_do_not_create_fixed_form_obligations) ... ok
test_deferred_original_finger_heart_is_not_silently_restored (tests.test_photo_cute_visual_forms.CuteVisualFormsTests.test_deferred_original_finger_heart_is_not_silently_restored) ... ok
test_each_narrow_form_is_human_scoped_and_every_component_is_a_native_gate (tests.test_photo_cute_visual_forms.CuteVisualFormsTests.test_each_narrow_form_is_human_scoped_and_every_component_is_a_native_gate) ... ok
test_equivalent_overlay_preserves_all_existing_meaning_effects_and_guards (tests.test_photo_cute_visual_forms.CuteVisualFormsTests.test_equivalent_overlay_preserves_all_existing_meaning_effects_and_guards) ... ok
test_maintenance_sources_and_deferred_names_stay_out_of_positive_search (tests.test_photo_cute_visual_forms.CuteVisualFormsTests.test_maintenance_sources_and_deferred_names_stay_out_of_positive_search) ... ok
test_changed_predecessor_manifest_or_archival_pack_is_rejected (tests.test_photo_nape_metadata_boundary_history.NapeMetadataBoundaryHistoryTests.test_changed_predecessor_manifest_or_archival_pack_is_rejected) ... ok
test_explicit_v9_is_still_strict_against_current_data (tests.test_photo_nape_metadata_boundary_history.NapeMetadataBoundaryHistoryTests.test_explicit_v9_is_still_strict_against_current_data) ... ok
test_extra_semantic_candidate_order_negative_and_privacy_changes_fail (tests.test_photo_nape_metadata_boundary_history.NapeMetadataBoundaryHistoryTests.test_extra_semantic_candidate_order_negative_and_privacy_changes_fail) ... ok
test_metadata_delta_must_have_exactly_four_changed_fields (tests.test_photo_nape_metadata_boundary_history.NapeMetadataBoundaryHistoryTests.test_metadata_delta_must_have_exactly_four_changed_fields) ... ok
test_recomputed_output_checksum_cannot_rebaseline_a_changed_candidate (tests.test_photo_nape_metadata_boundary_history.NapeMetadataBoundaryHistoryTests.test_recomputed_output_checksum_cannot_rebaseline_a_changed_candidate) ... ok
test_registered_version_replay_and_all_legacy_artifacts_are_unchanged (tests.test_photo_nape_metadata_boundary_history.NapeMetadataBoundaryHistoryTests.test_registered_version_replay_and_all_legacy_artifacts_are_unchanged) ... ok
test_wrong_data_commit_source_hash_or_comparison_provenance_is_rejected (tests.test_photo_nape_metadata_boundary_history.NapeMetadataBoundaryHistoryTests.test_wrong_data_commit_source_hash_or_comparison_provenance_is_rejected) ... ok
test_anatomy_and_river_topology_keep_different_connections (tests.test_photo_water_relations.WaterRelationRegressionTests.test_anatomy_and_river_topology_keep_different_connections) ... ok
test_camera_property_and_equipment_owner_are_declared (tests.test_photo_water_relations.WaterRelationRegressionTests.test_camera_property_and_equipment_owner_are_declared) ... ok
test_complete_proposition_requires_all_components_for_hard_activation (tests.test_photo_water_relations.WaterRelationRegressionTests.test_complete_proposition_requires_all_components_for_hard_activation) ... ok
test_natural_component_paraphrases_enable_only_optional_discovery (tests.test_photo_water_relations.WaterRelationRegressionTests.test_natural_component_paraphrases_enable_only_optional_discovery) ... ok
test_nonportrait_subjects_keep_their_actual_category (tests.test_photo_water_relations.WaterRelationRegressionTests.test_nonportrait_subjects_keep_their_actual_category) ... ok
test_nonvisual_properties_never_become_exact_shape_aliases (tests.test_photo_water_relations.WaterRelationRegressionTests.test_nonvisual_properties_never_become_exact_shape_aliases) ... ok
test_wetness_cannot_imply_transparency_or_change_garment_layering (tests.test_photo_water_relations.WaterRelationRegressionTests.test_wetness_cannot_imply_transparency_or_change_garment_layering) ... ok
test_broad_labels_do_not_establish_relations (tests.test_photo_opening_era_semantics.OpeningEraTests.test_broad_labels_do_not_establish_relations) ... ok
test_candidates_available_in_merged_public_data (tests.test_photo_opening_era_semantics.OpeningEraTests.test_candidates_available_in_merged_public_data) ... ok
test_complete_relations_and_partial_boundaries (tests.test_photo_opening_era_semantics.OpeningEraTests.test_complete_relations_and_partial_boundaries) ... ok
test_embedding_paraphrase_hits_remain_optional (tests.test_photo_opening_era_semantics.OpeningEraTests.test_embedding_paraphrase_hits_remain_optional) ... ok
test_maintenance_hash_and_index_coverage (tests.test_photo_opening_era_semantics.OpeningEraTests.test_maintenance_hash_and_index_coverage) ... ok
test_optional_bundle_scope_and_missing_member_fail_closed (tests.test_photo_opening_era_semantics.OpeningEraTests.test_optional_bundle_scope_and_missing_member_fail_closed) ... ok
test_alternative_components_require_every_part (tests.test_photo_subculture_appearance_alternatives.PhotoSubcultureAppearanceAlternativesTests.test_alternative_components_require_every_part) ... ok
test_empty_scope_domains_and_body_conversion_are_not_hidden_in_appearance (tests.test_photo_subculture_appearance_alternatives.PhotoSubcultureAppearanceAlternativesTests.test_empty_scope_domains_and_body_conversion_are_not_hidden_in_appearance) ... ok
test_exact_scope_is_positive_and_advisory_cannot_become_hard (tests.test_photo_subculture_appearance_alternatives.PhotoSubcultureAppearanceAlternativesTests.test_exact_scope_is_positive_and_advisory_cannot_become_hard) ... ok
test_existing_owners_keep_activation_effects_and_gate_meaning (tests.test_photo_subculture_appearance_alternatives.PhotoSubcultureAppearanceAlternativesTests.test_existing_owners_keep_activation_effects_and_gate_meaning) ... ok
test_parent_property_locks_and_carrier_aliases_are_preserved (tests.test_photo_subculture_appearance_alternatives.PhotoSubcultureAppearanceAlternativesTests.test_parent_property_locks_and_carrier_aliases_are_preserved) ... ok
test_wrong_carriers_and_neighbor_structures_do_not_supply_components (tests.test_photo_subculture_appearance_alternatives.PhotoSubcultureAppearanceAlternativesTests.test_wrong_carriers_and_neighbor_structures_do_not_supply_components) ... ok
test_affirmative_excluded_relations_remain_blocked (tests.test_photo_lighting_composition_boundary_data.LightingCompositionBoundaryDataTests.test_affirmative_excluded_relations_remain_blocked) ... ok
test_authored_complete_contexts_do_not_self_exclude (tests.test_photo_lighting_composition_boundary_data.LightingCompositionBoundaryDataTests.test_authored_complete_contexts_do_not_self_exclude) ... ok
test_boundary_evidence_anchor_meets_unchanged_minimum (tests.test_photo_lighting_composition_boundary_data.LightingCompositionBoundaryDataTests.test_boundary_evidence_anchor_meets_unchanged_minimum) ... ok
test_complete_lighting_paraphrases_remain_discoverable (tests.test_photo_lighting_composition_boundary_data.LightingCompositionBoundaryDataTests.test_complete_lighting_paraphrases_remain_discoverable) ... ok
test_one_generic_lighting_component_is_not_a_complete_paraphrase (tests.test_photo_lighting_composition_boundary_data.LightingCompositionBoundaryDataTests.test_one_generic_lighting_component_is_not_a_complete_paraphrase) ... ok
test_candidate_relation_direction_is_visible_to_both_search_lanes (tests.test_photo_positive_retrieval.PositiveVisualRetrievalTests.test_candidate_relation_direction_is_visible_to_both_search_lanes) ... ok
test_control_and_boundary_mutations_cannot_change_positive_documents (tests.test_photo_positive_retrieval.PositiveVisualRetrievalTests.test_control_and_boundary_mutations_cannot_change_positive_documents) ... ok
test_exact_names_keep_their_separate_authority_lane (tests.test_photo_positive_retrieval.PositiveVisualRetrievalTests.test_exact_names_keep_their_separate_authority_lane) ... ok
test_negative_form_meaning_and_multilingual_relations_are_retained (tests.test_photo_positive_retrieval.PositiveVisualRetrievalTests.test_negative_form_meaning_and_multilingual_relations_are_retained) ... ok
test_positive_meaning_mutation_changes_both_retrieval_lanes (tests.test_photo_positive_retrieval.PositiveVisualRetrievalTests.test_positive_meaning_mutation_changes_both_retrieval_lanes) ... ok
test_disconnected_route_rejected (tests.test_photo_convoy_route_alternative.ConvoyRouteAlternativeTests.test_disconnected_route_rejected) ... ok
test_five_duties_remain_required (tests.test_photo_convoy_route_alternative.ConvoyRouteAlternativeTests.test_five_duties_remain_required) ... ok
test_generic_and_legacy_routes (tests.test_photo_convoy_route_alternative.ConvoyRouteAlternativeTests.test_generic_and_legacy_routes) ... ok
test_preserve_legacy_and_gate (tests.test_photo_convoy_route_alternative.ConvoyRouteAlternativeTests.test_preserve_legacy_and_gate) ... ok
test_existing_component_alternative_is_accepted_without_rewording (tests.test_photo_liminal_maintained_alternative.LiminalMaintainedAlternativeTests.test_existing_component_alternative_is_accepted_without_rewording) ... ok
test_five_required_groups_and_render_gates_are_preserved (tests.test_photo_liminal_maintained_alternative.LiminalMaintainedAlternativeTests.test_five_required_groups_and_render_gates_are_preserved) ... ok
test_old_all_cue_conjunction_remains_accepted (tests.test_photo_liminal_maintained_alternative.LiminalMaintainedAlternativeTests.test_old_all_cue_conjunction_remains_accepted) ... ok
test_unsupported_maintained_evidence_and_explicit_exclusions_remain_rejected (tests.test_photo_liminal_maintained_alternative.LiminalMaintainedAlternativeTests.test_unsupported_maintained_evidence_and_explicit_exclusions_remain_rejected) ... ok
test_back_relation_requires_every_component_in_both_languages (tests.test_photo_robe_back_source_consistency.RobeBackSourceScopeConsistencyTests.test_back_relation_requires_every_component_in_both_languages) ... ok
test_bundle_does_not_add_a_new_motif_or_change_the_garment_owner (tests.test_photo_robe_back_source_consistency.RobeBackSourceScopeConsistencyTests.test_bundle_does_not_add_a_new_motif_or_change_the_garment_owner) ... ok
test_front_and_mixed_side_relations_do_not_satisfy_back_variant (tests.test_photo_robe_back_source_consistency.RobeBackSourceScopeConsistencyTests.test_front_and_mixed_side_relations_do_not_satisfy_back_variant) ... ok
test_source_repair_keeps_existing_component_api_and_owned_layout (tests.test_photo_robe_back_source_consistency.RobeBackSourceScopeConsistencyTests.test_source_repair_keeps_existing_component_api_and_owned_layout) ... ok
test_destination_must_be_empty_and_regular (tests.test_photo_v20_historical_fixture.V20HistoricalFixtureTests.test_destination_must_be_empty_and_regular) ... ok
test_exact_1d30_source_and_dependencies_are_loaded_without_git (tests.test_photo_v20_historical_fixture.V20HistoricalFixtureTests.test_exact_1d30_source_and_dependencies_are_loaded_without_git) ... ok
test_manifest_rejects_path_traversal_duplicate_missing_and_coordinated_rehash (tests.test_photo_v20_historical_fixture.V20HistoricalFixtureTests.test_manifest_rejects_path_traversal_duplicate_missing_and_coordinated_rehash) ... ok
test_source_payload_rejects_missing_mutated_and_symlink_bytes (tests.test_photo_v20_historical_fixture.V20HistoricalFixtureTests.test_source_payload_rejects_missing_mutated_and_symlink_bytes) ... ok
test_both_profiles_keep_all_four_required_components (tests.test_photo_environment_alternative_consistency.EnvironmentAlternativeConsistencyTests.test_both_profiles_keep_all_four_required_components) ... ok
test_dune_transport_alternative_keeps_connected_geometry (tests.test_photo_environment_alternative_consistency.EnvironmentAlternativeConsistencyTests.test_dune_transport_alternative_keeps_connected_geometry) ... ok
test_wetland_saturation_survives_materialization (tests.test_photo_environment_alternative_consistency.EnvironmentAlternativeConsistencyTests.test_wetland_saturation_survives_materialization) ... ok
test_default_instructions_and_evidence_do_not_force_lateral_motion (tests.test_photo_panning_direction_scope.PanningDirectionScopeDataTests.test_default_instructions_and_evidence_do_not_force_lateral_motion) ... ok
test_neutral_and_legacy_lateral_components_remain_compatible (tests.test_photo_panning_direction_scope.PanningDirectionScopeDataTests.test_neutral_and_legacy_lateral_components_remain_compatible) ... ok
test_no_broad_panning_alias_or_gate_relaxation (tests.test_photo_panning_direction_scope.PanningDirectionScopeDataTests.test_no_broad_panning_alias_or_gate_relaxation) ... ok
test_evidence_keeps_front_and_adds_side_at_same_floor (tests.test_photo_wrap_skirt_side_alternative.WrapSkirtSideAlternativeTests.test_evidence_keeps_front_and_adds_side_at_same_floor) ... ok
test_front_neutral_korean_and_explicit_side_variants (tests.test_photo_wrap_skirt_side_alternative.WrapSkirtSideAlternativeTests.test_front_neutral_korean_and_explicit_side_variants) ... ok
test_side_does_not_relax_declared_confounds (tests.test_photo_wrap_skirt_side_alternative.WrapSkirtSideAlternativeTests.test_side_does_not_relax_declared_confounds) ... ok
test_invalid_successor_lineage_fails_before_replay (tests.test_photo_slang_boundary_history.SlangBoundaryHistoryTests.test_invalid_successor_lineage_fails_before_replay) ... ok
test_v7_and_all_four_frozen_inputs_are_preserved_byte_for_byte (tests.test_photo_slang_boundary_history.SlangBoundaryHistoryTests.test_v7_and_all_four_frozen_inputs_are_preserved_byte_for_byte) ... ok

----------------------------------------------------------------------
Ran 323 tests in 1025.175s

OK
