test_bad_receipt_fails_before_key_or_provider (tests.test_photo_api_render_preflight.PhotoApiRenderPreflightTests.test_bad_receipt_fails_before_key_or_provider) ... ok
test_cli_dry_run (tests.test_photo_api_render_preflight.PhotoApiRenderPreflightTests.test_cli_dry_run) ... ok
test_copies_are_immutable_and_sidecar_is_independently_checked (tests.test_photo_api_render_preflight.PhotoApiRenderPreflightTests.test_copies_are_immutable_and_sidecar_is_independently_checked) ... ok
test_exact_transport_and_successful_ledger_binding (tests.test_photo_api_render_preflight.PhotoApiRenderPreflightTests.test_exact_transport_and_successful_ledger_binding) ... ok
test_mutable_files_are_not_reread_after_preflight (tests.test_photo_api_render_preflight.PhotoApiRenderPreflightTests.test_mutable_files_are_not_reread_after_preflight) ... ok
test_negative_runtime_additions_and_references_fail_without_rewrite (tests.test_photo_api_render_preflight.PhotoApiRenderPreflightTests.test_negative_runtime_additions_and_references_fail_without_rewrite) ... ok
test_observed_provider_metadata_and_decoded_payload (tests.test_photo_api_render_preflight.PhotoApiRenderPreflightTests.test_observed_provider_metadata_and_decoded_payload) ... ok
test_pack_and_runtime_binding_tampering (tests.test_photo_api_render_preflight.PhotoApiRenderPreflightTests.test_pack_and_runtime_binding_tampering) ... ok
test_positive_attempts_and_retired_cli_fail (tests.test_photo_api_render_preflight.PhotoApiRenderPreflightTests.test_positive_attempts_and_retired_cli_fail) ... ok
test_raw_prompt_and_multiple_objects_are_rejected (tests.test_photo_api_render_preflight.PhotoApiRenderPreflightTests.test_raw_prompt_and_multiple_objects_are_rejected) ... ok
test_real_dry_run_no_key_network_or_attempt (tests.test_photo_api_render_preflight.PhotoApiRenderPreflightTests.test_real_dry_run_no_key_network_or_attempt) ... ok
test_rehashed_forged_pass_is_recomputed_before_recording (tests.test_photo_api_render_preflight.PhotoApiRenderPreflightTests.test_rehashed_forged_pass_is_recomputed_before_recording) ... ok
test_self_declared_pass_does_not_replace_audit (tests.test_photo_api_render_preflight.PhotoApiRenderPreflightTests.test_self_declared_pass_does_not_replace_audit) ... ok
test_body_read_failure_records_unavailable_fidelity (tests.test_photo_image_attempt_evidence.ApiErrorEvidenceTests.test_body_read_failure_records_unavailable_fidelity) ... ok
test_evidence_save_failure_stops_before_retry_or_unbound_ledger_row (tests.test_photo_image_attempt_evidence.ApiErrorEvidenceTests.test_evidence_save_failure_stops_before_retry_or_unbound_ledger_row) ... ok
test_local_image_save_failure_records_returned_call_without_regeneration (tests.test_photo_image_attempt_evidence.ApiErrorEvidenceTests.test_local_image_save_failure_records_returned_call_without_regeneration) ... /opt/homebrew/Cellar/python@3.14/3.14.3_1/Frameworks/Python.framework/Versions/3.14/lib/python3.14/tempfile.py:484: ResourceWarning: Implicitly cleaning up <HTTPError 400: 'fixture'>
  _warnings.warn(self.warn_message, ResourceWarning)
ok
test_long_http_error_retains_full_bytes_and_structured_fields (tests.test_photo_image_attempt_evidence.ApiErrorEvidenceTests.test_long_http_error_retains_full_bytes_and_structured_fields) ... ok
test_non_utf8_response_is_recorded_with_exact_bytes (tests.test_photo_image_attempt_evidence.ApiErrorEvidenceTests.test_non_utf8_response_is_recorded_with_exact_bytes) ... ok
test_recorder_failure_stops_retries_and_keeps_error_evidence (tests.test_photo_image_attempt_evidence.ApiErrorEvidenceTests.test_recorder_failure_stops_retries_and_keeps_error_evidence) ... ok
test_safety_word_and_malformed_payload_do_not_classify_moderation (tests.test_photo_image_attempt_evidence.ApiErrorEvidenceTests.test_safety_word_and_malformed_payload_do_not_classify_moderation) ... ok
test_context_and_sha_mutations_are_rejected_before_ledger_write (tests.test_photo_image_attempt_evidence.EvidenceBindingTests.test_context_and_sha_mutations_are_rejected_before_ledger_write) ... ok
test_error_evidence_is_copied_into_independent_manifest (tests.test_photo_image_attempt_evidence.EvidenceBindingTests.test_error_evidence_is_copied_into_independent_manifest) ... ok
test_evidence_writer_does_not_replace_a_previous_attempt (tests.test_photo_image_attempt_evidence.EvidenceBindingTests.test_evidence_writer_does_not_replace_a_previous_attempt) ... ok
test_legacy_namespace_without_optional_evidence_fields_keeps_output (tests.test_photo_image_attempt_evidence.EvidenceBindingTests.test_legacy_namespace_without_optional_evidence_fields_keeps_output) ... ok
test_schema_keeps_error_fields_bound_and_supported_fidelities_in_sync (tests.test_photo_image_attempt_evidence.EvidenceBindingTests.test_schema_keeps_error_fields_bound_and_supported_fidelities_in_sync) ... ok
test_writer_cli_retains_unicode_and_refuses_existing_path (tests.test_photo_image_attempt_evidence.EvidenceBindingTests.test_writer_cli_retains_unicode_and_refuses_existing_path) ... ok
test_category_limits_keep_fidelity_truthful_and_exact_strings_intact (tests.test_photo_image_attempt_evidence.NativeCaptureTests.test_category_limits_keep_fidelity_truthful_and_exact_strings_intact) ... ok
test_documented_native_template_saves_literal_shell_text_and_stops_on_write_failure (tests.test_photo_image_attempt_evidence.NativeCaptureTests.test_documented_native_template_saves_literal_shell_text_and_stops_on_write_failure) ... ok
test_generic_safety_word_stays_unclassified (tests.test_photo_image_attempt_evidence.NativeCaptureTests.test_generic_safety_word_stays_unclassified) ... ok
test_lone_surrogate_raw_string_survives_file_and_ledger_binding (tests.test_photo_image_attempt_evidence.NativeCaptureTests.test_lone_surrogate_raw_string_survives_file_and_ledger_binding) ... ok
test_non_error_values_cycles_getters_and_proxies_cannot_break_capture (tests.test_photo_image_attempt_evidence.NativeCaptureTests.test_non_error_values_cycles_getters_and_proxies_cannot_break_capture) ... ok
test_string_and_plain_object_provider_errors_preserve_metadata (tests.test_photo_image_attempt_evidence.NativeCaptureTests.test_string_and_plain_object_provider_errors_preserve_metadata) ... ok

----------------------------------------------------------------------
Ran 32 tests in 116.281s

OK
