test_authorial_budget_expands_advisory_ceiling_for_required_evidence (tests.test_photo_authorial_core_v6.PhotoAuthorialCoreV6Tests.test_authorial_budget_expands_advisory_ceiling_for_required_evidence) ... ok
test_authorial_core_and_composed_prompt_use_advisory_and_absolute_budgets (tests.test_photo_authorial_core_v6.PhotoAuthorialCoreV6Tests.test_authorial_core_and_composed_prompt_use_advisory_and_absolute_budgets) ... ok
test_blanket_negative_rewrite_is_rejected_before_core_freeze (tests.test_photo_authorial_core_v6.PhotoAuthorialCoreV6Tests.test_blanket_negative_rewrite_is_rejected_before_core_freeze) ... ok
test_character_response_compiles_only_frozen_generic_structure (tests.test_photo_authorial_core_v6.PhotoAuthorialCoreV6Tests.test_character_response_compiles_only_frozen_generic_structure) ... ok
test_negative_intent_guard_filters_semantic_defaults_and_is_auditable (tests.test_photo_authorial_core_v6.PhotoAuthorialCoreV6Tests.test_negative_intent_guard_filters_semantic_defaults_and_is_auditable) ... ok
test_negative_intent_guard_generator_and_auditor_vocabularies_match (tests.test_photo_authorial_core_v6.PhotoAuthorialCoreV6Tests.test_negative_intent_guard_generator_and_auditor_vocabularies_match) ... ok
test_raw_character_labels_never_create_typed_response (tests.test_photo_authorial_core_v6.PhotoAuthorialCoreV6Tests.test_raw_character_labels_never_create_typed_response) ... ok
test_reality_error_v6_pack_carries_world_invariant_obligation (tests.test_photo_authorial_core_v6.PhotoAuthorialCoreV6Tests.test_reality_error_v6_pack_carries_world_invariant_obligation) ... ok
test_required_assertion_rejects_unfrozen_or_unlocked_evidence (tests.test_photo_authorial_core_v6.PhotoAuthorialCoreV6Tests.test_required_assertion_rejects_unfrozen_or_unlocked_evidence) ... ok
test_required_non_character_assertion_binds_final_prompt_evidence (tests.test_photo_authorial_core_v6.PhotoAuthorialCoreV6Tests.test_required_non_character_assertion_binds_final_prompt_evidence) ... ok
test_retry_lineage_is_hash_bound_and_dimension_disjoint (tests.test_photo_authorial_core_v6.PhotoAuthorialCoreV6Tests.test_retry_lineage_is_hash_bound_and_dimension_disjoint) ... ok
test_retry_preserves_yandere_as_a_hard_visual_obligation (tests.test_photo_authorial_core_v6.PhotoAuthorialCoreV6Tests.test_retry_preserves_yandere_as_a_hard_visual_obligation) ... ok
test_v3_freezes_typed_character_response_evidence (tests.test_photo_authorial_core_v6.PhotoAuthorialCoreV6Tests.test_v3_freezes_typed_character_response_evidence) ... ok
test_v6_character_response_audit_binds_exact_frozen_evidence (tests.test_photo_authorial_core_v6.PhotoAuthorialCoreV6Tests.test_v6_character_response_audit_binds_exact_frozen_evidence) ... ok
test_v6_generation_and_pack_never_call_legacy_raw_moe_router (tests.test_photo_authorial_core_v6.PhotoAuthorialCoreV6Tests.test_v6_generation_and_pack_never_call_legacy_raw_moe_router) ... ok
test_v6_routing_never_calls_legacy_raw_moe_router (tests.test_photo_authorial_core_v6.PhotoAuthorialCoreV6Tests.test_v6_routing_never_calls_legacy_raw_moe_router) ... ok
test_yandere_core_binds_same_target_affection_control_relation (tests.test_photo_authorial_core_v6.PhotoAuthorialCoreV6Tests.test_yandere_core_binds_same_target_affection_control_relation) ... ok
test_yandere_v6_pack_carries_relation_and_visual_obligation (tests.test_photo_authorial_core_v6.PhotoAuthorialCoreV6Tests.test_yandere_v6_pack_carries_relation_and_visual_obligation) ... ok
test_adult_woman_context_is_allowing_not_blocking (tests.test_photo_visual_profile_retrieval.PhotoVisualProfileRetrievalTests.test_adult_woman_context_is_allowing_not_blocking) ... ok
test_bm25f_and_embedding_fuse_without_promoting_to_hard (tests.test_photo_visual_profile_retrieval.PhotoVisualProfileRetrievalTests.test_bm25f_and_embedding_fuse_without_promoting_to_hard) ... ok
test_bm25f_only_paraphrase_is_optional_and_cannot_create_an_obligation (tests.test_photo_visual_profile_retrieval.PhotoVisualProfileRetrievalTests.test_bm25f_only_paraphrase_is_optional_and_cannot_create_an_obligation) ... ok
test_commercial_defense_glossary_honors_alignment_override_and_negation (tests.test_photo_visual_profile_retrieval.PhotoVisualProfileRetrievalTests.test_commercial_defense_glossary_honors_alignment_override_and_negation) ... ok
test_composition_relation_embedding_lane_remains_optional (tests.test_photo_visual_profile_retrieval.PhotoVisualProfileRetrievalTests.test_composition_relation_embedding_lane_remains_optional) ... ok
test_embedding_score_is_positive_context_proof_but_shared_negatives_still_win (tests.test_photo_visual_profile_retrieval.PhotoVisualProfileRetrievalTests.test_embedding_score_is_positive_context_proof_but_shared_negatives_still_win) ... ok
test_exact_hit_stays_hard_while_negation_and_user_definition_cannot_resurrect (tests.test_photo_visual_profile_retrieval.PhotoVisualProfileRetrievalTests.test_exact_hit_stays_hard_while_negation_and_user_definition_cannot_resurrect) ... ok
test_hybrid_paraphrase_projects_optional_candidate_from_one_resolution (tests.test_photo_visual_profile_retrieval.PhotoVisualProfileRetrievalTests.test_hybrid_paraphrase_projects_optional_candidate_from_one_resolution) ... ok
test_index_is_registry_bound_and_separates_exact_from_semantic_text (tests.test_photo_visual_profile_retrieval.PhotoVisualProfileRetrievalTests.test_index_is_registry_bound_and_separates_exact_from_semantic_text) ... ok
test_new_profile_embedding_paraphrases_remain_optional_only (tests.test_photo_visual_profile_retrieval.PhotoVisualProfileRetrievalTests.test_new_profile_embedding_paraphrases_remain_optional_only) ... ok
test_relation_profile_requires_component_evidence_for_semantic_discovery (tests.test_photo_visual_profile_retrieval.PhotoVisualProfileRetrievalTests.test_relation_profile_requires_component_evidence_for_semantic_discovery) ... ok
test_role_and_garment_exact_terms_require_their_visual_context (tests.test_photo_visual_profile_retrieval.PhotoVisualProfileRetrievalTests.test_role_and_garment_exact_terms_require_their_visual_context) ... ok
test_sensitive_contained_affect_term_requires_visual_character_context (tests.test_photo_visual_profile_retrieval.PhotoVisualProfileRetrievalTests.test_sensitive_contained_affect_term_requires_visual_character_context) ... ok
test_audit_does_not_call_producer_policy_or_core_normalizers (tests.test_photo_authorship_policy.PhotoAuthorshipPolicyTests.test_audit_does_not_call_producer_policy_or_core_normalizers) ... ok
test_closed_dimensions_and_missing_anchor_still_fail (tests.test_photo_authorship_policy.PhotoAuthorshipPolicyTests.test_closed_dimensions_and_missing_anchor_still_fail) ... ok
test_missing_current_policy_is_rejected (tests.test_photo_authorship_policy.PhotoAuthorshipPolicyTests.test_missing_current_policy_is_rejected) ... ok
test_obsolete_pack_and_core_versions_are_rejected (tests.test_photo_authorship_policy.PhotoAuthorshipPolicyTests.test_obsolete_pack_and_core_versions_are_rejected) ... ok
test_optional_decisions_remain_distinct_substantive_and_explicit (tests.test_photo_authorship_policy.PhotoAuthorshipPolicyTests.test_optional_decisions_remain_distinct_substantive_and_explicit) ... ok
test_optional_preserved_evidence_is_still_well_formed_and_literal (tests.test_photo_authorship_policy.PhotoAuthorshipPolicyTests.test_optional_preserved_evidence_is_still_well_formed_and_literal) ... ok
test_policy_deletion_or_forgery_cannot_grant_more_freedom (tests.test_photo_authorship_policy.PhotoAuthorshipPolicyTests.test_policy_deletion_or_forgery_cannot_grant_more_freedom) ... ok
test_serialized_v1_policy_is_rejected (tests.test_photo_authorship_policy.PhotoAuthorshipPolicyTests.test_serialized_v1_policy_is_rejected) ... ok
test_shared_canonical_bytes_and_vocabulary_are_unchanged (tests.test_photo_authorship_policy.PhotoAuthorshipPolicyTests.test_shared_canonical_bytes_and_vocabulary_are_unchanged) ... ok
test_unbound_staging_can_be_replaced_without_rewriting_the_core (tests.test_photo_authorship_policy.PhotoAuthorshipPolicyTests.test_unbound_staging_can_be_replaced_without_rewriting_the_core) ... ok
test_v3_requires_explicit_freedom_without_weakening_lock_validation (tests.test_photo_authorship_policy.PhotoAuthorshipPolicyTests.test_v3_requires_explicit_freedom_without_weakening_lock_validation) ... ok
test_zero_one_and_multiple_open_dimensions_pass_full_audit (tests.test_photo_authorship_policy.PhotoAuthorshipPolicyTests.test_zero_one_and_multiple_open_dimensions_pass_full_audit) ... ok
test_adopted_candidate_requires_its_complete_effect_in_the_brief (tests.test_photo_adult_appeal_scope.PhotoAdultAppealScopeTests.test_adopted_candidate_requires_its_complete_effect_in_the_brief) ... ok
test_composed_audit_rejects_locked_and_undeclared_effects (tests.test_photo_adult_appeal_scope.PhotoAdultAppealScopeTests.test_composed_audit_rejects_locked_and_undeclared_effects) ... ok
test_dimension_policy_rejects_unknown_source_and_dimension (tests.test_photo_adult_appeal_scope.PhotoAdultAppealScopeTests.test_dimension_policy_rejects_unknown_source_and_dimension) ... ok
test_exact_runtime_accepts_the_scoped_composition (tests.test_photo_adult_appeal_scope.PhotoAdultAppealScopeTests.test_exact_runtime_accepts_the_scoped_composition) ... ok
test_exhausted_current_scope_disables_axes_without_losing_requested_strengths (tests.test_photo_adult_appeal_scope.PhotoAdultAppealScopeTests.test_exhausted_current_scope_disables_axes_without_losing_requested_strengths) ... ok
test_explicit_opt_out_remains_off (tests.test_photo_adult_appeal_scope.PhotoAdultAppealScopeTests.test_explicit_opt_out_remains_off) ... ok
test_full_audit_requires_final_context_for_an_ordinary_candidate (tests.test_photo_adult_appeal_scope.PhotoAdultAppealScopeTests.test_full_audit_requires_final_context_for_an_ordinary_candidate) ... ok
test_full_composed_audit_accepts_unlocked_pose_and_material (tests.test_photo_adult_appeal_scope.PhotoAdultAppealScopeTests.test_full_composed_audit_accepts_unlocked_pose_and_material) ... ok
test_inventory_override_cannot_erase_an_entry_declared_effect (tests.test_photo_adult_appeal_scope.PhotoAdultAppealScopeTests.test_inventory_override_cannot_erase_an_entry_declared_effect) ... ok
test_locked_garment_excludes_whole_conflicting_candidates (tests.test_photo_adult_appeal_scope.PhotoAdultAppealScopeTests.test_locked_garment_excludes_whole_conflicting_candidates) ... ok
test_locked_style_and_flash_preserve_both_requested_intensities (tests.test_photo_adult_appeal_scope.PhotoAdultAppealScopeTests.test_locked_style_and_flash_preserve_both_requested_intensities) ... ok
test_missing_current_dimension_scope_is_rejected (tests.test_photo_adult_appeal_scope.PhotoAdultAppealScopeTests.test_missing_current_dimension_scope_is_rejected) ... ok
test_sampled_adult_candidate_uses_same_scope_but_other_candidates_do_not (tests.test_photo_adult_appeal_scope.PhotoAdultAppealScopeTests.test_sampled_adult_candidate_uses_same_scope_but_other_candidates_do_not) ... ok
test_scope_and_candidate_tampering_fail (tests.test_photo_adult_appeal_scope.PhotoAdultAppealScopeTests.test_scope_and_candidate_tampering_fail) ... ok
test_authorial_fields_may_disambiguate_but_cannot_hard_activate_profiles (tests.test_photo_prepack_isolation.PhotoPrepackIsolationTests.test_authorial_fields_may_disambiguate_but_cannot_hard_activate_profiles) ... ok
test_core_requires_a_resolved_ambiguity_boundary_and_auditable_web_basis (tests.test_photo_prepack_isolation.PhotoPrepackIsolationTests.test_core_requires_a_resolved_ambiguity_boundary_and_auditable_web_basis) ... ok
test_frozen_core_revision_decisions_are_rejected (tests.test_photo_prepack_isolation.PhotoPrepackIsolationTests.test_frozen_core_revision_decisions_are_rejected) ... ok
test_public_current_flow_resolves_profile_only_after_receiving_a_frozen_core (tests.test_photo_prepack_isolation.PhotoPrepackIsolationTests.test_public_current_flow_resolves_profile_only_after_receiving_a_frozen_core) ... ok
test_skill_procedure_contains_no_registry_keyword_knowledge (tests.test_photo_prepack_isolation.PhotoPrepackIsolationTests.test_skill_procedure_contains_no_registry_keyword_knowledge) ... ok
test_visual_intent_profile_resolution_occurs_without_a_precore_profile_id (tests.test_photo_prepack_isolation.PhotoPrepackIsolationTests.test_visual_intent_profile_resolution_occurs_without_a_precore_profile_id) ... ok
test_attached_reference_hashes_are_preserved (tests.test_photo_run_manifest.PhotoRunManifestTests.test_attached_reference_hashes_are_preserved) ... ok
test_invalid_attached_reference_is_rejected_before_any_write (tests.test_photo_run_manifest.PhotoRunManifestTests.test_invalid_attached_reference_is_rejected_before_any_write) ... ok
test_text_only_attempt_still_requires_core_and_source_provenance (tests.test_photo_run_manifest.PhotoRunManifestTests.test_text_only_attempt_still_requires_core_and_source_provenance) ... ok
test_text_only_success_and_blocked_attempts_write_one_manifest_and_ledger_row (tests.test_photo_run_manifest.PhotoRunManifestTests.test_text_only_success_and_blocked_attempts_write_one_manifest_and_ledger_row) ... ok

----------------------------------------------------------------------
Ran 67 tests in 379.844s

OK
