test_absent_value_and_unrecognized_text_are_distinct (tests.test_photo_meaning_diagnostics.PhotoMeaningDiagnosticsTests.test_absent_value_and_unrecognized_text_are_distinct) ... ok
test_advisory_axis_does_not_relax_other_profile_or_required_relations (tests.test_photo_meaning_diagnostics.PhotoMeaningDiagnosticsTests.test_advisory_axis_does_not_relax_other_profile_or_required_relations) ... ok
test_baseline_decisions_preserved_with_more_precise_reasons (tests.test_photo_meaning_diagnostics.PhotoMeaningDiagnosticsTests.test_baseline_decisions_preserved_with_more_precise_reasons) ... ok
test_composed_audit_rejects_fabricated_profile_diagnostic (tests.test_photo_meaning_diagnostics.PhotoMeaningDiagnosticsTests.test_composed_audit_rejects_fabricated_profile_diagnostic) ... ok
test_diagnostics_preserve_original_spacing_and_offsets (tests.test_photo_meaning_diagnostics.PhotoMeaningDiagnosticsTests.test_diagnostics_preserve_original_spacing_and_offsets) ... ok
test_exclusion_evidence_is_literal_and_bounded (tests.test_photo_meaning_diagnostics.PhotoMeaningDiagnosticsTests.test_exclusion_evidence_is_literal_and_bounded) ... ok
test_lexical_positive_context_failure_is_not_a_resolved_other_sense (tests.test_photo_meaning_diagnostics.PhotoMeaningDiagnosticsTests.test_lexical_positive_context_failure_is_not_a_resolved_other_sense) ... ok
test_member_order_remains_immaterial (tests.test_photo_meaning_diagnostics.PhotoMeaningDiagnosticsTests.test_member_order_remains_immaterial) ... ok
test_polarity_and_phrase_boundaries (tests.test_photo_meaning_diagnostics.PhotoMeaningDiagnosticsTests.test_polarity_and_phrase_boundaries) ... ok
test_relation_absence_order_and_endpoints (tests.test_photo_meaning_diagnostics.PhotoMeaningDiagnosticsTests.test_relation_absence_order_and_endpoints) ... ok
test_reviewed_multilingual_expressions_and_unregistered_holdout (tests.test_photo_meaning_diagnostics.PhotoMeaningDiagnosticsTests.test_reviewed_multilingual_expressions_and_unregistered_holdout) ... ok
test_same_operator_different_members_is_not_operator_absence (tests.test_photo_meaning_diagnostics.PhotoMeaningDiagnosticsTests.test_same_operator_different_members_is_not_operator_absence) ... ok
test_actual_generated_index_contains_profile_and_confounders (tests.test_photo_character_response_concepts.PhotoCharacterResponseConceptTests.test_actual_generated_index_contains_profile_and_confounders) ... ok
test_conflicting_or_requester_superseded_profiles_cannot_link_behavior (tests.test_photo_character_response_concepts.PhotoCharacterResponseConceptTests.test_conflicting_or_requester_superseded_profiles_cannot_link_behavior) ... ok
test_confounders_share_the_existing_semantic_index (tests.test_photo_character_response_concepts.PhotoCharacterResponseConceptTests.test_confounders_share_the_existing_semantic_index) ... ok
test_kuudere_profile_keeps_composure_and_same_target_care_together (tests.test_photo_character_response_concepts.PhotoCharacterResponseConceptTests.test_kuudere_profile_keeps_composure_and_same_target_care_together) ... ok
test_multilingual_fixture_uses_contrastive_bm25f (tests.test_photo_character_response_concepts.PhotoCharacterResponseConceptTests.test_multilingual_fixture_uses_contrastive_bm25f) ... ok
test_new_profile_uses_the_same_schema_without_code_changes (tests.test_photo_character_response_concepts.PhotoCharacterResponseConceptTests.test_new_profile_uses_the_same_schema_without_code_changes) ... ok
test_post_core_retrieval_is_advisory_and_score_free (tests.test_photo_character_response_concepts.PhotoCharacterResponseConceptTests.test_post_core_retrieval_is_advisory_and_score_free) ... ok
test_profile_consistency_is_data_driven_and_requester_first (tests.test_photo_character_response_concepts.PhotoCharacterResponseConceptTests.test_profile_consistency_is_data_driven_and_requester_first) ... ok
test_profile_defines_abstract_meaning_without_scene_geometry (tests.test_photo_character_response_concepts.PhotoCharacterResponseConceptTests.test_profile_defines_abstract_meaning_without_scene_geometry) ... ok
test_yandere_atomic_support_excludes_horror_and_invisible_shortcuts (tests.test_photo_character_response_concepts.PhotoCharacterResponseConceptTests.test_yandere_atomic_support_excludes_horror_and_invisible_shortcuts) ... ok
test_yandere_profile_is_behavior_led_and_contrastive (tests.test_photo_character_response_concepts.PhotoCharacterResponseConceptTests.test_yandere_profile_is_behavior_led_and_contrastive) ... ok
test_full_bundle_detail_cannot_drop_actor_or_relation_for_partial_use (tests.test_photo_composer_view.PhotoComposerViewTests.test_full_bundle_detail_cannot_drop_actor_or_relation_for_partial_use) ... ok
test_meaning_diagnostics_survive_catalog_and_detail (tests.test_photo_composer_view.PhotoComposerViewTests.test_meaning_diagnostics_survive_catalog_and_detail) ... ok
test_overview_exposes_requirements_and_detail_recovers_exact_source (tests.test_photo_composer_view.PhotoComposerViewTests.test_overview_exposes_requirements_and_detail_recovers_exact_source) ... ok
test_pack_and_view_mutations_are_rejected (tests.test_photo_composer_view.PhotoComposerViewTests.test_pack_and_view_mutations_are_rejected) ... ok
test_required_candidate_is_never_deferred (tests.test_photo_composer_view.PhotoComposerViewTests.test_required_candidate_is_never_deferred) ... ok
test_review_sources_preserve_exact_request_and_lock_ownership (tests.test_photo_composer_view.PhotoComposerViewTests.test_review_sources_preserve_exact_request_and_lock_ownership) ... ok
test_selected_candidate_recovers_exact_obligation_and_gates (tests.test_photo_composer_view.PhotoComposerViewTests.test_selected_candidate_recovers_exact_obligation_and_gates) ... ok
test_unknown_candidate_and_legacy_pack_are_rejected (tests.test_photo_composer_view.PhotoComposerViewTests.test_unknown_candidate_and_legacy_pack_are_rejected) ... ok
test_unknown_requirements_and_required_meaning_remain_exact (tests.test_photo_composer_view.PhotoComposerViewTests.test_unknown_requirements_and_required_meaning_remain_exact) ... ok

----------------------------------------------------------------------
Ran 32 tests in 22.828s

OK
