{
  "forward_nodes": 64,
  "forward_paths": 30,
  "unlinked_exposed": [
    "slot:action:closing_magic_circle_boundary",
    "slot:action:hand_finishing_mechanical_watch_bridges",
    "slot:aesthetic_trend:intertidal_zonation_aesthetic",
    "slot:ambient_particle:water_w027",
    "slot:atmosphere:hr_ground_fog_low_band",
    "slot:camera_direction:extreme_low_hero_angle",
    "slot:camera_direction:from_inside_service_window",
    "slot:camera_height:pr_fixed_surveillance_observation_candidate",
    "slot:camera_type:inspection_macro_rig",
    "slot:caption_context:hr_mockumentary_evidence_display",
    "slot:color:rb_bounce_owner_candidate",
    "slot:color_grading:rb_restrained_processing_candidate",
    "slot:concept_tension:organic_vs_synthetic_tension",
    "slot:concept_tension:warmth_vs_distance_tension",
    "slot:face_shape_relation:hr_displaced_features",
    "slot:film_emulation:pr_film_grain_print_scan_scope_candidate",
    "slot:format:four_cut_grid",
    "slot:genre:pictorialist_handworked_photography",
    "slot:grain_profile:pr_shadows_local_digital_noise_candidate",
    "slot:lens:probe_lens_macro",
    "slot:lens_artifact:pe_point_starburst",
    "slot:light_direction:pe_under_modeling",
    "slot:light_shape:royal_seal_spotlight",
    "slot:light_shape:water_w049",
    "slot:light_type:narrow_spotlight",
    "slot:light_type:phone_screen_face_glow",
    "slot:location:electronic_instrument_signal_studio",
    "slot:location:formal_biwu_courtyard_platform",
    "slot:medium:pr_camcorder_still_temporal_container_candidate",
    "slot:mood:awe_of_scale",
    "slot:mood:ordinary_magic_mood",
    "slot:motion:rb_local_motion_blur_candidate",
    "slot:narrative_core:ordinary_magic_core",
    "slot:narrative_core:urban_solitude_core",
    "slot:platform_framing:profile_picture_crop_safe",
    "slot:prop:pr_instant_print_material_object_candidate",
    "slot:quality:pe_double_exposure_overlap",
    "slot:quality:pe_sharpening_edge_halo",
    "slot:reflection_logic:water_w047",
    "slot:scale_relation:shadow_larger_than_source",
    "slot:sensory_focus:dust_in_worklight",
    "slot:situation_context:hr_eerie_expected_absence",
    "slot:situation_context:hr_religious_protection_breach",
    "slot:space_condition:sticker_layered_surfaces",
    "slot:surface_material:water_w006",
    "slot:surreal_anchor:coffee_cup_rim",
    "slot:surreal_concept:between_use_liminal_suspension",
    "slot:surreal_physics_detail:localized_refraction_at_contact",
    "slot:texture:glass_near_contact_reflected_fringes",
    "slot:transition_stage:hr_metamorphosis_transition_band",
    "slot:wearable_accessory:y2kr_narrow_glasses"
  ],
  "reverse_nodes": 49,
  "reverse_paths": 207,
  "reverse_ids": [
    "bundle:cr_variant_colored_rim",
    "bundle:hvb_01_korean_threshold_trace",
    "bundle:hvb_02_clean_cctv_difference",
    "bundle:hvb_12_giallo_witness_fragment",
    "bundle:mg_boolean_overlap_bundle",
    "bundle:mg_feathered_edge_bundle",
    "bundle:orn_gd62_bundle",
    "bundle:orn_gd65_bundle",
    "bundle:pe_rain_observation",
    "bundle:rbb_cafe_day",
    "bundle:rbb_film_location",
    "bundle:rbb_night_transit",
    "bundle:rbb_rain_aftermath",
    "bundle:rbb_shallow_bokeh_retained",
    "profile:cr_colored_rim",
    "profile:diegetic_reality_invariant_failure",
    "profile:hvr_profile_giallo_partial_witness",
    "profile:hvr_profile_incomplete_witness_fragment",
    "profile:hvr_profile_palette_neon_opposed_sources",
    "profile:hvr_profile_recording_local_discrepancy",
    "profile:hvr_profile_shroud_floor_drag",
    "profile:hvr_profile_twilight_detail_threshold",
    "profile:hvr_profile_wet_hair_skin_contact",
    "profile:kuudere_composed_warmth_relation",
    "profile:mg_boolean_overlap_relation",
    "profile:mg_collage_edges_relation",
    "profile:mg_feathered_edge_relation",
    "profile:orn_profile_gd62",
    "profile:orn_profile_gd65",
    "profile:pr_atmospheric_distance_contrast",
    "profile:pr_casual_crop_subject_legibility",
    "profile:pr_hair_strand_owner_and_cause",
    "profile:rb_architecture_connectivity",
    "profile:rb_exposure_priority",
    "profile:rb_film_grain_choice",
    "profile:rb_glass_reflection_transmission",
    "profile:rb_low_light_noise",
    "profile:rb_practical_pool",
    "profile:rb_readable_environment_focus",
    "profile:rb_soft_ground_contact",
    "profile:rb_use_trace_affordance",
    "profile:rb_window_room_gradient",
    "profile:shallow_depth_focus_falloff_relation",
    "profile:sheer_garment_optical_layering",
    "profile:upper_lip_philtral_contour",
    "profile:water_rel_w192",
    "profile:wearable_protective_armor_system",
    "profile:wet_surface_light_reflection_owner_relation",
    "profile:y2kr_pleated_mini"
  ],
  "output": "/Users/chasoik/.cache/image-prompt/photo-data-quality-links-20261007/qa/case-05/run/exposed-query-evidence.json"
}
