{
  "schema": "independent-final-tool-preservation/v1",
  "checked_at_utc": "2026-10-06T17:36:13.754433+00:00",
  "status": "PASS",
  "source_roots": [
    {
      "root": "/Users/chasoik/.cache/image-prompt/photo-data-quality-links-20261007/qa/case-05/skill",
      "checked_count": 165,
      "all_equal": true
    },
    {
      "root": "/Users/chasoik/.cache/image-prompt/photo-data-quality-links-20261007/qa/case-05/round-2/skill",
      "checked_count": 165,
      "all_equal": true
    }
  ],
  "original_tool_code_equal": true,
  "final_tool_code_equal": true,
  "same_generation_and_binding": true,
  "generation_id": "db193081d04dba97d754e8809cebfb67a97133c7162a5429da965d53e9c88462",
  "source_fingerprint": "6f42582a01533dedf985a68e65391e058bdd1c387954907c421c09143f10e351",
  "report_member_comparison": [
    {
      "name": "inventory.json",
      "bytes_equal": true,
      "old_sha256": "ae5dbc16cd934e944fba3ec4015d824e46843f8e7aa1f1c22847400f313c9ff2",
      "new_sha256": "ae5dbc16cd934e944fba3ec4015d824e46843f8e7aa1f1c22847400f313c9ff2"
    },
    {
      "name": "links.json",
      "bytes_equal": true,
      "old_sha256": "f79be2080c9e52e29f159a0a9cfd518d6275f860dd96ee65523b07dc955f9f4c",
      "new_sha256": "f79be2080c9e52e29f159a0a9cfd518d6275f860dd96ee65523b07dc955f9f4c"
    }
  ],
  "new_manifest_members_verified": 101,
  "exposed_query_bytes_equal": true,
  "independent_source_check_bytes_equal": false,
  "independent_edge_query_projection_equal": true,
  "independent_source_proof_rows_equal_after_order_normalization": true,
  "representative_bidirectional_paths_equal": true,
  "baseline_and_final_prompt_bytes_equal": true,
  "new_retrieval_or_authorship_performed": false,
  "wrong_root_is_byte_identical_clone": true,
  "scope": "case-05 only; original inputs, core, packs, receipts, QA and skill files unchanged"
}
