{
  "chosen_candidate_count": 0,
  "chosen_visual_concept_ids": [],
  "effective_visual_contract_sha256": null,
  "failures": [],
  "pack_id": "7f3c7b8e9d3f7b53",
  "quality_status": "warn",
  "render_repair_contract_sha256": null,
  "status": "pass",
  "warnings": [
    {
      "check": "uncovered_intent",
      "intent": "still-life photograph",
      "reason": "uncovered candidate-pack intent was preserved by free description/assertion"
    },
    {
      "check": "uncovered_intent",
      "intent": "an old copper kettle beside a length of linen",
      "reason": "uncovered candidate-pack intent was preserved by free description/assertion"
    },
    {
      "check": "uncovered_intent",
      "intent": "linen that lies folded",
      "reason": "uncovered candidate-pack intent was preserved by free description/assertion"
    },
    {
      "check": "uncovered_intent",
      "intent": "an old copper kettle",
      "reason": "uncovered candidate-pack intent was preserved by free description/assertion"
    },
    {
      "check": "uncovered_intent",
      "intent": "copper kettle",
      "reason": "uncovered candidate-pack intent was preserved by free description/assertion"
    },
    {
      "check": "uncovered_intent",
      "intent": "a length of linen",
      "reason": "uncovered candidate-pack intent was preserved by free description/assertion"
    },
    {
      "check": "uncovered_intent",
      "intent": "the early morning",
      "reason": "uncovered candidate-pack intent was preserved by free description/assertion"
    },
    {
      "check": "uncovered_intent",
      "intent": "An object-only still-life photograph",
      "reason": "uncovered candidate-pack intent was preserved by free description/assertion"
    }
  ]
}
