{
  "node": "profile:mg_collage_edges_relation",
  "kind": "profile",
  "paths": [
    {
      "id": "path:2fffc793d7a4095385efd2e0",
      "nodes": [
        "slot:prop:mg_collage_edges",
        "bundle:mg_collage_edges_bundle",
        "profile:mg_collage_edges_relation"
      ],
      "relation": "via_bundle",
      "meaning_support": "not_inferred",
      "review": {
        "status": "unreviewed"
      },
      "entity_hashes": {
        "slot:prop:mg_collage_edges": "ddad10914cb77c181b8c745eb57f6be565884a5b557ef5d0f12b5dbd1ab7d920",
        "bundle:mg_collage_edges_bundle": "663d615074e313f3119e540217bb593ff868a3dc8aeaedeebf39cbac5e1783cf",
        "profile:mg_collage_edges_relation": "814b179693ab4f64cf13a831edf30fe142f6f217b47aef0b3e358f03cdd9682c"
      },
      "source_refs": {
        "slot:prop:mg_collage_edges": [
          {
            "file": "photo_prompt_motion_graphics_extension.json",
            "pointer": "/slots/prop/2"
          }
        ],
        "bundle:mg_collage_edges_bundle": [
          {
            "file": "photo_prompt_motion_graphics_extension.json",
            "pointer": "/visual_semantics/36"
          }
        ],
        "profile:mg_collage_edges_relation": [
          {
            "file": "photo_prompt_visual_obligations_motion_graphics.json",
            "pointer": "/profiles/36"
          }
        ]
      }
    }
  ],
  "path_count": 1,
  "unique_related_nodes": [
    "bundle:mg_collage_edges_bundle",
    "slot:prop:mg_collage_edges"
  ],
  "profile_activation": "independent_request_evidence_only",
  "generation_id": "2135faf8f2451eac73b90c447edbd496545d20d974c158f44ec67d98e9107f2a",
  "source_fingerprint": "98f7d0ffafa290a2f63583ce8ff41d1c38208bdacc12e1e279458bea81e9d24a",
  "freshness": "current_verified"
}
