tests.test_creativity 0 1 / 81
tests.test_anchor_expansion 0 2 / 81
tests.test_beastkin_improvements 1 3 / 81
tests.test_makeup_layer_dictionary 0 4 / 81
tests.test_golden_snapshots 1 5 / 81
tests.test_photo_authorial_core_v6 0 6 / 81
tests.test_photo_authorship_policy 1 7 / 81
tests.test_photo_bm25f_retrieval 0 8 / 81
tests.test_photo_affect_visual_semantics 0 9 / 81
tests.test_photo_adult_appeal_visual_semantics 124 10 / 81
tests.test_photo_boundary_transition_visual_semantics 0 11 / 81
tests.test_photo_authorial_core_v5 124 12 / 81
tests.test_photo_capture_elements_visual_semantics 0 13 / 81
tests.test_photo_candidate_semantics 0 14 / 81
tests.test_photo_character_render_review 0 15 / 81
tests.test_photo_character_response_concepts 0 16 / 81
tests.test_photo_composer_view 0 17 / 81
tests.test_photo_color_relations 0 18 / 81
tests.test_photo_data_semantic_corrections 0 19 / 81
tests.test_photo_body_aesthetic_semantics 124 20 / 81
tests.test_photo_desire_visual_semantics 0 21 / 81
tests.test_photo_concept_candidate_expansion 0 22 / 81
tests.test_photo_emotional_place_visual_semantics 0 23 / 81
tests.test_photo_embodiment 0 24 / 81
tests.test_photo_body_shape_semantics 124 25 / 81
tests.test_photo_era_visual_semantics 0 26 / 81
tests.test_photo_death_afterlife_semantics 0 27 / 81
tests.test_photo_harem_visual_semantics 1 28 / 81
tests.test_photo_historical_womenswear_semantics 1 29 / 81
tests.test_photo_hair_visual_semantics 1 30 / 81
tests.test_photo_face_shape_semantics 124 31 / 81
tests.test_photo_imaginal_visual_semantics 1 32 / 81
tests.test_photo_korean_emotional_visual_semantics 1 33 / 81
tests.test_photo_legend_visual_semantics 1 34 / 81
tests.test_photo_lighting_visual_semantics 1 35 / 81
tests.test_photo_fantasy_visual_semantics 124 36 / 81
tests.test_photo_makeup_reference_balance 1 37 / 81
tests.test_photo_makeup_visual_semantics 1 38 / 81
tests.test_photo_model_editorial_semantics 1 39 / 81
