test_broad_career_genre_and_nearby_visual_substitutes_do_not_harden (tests.test_photo_model_editorial_semantics.ModelEditorialTests.test_broad_career_genre_and_nearby_visual_substitutes_do_not_harden) ... ok
test_broad_catalog_is_not_a_paraphrase_of_garment_side_depth (tests.test_photo_model_editorial_semantics.ModelEditorialTests.test_broad_catalog_is_not_a_paraphrase_of_garment_side_depth) ... ok
test_bts_context_guards_do_not_leak_into_finished_portraits (tests.test_photo_model_editorial_semantics.ModelEditorialTests.test_bts_context_guards_do_not_leak_into_finished_portraits) ... ok
test_bundles_reject_missing_or_locked_members_and_never_promote_associated_profiles (tests.test_photo_model_editorial_semantics.ModelEditorialTests.test_bundles_reject_missing_or_locked_members_and_never_promote_associated_profiles) ... ok
test_full_owner_relation_only_and_negation (tests.test_photo_model_editorial_semantics.ModelEditorialTests.test_full_owner_relation_only_and_negation) ... ok
test_guarded_nonadult_context_does_not_gain_hard_human_profile (tests.test_photo_model_editorial_semantics.ModelEditorialTests.test_guarded_nonadult_context_does_not_gain_hard_human_profile) ... ok
test_real_indexes_cover_the_new_source (tests.test_photo_model_editorial_semantics.ModelEditorialTests.test_real_indexes_cover_the_new_source) ... ok
test_selected_contract_keeps_every_owner_component_and_rejects_duplicate_evidence (tests.test_photo_model_editorial_semantics.ModelEditorialTests.test_selected_contract_keeps_every_owner_component_and_rejects_duplicate_evidence) ... ok
test_series_layout_and_provenance_stay_outside_single_image_runtime (tests.test_photo_model_editorial_semantics.ModelEditorialTests.test_series_layout_and_provenance_stay_outside_single_image_runtime) ... ok
test_adjacent_visual_substitutes_fail_closed (tests.test_photo_capture_elements_visual_semantics.PhotoCaptureElementsVisualSemanticsTests.test_adjacent_visual_substitutes_fail_closed) ... ok
test_broad_equipment_and_look_labels_never_force_hard_profiles (tests.test_photo_capture_elements_visual_semantics.PhotoCaptureElementsVisualSemanticsTests.test_broad_equipment_and_look_labels_never_force_hard_profiles) ... ok
test_generated_index_is_current_and_contains_every_profile (tests.test_photo_capture_elements_visual_semantics.PhotoCaptureElementsVisualSemanticsTests.test_generated_index_is_current_and_contains_every_profile) ... ok
test_narrow_exact_terms_route_to_one_profile (tests.test_photo_capture_elements_visual_semantics.PhotoCaptureElementsVisualSemanticsTests.test_narrow_exact_terms_route_to_one_profile) ... ok
test_profiles_are_complete_five_group_pixel_contracts (tests.test_photo_capture_elements_visual_semantics.PhotoCaptureElementsVisualSemanticsTests.test_profiles_are_complete_five_group_pixel_contracts) ... ok
test_research_note_preserves_metadata_and_evidence_boundaries (tests.test_photo_capture_elements_visual_semantics.PhotoCaptureElementsVisualSemanticsTests.test_research_note_preserves_metadata_and_evidence_boundaries) ... ok
test_semantic_panning_paraphrase_projects_optional_candidate_only (tests.test_photo_capture_elements_visual_semantics.PhotoCaptureElementsVisualSemanticsTests.test_semantic_panning_paraphrase_projects_optional_candidate_only) ... ok
test_three_arm_render_fixture_is_hash_bound_and_fail_closed (tests.test_photo_capture_elements_visual_semantics.PhotoCaptureElementsVisualSemanticsTests.test_three_arm_render_fixture_is_hash_bound_and_fail_closed) ... ok
test_bm25f_surfaces_each_complete_lighting_cluster_near_the_top (tests.test_photo_lighting_visual_semantics.PhotoLightingVisualSemanticsTests.test_bm25f_surfaces_each_complete_lighting_cluster_near_the_top) ... ok
test_complete_component_description_is_optional_not_hard (tests.test_photo_lighting_visual_semantics.PhotoLightingVisualSemanticsTests.test_complete_component_description_is_optional_not_hard) ... ok
test_equipment_and_measurement_metadata_do_not_hard_activate (tests.test_photo_lighting_visual_semantics.PhotoLightingVisualSemanticsTests.test_equipment_and_measurement_metadata_do_not_hard_activate) ... ok
test_generated_semantic_index_contains_every_lighting_candidate (tests.test_photo_lighting_visual_semantics.PhotoLightingVisualSemanticsTests.test_generated_semantic_index_contains_every_lighting_candidate) ... ok
test_generated_visual_index_contains_every_lighting_profile (tests.test_photo_lighting_visual_semantics.PhotoLightingVisualSemanticsTests.test_generated_visual_index_contains_every_lighting_profile) ... ok
test_narrow_exact_terms_route_to_one_profile (tests.test_photo_lighting_visual_semantics.PhotoLightingVisualSemanticsTests.test_narrow_exact_terms_route_to_one_profile) ... ok
test_negation_and_adjacent_substitutes_fail_closed (tests.test_photo_lighting_visual_semantics.PhotoLightingVisualSemanticsTests.test_negation_and_adjacent_substitutes_fail_closed) ... ok
test_three_arm_cases_are_frozen_profile_distinct_and_reference_bound (tests.test_photo_lighting_visual_semantics.PhotoLightingVisualSemanticsTests.test_three_arm_cases_are_frozen_profile_distinct_and_reference_bound) ... ok
test_twelve_candidate_clusters_merge_as_eighty_four_candidates (tests.test_photo_lighting_visual_semantics.PhotoLightingVisualSemanticsTests.test_twelve_candidate_clusters_merge_as_eighty_four_candidates) ... ok
test_twenty_two_profiles_are_complete_pixel_contracts (tests.test_photo_lighting_visual_semantics.PhotoLightingVisualSemanticsTests.test_twenty_two_profiles_are_complete_pixel_contracts) ... ok
test_all_authored_bundles_compile_and_profile_links_remain_advisory (tests.test_photo_candidate_semantics.PhotoCandidateSemanticsTests.test_all_authored_bundles_compile_and_profile_links_remain_advisory) ... ok
test_canonical_street_link_and_storefront_label_keep_stable_ids (tests.test_photo_candidate_semantics.PhotoCandidateSemanticsTests.test_canonical_street_link_and_storefront_label_keep_stable_ids) ... ok
test_maintenance_prose_is_external_and_hash_bound (tests.test_photo_candidate_semantics.PhotoCandidateSemanticsTests.test_maintenance_prose_is_external_and_hash_bound) ... ok
test_missing_member_ineligible_member_internal_conflict_or_locked_scope_hides_bundle (tests.test_photo_candidate_semantics.PhotoCandidateSemanticsTests.test_missing_member_ineligible_member_internal_conflict_or_locked_scope_hides_bundle) ... ok
test_multiword_relations_survive_v6_pack_overview_and_full_details (tests.test_photo_candidate_semantics.PhotoCandidateSemanticsTests.test_multiword_relations_survive_v6_pack_overview_and_full_details) ... ok
test_real_generator_builds_an_adoptable_bundle_with_full_view_and_audit (tests.test_photo_candidate_semantics.PhotoCandidateSemanticsTests.test_real_generator_builds_an_adoptable_bundle_with_full_view_and_audit) ... ok
test_required_extension_loss_fails_before_dictionary_use (tests.test_photo_candidate_semantics.PhotoCandidateSemanticsTests.test_required_extension_loss_fails_before_dictionary_use) ... ok
test_scope_ownership_preserves_distinct_locked_dimensions (tests.test_photo_candidate_semantics.PhotoCandidateSemanticsTests.test_scope_ownership_preserves_distinct_locked_dimensions) ... ok
test_selected_bundle_requires_every_component_and_relation_literal_evidence (tests.test_photo_candidate_semantics.PhotoCandidateSemanticsTests.test_selected_bundle_requires_every_component_and_relation_literal_evidence) ... ok
test_semantic_units_relations_and_canonical_links_reject_malformed_authored_data (tests.test_photo_candidate_semantics.PhotoCandidateSemanticsTests.test_semantic_units_relations_and_canonical_links_reject_malformed_authored_data) ... ok
test_source_contract_or_scope_tampering_fails_even_after_pack_hash_recompute (tests.test_photo_candidate_semantics.PhotoCandidateSemanticsTests.test_source_contract_or_scope_tampering_fails_even_after_pack_hash_recompute) ... ok
test_unknown_runtime_keys_and_missing_or_ambiguous_references_fail (tests.test_photo_candidate_semantics.PhotoCandidateSemanticsTests.test_unknown_runtime_keys_and_missing_or_ambiguous_references_fail) ... ok
test_v4_v5_token_surfaces_and_legacy_v6_are_not_reinterpreted (tests.test_photo_candidate_semantics.PhotoCandidateSemanticsTests.test_v4_v5_token_surfaces_and_legacy_v6_are_not_reinterpreted) ... ok
test_alias_field_outranks_incidental_support_cue (tests.test_photo_bm25f_retrieval.PhotoBm25fRetrievalTests.test_alias_field_outranks_incidental_support_cue) ... ok
test_index_validation_detects_stale_authored_fields (tests.test_photo_bm25f_retrieval.PhotoBm25fRetrievalTests.test_index_validation_detects_stale_authored_fields) ... ok
test_japanese_compounds_use_longest_first_authored_lexicon (tests.test_photo_bm25f_retrieval.PhotoBm25fRetrievalTests.test_japanese_compounds_use_longest_first_authored_lexicon) ... ok
test_korean_boundaries_do_not_turn_appearance_into_moe (tests.test_photo_bm25f_retrieval.PhotoBm25fRetrievalTests.test_korean_boundaries_do_not_turn_appearance_into_moe) ... ok
test_rank_and_rrf_ties_are_deterministic (tests.test_photo_bm25f_retrieval.PhotoBm25fRetrievalTests.test_rank_and_rrf_ties_are_deterministic) ... ok
test_authorial_budget_expands_advisory_ceiling_for_required_evidence (tests.test_photo_authorial_core_v6.PhotoAuthorialCoreV6Tests.test_authorial_budget_expands_advisory_ceiling_for_required_evidence) ... ok
test_authorial_core_and_composed_prompt_use_advisory_and_absolute_budgets (tests.test_photo_authorial_core_v6.PhotoAuthorialCoreV6Tests.test_authorial_core_and_composed_prompt_use_advisory_and_absolute_budgets) ... ok
test_blanket_negative_rewrite_is_rejected_before_core_freeze (tests.test_photo_authorial_core_v6.PhotoAuthorialCoreV6Tests.test_blanket_negative_rewrite_is_rejected_before_core_freeze) ... ok
test_character_response_compiles_only_frozen_generic_structure (tests.test_photo_authorial_core_v6.PhotoAuthorialCoreV6Tests.test_character_response_compiles_only_frozen_generic_structure) ... ok
test_cjk_exact_matching_is_boundary_aware (tests.test_photo_authorial_core_v6.PhotoAuthorialCoreV6Tests.test_cjk_exact_matching_is_boundary_aware) ... ok
test_negative_intent_guard_filters_semantic_defaults_and_is_auditable (tests.test_photo_authorial_core_v6.PhotoAuthorialCoreV6Tests.test_negative_intent_guard_filters_semantic_defaults_and_is_auditable) ... ok
test_negative_intent_guard_generator_and_auditor_vocabularies_match (tests.test_photo_authorial_core_v6.PhotoAuthorialCoreV6Tests.test_negative_intent_guard_generator_and_auditor_vocabularies_match) ... ok
test_reality_error_v6_pack_carries_world_invariant_obligation (tests.test_photo_authorial_core_v6.PhotoAuthorialCoreV6Tests.test_reality_error_v6_pack_carries_world_invariant_obligation) ... ok
test_required_assertion_rejects_unfrozen_or_unlocked_evidence (tests.test_photo_authorial_core_v6.PhotoAuthorialCoreV6Tests.test_required_assertion_rejects_unfrozen_or_unlocked_evidence) ... ok
test_required_non_character_assertion_binds_final_prompt_evidence (tests.test_photo_authorial_core_v6.PhotoAuthorialCoreV6Tests.test_required_non_character_assertion_binds_final_prompt_evidence) ... ok
test_retry_lineage_is_hash_bound_and_dimension_disjoint (tests.test_photo_authorial_core_v6.PhotoAuthorialCoreV6Tests.test_retry_lineage_is_hash_bound_and_dimension_disjoint) ... ok
test_retry_preserves_yandere_as_a_hard_visual_obligation (tests.test_photo_authorial_core_v6.PhotoAuthorialCoreV6Tests.test_retry_preserves_yandere_as_a_hard_visual_obligation) ... ok
test_v3_freezes_typed_character_response_evidence (tests.test_photo_authorial_core_v6.PhotoAuthorialCoreV6Tests.test_v3_freezes_typed_character_response_evidence) ... ok
test_v6_character_response_audit_binds_exact_frozen_evidence (tests.test_photo_authorial_core_v6.PhotoAuthorialCoreV6Tests.test_v6_character_response_audit_binds_exact_frozen_evidence) ... ok
test_v6_generation_and_pack_never_call_legacy_raw_moe_router (tests.test_photo_authorial_core_v6.PhotoAuthorialCoreV6Tests.test_v6_generation_and_pack_never_call_legacy_raw_moe_router) ... ok
test_v6_routing_never_calls_legacy_raw_moe_router (tests.test_photo_authorial_core_v6.PhotoAuthorialCoreV6Tests.test_v6_routing_never_calls_legacy_raw_moe_router) ... ok
test_yandere_core_binds_same_target_affection_control_relation (tests.test_photo_authorial_core_v6.PhotoAuthorialCoreV6Tests.test_yandere_core_binds_same_target_affection_control_relation) ... ok
test_yandere_v6_pack_carries_relation_and_visual_obligation (tests.test_photo_authorial_core_v6.PhotoAuthorialCoreV6Tests.test_yandere_v6_pack_carries_relation_and_visual_obligation) ... ok
test_pack_and_view_mutations_are_rejected (tests.test_photo_composer_view.PhotoComposerViewTests.test_pack_and_view_mutations_are_rejected) ... ok
test_required_candidate_is_never_deferred (tests.test_photo_composer_view.PhotoComposerViewTests.test_required_candidate_is_never_deferred) ... ok
test_selected_candidate_recovers_exact_obligation_and_gates (tests.test_photo_composer_view.PhotoComposerViewTests.test_selected_candidate_recovers_exact_obligation_and_gates) ... ok
test_unknown_candidate_and_legacy_pack_are_rejected (tests.test_photo_composer_view.PhotoComposerViewTests.test_unknown_candidate_and_legacy_pack_are_rejected) ... ok
test_unknown_requirements_and_required_meaning_remain_exact (tests.test_photo_composer_view.PhotoComposerViewTests.test_unknown_requirements_and_required_meaning_remain_exact) ... ok
test_adult_woman_context_is_allowing_not_blocking (tests.test_photo_visual_profile_retrieval.PhotoVisualProfileRetrievalTests.test_adult_woman_context_is_allowing_not_blocking) ... ok
test_bm25f_and_embedding_fuse_without_promoting_to_hard (tests.test_photo_visual_profile_retrieval.PhotoVisualProfileRetrievalTests.test_bm25f_and_embedding_fuse_without_promoting_to_hard) ... ok
test_bm25f_only_paraphrase_is_optional_and_cannot_create_an_obligation (tests.test_photo_visual_profile_retrieval.PhotoVisualProfileRetrievalTests.test_bm25f_only_paraphrase_is_optional_and_cannot_create_an_obligation) ... ok
test_commercial_defense_glossary_honors_alignment_override_and_negation (tests.test_photo_visual_profile_retrieval.PhotoVisualProfileRetrievalTests.test_commercial_defense_glossary_honors_alignment_override_and_negation) ... ok
test_composition_relation_embedding_lane_remains_optional (tests.test_photo_visual_profile_retrieval.PhotoVisualProfileRetrievalTests.test_composition_relation_embedding_lane_remains_optional) ... ok
test_embedding_only_paraphrase_projects_optional_candidate_from_one_resolution (tests.test_photo_visual_profile_retrieval.PhotoVisualProfileRetrievalTests.test_embedding_only_paraphrase_projects_optional_candidate_from_one_resolution) ... ok
test_embedding_score_is_positive_context_proof_but_shared_negatives_still_win (tests.test_photo_visual_profile_retrieval.PhotoVisualProfileRetrievalTests.test_embedding_score_is_positive_context_proof_but_shared_negatives_still_win) ... ok
test_exact_hit_stays_hard_while_negation_and_user_definition_cannot_resurrect (tests.test_photo_visual_profile_retrieval.PhotoVisualProfileRetrievalTests.test_exact_hit_stays_hard_while_negation_and_user_definition_cannot_resurrect) ... ok
test_index_is_registry_bound_and_separates_exact_from_semantic_text (tests.test_photo_visual_profile_retrieval.PhotoVisualProfileRetrievalTests.test_index_is_registry_bound_and_separates_exact_from_semantic_text) ... ok
test_new_profile_embedding_paraphrases_remain_optional_only (tests.test_photo_visual_profile_retrieval.PhotoVisualProfileRetrievalTests.test_new_profile_embedding_paraphrases_remain_optional_only) ... ok
test_relation_profile_requires_component_evidence_for_semantic_discovery (tests.test_photo_visual_profile_retrieval.PhotoVisualProfileRetrievalTests.test_relation_profile_requires_component_evidence_for_semantic_discovery) ... ok
test_role_and_garment_exact_terms_require_their_visual_context (tests.test_photo_visual_profile_retrieval.PhotoVisualProfileRetrievalTests.test_role_and_garment_exact_terms_require_their_visual_context) ... ok
test_sensitive_contained_affect_term_requires_visual_character_context (tests.test_photo_visual_profile_retrieval.PhotoVisualProfileRetrievalTests.test_sensitive_contained_affect_term_requires_visual_character_context) ... ok

----------------------------------------------------------------------
Ran 81 tests in 470.713s

OK
