test_asset_binding_precedes_proof_import_and_execution (tests.test_photo_workflow_boundary_v37.DispatchTests.test_asset_binding_precedes_proof_import_and_execution) ... ok
test_explicit_history_failure_never_falls_back_to_current (tests.test_photo_workflow_boundary_v37.DispatchTests.test_explicit_history_failure_never_falls_back_to_current) ... ok
test_invalid_versions_never_execute_current_or_history (tests.test_photo_workflow_boundary_v37.DispatchTests.test_invalid_versions_never_execute_current_or_history) ... ok
test_latest_default_and_explicit_37_are_current (tests.test_photo_workflow_boundary_v37.DispatchTests.test_latest_default_and_explicit_37_are_current) ... ok
test_changed_live_inherited_test_cannot_replace_projected_original (tests.test_photo_workflow_boundary_v37.HistoricalImportTests.test_changed_live_inherited_test_cannot_replace_projected_original) ... ok
test_projected_package_modules_and_path_restore_after_failure (tests.test_photo_workflow_boundary_v37.HistoricalImportTests.test_projected_package_modules_and_path_restore_after_failure) ... ok
test_both_reviewed_deltas_must_be_exactly_empty (tests.test_photo_workflow_boundary_v37.PackTests.test_both_reviewed_deltas_must_be_exactly_empty) ... ok
test_complete_recorded_pack_is_preserved (tests.test_photo_workflow_boundary_v37.PackTests.test_complete_recorded_pack_is_preserved) ... ok
test_descriptor_counts_are_typed_and_ids_are_bound (tests.test_photo_workflow_boundary_v37.PackTests.test_descriptor_counts_are_typed_and_ids_are_bound) ... ok
test_private_or_new_candidate_fields_cannot_be_rehashed_into_acceptance (tests.test_photo_workflow_boundary_v37.PackTests.test_private_or_new_candidate_fields_cannot_be_rehashed_into_acceptance) ... ok
test_types_semantics_order_and_protections_are_not_overridable (tests.test_photo_workflow_boundary_v37.PackTests.test_types_semantics_order_and_protections_are_not_overridable) ... ok
test_exact_173_members_reject_added_removed_and_replaced_sources (tests.test_photo_workflow_boundary_v37.SourceTests.test_exact_173_members_reject_added_removed_and_replaced_sources) ... ok
test_historical_live_reuse_requires_exact_old_blob_and_mode (tests.test_photo_workflow_boundary_v37.SourceTests.test_historical_live_reuse_requires_exact_old_blob_and_mode) ... ok
test_live_source_mode_bytes_and_symlink_stay_strict (tests.test_photo_workflow_boundary_v37.SourceTests.test_live_source_mode_bytes_and_symlink_stay_strict) ... ok
test_new_real_source_file_is_visible_to_inventory (tests.test_photo_workflow_boundary_v37.SourceTests.test_new_real_source_file_is_visible_to_inventory) ... ok
test_original_test_mapping_has_only_two_explicit_exceptions (tests.test_photo_workflow_boundary_v37.SourceTests.test_original_test_mapping_has_only_two_explicit_exceptions) ... ok
test_proof_lineage_and_zero_count_have_independent_checks (tests.test_photo_workflow_boundary_v37.SourceTests.test_proof_lineage_and_zero_count_have_independent_checks) ... ok
test_current629_rows_match_independent_complete_row_seals (tests.test_photo_workflow_boundary_v37_environments.EnvironmentRecordTests.test_current629_rows_match_independent_complete_row_seals) ... ok
test_current_identity_cannot_move_to_the_other_exact_environment (tests.test_photo_workflow_boundary_v37_environments.EnvironmentRecordTests.test_current_identity_cannot_move_to_the_other_exact_environment) ... ok
test_each_exact_tuple_selects_its_own_sealed_record_in_either_order (tests.test_photo_workflow_boundary_v37_environments.EnvironmentRecordTests.test_each_exact_tuple_selects_its_own_sealed_record_in_either_order) ... ok
test_environment_container_and_missing_fields_fail_closed (tests.test_photo_workflow_boundary_v37_environments.EnvironmentRecordTests.test_environment_container_and_missing_fields_fail_closed) ... ok
test_environment_json_types_and_exact_fields_are_required (tests.test_photo_workflow_boundary_v37_environments.EnvironmentRecordTests.test_environment_json_types_and_exact_fields_are_required) ... ok
test_exact_two_row_inventory_and_no_duplicate_tuple (tests.test_photo_workflow_boundary_v37_environments.EnvironmentRecordTests.test_exact_two_row_inventory_and_no_duplicate_tuple) ... ok
test_invalid_hash_and_unreviewed_row_fields_fail (tests.test_photo_workflow_boundary_v37_environments.EnvironmentRecordTests.test_invalid_hash_and_unreviewed_row_fields_fail) ... ok
test_mixed_identity_components_and_duplicate_identities_fail (tests.test_photo_workflow_boundary_v37_environments.EnvironmentRecordTests.test_mixed_identity_components_and_duplicate_identities_fail) ... ok
test_old4f_complete_rows_fail_even_when_not_selected (tests.test_photo_workflow_boundary_v37_environments.EnvironmentRecordTests.test_old4f_complete_rows_fail_even_when_not_selected) ... ok
test_old4f_identity_components_cannot_enter_current_rows (tests.test_photo_workflow_boundary_v37_environments.EnvironmentRecordTests.test_old4f_identity_components_cannot_enter_current_rows) ... ok
test_original_top_level_reference_identity_remains_unchanged (tests.test_photo_workflow_boundary_v37_environments.EnvironmentRecordTests.test_original_top_level_reference_identity_remains_unchanged) ... ok
test_unknown_and_mixed_current_tuples_fail (tests.test_photo_workflow_boundary_v37_environments.EnvironmentRecordTests.test_unknown_and_mixed_current_tuples_fail) ... ok
test_unknown_unselected_record_is_not_ignored (tests.test_photo_workflow_boundary_v37_environments.EnvironmentRecordTests.test_unknown_unselected_record_is_not_ignored) ... ok
test_well_formed_unreviewed_hashes_fail_the_unselected_row_seal (tests.test_photo_workflow_boundary_v37_environments.EnvironmentRecordTests.test_well_formed_unreviewed_hashes_fail_the_unselected_row_seal) ... ok
test_copy_uses_current_environment_record_and_preserves_source (tests.test_photo_workflow_boundary_v37_environments.RuntimeCopyTests.test_copy_uses_current_environment_record_and_preserves_source) ... ok
test_cross_environment_pointer_and_missing_selected_generation_fail (tests.test_photo_workflow_boundary_v37_environments.RuntimeCopyTests.test_cross_environment_pointer_and_missing_selected_generation_fail) ... ok
test_current_generation_with_old4f_source_pointer_fails (tests.test_photo_workflow_boundary_v37_environments.RuntimeCopyTests.test_current_generation_with_old4f_source_pointer_fails) ... ok
test_old4f_generation_cannot_replace_missing_current_generation (tests.test_photo_workflow_boundary_v37_environments.RuntimeCopyTests.test_old4f_generation_cannot_replace_missing_current_generation) ... ok
test_old4f_pointer_fails_despite_available_current_generation (tests.test_photo_workflow_boundary_v37_environments.RuntimeCopyTests.test_old4f_pointer_fails_despite_available_current_generation) ... ok
test_unknown_environment_fails_before_copy (tests.test_photo_workflow_boundary_v37_environments.RuntimeCopyTests.test_unknown_environment_fails_before_copy) ... ok
test_complete_private_receipt_is_preserved_and_deep_copied (tests.test_photo_workflow_boundary_v37_environments.SnapshotEnvironmentTests.test_complete_private_receipt_is_preserved_and_deep_copied) ... ok
test_each_environment_uses_its_own_receipt_and_snapshot (tests.test_photo_workflow_boundary_v37_environments.SnapshotEnvironmentTests.test_each_environment_uses_its_own_receipt_and_snapshot) ... ok
test_live_source_and_production_audits_remain_required (tests.test_photo_workflow_boundary_v37_environments.SnapshotEnvironmentTests.test_live_source_and_production_audits_remain_required) ... ok
test_old4f_receipts_and_mixed_components_fail_before_provider (tests.test_photo_workflow_boundary_v37_environments.SnapshotEnvironmentTests.test_old4f_receipts_and_mixed_components_fail_before_provider) ... ok
test_old4f_snapshot_generation_fails_for_a_current_receipt (tests.test_photo_workflow_boundary_v37_environments.SnapshotEnvironmentTests.test_old4f_snapshot_generation_fails_for_a_current_receipt) ... ok
test_provider_failures_propagate_without_leaving_import_path_changes (tests.test_photo_workflow_boundary_v37_environments.SnapshotEnvironmentTests.test_provider_failures_propagate_without_leaving_import_path_changes) ... ok
test_receipt_cannot_select_another_environment_or_mix_identities (tests.test_photo_workflow_boundary_v37_environments.SnapshotEnvironmentTests.test_receipt_cannot_select_another_environment_or_mix_identities) ... ok
test_snapshot_identity_and_typed_environment_must_match_selected_record (tests.test_photo_workflow_boundary_v37_environments.SnapshotEnvironmentTests.test_snapshot_identity_and_typed_environment_must_match_selected_record) ... ok
test_unknown_environment_fails_before_provider_and_current_cli (tests.test_photo_workflow_boundary_v37_environments.SnapshotEnvironmentTests.test_unknown_environment_fails_before_provider_and_current_cli) ... ok
test_wrong_private_pack_binding_is_forwarded_and_provider_rejection_propagates (tests.test_photo_workflow_boundary_v37_environments.SnapshotEnvironmentTests.test_wrong_private_pack_binding_is_forwarded_and_provider_rejection_propagates) ... ok
test_binding_checks_capture_and_shares_only_immutable_payloads (tests.test_photo_workflow_boundary_v37_namespace.NamespaceTests.test_binding_checks_capture_and_shares_only_immutable_payloads) ... ok
test_manifest_source_algorithm_cache_and_symlink_fail_before_copy (tests.test_photo_workflow_boundary_v37_namespace.NamespaceTests.test_manifest_source_algorithm_cache_and_symlink_fail_before_copy) ... ok
test_pending_revision_or_epoch_mismatch_cannot_rebind (tests.test_photo_workflow_boundary_v37_namespace.NamespaceTests.test_pending_revision_or_epoch_mismatch_cannot_rebind) ... ok
test_post_capture_source_change_is_rejected (tests.test_photo_workflow_boundary_v37_namespace.NamespaceTests.test_post_capture_source_change_is_rejected) ... ok
test_wrong_generation_pointer_and_namespace_cannot_rebind (tests.test_photo_workflow_boundary_v37_namespace.NamespaceTests.test_wrong_generation_pointer_and_namespace_cannot_rebind) ... ok
test_invalid_lineage_or_frozen_meaning_fails_before_replay (tests.test_photo_workflow_boundary_v37_callers.CopiedAppearanceTests.test_invalid_lineage_or_frozen_meaning_fails_before_replay) ... ok
test_predecessor_and_frozen_scene_are_preserved (tests.test_photo_workflow_boundary_v37_callers.CopiedAppearanceTests.test_predecessor_and_frozen_scene_are_preserved) ... ok
test_current_lineage_mutation_fails_before_any_replay (tests.test_photo_workflow_boundary_v37_callers.CopiedReligionTests.test_current_lineage_mutation_fails_before_any_replay) ... ok
test_parallel_local_observation_tampering_is_rejected_before_replay (tests.test_photo_workflow_boundary_v37_callers.CopiedReligionTests.test_parallel_local_observation_tampering_is_rejected_before_replay) ... ok
test_prior_photo_observations_are_byte_immutable (tests.test_photo_workflow_boundary_v37_callers.CopiedReligionTests.test_prior_photo_observations_are_byte_immutable) ... ok
test_invalid_successor_lineage_fails_before_replay (tests.test_photo_workflow_boundary_v37_callers.CopiedSlangTests.test_invalid_successor_lineage_fails_before_replay) ... ok
test_v7_and_all_four_frozen_inputs_are_preserved_byte_for_byte (tests.test_photo_workflow_boundary_v37_callers.CopiedSlangTests.test_v7_and_all_four_frozen_inputs_are_preserved_byte_for_byte) ... ok
test_changed_predecessor_manifest_or_archival_pack_is_rejected (tests.test_photo_workflow_boundary_v37_callers.CopiedV10Tests.test_changed_predecessor_manifest_or_archival_pack_is_rejected) ... ok
test_explicit_v9_is_still_strict_against_current_data (tests.test_photo_workflow_boundary_v37_callers.CopiedV10Tests.test_explicit_v9_is_still_strict_against_current_data) ... ok
test_extra_semantic_candidate_order_negative_and_privacy_changes_fail (tests.test_photo_workflow_boundary_v37_callers.CopiedV10Tests.test_extra_semantic_candidate_order_negative_and_privacy_changes_fail) ... ok
test_metadata_delta_must_have_exactly_four_changed_fields (tests.test_photo_workflow_boundary_v37_callers.CopiedV10Tests.test_metadata_delta_must_have_exactly_four_changed_fields) ... ok
test_recomputed_output_checksum_cannot_rebaseline_a_changed_candidate (tests.test_photo_workflow_boundary_v37_callers.CopiedV10Tests.test_recomputed_output_checksum_cannot_rebaseline_a_changed_candidate) ... ok
test_registered_version_replay_and_all_legacy_artifacts_are_unchanged (tests.test_photo_workflow_boundary_v37_callers.CopiedV10Tests.test_registered_version_replay_and_all_legacy_artifacts_are_unchanged) ... ok
test_wrong_data_commit_source_hash_or_comparison_provenance_is_rejected (tests.test_photo_workflow_boundary_v37_callers.CopiedV10Tests.test_wrong_data_commit_source_hash_or_comparison_provenance_is_rejected) ... ok
test_changed_predecessor_manifest_or_archival_pack_is_rejected (tests.test_photo_workflow_boundary_v37_callers.CopiedV11Tests.test_changed_predecessor_manifest_or_archival_pack_is_rejected) ... ok
test_explicit_v9_is_still_strict_against_current_data (tests.test_photo_workflow_boundary_v37_callers.CopiedV11Tests.test_explicit_v9_is_still_strict_against_current_data) ... ok
test_extra_semantic_candidate_order_negative_and_privacy_changes_fail (tests.test_photo_workflow_boundary_v37_callers.CopiedV11Tests.test_extra_semantic_candidate_order_negative_and_privacy_changes_fail) ... ok
test_metadata_delta_must_have_exactly_four_changed_fields (tests.test_photo_workflow_boundary_v37_callers.CopiedV11Tests.test_metadata_delta_must_have_exactly_four_changed_fields) ... ok
test_recomputed_output_checksum_cannot_rebaseline_a_changed_candidate (tests.test_photo_workflow_boundary_v37_callers.CopiedV11Tests.test_recomputed_output_checksum_cannot_rebaseline_a_changed_candidate) ... ok
test_registered_version_replay_and_all_legacy_artifacts_are_unchanged (tests.test_photo_workflow_boundary_v37_callers.CopiedV11Tests.test_registered_version_replay_and_all_legacy_artifacts_are_unchanged) ... ok
test_wrong_data_commit_source_hash_or_comparison_provenance_is_rejected (tests.test_photo_workflow_boundary_v37_callers.CopiedV11Tests.test_wrong_data_commit_source_hash_or_comparison_provenance_is_rejected) ... ok
test_changed_predecessor_manifest_or_archival_pack_is_rejected (tests.test_photo_workflow_boundary_v37_callers.CopiedV12Tests.test_changed_predecessor_manifest_or_archival_pack_is_rejected) ... ok
test_explicit_v9_is_still_strict_against_current_data (tests.test_photo_workflow_boundary_v37_callers.CopiedV12Tests.test_explicit_v9_is_still_strict_against_current_data) ... ok
test_extra_semantic_candidate_order_negative_and_privacy_changes_fail (tests.test_photo_workflow_boundary_v37_callers.CopiedV12Tests.test_extra_semantic_candidate_order_negative_and_privacy_changes_fail) ... ok
test_metadata_delta_must_have_exactly_four_changed_fields (tests.test_photo_workflow_boundary_v37_callers.CopiedV12Tests.test_metadata_delta_must_have_exactly_four_changed_fields) ... ok
test_recomputed_output_checksum_cannot_rebaseline_a_changed_candidate (tests.test_photo_workflow_boundary_v37_callers.CopiedV12Tests.test_recomputed_output_checksum_cannot_rebaseline_a_changed_candidate) ... ok
test_registered_version_replay_and_all_legacy_artifacts_are_unchanged (tests.test_photo_workflow_boundary_v37_callers.CopiedV12Tests.test_registered_version_replay_and_all_legacy_artifacts_are_unchanged) ... ok
test_wrong_data_commit_source_hash_or_comparison_provenance_is_rejected (tests.test_photo_workflow_boundary_v37_callers.CopiedV12Tests.test_wrong_data_commit_source_hash_or_comparison_provenance_is_rejected) ... ok
test_changed_predecessor_manifest_or_archival_pack_is_rejected (tests.test_photo_workflow_boundary_v37_callers.CopiedV13Tests.test_changed_predecessor_manifest_or_archival_pack_is_rejected) ... ok
test_explicit_v9_is_still_strict_against_current_data (tests.test_photo_workflow_boundary_v37_callers.CopiedV13Tests.test_explicit_v9_is_still_strict_against_current_data) ... ok
test_extra_semantic_candidate_order_negative_and_privacy_changes_fail (tests.test_photo_workflow_boundary_v37_callers.CopiedV13Tests.test_extra_semantic_candidate_order_negative_and_privacy_changes_fail) ... ok
test_metadata_delta_must_have_exactly_four_changed_fields (tests.test_photo_workflow_boundary_v37_callers.CopiedV13Tests.test_metadata_delta_must_have_exactly_four_changed_fields) ... ok
test_recomputed_output_checksum_cannot_rebaseline_a_changed_candidate (tests.test_photo_workflow_boundary_v37_callers.CopiedV13Tests.test_recomputed_output_checksum_cannot_rebaseline_a_changed_candidate) ... ok
test_registered_version_replay_and_all_legacy_artifacts_are_unchanged (tests.test_photo_workflow_boundary_v37_callers.CopiedV13Tests.test_registered_version_replay_and_all_legacy_artifacts_are_unchanged) ... ok
test_wrong_data_commit_source_hash_or_comparison_provenance_is_rejected (tests.test_photo_workflow_boundary_v37_callers.CopiedV13Tests.test_wrong_data_commit_source_hash_or_comparison_provenance_is_rejected) ... ok
test_changed_input_bytes_are_rejected (tests.test_photo_workflow_boundary_v37_callers.CopiedV6Tests.test_changed_input_bytes_are_rejected) ... ok
test_changed_negative_contract_is_rejected (tests.test_photo_workflow_boundary_v37_callers.CopiedV6Tests.test_changed_negative_contract_is_rejected) ... ok
test_changed_seed_or_scene_command_is_rejected (tests.test_photo_workflow_boundary_v37_callers.CopiedV6Tests.test_changed_seed_or_scene_command_is_rejected) ... ok
test_modified_predecessor_cannot_be_hidden_by_a_new_output_hash (tests.test_photo_workflow_boundary_v37_callers.CopiedV6Tests.test_modified_predecessor_cannot_be_hidden_by_a_new_output_hash) ... ok
test_recomputed_output_hash_cannot_accept_a_changed_frozen_scene (tests.test_photo_workflow_boundary_v37_callers.CopiedV6Tests.test_recomputed_output_hash_cannot_accept_a_changed_frozen_scene) ... ok
test_successor_preserves_history_and_the_observed_scene_contract (tests.test_photo_workflow_boundary_v37_callers.CopiedV6Tests.test_successor_preserves_history_and_the_observed_scene_contract) ... ok
test_default_current_and_explicit_history_use_v37_dispatch (tests.test_photo_workflow_boundary_v37_callers.CurrentCallerTests.test_default_current_and_explicit_history_use_v37_dispatch) ... ok
test_explicit_37_wrong_root_rejects_before_support_import (tests.test_photo_workflow_boundary_v37_callers.CurrentCallerTests.test_explicit_37_wrong_root_rejects_before_support_import) ... ok
test_failures_preserve_public_type_message_and_cause (tests.test_photo_workflow_boundary_v37_callers.CurrentCallerTests.test_failures_preserve_public_type_message_and_cause) ... ok
test_new_baseline_is_present_in_copied_legacy_fixture_delivery (tests.test_photo_workflow_boundary_v37_callers.CurrentCallerTests.test_new_baseline_is_present_in_copied_legacy_fixture_delivery) ... ok
test_real_cli_main_emits_normal_failure_json (tests.test_photo_workflow_boundary_v37_callers.CurrentCallerTests.test_real_cli_main_emits_normal_failure_json) ... ok
test_anchor_bound_does_not_relax_other_requirements (tests.test_photo_workflow_boundary_v37_camera.NeutralOwnerCameraTests.test_anchor_bound_does_not_relax_other_requirements) ... ok
test_broad_viewpoint_is_not_a_lossless_partial_axis_repair (tests.test_photo_workflow_boundary_v37_camera.NeutralOwnerCameraTests.test_broad_viewpoint_is_not_a_lossless_partial_axis_repair) ... ok
test_combined_paths_pass_declaration_but_lose_leaf_guards (tests.test_photo_workflow_boundary_v37_camera.NeutralOwnerCameraTests.test_combined_paths_pass_declaration_but_lose_leaf_guards) ... ok
test_noncanonical_target_fails_declaration_and_capture_guards (tests.test_photo_workflow_boundary_v37_camera.NeutralOwnerCameraTests.test_noncanonical_target_fails_declaration_and_capture_guards) ... ok
test_separate_axes_protect_only_prescribed_properties (tests.test_photo_workflow_boundary_v37_camera.NeutralOwnerCameraTests.test_separate_axes_protect_only_prescribed_properties) ... ok
test_whole_and_absent_camera_keep_dimension_closure (tests.test_photo_workflow_boundary_v37_camera.NeutralOwnerCameraTests.test_whole_and_absent_camera_keep_dimension_closure) ... ok
test_anchor_bound_does_not_relax_other_requirements (tests.test_photo_workflow_boundary_v37_camera.ScriptsBridgeCameraTests.test_anchor_bound_does_not_relax_other_requirements) ... ok
test_broad_viewpoint_is_not_a_lossless_partial_axis_repair (tests.test_photo_workflow_boundary_v37_camera.ScriptsBridgeCameraTests.test_broad_viewpoint_is_not_a_lossless_partial_axis_repair) ... ok
test_combined_paths_pass_declaration_but_lose_leaf_guards (tests.test_photo_workflow_boundary_v37_camera.ScriptsBridgeCameraTests.test_combined_paths_pass_declaration_but_lose_leaf_guards) ... ok
test_noncanonical_target_fails_declaration_and_capture_guards (tests.test_photo_workflow_boundary_v37_camera.ScriptsBridgeCameraTests.test_noncanonical_target_fails_declaration_and_capture_guards) ... ok
test_separate_axes_protect_only_prescribed_properties (tests.test_photo_workflow_boundary_v37_camera.ScriptsBridgeCameraTests.test_separate_axes_protect_only_prescribed_properties) ... ok
test_whole_and_absent_camera_keep_dimension_closure (tests.test_photo_workflow_boundary_v37_camera.ScriptsBridgeCameraTests.test_whole_and_absent_camera_keep_dimension_closure) ... ok
test_anchor_bound_does_not_relax_other_requirements (_photo_v37_original_test_photo_camera_authoring_guidance_contract.CameraAuthoringGuidanceContractTests.test_anchor_bound_does_not_relax_other_requirements) ... ok
test_broad_viewpoint_is_not_a_lossless_partial_axis_repair (_photo_v37_original_test_photo_camera_authoring_guidance_contract.CameraAuthoringGuidanceContractTests.test_broad_viewpoint_is_not_a_lossless_partial_axis_repair) ... ok
test_combined_paths_pass_declaration_but_lose_leaf_guards (_photo_v37_original_test_photo_camera_authoring_guidance_contract.CameraAuthoringGuidanceContractTests.test_combined_paths_pass_declaration_but_lose_leaf_guards) ... ok
test_noncanonical_target_fails_declaration_and_capture_guards (_photo_v37_original_test_photo_camera_authoring_guidance_contract.CameraAuthoringGuidanceContractTests.test_noncanonical_target_fails_declaration_and_capture_guards) ... ok
test_separate_axes_protect_only_prescribed_properties (_photo_v37_original_test_photo_camera_authoring_guidance_contract.CameraAuthoringGuidanceContractTests.test_separate_axes_protect_only_prescribed_properties) ... ok
test_whole_and_absent_camera_keep_dimension_closure (_photo_v37_original_test_photo_camera_authoring_guidance_contract.CameraAuthoringGuidanceContractTests.test_whole_and_absent_camera_keep_dimension_closure) ... ok
test_actual_validator_binds_assets_before_loading_v36_support (tests.test_photo_camera_guidance_v36.ActivatedPublicEntryTests.test_actual_validator_binds_assets_before_loading_v36_support) ... ok
test_isolated_local_output_is_allowed (tests.test_photo_camera_guidance_v36.GuardedExecutionTests.test_isolated_local_output_is_allowed) ... ok
test_socket_process_provider_credentials_and_publisher_are_denied (tests.test_photo_camera_guidance_v36.GuardedExecutionTests.test_socket_process_provider_credentials_and_publisher_are_denied) ... ok
test_add_requires_fresh_key (tests.test_photo_camera_guidance_v36.SemanticBoundaryTests.test_add_requires_fresh_key) ... ok
test_documentation_delta_must_be_empty (tests.test_photo_camera_guidance_v36.SemanticBoundaryTests.test_documentation_delta_must_be_empty) ... ok
test_duplicate_and_overlapping_deltas_fail (tests.test_photo_camera_guidance_v36.SemanticBoundaryTests.test_duplicate_and_overlapping_deltas_fail) ... ok
test_exact_reviewed_delta_reconstructs_entire_pack (tests.test_photo_camera_guidance_v36.SemanticBoundaryTests.test_exact_reviewed_delta_reconstructs_entire_pack) ... ok
test_json_types_are_preserved (tests.test_photo_camera_guidance_v36.SemanticBoundaryTests.test_json_types_are_preserved) ... ok
test_latest_raw_bytes_and_delta_have_separate_fixed_seals (tests.test_photo_camera_guidance_v36.SemanticBoundaryTests.test_latest_raw_bytes_and_delta_have_separate_fixed_seals) ... ok
test_rehashed_applicability_and_diagnostic_truth_fail (tests.test_photo_camera_guidance_v36.SemanticBoundaryTests.test_rehashed_applicability_and_diagnostic_truth_fail) ... ok
test_rehashed_candidate_id_meaning_and_order_changes_fail (tests.test_photo_camera_guidance_v36.SemanticBoundaryTests.test_rehashed_candidate_id_meaning_and_order_changes_fail) ... ok
test_rehashed_core_lock_negative_controls_budget_and_safety_fail (tests.test_photo_camera_guidance_v36.SemanticBoundaryTests.test_rehashed_core_lock_negative_controls_budget_and_safety_fail) ... ok
test_replace_requires_exact_before (tests.test_photo_camera_guidance_v36.SemanticBoundaryTests.test_replace_requires_exact_before) ... ok
test_seed_and_candidate_inventory_fail_even_after_rehash (tests.test_photo_camera_guidance_v36.SemanticBoundaryTests.test_seed_and_candidate_inventory_fail_even_after_rehash) ... ok
test_unsupported_operation_and_unregistered_pointer_fail (tests.test_photo_camera_guidance_v36.SemanticBoundaryTests.test_unsupported_operation_and_unregistered_pointer_fail) ... ok
test_current_registration_is_distinct_from_original (tests.test_photo_camera_guidance_v36.ShardRegistrationTests.test_current_registration_is_distinct_from_original) ... ok
test_asset_mismatch_fails_before_any_import_read_or_cli (tests.test_photo_camera_guidance_v36.SourceBoundaryTests.test_asset_mismatch_fails_before_any_import_read_or_cli) ... ok
test_command_only_allows_output_destination_change (tests.test_photo_camera_guidance_v36.SourceBoundaryTests.test_command_only_allows_output_destination_change) ... ok
test_direct_current_and_history_entrypoints_bind_asset_root_first (tests.test_photo_camera_guidance_v36.SourceBoundaryTests.test_direct_current_and_history_entrypoints_bind_asset_root_first) ... ok
test_duplicate_json_keys_and_nonfinite_values_are_rejected (tests.test_photo_camera_guidance_v36.SourceBoundaryTests.test_duplicate_json_keys_and_nonfinite_values_are_rejected) ... ok
test_frozen_inputs_baselines_shards_and_evidence_reject_changed_bytes (tests.test_photo_camera_guidance_v36.SourceBoundaryTests.test_frozen_inputs_baselines_shards_and_evidence_reject_changed_bytes) ... ok
test_historical_failure_propagates_without_current_fallback (tests.test_photo_camera_guidance_v36.SourceBoundaryTests.test_historical_failure_propagates_without_current_fallback) ... ok
test_history_helper_bytes_are_authenticated_before_import (tests.test_photo_camera_guidance_v36.SourceBoundaryTests.test_history_helper_bytes_are_authenticated_before_import) ... ok
test_invalid_version_never_uses_latest (tests.test_photo_camera_guidance_v36.SourceBoundaryTests.test_invalid_version_never_uses_latest) ... ok
test_inventory_count_missing_path_and_symlinks_fail (tests.test_photo_camera_guidance_v36.SourceBoundaryTests.test_inventory_count_missing_path_and_symlinks_fail) ... ok
test_proof_bytes_attribution_and_zero_data_count_are_sealed (tests.test_photo_camera_guidance_v36.SourceBoundaryTests.test_proof_bytes_attribution_and_zero_data_count_are_sealed) ... ok
test_each_exact_tuple_selects_its_own_sealed_record_in_either_order (tests.test_photo_camera_guidance_v36_environments.EnvironmentRecordTests.test_each_exact_tuple_selects_its_own_sealed_record_in_either_order) ... ok
test_environment_json_types_and_exact_fields_are_required (tests.test_photo_camera_guidance_v36_environments.EnvironmentRecordTests.test_environment_json_types_and_exact_fields_are_required) ... ok
test_exact_two_row_inventory_and_no_duplicate_tuple (tests.test_photo_camera_guidance_v36_environments.EnvironmentRecordTests.test_exact_two_row_inventory_and_no_duplicate_tuple) ... ok
test_invalid_hash_and_unreviewed_row_fields_fail (tests.test_photo_camera_guidance_v36_environments.EnvironmentRecordTests.test_invalid_hash_and_unreviewed_row_fields_fail) ... ok
test_mixed_identity_components_and_duplicate_identities_fail (tests.test_photo_camera_guidance_v36_environments.EnvironmentRecordTests.test_mixed_identity_components_and_duplicate_identities_fail) ... ok
test_original_top_level_reference_identity_remains_unchanged (tests.test_photo_camera_guidance_v36_environments.EnvironmentRecordTests.test_original_top_level_reference_identity_remains_unchanged) ... ok
test_unknown_and_mixed_current_tuples_fail (tests.test_photo_camera_guidance_v36_environments.EnvironmentRecordTests.test_unknown_and_mixed_current_tuples_fail) ... ok
test_unknown_unselected_record_is_not_ignored (tests.test_photo_camera_guidance_v36_environments.EnvironmentRecordTests.test_unknown_unselected_record_is_not_ignored) ... ok
test_copy_uses_current_environment_record_and_preserves_source (tests.test_photo_camera_guidance_v36_environments.RuntimeCopyTests.test_copy_uses_current_environment_record_and_preserves_source) ... ok
test_cross_environment_pointer_and_missing_selected_generation_fail (tests.test_photo_camera_guidance_v36_environments.RuntimeCopyTests.test_cross_environment_pointer_and_missing_selected_generation_fail) ... ok
test_unknown_environment_fails_before_copy (tests.test_photo_camera_guidance_v36_environments.RuntimeCopyTests.test_unknown_environment_fails_before_copy) ... ok
test_each_environment_uses_its_own_receipt_and_snapshot (tests.test_photo_camera_guidance_v36_environments.SnapshotEnvironmentTests.test_each_environment_uses_its_own_receipt_and_snapshot) ... ok
test_live_source_and_production_audits_remain_required (tests.test_photo_camera_guidance_v36_environments.SnapshotEnvironmentTests.test_live_source_and_production_audits_remain_required) ... ok
test_receipt_cannot_select_another_environment_or_mix_identities (tests.test_photo_camera_guidance_v36_environments.SnapshotEnvironmentTests.test_receipt_cannot_select_another_environment_or_mix_identities) ... ok
test_snapshot_identity_and_typed_environment_must_match_selected_record (tests.test_photo_camera_guidance_v36_environments.SnapshotEnvironmentTests.test_snapshot_identity_and_typed_environment_must_match_selected_record) ... ok
test_unknown_environment_fails_before_provider_and_current_cli (tests.test_photo_camera_guidance_v36_environments.SnapshotEnvironmentTests.test_unknown_environment_fails_before_provider_and_current_cli) ... ok
test_invalid_lineage_or_frozen_meaning_fails_before_replay (_photo_v37_original_test_photo_camera_guidance_v36_compatibility.CopiedAppearanceTests.test_invalid_lineage_or_frozen_meaning_fails_before_replay) ... ok
test_predecessor_and_frozen_scene_are_preserved (_photo_v37_original_test_photo_camera_guidance_v36_compatibility.CopiedAppearanceTests.test_predecessor_and_frozen_scene_are_preserved) ... ok
test_current_lineage_mutation_fails_before_any_replay (_photo_v37_original_test_photo_camera_guidance_v36_compatibility.CopiedReligionTests.test_current_lineage_mutation_fails_before_any_replay) ... ok
test_parallel_local_observation_tampering_is_rejected_before_replay (_photo_v37_original_test_photo_camera_guidance_v36_compatibility.CopiedReligionTests.test_parallel_local_observation_tampering_is_rejected_before_replay) ... ok
test_prior_photo_observations_are_byte_immutable (_photo_v37_original_test_photo_camera_guidance_v36_compatibility.CopiedReligionTests.test_prior_photo_observations_are_byte_immutable) ... ok
test_invalid_successor_lineage_fails_before_replay (_photo_v37_original_test_photo_camera_guidance_v36_compatibility.CopiedSlangTests.test_invalid_successor_lineage_fails_before_replay) ... ok
test_v7_and_all_four_frozen_inputs_are_preserved_byte_for_byte (_photo_v37_original_test_photo_camera_guidance_v36_compatibility.CopiedSlangTests.test_v7_and_all_four_frozen_inputs_are_preserved_byte_for_byte) ... ok
test_changed_predecessor_manifest_or_archival_pack_is_rejected (_photo_v37_original_test_photo_camera_guidance_v36_compatibility.CopiedV10Tests.test_changed_predecessor_manifest_or_archival_pack_is_rejected) ... ok
test_explicit_v9_is_still_strict_against_current_data (_photo_v37_original_test_photo_camera_guidance_v36_compatibility.CopiedV10Tests.test_explicit_v9_is_still_strict_against_current_data) ... ok
test_extra_semantic_candidate_order_negative_and_privacy_changes_fail (_photo_v37_original_test_photo_camera_guidance_v36_compatibility.CopiedV10Tests.test_extra_semantic_candidate_order_negative_and_privacy_changes_fail) ... ok
test_metadata_delta_must_have_exactly_four_changed_fields (_photo_v37_original_test_photo_camera_guidance_v36_compatibility.CopiedV10Tests.test_metadata_delta_must_have_exactly_four_changed_fields) ... ok
test_recomputed_output_checksum_cannot_rebaseline_a_changed_candidate (_photo_v37_original_test_photo_camera_guidance_v36_compatibility.CopiedV10Tests.test_recomputed_output_checksum_cannot_rebaseline_a_changed_candidate) ... ok
test_registered_version_replay_and_all_legacy_artifacts_are_unchanged (_photo_v37_original_test_photo_camera_guidance_v36_compatibility.CopiedV10Tests.test_registered_version_replay_and_all_legacy_artifacts_are_unchanged) ... ok
test_wrong_data_commit_source_hash_or_comparison_provenance_is_rejected (_photo_v37_original_test_photo_camera_guidance_v36_compatibility.CopiedV10Tests.test_wrong_data_commit_source_hash_or_comparison_provenance_is_rejected) ... ok
test_changed_predecessor_manifest_or_archival_pack_is_rejected (_photo_v37_original_test_photo_camera_guidance_v36_compatibility.CopiedV11Tests.test_changed_predecessor_manifest_or_archival_pack_is_rejected) ... ok
test_explicit_v9_is_still_strict_against_current_data (_photo_v37_original_test_photo_camera_guidance_v36_compatibility.CopiedV11Tests.test_explicit_v9_is_still_strict_against_current_data) ... ok
test_extra_semantic_candidate_order_negative_and_privacy_changes_fail (_photo_v37_original_test_photo_camera_guidance_v36_compatibility.CopiedV11Tests.test_extra_semantic_candidate_order_negative_and_privacy_changes_fail) ... ok
test_metadata_delta_must_have_exactly_four_changed_fields (_photo_v37_original_test_photo_camera_guidance_v36_compatibility.CopiedV11Tests.test_metadata_delta_must_have_exactly_four_changed_fields) ... ok
test_recomputed_output_checksum_cannot_rebaseline_a_changed_candidate (_photo_v37_original_test_photo_camera_guidance_v36_compatibility.CopiedV11Tests.test_recomputed_output_checksum_cannot_rebaseline_a_changed_candidate) ... ok
test_registered_version_replay_and_all_legacy_artifacts_are_unchanged (_photo_v37_original_test_photo_camera_guidance_v36_compatibility.CopiedV11Tests.test_registered_version_replay_and_all_legacy_artifacts_are_unchanged) ... ok
test_wrong_data_commit_source_hash_or_comparison_provenance_is_rejected (_photo_v37_original_test_photo_camera_guidance_v36_compatibility.CopiedV11Tests.test_wrong_data_commit_source_hash_or_comparison_provenance_is_rejected) ... ok
test_changed_predecessor_manifest_or_archival_pack_is_rejected (_photo_v37_original_test_photo_camera_guidance_v36_compatibility.CopiedV12Tests.test_changed_predecessor_manifest_or_archival_pack_is_rejected) ... ok
test_explicit_v9_is_still_strict_against_current_data (_photo_v37_original_test_photo_camera_guidance_v36_compatibility.CopiedV12Tests.test_explicit_v9_is_still_strict_against_current_data) ... ok
test_extra_semantic_candidate_order_negative_and_privacy_changes_fail (_photo_v37_original_test_photo_camera_guidance_v36_compatibility.CopiedV12Tests.test_extra_semantic_candidate_order_negative_and_privacy_changes_fail) ... ok
test_metadata_delta_must_have_exactly_four_changed_fields (_photo_v37_original_test_photo_camera_guidance_v36_compatibility.CopiedV12Tests.test_metadata_delta_must_have_exactly_four_changed_fields) ... ok
test_recomputed_output_checksum_cannot_rebaseline_a_changed_candidate (_photo_v37_original_test_photo_camera_guidance_v36_compatibility.CopiedV12Tests.test_recomputed_output_checksum_cannot_rebaseline_a_changed_candidate) ... ok
test_registered_version_replay_and_all_legacy_artifacts_are_unchanged (_photo_v37_original_test_photo_camera_guidance_v36_compatibility.CopiedV12Tests.test_registered_version_replay_and_all_legacy_artifacts_are_unchanged) ... ok
test_wrong_data_commit_source_hash_or_comparison_provenance_is_rejected (_photo_v37_original_test_photo_camera_guidance_v36_compatibility.CopiedV12Tests.test_wrong_data_commit_source_hash_or_comparison_provenance_is_rejected) ... ok
test_changed_predecessor_manifest_or_archival_pack_is_rejected (_photo_v37_original_test_photo_camera_guidance_v36_compatibility.CopiedV13Tests.test_changed_predecessor_manifest_or_archival_pack_is_rejected) ... ok
test_explicit_v9_is_still_strict_against_current_data (_photo_v37_original_test_photo_camera_guidance_v36_compatibility.CopiedV13Tests.test_explicit_v9_is_still_strict_against_current_data) ... ok
test_extra_semantic_candidate_order_negative_and_privacy_changes_fail (_photo_v37_original_test_photo_camera_guidance_v36_compatibility.CopiedV13Tests.test_extra_semantic_candidate_order_negative_and_privacy_changes_fail) ... ok
test_metadata_delta_must_have_exactly_four_changed_fields (_photo_v37_original_test_photo_camera_guidance_v36_compatibility.CopiedV13Tests.test_metadata_delta_must_have_exactly_four_changed_fields) ... ok
test_recomputed_output_checksum_cannot_rebaseline_a_changed_candidate (_photo_v37_original_test_photo_camera_guidance_v36_compatibility.CopiedV13Tests.test_recomputed_output_checksum_cannot_rebaseline_a_changed_candidate) ... ok
test_registered_version_replay_and_all_legacy_artifacts_are_unchanged (_photo_v37_original_test_photo_camera_guidance_v36_compatibility.CopiedV13Tests.test_registered_version_replay_and_all_legacy_artifacts_are_unchanged) ... ok
test_wrong_data_commit_source_hash_or_comparison_provenance_is_rejected (_photo_v37_original_test_photo_camera_guidance_v36_compatibility.CopiedV13Tests.test_wrong_data_commit_source_hash_or_comparison_provenance_is_rejected) ... ok
test_changed_input_bytes_are_rejected (_photo_v37_original_test_photo_camera_guidance_v36_compatibility.CopiedV6Tests.test_changed_input_bytes_are_rejected) ... ok
test_changed_negative_contract_is_rejected (_photo_v37_original_test_photo_camera_guidance_v36_compatibility.CopiedV6Tests.test_changed_negative_contract_is_rejected) ... ok
test_changed_seed_or_scene_command_is_rejected (_photo_v37_original_test_photo_camera_guidance_v36_compatibility.CopiedV6Tests.test_changed_seed_or_scene_command_is_rejected) ... ok
test_modified_predecessor_cannot_be_hidden_by_a_new_output_hash (_photo_v37_original_test_photo_camera_guidance_v36_compatibility.CopiedV6Tests.test_modified_predecessor_cannot_be_hidden_by_a_new_output_hash) ... ok
test_recomputed_output_hash_cannot_accept_a_changed_frozen_scene (_photo_v37_original_test_photo_camera_guidance_v36_compatibility.CopiedV6Tests.test_recomputed_output_hash_cannot_accept_a_changed_frozen_scene) ... ok
test_successor_preserves_history_and_the_observed_scene_contract (_photo_v37_original_test_photo_camera_guidance_v36_compatibility.CopiedV6Tests.test_successor_preserves_history_and_the_observed_scene_contract) ... ok
test_actual_cli_main_reports_successor_failures_as_normal_failure_json (_photo_v37_original_test_photo_camera_guidance_v36_compatibility.PublicEntryCompatibilityTests.test_actual_cli_main_reports_successor_failures_as_normal_failure_json) ... ok
test_canonical_current_and_historical_calls_keep_successor_dispatch (_photo_v37_original_test_photo_camera_guidance_v36_compatibility.PublicEntryCompatibilityTests.test_canonical_current_and_historical_calls_keep_successor_dispatch) ... ok
test_explicit_v36_wrong_root_fails_before_loading_support (_photo_v37_original_test_photo_camera_guidance_v36_compatibility.PublicEntryCompatibilityTests.test_explicit_v36_wrong_root_fails_before_loading_support) ... ok
test_successor_failures_use_public_validation_failure_and_preserve_cause (_photo_v37_original_test_photo_camera_guidance_v36_compatibility.PublicEntryCompatibilityTests.test_successor_failures_use_public_validation_failure_and_preserve_cause) ... ok

----------------------------------------------------------------------
Ran 203 tests in 4.259s

OK
